------------------------
 
Player 1:  
{9 of Clubs} 
{6 of Clubs} 
{6 of Hearts} 
{King of Spades} 
{5 of Spades} 
 
Player 2:  
{King of Clubs} 
{3 of Spades} 
{Jack of Hearts} 
{5 of Diamonds} 
{5 of Hearts} 
 
EvaluateHands() Player 1 testing: 
 
Pair
[0, 0, 0, 1, 2, 0, 0, 1, 0, 0, 0, 1, 0]
[2, 2, 1, 0]
Hand value: 104
 
EvaluateHands() Player 2 testing: 
 
Pair
[0, 1, 0, 2, 0, 0, 0, 0, 0, 1, 0, 1, 0]
[1, 1, 2, 1]
Hand value: 103
------------------------
------------------------
 
Player 1:  
{King of Hearts} 
{6 of Hearts} 
{5 of Clubs} 
{King of Diamonds} 
{5 of Spades} 
 
Player 2:  
{2 of Diamonds} 
{7 of Diamonds} 
{3 of Clubs} 
{2 of Spades} 
{Queen of Hearts} 
 
EvaluateHands() Player 1 testing: 
 
Two Pairs
[0, 0, 0, 2, 1, 0, 0, 0, 0, 0, 0, 2, 0]
[1, 1, 2, 1]
Hand value: 211
 
EvaluateHands() Player 2 testing: 
 
Pair
[2, 1, 0, 0, 0, 1, 0, 0, 0, 0, 1, 0, 0]
[1, 1, 1, 2]
Hand value: 100
------------------------
------------------------
 
Player 1:  
{8 of Hearts} 
{9 of Hearts} 
{Jack of Diamonds} 
{3 of Spades} 
{7 of Diamonds} 
 
Player 2:  
{2 of Diamonds} 
{Ace of Clubs} 
{4 of Hearts} 
{5 of Spades} 
{7 of Clubs} 
 
EvaluateHands() Player 1 testing: 
 
[0, 1, 0, 0, 0, 1, 1, 1, 0, 1, 0, 0, 0]
[0, 1, 2, 2]
Hand value: 9
 
EvaluateHands() Player 2 testing: 
 
[1, 0, 1, 1, 0, 1, 0, 0, 0, 0, 0, 0, 1]
[2, 1, 1, 1]
Hand value: 12
------------------------
------------------------
 
Player 1:  
{8 of Hearts} 
{4 of Clubs} 
{10 of Diamonds} 
{5 of Diamonds} 
{10 of Clubs} 
 
Player 2:  
{3 of Diamonds} 
{6 of Hearts} 
{Queen of Hearts} 
{Ace of Diamonds} 
{9 of Hearts} 
 
EvaluateHands() Player 1 testing: 
 
Pair
[0, 0, 1, 1, 0, 0, 1, 0, 2, 0, 0, 0, 0]
[2, 0, 1, 2]
Hand value: 108
 
EvaluateHands() Player 2 testing: 
 
[0, 1, 0, 0, 1, 0, 0, 1, 0, 0, 1, 0, 1]
[0, 0, 3, 2]
Hand value: 12
------------------------
------------------------
 
Player 1:  
{2 of Diamonds} 
{Jack of Spades} 
{2 of Hearts} 
{9 of Spades} 
{Queen of Clubs} 
 
Player 2:  
{5 of Hearts} 
{10 of Hearts} 
{King of Diamonds} 
{7 of Diamonds} 
{5 of Clubs} 
 
EvaluateHands() Player 1 testing: 
 
Pair
[2, 0, 0, 0, 0, 0, 0, 1, 0, 1, 1, 0, 0]
[1, 2, 1, 1]
Hand value: 100
 
EvaluateHands() Player 2 testing: 
 
Pair
[0, 0, 0, 2, 0, 1, 0, 0, 1, 0, 0, 1, 0]
[1, 0, 2, 2]
Hand value: 103
------------------------
------------------------
 
Player 1:  
{King of Spades} 
{3 of Spades} 
{10 of Clubs} 
{5 of Clubs} 
{2 of Diamonds} 
 
Player 2:  
{Jack of Diamonds} 
{Ace of Spades} 
{4 of Spades} 
{Ace of Hearts} 
{King of Clubs} 
 
EvaluateHands() Player 1 testing: 
 
[1, 1, 0, 1, 0, 0, 0, 0, 1, 0, 0, 1, 0]
[2, 2, 0, 1]
Hand value: 11
 
EvaluateHands() Player 2 testing: 
 
Pair
[0, 0, 1, 0, 0, 0, 0, 0, 0, 1, 0, 1, 2]
[1, 2, 1, 1]
Hand value: 112
------------------------
------------------------
 
Player 1:  
{King of Hearts} 
{Jack of Diamonds} 
{7 of Hearts} 
{6 of Diamonds} 
{Ace of Diamonds} 
 
Player 2:  
{4 of Hearts} 
{Jack of Clubs} 
{4 of Clubs} 
{3 of Hearts} 
{Queen of Hearts} 
 
EvaluateHands() Player 1 testing: 
 
[0, 0, 0, 0, 1, 1, 0, 0, 0, 1, 0, 1, 1]
[0, 0, 2, 3]
Hand value: 12
 
EvaluateHands() Player 2 testing: 
 
Pair
[0, 1, 2, 0, 0, 0, 0, 0, 0, 1, 1, 0, 0]
[2, 0, 3, 0]
Hand value: 102
------------------------
------------------------
 
Player 1:  
{Jack of Hearts} 
{9 of Hearts} 
{10 of Spades} 
{6 of Hearts} 
{King of Diamonds} 
 
Player 2:  
{5 of Clubs} 
{Queen of Spades} 
{10 of Hearts} 
{8 of Spades} 
{4 of Spades} 
 
EvaluateHands() Player 1 testing: 
 
[0, 0, 0, 0, 1, 0, 0, 1, 1, 1, 0, 1, 0]
[0, 1, 3, 1]
Hand value: 11
 
EvaluateHands() Player 2 testing: 
 
[0, 0, 1, 1, 0, 0, 1, 0, 1, 0, 1, 0, 0]
[1, 3, 1, 0]
Hand value: 10
------------------------
------------------------
 
Player 1:  
{8 of Spades} 
{2 of Hearts} 
{5 of Clubs} 
{7 of Clubs} 
{7 of Diamonds} 
 
Player 2:  
{10 of Spades} 
{Queen of Spades} 
{10 of Diamonds} 
{8 of Diamonds} 
{Ace of Hearts} 
 
EvaluateHands() Player 1 testing: 
 
Pair
[1, 0, 0, 1, 0, 2, 1, 0, 0, 0, 0, 0, 0]
[2, 1, 1, 1]
Hand value: 105
 
EvaluateHands() Player 2 testing: 
 
Pair
[0, 0, 0, 0, 0, 0, 1, 0, 2, 0, 1, 0, 1]
[0, 2, 1, 2]
Hand value: 108
------------------------
------------------------
 
Player 1:  
{King of Spades} 
{2 of Spades} 
{4 of Diamonds} 
{4 of Clubs} 
{Ace of Diamonds} 
 
Player 2:  
{6 of Diamonds} 
{3 of Spades} 
{King of Hearts} 
{Jack of Diamonds} 
{9 of Spades} 
 
EvaluateHands() Player 1 testing: 
 
Pair
[1, 0, 2, 0, 0, 0, 0, 0, 0, 0, 0, 1, 1]
[1, 2, 0, 2]
Hand value: 102
 
EvaluateHands() Player 2 testing: 
 
[0, 1, 0, 0, 1, 0, 0, 1, 0, 1, 0, 1, 0]
[0, 2, 1, 2]
Hand value: 11
------------------------
------------------------
 
Player 1:  
{Jack of Clubs} 
{6 of Diamonds} 
{7 of Diamonds} 
{2 of Diamonds} 
{5 of Diamonds} 
 
Player 2:  
{3 of Clubs} 
{3 of Hearts} 
{10 of Hearts} 
{3 of Diamonds} 
{8 of Diamonds} 
 
EvaluateHands() Player 1 testing: 
 
[1, 0, 0, 1, 1, 1, 0, 0, 0, 1, 0, 0, 0]
[1, 0, 0, 4]
Hand value: 9
 
EvaluateHands() Player 2 testing: 
 
Three of a Kind
[0, 3, 0, 0, 0, 0, 1, 0, 1, 0, 0, 0, 0]
[1, 0, 2, 2]
Hand value: 301
------------------------
------------------------
 
Player 1:  
{9 of Diamonds} 
{3 of Diamonds} 
{4 of Clubs} 
{King of Clubs} 
{Jack of Clubs} 
 
Player 2:  
{4 of Hearts} 
{9 of Spades} 
{4 of Diamonds} 
{6 of Clubs} 
{7 of Spades} 
 
EvaluateHands() Player 1 testing: 
 
[0, 1, 1, 0, 0, 0, 0, 1, 0, 1, 0, 1, 0]
[3, 0, 0, 2]
Hand value: 11
 
EvaluateHands() Player 2 testing: 
 
Pair
[0, 0, 2, 0, 1, 1, 0, 1, 0, 0, 0, 0, 0]
[1, 2, 1, 1]
Hand value: 102
------------------------
------------------------
 
Player 1:  
{7 of Hearts} 
{Queen of Hearts} 
{6 of Spades} 
{8 of Hearts} 
{Queen of Diamonds} 
 
Player 2:  
{9 of Diamonds} 
{8 of Diamonds} 
{10 of Spades} 
{King of Spades} 
{King of Clubs} 
 
EvaluateHands() Player 1 testing: 
 
Pair
[0, 0, 0, 0, 1, 1, 1, 0, 0, 0, 2, 0, 0]
[0, 1, 3, 1]
Hand value: 110
 
EvaluateHands() Player 2 testing: 
 
Pair
[0, 0, 0, 0, 0, 0, 1, 1, 1, 0, 0, 2, 0]
[1, 2, 0, 2]
Hand value: 111
------------------------
------------------------
 
Player 1:  
{2 of Clubs} 
{Ace of Spades} 
{2 of Diamonds} 
{10 of Clubs} 
{4 of Hearts} 
 
Player 2:  
{7 of Clubs} 
{9 of Spades} 
{2 of Hearts} 
{Ace of Diamonds} 
{3 of Spades} 
 
EvaluateHands() Player 1 testing: 
 
Pair
[2, 0, 1, 0, 0, 0, 0, 0, 1, 0, 0, 0, 1]
[2, 1, 1, 1]
Hand value: 100
 
EvaluateHands() Player 2 testing: 
 
[1, 1, 0, 0, 0, 1, 0, 1, 0, 0, 0, 0, 1]
[1, 2, 1, 1]
Hand value: 12
------------------------
------------------------
 
Player 1:  
{7 of Diamonds} 
{10 of Clubs} 
{6 of Diamonds} 
{2 of Clubs} 
{9 of Hearts} 
 
Player 2:  
{3 of Spades} 
{King of Diamonds} 
{Jack of Hearts} 
{2 of Spades} 
{4 of Spades} 
 
EvaluateHands() Player 1 testing: 
 
[1, 0, 0, 0, 1, 1, 0, 1, 1, 0, 0, 0, 0]
[2, 0, 1, 2]
Hand value: 8
 
EvaluateHands() Player 2 testing: 
 
[1, 1, 1, 0, 0, 0, 0, 0, 0, 1, 0, 1, 0]
[0, 3, 1, 1]
Hand value: 11
------------------------
------------------------
 
Player 1:  
{10 of Hearts} 
{3 of Diamonds} 
{4 of Clubs} 
{5 of Spades} 
{6 of Clubs} 
 
Player 2:  
{2 of Spades} 
{2 of Diamonds} 
{3 of Clubs} 
{5 of Diamonds} 
{King of Clubs} 
 
EvaluateHands() Player 1 testing: 
 
[0, 1, 1, 1, 1, 0, 0, 0, 1, 0, 0, 0, 0]
[2, 1, 1, 1]
Hand value: 8
 
EvaluateHands() Player 2 testing: 
 
Pair
[2, 1, 0, 1, 0, 0, 0, 0, 0, 0, 0, 1, 0]
[2, 1, 0, 2]
Hand value: 100
------------------------
------------------------
 
Player 1:  
{Queen of Spades} 
{4 of Spades} 
{9 of Hearts} 
{4 of Clubs} 
{King of Hearts} 
 
Player 2:  
{2 of Diamonds} 
{Queen of Clubs} 
{Ace of Clubs} 
{9 of Diamonds} 
{4 of Diamonds} 
 
EvaluateHands() Player 1 testing: 
 
Pair
[0, 0, 2, 0, 0, 0, 0, 1, 0, 0, 1, 1, 0]
[1, 2, 2, 0]
Hand value: 102
 
EvaluateHands() Player 2 testing: 
 
[1, 0, 1, 0, 0, 0, 0, 1, 0, 0, 1, 0, 1]
[2, 0, 0, 3]
Hand value: 12
------------------------
------------------------
 
Player 1:  
{4 of Hearts} 
{King of Clubs} 
{5 of Diamonds} 
{Queen of Spades} 
{10 of Spades} 
 
Player 2:  
{3 of Diamonds} 
{Ace of Hearts} 
{6 of Clubs} 
{8 of Clubs} 
{4 of Spades} 
 
EvaluateHands() Player 1 testing: 
 
[0, 0, 1, 1, 0, 0, 0, 0, 1, 0, 1, 1, 0]
[1, 2, 1, 1]
Hand value: 11
 
EvaluateHands() Player 2 testing: 
 
[0, 1, 1, 0, 1, 0, 1, 0, 0, 0, 0, 0, 1]
[2, 1, 1, 1]
Hand value: 12
------------------------
------------------------
 
Player 1:  
{6 of Spades} 
{Jack of Spades} 
{7 of Clubs} 
{2 of Spades} 
{7 of Diamonds} 
 
Player 2:  
{3 of Spades} 
{9 of Diamonds} 
{8 of Hearts} 
{5 of Hearts} 
{Queen of Hearts} 
 
EvaluateHands() Player 1 testing: 
 
Pair
[1, 0, 0, 0, 1, 2, 0, 0, 0, 1, 0, 0, 0]
[1, 3, 0, 1]
Hand value: 105
 
EvaluateHands() Player 2 testing: 
 
[0, 1, 0, 1, 0, 0, 1, 1, 0, 0, 1, 0, 0]
[0, 1, 3, 1]
Hand value: 10
------------------------
------------------------
 
Player 1:  
{4 of Clubs} 
{Jack of Diamonds} 
{2 of Clubs} 
{9 of Hearts} 
{10 of Clubs} 
 
Player 2:  
{7 of Hearts} 
{Jack of Hearts} 
{3 of Clubs} 
{3 of Diamonds} 
{10 of Diamonds} 
 
EvaluateHands() Player 1 testing: 
 
[1, 0, 1, 0, 0, 0, 0, 1, 1, 1, 0, 0, 0]
[3, 0, 1, 1]
Hand value: 9
 
EvaluateHands() Player 2 testing: 
 
Pair
[0, 2, 0, 0, 0, 1, 0, 0, 1, 1, 0, 0, 0]
[1, 0, 2, 2]
Hand value: 101
------------------------
------------------------
 
Player 1:  
{Ace of Clubs} 
{2 of Spades} 
{5 of Spades} 
{King of Clubs} 
{9 of Diamonds} 
 
Player 2:  
{6 of Spades} 
{2 of Diamonds} 
{Queen of Clubs} 
{King of Hearts} 
{2 of Clubs} 
 
EvaluateHands() Player 1 testing: 
 
[1, 0, 0, 1, 0, 0, 0, 1, 0, 0, 0, 1, 1]
[2, 2, 0, 1]
Hand value: 12
 
EvaluateHands() Player 2 testing: 
 
Pair
[2, 0, 0, 0, 1, 0, 0, 0, 0, 0, 1, 1, 0]
[2, 1, 1, 1]
Hand value: 100
------------------------
------------------------
 
Player 1:  
{9 of Hearts} 
{Ace of Hearts} 
{8 of Hearts} 
{2 of Clubs} 
{6 of Diamonds} 
 
Player 2:  
{King of Spades} 
{Queen of Hearts} 
{10 of Diamonds} 
{3 of Diamonds} 
{9 of Clubs} 
 
EvaluateHands() Player 1 testing: 
 
[1, 0, 0, 0, 1, 0, 1, 1, 0, 0, 0, 0, 1]
[1, 0, 3, 1]
Hand value: 12
 
EvaluateHands() Player 2 testing: 
 
[0, 1, 0, 0, 0, 0, 0, 1, 1, 0, 1, 1, 0]
[1, 1, 1, 2]
Hand value: 11
------------------------
------------------------
 
Player 1:  
{Queen of Diamonds} 
{8 of Clubs} 
{Queen of Spades} 
{9 of Diamonds} 
{10 of Spades} 
 
Player 2:  
{6 of Diamonds} 
{6 of Hearts} 
{Ace of Hearts} 
{10 of Clubs} 
{Jack of Hearts} 
 
EvaluateHands() Player 1 testing: 
 
Pair
[0, 0, 0, 0, 0, 0, 1, 1, 1, 0, 2, 0, 0]
[1, 2, 0, 2]
Hand value: 110
 
EvaluateHands() Player 2 testing: 
 
Pair
[0, 0, 0, 0, 2, 0, 0, 0, 1, 1, 0, 0, 1]
[1, 0, 3, 1]
Hand value: 104
------------------------
------------------------
 
Player 1:  
{6 of Hearts} 
{9 of Hearts} 
{Jack of Hearts} 
{Ace of Diamonds} 
{9 of Clubs} 
 
Player 2:  
{10 of Hearts} 
{2 of Hearts} 
{Ace of Clubs} 
{3 of Spades} 
{King of Diamonds} 
 
EvaluateHands() Player 1 testing: 
 
Pair
[0, 0, 0, 0, 1, 0, 0, 2, 0, 1, 0, 0, 1]
[1, 0, 3, 1]
Hand value: 107
 
EvaluateHands() Player 2 testing: 
 
[1, 1, 0, 0, 0, 0, 0, 0, 1, 0, 0, 1, 1]
[1, 1, 2, 1]
Hand value: 12
------------------------
------------------------
 
Player 1:  
{Jack of Clubs} 
{Ace of Clubs} 
{6 of Spades} 
{Ace of Spades} 
{King of Spades} 
 
Player 2:  
{10 of Diamonds} 
{10 of Clubs} 
{9 of Spades} 
{Queen of Clubs} 
{7 of Clubs} 
 
EvaluateHands() Player 1 testing: 
 
Pair
[0, 0, 0, 0, 1, 0, 0, 0, 0, 1, 0, 1, 2]
[2, 3, 0, 0]
Hand value: 112
 
EvaluateHands() Player 2 testing: 
 
Pair
[0, 0, 0, 0, 0, 1, 0, 1, 2, 0, 1, 0, 0]
[3, 1, 0, 1]
Hand value: 108
------------------------
------------------------
 
Player 1:  
{5 of Hearts} 
{Ace of Diamonds} 
{6 of Hearts} 
{3 of Hearts} 
{Queen of Clubs} 
 
Player 2:  
{7 of Hearts} 
{2 of Diamonds} 
{8 of Diamonds} 
{Ace of Hearts} 
{7 of Diamonds} 
 
EvaluateHands() Player 1 testing: 
 
[0, 1, 0, 1, 1, 0, 0, 0, 0, 0, 1, 0, 1]
[1, 0, 3, 1]
Hand value: 12
 
EvaluateHands() Player 2 testing: 
 
Pair
[1, 0, 0, 0, 0, 2, 1, 0, 0, 0, 0, 0, 1]
[0, 0, 2, 3]
Hand value: 105
------------------------
------------------------
 
Player 1:  
{7 of Spades} 
{Jack of Spades} 
{King of Hearts} 
{Jack of Hearts} 
{5 of Hearts} 
 
Player 2:  
{6 of Clubs} 
{8 of Clubs} 
{5 of Spades} 
{Jack of Clubs} 
{7 of Clubs} 
 
EvaluateHands() Player 1 testing: 
 
Pair
[0, 0, 0, 1, 0, 1, 0, 0, 0, 2, 0, 1, 0]
[0, 2, 3, 0]
Hand value: 109
 
EvaluateHands() Player 2 testing: 
 
[0, 0, 0, 1, 1, 1, 1, 0, 0, 1, 0, 0, 0]
[4, 1, 0, 0]
Hand value: 9
------------------------
------------------------
 
Player 1:  
{Jack of Spades} 
{3 of Clubs} 
{5 of Clubs} 
{Jack of Clubs} 
{King of Clubs} 
 
Player 2:  
{Queen of Diamonds} 
{4 of Diamonds} 
{8 of Diamonds} 
{7 of Hearts} 
{6 of Diamonds} 
 
EvaluateHands() Player 1 testing: 
 
Pair
[0, 1, 0, 1, 0, 0, 0, 0, 0, 2, 0, 1, 0]
[4, 1, 0, 0]
Hand value: 109
 
EvaluateHands() Player 2 testing: 
 
[0, 0, 1, 0, 1, 1, 1, 0, 0, 0, 1, 0, 0]
[0, 0, 1, 4]
Hand value: 10
------------------------
------------------------
 
Player 1:  
{2 of Hearts} 
{6 of Hearts} 
{5 of Clubs} 
{5 of Diamonds} 
{Jack of Hearts} 
 
Player 2:  
{9 of Clubs} 
{5 of Spades} 
{Ace of Clubs} 
{King of Diamonds} 
{3 of Diamonds} 
 
EvaluateHands() Player 1 testing: 
 
Pair
[1, 0, 0, 2, 1, 0, 0, 0, 0, 1, 0, 0, 0]
[1, 0, 3, 1]
Hand value: 103
 
EvaluateHands() Player 2 testing: 
 
[0, 1, 0, 1, 0, 0, 0, 1, 0, 0, 0, 1, 1]
[2, 1, 0, 2]
Hand value: 12
------------------------
------------------------
 
Player 1:  
{Jack of Spades} 
{8 of Spades} 
{9 of Diamonds} 
{2 of Clubs} 
{8 of Hearts} 
 
Player 2:  
{5 of Hearts} 
{Queen of Hearts} 
{5 of Spades} 
{4 of Diamonds} 
{10 of Clubs} 
 
EvaluateHands() Player 1 testing: 
 
Pair
[1, 0, 0, 0, 0, 0, 2, 1, 0, 1, 0, 0, 0]
[1, 2, 1, 1]
Hand value: 106
 
EvaluateHands() Player 2 testing: 
 
Pair
[0, 0, 1, 2, 0, 0, 0, 0, 1, 0, 1, 0, 0]
[1, 1, 2, 1]
Hand value: 103
------------------------
------------------------
 
Player 1:  
{10 of Hearts} 
{3 of Diamonds} 
{10 of Spades} 
{Ace of Diamonds} 
{Queen of Clubs} 
 
Player 2:  
{7 of Spades} 
{2 of Diamonds} 
{4 of Diamonds} 
{Queen of Diamonds} 
{8 of Clubs} 
 
EvaluateHands() Player 1 testing: 
 
Pair
[0, 1, 0, 0, 0, 0, 0, 0, 2, 0, 1, 0, 1]
[1, 1, 1, 2]
Hand value: 108
 
EvaluateHands() Player 2 testing: 
 
[1, 0, 1, 0, 0, 1, 1, 0, 0, 0, 1, 0, 0]
[1, 1, 0, 3]
Hand value: 10
------------------------
------------------------
 
Player 1:  
{4 of Hearts} 
{5 of Hearts} 
{Ace of Spades} 
{9 of Diamonds} 
{6 of Hearts} 
 
Player 2:  
{2 of Hearts} 
{10 of Diamonds} 
{10 of Spades} 
{3 of Spades} 
{7 of Clubs} 
 
EvaluateHands() Player 1 testing: 
 
[0, 0, 1, 1, 1, 0, 0, 1, 0, 0, 0, 0, 1]
[0, 1, 3, 1]
Hand value: 12
 
EvaluateHands() Player 2 testing: 
 
Pair
[1, 1, 0, 0, 0, 1, 0, 0, 2, 0, 0, 0, 0]
[1, 2, 1, 1]
Hand value: 108
------------------------
------------------------
 
Player 1:  
{6 of Spades} 
{10 of Spades} 
{King of Hearts} 
{9 of Clubs} 
{2 of Diamonds} 
 
Player 2:  
{Queen of Hearts} 
{4 of Diamonds} 
{3 of Spades} 
{Jack of Diamonds} 
{Ace of Hearts} 
 
EvaluateHands() Player 1 testing: 
 
[1, 0, 0, 0, 1, 0, 0, 1, 1, 0, 0, 1, 0]
[1, 2, 1, 1]
Hand value: 11
 
EvaluateHands() Player 2 testing: 
 
[0, 1, 1, 0, 0, 0, 0, 0, 0, 1, 1, 0, 1]
[0, 1, 2, 2]
Hand value: 12
------------------------
------------------------
 
Player 1:  
{7 of Diamonds} 
{4 of Spades} 
{5 of Diamonds} 
{6 of Hearts} 
{4 of Clubs} 
 
Player 2:  
{9 of Hearts} 
{7 of Hearts} 
{Jack of Hearts} 
{9 of Spades} 
{8 of Diamonds} 
 
EvaluateHands() Player 1 testing: 
 
Pair
[0, 0, 2, 1, 1, 1, 0, 0, 0, 0, 0, 0, 0]
[1, 1, 1, 2]
Hand value: 102
 
EvaluateHands() Player 2 testing: 
 
Pair
[0, 0, 0, 0, 0, 1, 1, 2, 0, 1, 0, 0, 0]
[0, 1, 3, 1]
Hand value: 107
------------------------
------------------------
 
Player 1:  
{Jack of Clubs} 
{4 of Hearts} 
{6 of Diamonds} 
{King of Clubs} 
{5 of Spades} 
 
Player 2:  
{2 of Hearts} 
{7 of Diamonds} 
{3 of Spades} 
{Jack of Diamonds} 
{7 of Clubs} 
 
EvaluateHands() Player 1 testing: 
 
[0, 0, 1, 1, 1, 0, 0, 0, 0, 1, 0, 1, 0]
[2, 1, 1, 1]
Hand value: 11
 
EvaluateHands() Player 2 testing: 
 
Pair
[1, 1, 0, 0, 0, 2, 0, 0, 0, 1, 0, 0, 0]
[1, 1, 1, 2]
Hand value: 105
------------------------
------------------------
 
Player 1:  
{5 of Diamonds} 
{8 of Diamonds} 
{4 of Diamonds} 
{Queen of Clubs} 
{9 of Diamonds} 
 
Player 2:  
{8 of Hearts} 
{7 of Clubs} 
{5 of Clubs} 
{4 of Hearts} 
{9 of Spades} 
 
EvaluateHands() Player 1 testing: 
 
[0, 0, 1, 1, 0, 0, 1, 1, 0, 0, 1, 0, 0]
[1, 0, 0, 4]
Hand value: 10
 
EvaluateHands() Player 2 testing: 
 
[0, 0, 1, 1, 0, 1, 1, 1, 0, 0, 0, 0, 0]
[2, 1, 2, 0]
Hand value: 7
------------------------
------------------------
 
Player 1:  
{4 of Diamonds} 
{Jack of Hearts} 
{9 of Clubs} 
{3 of Hearts} 
{Ace of Hearts} 
 
Player 2:  
{6 of Spades} 
{Jack of Spades} 
{7 of Hearts} 
{5 of Clubs} 
{Jack of Diamonds} 
 
EvaluateHands() Player 1 testing: 
 
[0, 1, 1, 0, 0, 0, 0, 1, 0, 1, 0, 0, 1]
[1, 0, 3, 1]
Hand value: 12
 
EvaluateHands() Player 2 testing: 
 
Pair
[0, 0, 0, 1, 1, 1, 0, 0, 0, 2, 0, 0, 0]
[1, 2, 1, 1]
Hand value: 109
------------------------
------------------------
 
Player 1:  
{Ace of Clubs} 
{5 of Clubs} 
{Jack of Hearts} 
{8 of Spades} 
{10 of Diamonds} 
 
Player 2:  
{5 of Hearts} 
{7 of Spades} 
{4 of Hearts} 
{5 of Spades} 
{Queen of Diamonds} 
 
EvaluateHands() Player 1 testing: 
 
[0, 0, 0, 1, 0, 0, 1, 0, 1, 1, 0, 0, 1]
[2, 1, 1, 1]
Hand value: 12
 
EvaluateHands() Player 2 testing: 
 
Pair
[0, 0, 1, 2, 0, 1, 0, 0, 0, 0, 1, 0, 0]
[0, 2, 2, 1]
Hand value: 103
------------------------
------------------------
 
Player 1:  
{Queen of Diamonds} 
{9 of Hearts} 
{6 of Clubs} 
{4 of Clubs} 
{2 of Spades} 
 
Player 2:  
{Jack of Diamonds} 
{4 of Diamonds} 
{8 of Diamonds} 
{Queen of Hearts} 
{7 of Clubs} 
 
EvaluateHands() Player 1 testing: 
 
[1, 0, 1, 0, 1, 0, 0, 1, 0, 0, 1, 0, 0]
[2, 1, 1, 1]
Hand value: 10
 
EvaluateHands() Player 2 testing: 
 
[0, 0, 1, 0, 0, 1, 1, 0, 0, 1, 1, 0, 0]
[1, 0, 1, 3]
Hand value: 10
------------------------
------------------------
 
Player 1:  
{10 of Hearts} 
{King of Diamonds} 
{3 of Diamonds} 
{Ace of Diamonds} 
{5 of Spades} 
 
Player 2:  
{7 of Clubs} 
{4 of Hearts} 
{2 of Hearts} 
{Queen of Spades} 
{9 of Clubs} 
 
EvaluateHands() Player 1 testing: 
 
[0, 1, 0, 1, 0, 0, 0, 0, 1, 0, 0, 1, 1]
[0, 1, 1, 3]
Hand value: 12
 
EvaluateHands() Player 2 testing: 
 
[1, 0, 1, 0, 0, 1, 0, 1, 0, 0, 1, 0, 0]
[2, 1, 2, 0]
Hand value: 10
------------------------
------------------------
 
Player 1:  
{3 of Spades} 
{9 of Clubs} 
{10 of Hearts} 
{5 of Clubs} 
{Jack of Hearts} 
 
Player 2:  
{10 of Spades} 
{5 of Spades} 
{King of Clubs} 
{Jack of Diamonds} 
{5 of Hearts} 
 
EvaluateHands() Player 1 testing: 
 
[0, 1, 0, 1, 0, 0, 0, 1, 1, 1, 0, 0, 0]
[2, 1, 2, 0]
Hand value: 9
 
EvaluateHands() Player 2 testing: 
 
Pair
[0, 0, 0, 2, 0, 0, 0, 0, 1, 1, 0, 1, 0]
[1, 2, 1, 1]
Hand value: 103
------------------------
------------------------
 
Player 1:  
{Jack of Spades} 
{2 of Hearts} 
{8 of Diamonds} 
{Jack of Diamonds} 
{10 of Spades} 
 
Player 2:  
{3 of Clubs} 
{4 of Hearts} 
{Queen of Hearts} 
{Queen of Diamonds} 
{6 of Spades} 
 
EvaluateHands() Player 1 testing: 
 
Pair
[1, 0, 0, 0, 0, 0, 1, 0, 1, 2, 0, 0, 0]
[0, 2, 1, 2]
Hand value: 109
 
EvaluateHands() Player 2 testing: 
 
Pair
[0, 1, 1, 0, 1, 0, 0, 0, 0, 0, 2, 0, 0]
[1, 1, 2, 1]
Hand value: 110
------------------------
------------------------
 
Player 1:  
{4 of Diamonds} 
{7 of Clubs} 
{8 of Hearts} 
{4 of Hearts} 
{Queen of Hearts} 
 
Player 2:  
{Ace of Hearts} 
{King of Spades} 
{8 of Clubs} 
{King of Clubs} 
{Ace of Clubs} 
 
EvaluateHands() Player 1 testing: 
 
Pair
[0, 0, 2, 0, 0, 1, 1, 0, 0, 0, 1, 0, 0]
[1, 0, 3, 1]
Hand value: 102
 
EvaluateHands() Player 2 testing: 
 
Pair
[0, 0, 0, 0, 0, 0, 1, 0, 0, 0, 0, 2, 2]
[3, 1, 1, 0]
Hand value: 111
------------------------
------------------------
 
Player 1:  
{8 of Hearts} 
{5 of Clubs} 
{5 of Hearts} 
{Jack of Clubs} 
{King of Diamonds} 
 
Player 2:  
{5 of Diamonds} 
{9 of Hearts} 
{Jack of Diamonds} 
{4 of Diamonds} 
{2 of Spades} 
 
EvaluateHands() Player 1 testing: 
 
Pair
[0, 0, 0, 2, 0, 0, 1, 0, 0, 1, 0, 1, 0]
[2, 0, 2, 1]
Hand value: 103
 
EvaluateHands() Player 2 testing: 
 
[1, 0, 1, 1, 0, 0, 0, 1, 0, 1, 0, 0, 0]
[0, 1, 1, 3]
Hand value: 9
------------------------
------------------------
 
Player 1:  
{Queen of Clubs} 
{4 of Diamonds} 
{Jack of Clubs} 
{Queen of Spades} 
{Jack of Hearts} 
 
Player 2:  
{2 of Clubs} 
{King of Diamonds} 
{10 of Spades} 
{2 of Spades} 
{5 of Hearts} 
 
EvaluateHands() Player 1 testing: 
 
Two Pairs
[0, 0, 1, 0, 0, 0, 0, 0, 0, 2, 2, 0, 0]
[2, 1, 1, 1]
Hand value: 210
 
EvaluateHands() Player 2 testing: 
 
Pair
[2, 0, 0, 1, 0, 0, 0, 0, 1, 0, 0, 1, 0]
[1, 2, 1, 1]
Hand value: 100
------------------------
------------------------
 
Player 1:  
{4 of Clubs} 
{10 of Clubs} 
{9 of Clubs} 
{4 of Hearts} 
{8 of Diamonds} 
 
Player 2:  
{9 of Hearts} 
{Jack of Diamonds} 
{King of Hearts} 
{6 of Diamonds} 
{2 of Clubs} 
 
EvaluateHands() Player 1 testing: 
 
Pair
[0, 0, 2, 0, 0, 0, 1, 1, 1, 0, 0, 0, 0]
[3, 0, 1, 1]
Hand value: 102
 
EvaluateHands() Player 2 testing: 
 
[1, 0, 0, 0, 1, 0, 0, 1, 0, 1, 0, 1, 0]
[1, 0, 2, 2]
Hand value: 11
------------------------
------------------------
 
Player 1:  
{10 of Spades} 
{6 of Spades} 
{10 of Hearts} 
{6 of Hearts} 
{King of Spades} 
 
Player 2:  
{5 of Clubs} 
{4 of Hearts} 
{Queen of Clubs} 
{8 of Clubs} 
{Queen of Spades} 
 
EvaluateHands() Player 1 testing: 
 
Two Pairs
[0, 0, 0, 0, 2, 0, 0, 0, 2, 0, 0, 1, 0]
[0, 3, 2, 0]
Hand value: 211
 
EvaluateHands() Player 2 testing: 
 
Pair
[0, 0, 1, 1, 0, 0, 1, 0, 0, 0, 2, 0, 0]
[3, 1, 1, 0]
Hand value: 110
------------------------
------------------------
 
Player 1:  
{9 of Diamonds} 
{6 of Clubs} 
{7 of Clubs} 
{7 of Spades} 
{3 of Diamonds} 
 
Player 2:  
{Jack of Hearts} 
{Jack of Diamonds} 
{2 of Diamonds} 
{5 of Spades} 
{King of Hearts} 
 
EvaluateHands() Player 1 testing: 
 
Pair
[0, 1, 0, 0, 1, 2, 0, 1, 0, 0, 0, 0, 0]
[2, 1, 0, 2]
Hand value: 105
 
EvaluateHands() Player 2 testing: 
 
Pair
[1, 0, 0, 1, 0, 0, 0, 0, 0, 2, 0, 1, 0]
[0, 1, 2, 2]
Hand value: 109
------------------------
------------------------
 
Player 1:  
{Queen of Diamonds} 
{Queen of Spades} 
{5 of Clubs} 
{10 of Spades} 
{5 of Hearts} 
 
Player 2:  
{Ace of Spades} 
{Jack of Diamonds} 
{8 of Hearts} 
{6 of Diamonds} 
{7 of Diamonds} 
 
EvaluateHands() Player 1 testing: 
 
Two Pairs
[0, 0, 0, 2, 0, 0, 0, 0, 1, 0, 2, 0, 0]
[1, 2, 1, 1]
Hand value: 210
 
EvaluateHands() Player 2 testing: 
 
[0, 0, 0, 0, 1, 1, 1, 0, 0, 1, 0, 0, 1]
[0, 1, 1, 3]
Hand value: 12
------------------------
------------------------
 
Player 1:  
{10 of Hearts} 
{Jack of Diamonds} 
{4 of Diamonds} 
{9 of Hearts} 
{Queen of Diamonds} 
 
Player 2:  
{9 of Diamonds} 
{3 of Clubs} 
{5 of Hearts} 
{10 of Clubs} 
{Ace of Hearts} 
 
EvaluateHands() Player 1 testing: 
 
[0, 0, 1, 0, 0, 0, 0, 1, 1, 1, 1, 0, 0]
[0, 0, 2, 3]
Hand value: 10
 
EvaluateHands() Player 2 testing: 
 
[0, 1, 0, 1, 0, 0, 0, 1, 1, 0, 0, 0, 1]
[2, 0, 2, 1]
Hand value: 12
------------------------
------------------------
 
Player 1:  
{Queen of Hearts} 
{10 of Spades} 
{2 of Spades} 
{2 of Clubs} 
{King of Spades} 
 
Player 2:  
{3 of Hearts} 
{4 of Diamonds} 
{Jack of Spades} 
{7 of Spades} 
{9 of Hearts} 
 
EvaluateHands() Player 1 testing: 
 
Pair
[2, 0, 0, 0, 0, 0, 0, 0, 1, 0, 1, 1, 0]
[1, 3, 1, 0]
Hand value: 100
 
EvaluateHands() Player 2 testing: 
 
[0, 1, 1, 0, 0, 1, 0, 1, 0, 1, 0, 0, 0]
[0, 2, 2, 1]
Hand value: 9
------------------------
------------------------
 
Player 1:  
{5 of Clubs} 
{5 of Hearts} 
{6 of Diamonds} 
{9 of Hearts} 
{Ace of Diamonds} 
 
Player 2:  
{7 of Clubs} 
{2 of Clubs} 
{Ace of Spades} 
{King of Hearts} 
{Jack of Diamonds} 
 
EvaluateHands() Player 1 testing: 
 
Pair
[0, 0, 0, 2, 1, 0, 0, 1, 0, 0, 0, 0, 1]
[1, 0, 2, 2]
Hand value: 103
 
EvaluateHands() Player 2 testing: 
 
[1, 0, 0, 0, 0, 1, 0, 0, 0, 1, 0, 1, 1]
[2, 1, 1, 1]
Hand value: 12
------------------------
------------------------
 
Player 1:  
{6 of Hearts} 
{6 of Diamonds} 
{Ace of Diamonds} 
{5 of Diamonds} 
{8 of Hearts} 
 
Player 2:  
{King of Diamonds} 
{9 of Clubs} 
{10 of Clubs} 
{9 of Spades} 
{King of Hearts} 
 
EvaluateHands() Player 1 testing: 
 
Pair
[0, 0, 0, 1, 2, 0, 1, 0, 0, 0, 0, 0, 1]
[0, 0, 2, 3]
Hand value: 104
 
EvaluateHands() Player 2 testing: 
 
Two Pairs
[0, 0, 0, 0, 0, 0, 0, 2, 1, 0, 0, 2, 0]
[2, 1, 1, 1]
Hand value: 211
------------------------
------------------------
 
Player 1:  
{5 of Hearts} 
{King of Diamonds} 
{3 of Spades} 
{9 of Hearts} 
{2 of Hearts} 
 
Player 2:  
{4 of Diamonds} 
{10 of Clubs} 
{5 of Diamonds} 
{9 of Diamonds} 
{7 of Hearts} 
 
EvaluateHands() Player 1 testing: 
 
[1, 1, 0, 1, 0, 0, 0, 1, 0, 0, 0, 1, 0]
[0, 1, 3, 1]
Hand value: 11
 
EvaluateHands() Player 2 testing: 
 
[0, 0, 1, 1, 0, 1, 0, 1, 1, 0, 0, 0, 0]
[1, 0, 1, 3]
Hand value: 8
------------------------
------------------------
 
Player 1:  
{2 of Diamonds} 
{Queen of Clubs} 
{6 of Diamonds} 
{9 of Diamonds} 
{5 of Spades} 
 
Player 2:  
{Ace of Diamonds} 
{6 of Hearts} 
{9 of Hearts} 
{8 of Clubs} 
{King of Diamonds} 
 
EvaluateHands() Player 1 testing: 
 
[1, 0, 0, 1, 1, 0, 0, 1, 0, 0, 1, 0, 0]
[1, 1, 0, 3]
Hand value: 10
 
EvaluateHands() Player 2 testing: 
 
[0, 0, 0, 0, 1, 0, 1, 1, 0, 0, 0, 1, 1]
[1, 0, 2, 2]
Hand value: 12
------------------------
------------------------
 
Player 1:  
{5 of Clubs} 
{7 of Diamonds} 
{King of Hearts} 
{4 of Diamonds} 
{Queen of Diamonds} 
 
Player 2:  
{10 of Hearts} 
{2 of Diamonds} 
{Ace of Clubs} 
{9 of Hearts} 
{6 of Clubs} 
 
EvaluateHands() Player 1 testing: 
 
[0, 0, 1, 1, 0, 1, 0, 0, 0, 0, 1, 1, 0]
[1, 0, 1, 3]
Hand value: 11
 
EvaluateHands() Player 2 testing: 
 
[1, 0, 0, 0, 1, 0, 0, 1, 1, 0, 0, 0, 1]
[2, 0, 2, 1]
Hand value: 12
------------------------
------------------------
 
Player 1:  
{King of Hearts} 
{6 of Clubs} 
{Jack of Spades} 
{Queen of Diamonds} 
{5 of Diamonds} 
 
Player 2:  
{Jack of Clubs} 
{8 of Clubs} 
{8 of Diamonds} 
{2 of Spades} 
{3 of Hearts} 
 
EvaluateHands() Player 1 testing: 
 
[0, 0, 0, 1, 1, 0, 0, 0, 0, 1, 1, 1, 0]
[1, 1, 1, 2]
Hand value: 11
 
EvaluateHands() Player 2 testing: 
 
Pair
[1, 1, 0, 0, 0, 0, 2, 0, 0, 1, 0, 0, 0]
[2, 1, 1, 1]
Hand value: 106
------------------------
------------------------
 
Player 1:  
{King of Spades} 
{7 of Hearts} 
{Ace of Hearts} 
{King of Diamonds} 
{2 of Diamonds} 
 
Player 2:  
{Jack of Clubs} 
{Jack of Hearts} 
{5 of Diamonds} 
{Queen of Spades} 
{5 of Spades} 
 
EvaluateHands() Player 1 testing: 
 
Pair
[1, 0, 0, 0, 0, 1, 0, 0, 0, 0, 0, 2, 1]
[0, 1, 2, 2]
Hand value: 111
 
EvaluateHands() Player 2 testing: 
 
Two Pairs
[0, 0, 0, 2, 0, 0, 0, 0, 0, 2, 1, 0, 0]
[1, 2, 1, 1]
Hand value: 210
------------------------
------------------------
 
Player 1:  
{3 of Hearts} 
{4 of Diamonds} 
{2 of Diamonds} 
{6 of Hearts} 
{10 of Hearts} 
 
Player 2:  
{8 of Clubs} 
{2 of Spades} 
{2 of Hearts} 
{3 of Diamonds} 
{8 of Hearts} 
 
EvaluateHands() Player 1 testing: 
 
[1, 1, 1, 0, 1, 0, 0, 0, 1, 0, 0, 0, 0]
[0, 0, 3, 2]
Hand value: 8
 
EvaluateHands() Player 2 testing: 
 
Two Pairs
[2, 1, 0, 0, 0, 0, 2, 0, 0, 0, 0, 0, 0]
[1, 1, 2, 1]
Hand value: 206
------------------------
------------------------
 
Player 1:  
{2 of Hearts} 
{8 of Diamonds} 
{8 of Hearts} 
{Jack of Spades} 
{Queen of Diamonds} 
 
Player 2:  
{Ace of Diamonds} 
{7 of Hearts} 
{Queen of Hearts} 
{4 of Spades} 
{Ace of Spades} 
 
EvaluateHands() Player 1 testing: 
 
Pair
[1, 0, 0, 0, 0, 0, 2, 0, 0, 1, 1, 0, 0]
[0, 1, 2, 2]
Hand value: 106
 
EvaluateHands() Player 2 testing: 
 
Pair
[0, 0, 1, 0, 0, 1, 0, 0, 0, 0, 1, 0, 2]
[0, 2, 2, 1]
Hand value: 112
------------------------
------------------------
 
Player 1:  
{Queen of Diamonds} 
{8 of Clubs} 
{Queen of Hearts} 
{2 of Spades} 
{6 of Hearts} 
 
Player 2:  
{Jack of Hearts} 
{3 of Spades} 
{2 of Diamonds} 
{7 of Clubs} 
{Jack of Spades} 
 
EvaluateHands() Player 1 testing: 
 
Pair
[1, 0, 0, 0, 1, 0, 1, 0, 0, 0, 2, 0, 0]
[1, 1, 2, 1]
Hand value: 110
 
EvaluateHands() Player 2 testing: 
 
Pair
[1, 1, 0, 0, 0, 1, 0, 0, 0, 2, 0, 0, 0]
[1, 2, 1, 1]
Hand value: 109
------------------------
------------------------
 
Player 1:  
{9 of Diamonds} 
{7 of Spades} 
{Queen of Spades} 
{8 of Spades} 
{King of Diamonds} 
 
Player 2:  
{2 of Diamonds} 
{Queen of Hearts} 
{8 of Hearts} 
{King of Clubs} 
{King of Hearts} 
 
EvaluateHands() Player 1 testing: 
 
[0, 0, 0, 0, 0, 1, 1, 1, 0, 0, 1, 1, 0]
[0, 3, 0, 2]
Hand value: 11
 
EvaluateHands() Player 2 testing: 
 
Pair
[1, 0, 0, 0, 0, 0, 1, 0, 0, 0, 1, 2, 0]
[1, 0, 3, 1]
Hand value: 111
------------------------
------------------------
 
Player 1:  
{3 of Clubs} 
{4 of Diamonds} 
{5 of Diamonds} 
{King of Diamonds} 
{7 of Diamonds} 
 
Player 2:  
{4 of Spades} 
{9 of Spades} 
{Queen of Diamonds} 
{8 of Diamonds} 
{10 of Clubs} 
 
EvaluateHands() Player 1 testing: 
 
[0, 1, 1, 1, 0, 1, 0, 0, 0, 0, 0, 1, 0]
[1, 0, 0, 4]
Hand value: 11
 
EvaluateHands() Player 2 testing: 
 
[0, 0, 1, 0, 0, 0, 1, 1, 1, 0, 1, 0, 0]
[1, 2, 0, 2]
Hand value: 10
------------------------
------------------------
 
Player 1:  
{3 of Diamonds} 
{2 of Spades} 
{2 of Hearts} 
{10 of Clubs} 
{7 of Spades} 
 
Player 2:  
{Ace of Diamonds} 
{2 of Diamonds} 
{5 of Diamonds} 
{6 of Clubs} 
{5 of Spades} 
 
EvaluateHands() Player 1 testing: 
 
Pair
[2, 1, 0, 0, 0, 1, 0, 0, 1, 0, 0, 0, 0]
[1, 2, 1, 1]
Hand value: 100
 
EvaluateHands() Player 2 testing: 
 
Pair
[1, 0, 0, 2, 1, 0, 0, 0, 0, 0, 0, 0, 1]
[1, 1, 0, 3]
Hand value: 103
------------------------
------------------------
 
Player 1:  
{10 of Hearts} 
{9 of Clubs} 
{Queen of Hearts} 
{6 of Clubs} 
{9 of Hearts} 
 
Player 2:  
{Queen of Diamonds} 
{Ace of Hearts} 
{7 of Spades} 
{8 of Clubs} 
{8 of Hearts} 
 
EvaluateHands() Player 1 testing: 
 
Pair
[0, 0, 0, 0, 1, 0, 0, 2, 1, 0, 1, 0, 0]
[2, 0, 3, 0]
Hand value: 107
 
EvaluateHands() Player 2 testing: 
 
Pair
[0, 0, 0, 0, 0, 1, 2, 0, 0, 0, 1, 0, 1]
[1, 1, 2, 1]
Hand value: 106
------------------------
------------------------
 
Player 1:  
{5 of Spades} 
{9 of Spades} 
{2 of Diamonds} 
{4 of Spades} 
{Queen of Clubs} 
 
Player 2:  
{7 of Spades} 
{10 of Clubs} 
{7 of Diamonds} 
{Ace of Clubs} 
{7 of Clubs} 
 
EvaluateHands() Player 1 testing: 
 
[1, 0, 1, 1, 0, 0, 0, 1, 0, 0, 1, 0, 0]
[1, 3, 0, 1]
Hand value: 10
 
EvaluateHands() Player 2 testing: 
 
Three of a Kind
[0, 0, 0, 0, 0, 3, 0, 0, 1, 0, 0, 0, 1]
[3, 1, 0, 1]
Hand value: 305
------------------------
------------------------
 
Player 1:  
{King of Diamonds} 
{King of Clubs} 
{3 of Diamonds} 
{7 of Spades} 
{3 of Clubs} 
 
Player 2:  
{Jack of Diamonds} 
{Ace of Hearts} 
{2 of Hearts} 
{10 of Spades} 
{Queen of Clubs} 
 
EvaluateHands() Player 1 testing: 
 
Two Pairs
[0, 2, 0, 0, 0, 1, 0, 0, 0, 0, 0, 2, 0]
[2, 1, 0, 2]
Hand value: 211
 
EvaluateHands() Player 2 testing: 
 
[1, 0, 0, 0, 0, 0, 0, 0, 1, 1, 1, 0, 1]
[1, 1, 2, 1]
Hand value: 12
------------------------
------------------------
 
Player 1:  
{8 of Diamonds} 
{Ace of Clubs} 
{8 of Spades} 
{3 of Clubs} 
{6 of Clubs} 
 
Player 2:  
{4 of Hearts} 
{Jack of Hearts} 
{Jack of Diamonds} 
{Ace of Diamonds} 
{8 of Hearts} 
 
EvaluateHands() Player 1 testing: 
 
Pair
[0, 1, 0, 0, 1, 0, 2, 0, 0, 0, 0, 0, 1]
[3, 1, 0, 1]
Hand value: 106
 
EvaluateHands() Player 2 testing: 
 
Pair
[0, 0, 1, 0, 0, 0, 1, 0, 0, 2, 0, 0, 1]
[0, 0, 3, 2]
Hand value: 109
------------------------
------------------------
 
Player 1:  
{2 of Hearts} 
{10 of Clubs} 
{8 of Hearts} 
{10 of Spades} 
{Ace of Diamonds} 
 
Player 2:  
{3 of Diamonds} 
{Jack of Diamonds} 
{King of Hearts} 
{8 of Clubs} 
{9 of Diamonds} 
 
EvaluateHands() Player 1 testing: 
 
Pair
[1, 0, 0, 0, 0, 0, 1, 0, 2, 0, 0, 0, 1]
[1, 1, 2, 1]
Hand value: 108
 
EvaluateHands() Player 2 testing: 
 
[0, 1, 0, 0, 0, 0, 1, 1, 0, 1, 0, 1, 0]
[1, 0, 1, 3]
Hand value: 11
------------------------
------------------------
 
Player 1:  
{King of Diamonds} 
{10 of Spades} 
{Jack of Diamonds} 
{5 of Clubs} 
{7 of Clubs} 
 
Player 2:  
{9 of Spades} 
{Queen of Spades} 
{8 of Spades} 
{Queen of Hearts} 
{Jack of Spades} 
 
EvaluateHands() Player 1 testing: 
 
[0, 0, 0, 1, 0, 1, 0, 0, 1, 1, 0, 1, 0]
[2, 1, 0, 2]
Hand value: 11
 
EvaluateHands() Player 2 testing: 
 
Pair
[0, 0, 0, 0, 0, 0, 1, 1, 0, 1, 2, 0, 0]
[0, 4, 1, 0]
Hand value: 110
------------------------
------------------------
 
Player 1:  
{4 of Diamonds} 
{Jack of Diamonds} 
{2 of Diamonds} 
{3 of Hearts} 
{3 of Spades} 
 
Player 2:  
{3 of Clubs} 
{4 of Spades} 
{9 of Hearts} 
{Ace of Hearts} 
{4 of Clubs} 
 
EvaluateHands() Player 1 testing: 
 
Pair
[1, 2, 1, 0, 0, 0, 0, 0, 0, 1, 0, 0, 0]
[0, 1, 1, 3]
Hand value: 101
 
EvaluateHands() Player 2 testing: 
 
Pair
[0, 1, 2, 0, 0, 0, 0, 1, 0, 0, 0, 0, 1]
[2, 1, 2, 0]
Hand value: 102
------------------------
------------------------
 
Player 1:  
{King of Hearts} 
{King of Diamonds} 
{9 of Hearts} 
{6 of Diamonds} 
{Ace of Hearts} 
 
Player 2:  
{4 of Spades} 
{2 of Hearts} 
{10 of Diamonds} 
{2 of Clubs} 
{5 of Diamonds} 
 
EvaluateHands() Player 1 testing: 
 
Pair
[0, 0, 0, 0, 1, 0, 0, 1, 0, 0, 0, 2, 1]
[0, 0, 3, 2]
Hand value: 111
 
EvaluateHands() Player 2 testing: 
 
Pair
[2, 0, 1, 1, 0, 0, 0, 0, 1, 0, 0, 0, 0]
[1, 1, 1, 2]
Hand value: 100
------------------------
------------------------
 
Player 1:  
{Queen of Diamonds} 
{8 of Hearts} 
{5 of Diamonds} 
{Jack of Clubs} 
{7 of Spades} 
 
Player 2:  
{Ace of Hearts} 
{6 of Spades} 
{6 of Hearts} 
{Queen of Hearts} 
{5 of Clubs} 
 
EvaluateHands() Player 1 testing: 
 
[0, 0, 0, 1, 0, 1, 1, 0, 0, 1, 1, 0, 0]
[1, 1, 1, 2]
Hand value: 10
 
EvaluateHands() Player 2 testing: 
 
Pair
[0, 0, 0, 1, 2, 0, 0, 0, 0, 0, 1, 0, 1]
[1, 1, 3, 0]
Hand value: 104
------------------------
------------------------
 
Player 1:  
{10 of Hearts} 
{4 of Hearts} 
{5 of Clubs} 
{7 of Clubs} 
{6 of Diamonds} 
 
Player 2:  
{4 of Diamonds} 
{7 of Spades} 
{Ace of Spades} 
{2 of Hearts} 
{2 of Clubs} 
 
EvaluateHands() Player 1 testing: 
 
[0, 0, 1, 1, 1, 1, 0, 0, 1, 0, 0, 0, 0]
[2, 0, 2, 1]
Hand value: 8
 
EvaluateHands() Player 2 testing: 
 
Pair
[2, 0, 1, 0, 0, 1, 0, 0, 0, 0, 0, 0, 1]
[1, 2, 1, 1]
Hand value: 100
------------------------
------------------------
 
Player 1:  
{10 of Diamonds} 
{4 of Clubs} 
{5 of Spades} 
{Jack of Hearts} 
{Ace of Hearts} 
 
Player 2:  
{Queen of Hearts} 
{6 of Clubs} 
{King of Hearts} 
{7 of Clubs} 
{8 of Hearts} 
 
EvaluateHands() Player 1 testing: 
 
[0, 0, 1, 1, 0, 0, 0, 0, 1, 1, 0, 0, 1]
[1, 1, 2, 1]
Hand value: 12
 
EvaluateHands() Player 2 testing: 
 
[0, 0, 0, 0, 1, 1, 1, 0, 0, 0, 1, 1, 0]
[2, 0, 3, 0]
Hand value: 11
------------------------
------------------------
 
Player 1:  
{4 of Hearts} 
{9 of Diamonds} 
{2 of Hearts} 
{7 of Spades} 
{10 of Diamonds} 
 
Player 2:  
{8 of Clubs} 
{10 of Spades} 
{7 of Diamonds} 
{Queen of Spades} 
{4 of Diamonds} 
 
EvaluateHands() Player 1 testing: 
 
[1, 0, 1, 0, 0, 1, 0, 1, 1, 0, 0, 0, 0]
[0, 1, 2, 2]
Hand value: 8
 
EvaluateHands() Player 2 testing: 
 
[0, 0, 1, 0, 0, 1, 1, 0, 1, 0, 1, 0, 0]
[1, 2, 0, 2]
Hand value: 10
------------------------
------------------------
 
Player 1:  
{Ace of Hearts} 
{King of Hearts} 
{8 of Spades} 
{4 of Clubs} 
{7 of Spades} 
 
Player 2:  
{2 of Clubs} 
{Queen of Clubs} 
{2 of Spades} 
{Queen of Hearts} 
{10 of Hearts} 
 
EvaluateHands() Player 1 testing: 
 
[0, 0, 1, 0, 0, 1, 1, 0, 0, 0, 0, 1, 1]
[1, 2, 2, 0]
Hand value: 12
 
EvaluateHands() Player 2 testing: 
 
Two Pairs
[2, 0, 0, 0, 0, 0, 0, 0, 1, 0, 2, 0, 0]
[2, 1, 2, 0]
Hand value: 210
------------------------
------------------------
 
Player 1:  
{5 of Clubs} 
{9 of Spades} 
{9 of Diamonds} 
{Ace of Diamonds} 
{Queen of Spades} 
 
Player 2:  
{3 of Hearts} 
{5 of Diamonds} 
{6 of Diamonds} 
{King of Diamonds} 
{Jack of Diamonds} 
 
EvaluateHands() Player 1 testing: 
 
Pair
[0, 0, 0, 1, 0, 0, 0, 2, 0, 0, 1, 0, 1]
[1, 2, 0, 2]
Hand value: 107
 
EvaluateHands() Player 2 testing: 
 
[0, 1, 0, 1, 1, 0, 0, 0, 0, 1, 0, 1, 0]
[0, 0, 1, 4]
Hand value: 11
------------------------
------------------------
 
Player 1:  
{5 of Diamonds} 
{Ace of Clubs} 
{4 of Diamonds} 
{King of Clubs} 
{2 of Spades} 
 
Player 2:  
{8 of Clubs} 
{6 of Diamonds} 
{8 of Hearts} 
{5 of Hearts} 
{4 of Hearts} 
 
EvaluateHands() Player 1 testing: 
 
[1, 0, 1, 1, 0, 0, 0, 0, 0, 0, 0, 1, 1]
[2, 1, 0, 2]
Hand value: 12
 
EvaluateHands() Player 2 testing: 
 
Pair
[0, 0, 1, 1, 1, 0, 2, 0, 0, 0, 0, 0, 0]
[1, 0, 3, 1]
Hand value: 106
------------------------
------------------------
 
Player 1:  
{10 of Clubs} 
{2 of Diamonds} 
{3 of Diamonds} 
{5 of Spades} 
{9 of Spades} 
 
Player 2:  
{5 of Clubs} 
{Ace of Diamonds} 
{7 of Clubs} 
{Queen of Diamonds} 
{4 of Hearts} 
 
EvaluateHands() Player 1 testing: 
 
[1, 1, 0, 1, 0, 0, 0, 1, 1, 0, 0, 0, 0]
[1, 2, 0, 2]
Hand value: 8
 
EvaluateHands() Player 2 testing: 
 
[0, 0, 1, 1, 0, 1, 0, 0, 0, 0, 1, 0, 1]
[2, 0, 1, 2]
Hand value: 12
------------------------
------------------------
 
Player 1:  
{2 of Hearts} 
{Queen of Diamonds} 
{Ace of Clubs} 
{6 of Diamonds} 
{3 of Hearts} 
 
Player 2:  
{Jack of Spades} 
{8 of Spades} 
{4 of Clubs} 
{Jack of Hearts} 
{3 of Diamonds} 
 
EvaluateHands() Player 1 testing: 
 
[1, 1, 0, 0, 1, 0, 0, 0, 0, 0, 1, 0, 1]
[1, 0, 2, 2]
Hand value: 12
 
EvaluateHands() Player 2 testing: 
 
Pair
[0, 1, 1, 0, 0, 0, 1, 0, 0, 2, 0, 0, 0]
[1, 2, 1, 1]
Hand value: 109
------------------------
------------------------
 
Player 1:  
{6 of Hearts} 
{2 of Hearts} 
{Jack of Diamonds} 
{King of Hearts} 
{9 of Spades} 
 
Player 2:  
{King of Clubs} 
{Jack of Spades} 
{8 of Hearts} 
{6 of Clubs} 
{2 of Spades} 
 
EvaluateHands() Player 1 testing: 
 
[1, 0, 0, 0, 1, 0, 0, 1, 0, 1, 0, 1, 0]
[0, 1, 3, 1]
Hand value: 11
 
EvaluateHands() Player 2 testing: 
 
[1, 0, 0, 0, 1, 0, 1, 0, 0, 1, 0, 1, 0]
[2, 2, 1, 0]
Hand value: 11
------------------------
------------------------
 
Player 1:  
{10 of Clubs} 
{2 of Hearts} 
{9 of Clubs} 
{5 of Clubs} 
{King of Hearts} 
 
Player 2:  
{Queen of Spades} 
{8 of Spades} 
{8 of Hearts} 
{4 of Hearts} 
{Ace of Hearts} 
 
EvaluateHands() Player 1 testing: 
 
[1, 0, 0, 1, 0, 0, 0, 1, 1, 0, 0, 1, 0]
[3, 0, 2, 0]
Hand value: 11
 
EvaluateHands() Player 2 testing: 
 
Pair
[0, 0, 1, 0, 0, 0, 2, 0, 0, 0, 1, 0, 1]
[0, 2, 3, 0]
Hand value: 106
------------------------
------------------------
 
Player 1:  
{3 of Spades} 
{3 of Diamonds} 
{8 of Hearts} 
{Jack of Hearts} 
{5 of Hearts} 
 
Player 2:  
{7 of Hearts} 
{6 of Clubs} 
{10 of Clubs} 
{6 of Diamonds} 
{King of Clubs} 
 
EvaluateHands() Player 1 testing: 
 
Pair
[0, 2, 0, 1, 0, 0, 1, 0, 0, 1, 0, 0, 0]
[0, 1, 3, 1]
Hand value: 101
 
EvaluateHands() Player 2 testing: 
 
Pair
[0, 0, 0, 0, 2, 1, 0, 0, 1, 0, 0, 1, 0]
[3, 0, 1, 1]
Hand value: 104
------------------------
------------------------
 
Player 1:  
{4 of Diamonds} 
{7 of Spades} 
{Queen of Hearts} 
{6 of Clubs} 
{2 of Hearts} 
 
Player 2:  
{10 of Diamonds} 
{7 of Hearts} 
{Jack of Spades} 
{4 of Spades} 
{Jack of Hearts} 
 
EvaluateHands() Player 1 testing: 
 
[1, 0, 1, 0, 1, 1, 0, 0, 0, 0, 1, 0, 0]
[1, 1, 2, 1]
Hand value: 10
 
EvaluateHands() Player 2 testing: 
 
Pair
[0, 0, 1, 0, 0, 1, 0, 0, 1, 2, 0, 0, 0]
[0, 2, 2, 1]
Hand value: 109
------------------------
------------------------
 
Player 1:  
{5 of Diamonds} 
{10 of Hearts} 
{7 of Clubs} 
{9 of Diamonds} 
{6 of Diamonds} 
 
Player 2:  
{6 of Clubs} 
{8 of Hearts} 
{2 of Clubs} 
{Jack of Diamonds} 
{3 of Diamonds} 
 
EvaluateHands() Player 1 testing: 
 
[0, 0, 0, 1, 1, 1, 0, 1, 1, 0, 0, 0, 0]
[1, 0, 1, 3]
Hand value: 8
 
EvaluateHands() Player 2 testing: 
 
[1, 1, 0, 0, 1, 0, 1, 0, 0, 1, 0, 0, 0]
[2, 0, 1, 2]
Hand value: 9
------------------------
------------------------
 
Player 1:  
{7 of Diamonds} 
{9 of Spades} 
{6 of Diamonds} 
{5 of Diamonds} 
{3 of Clubs} 
 
Player 2:  
{4 of Diamonds} 
{10 of Diamonds} 
{10 of Hearts} 
{5 of Clubs} 
{9 of Hearts} 
 
EvaluateHands() Player 1 testing: 
 
[0, 1, 0, 1, 1, 1, 0, 1, 0, 0, 0, 0, 0]
[1, 1, 0, 3]
Hand value: 7
 
EvaluateHands() Player 2 testing: 
 
Pair
[0, 0, 1, 1, 0, 0, 0, 1, 2, 0, 0, 0, 0]
[1, 0, 2, 2]
Hand value: 108
------------------------
------------------------
 
Player 1:  
{Queen of Clubs} 
{4 of Clubs} 
{7 of Clubs} 
{Jack of Clubs} 
{3 of Spades} 
 
Player 2:  
{7 of Hearts} 
{6 of Clubs} 
{Queen of Spades} 
{4 of Hearts} 
{King of Hearts} 
 
EvaluateHands() Player 1 testing: 
 
[0, 1, 1, 0, 0, 1, 0, 0, 0, 1, 1, 0, 0]
[4, 1, 0, 0]
Hand value: 10
 
EvaluateHands() Player 2 testing: 
 
[0, 0, 1, 0, 1, 1, 0, 0, 0, 0, 1, 1, 0]
[1, 1, 3, 0]
Hand value: 11
------------------------
------------------------
 
Player 1:  
{Jack of Spades} 
{6 of Hearts} 
{2 of Hearts} 
{3 of Hearts} 
{3 of Diamonds} 
 
Player 2:  
{6 of Diamonds} 
{7 of Hearts} 
{King of Clubs} 
{3 of Spades} 
{7 of Spades} 
 
EvaluateHands() Player 1 testing: 
 
Pair
[1, 2, 0, 0, 1, 0, 0, 0, 0, 1, 0, 0, 0]
[0, 1, 3, 1]
Hand value: 101
 
EvaluateHands() Player 2 testing: 
 
Pair
[0, 1, 0, 0, 1, 2, 0, 0, 0, 0, 0, 1, 0]
[1, 2, 1, 1]
Hand value: 105
------------------------
------------------------
 
Player 1:  
{4 of Clubs} 
{10 of Diamonds} 
{Jack of Hearts} 
{Ace of Spades} 
{5 of Diamonds} 
 
Player 2:  
{9 of Hearts} 
{King of Clubs} 
{9 of Diamonds} 
{5 of Hearts} 
{7 of Diamonds} 
 
EvaluateHands() Player 1 testing: 
 
[0, 0, 1, 1, 0, 0, 0, 0, 1, 1, 0, 0, 1]
[1, 1, 1, 2]
Hand value: 12
 
EvaluateHands() Player 2 testing: 
 
Pair
[0, 0, 0, 1, 0, 1, 0, 2, 0, 0, 0, 1, 0]
[1, 0, 2, 2]
Hand value: 107
------------------------
------------------------
 
Player 1:  
{5 of Hearts} 
{10 of Clubs} 
{Queen of Clubs} 
{2 of Diamonds} 
{King of Spades} 
 
Player 2:  
{4 of Hearts} 
{2 of Hearts} 
{6 of Diamonds} 
{Ace of Diamonds} 
{7 of Hearts} 
 
EvaluateHands() Player 1 testing: 
 
[1, 0, 0, 1, 0, 0, 0, 0, 1, 0, 1, 1, 0]
[2, 1, 1, 1]
Hand value: 11
 
EvaluateHands() Player 2 testing: 
 
[1, 0, 1, 0, 1, 1, 0, 0, 0, 0, 0, 0, 1]
[0, 0, 3, 2]
Hand value: 12
------------------------
------------------------
 
Player 1:  
{4 of Spades} 
{Jack of Diamonds} 
{2 of Diamonds} 
{Queen of Clubs} 
{10 of Clubs} 
 
Player 2:  
{6 of Hearts} 
{5 of Clubs} 
{2 of Clubs} 
{3 of Hearts} 
{King of Clubs} 
 
EvaluateHands() Player 1 testing: 
 
[1, 0, 1, 0, 0, 0, 0, 0, 1, 1, 1, 0, 0]
[2, 1, 0, 2]
Hand value: 10
 
EvaluateHands() Player 2 testing: 
 
[1, 1, 0, 1, 1, 0, 0, 0, 0, 0, 0, 1, 0]
[3, 0, 2, 0]
Hand value: 11
------------------------
------------------------
 
Player 1:  
{King of Clubs} 
{6 of Clubs} 
{4 of Spades} 
{King of Hearts} 
{9 of Spades} 
 
Player 2:  
{3 of Hearts} 
{7 of Spades} 
{7 of Diamonds} 
{10 of Spades} 
{2 of Diamonds} 
 
EvaluateHands() Player 1 testing: 
 
Pair
[0, 0, 1, 0, 1, 0, 0, 1, 0, 0, 0, 2, 0]
[2, 2, 1, 0]
Hand value: 111
 
EvaluateHands() Player 2 testing: 
 
Pair
[1, 1, 0, 0, 0, 2, 0, 0, 1, 0, 0, 0, 0]
[0, 2, 1, 2]
Hand value: 105
------------------------
------------------------
 
Player 1:  
{8 of Hearts} 
{Queen of Clubs} 
{10 of Hearts} 
{6 of Clubs} 
{3 of Clubs} 
 
Player 2:  
{2 of Diamonds} 
{Jack of Clubs} 
{Jack of Spades} 
{King of Hearts} 
{6 of Diamonds} 
 
EvaluateHands() Player 1 testing: 
 
[0, 1, 0, 0, 1, 0, 1, 0, 1, 0, 1, 0, 0]
[3, 0, 2, 0]
Hand value: 10
 
EvaluateHands() Player 2 testing: 
 
Pair
[1, 0, 0, 0, 1, 0, 0, 0, 0, 2, 0, 1, 0]
[1, 1, 1, 2]
Hand value: 109
------------------------
------------------------
 
Player 1:  
{7 of Clubs} 
{9 of Clubs} 
{Ace of Diamonds} 
{King of Clubs} 
{6 of Spades} 
 
Player 2:  
{6 of Clubs} 
{7 of Hearts} 
{5 of Hearts} 
{9 of Diamonds} 
{2 of Clubs} 
 
EvaluateHands() Player 1 testing: 
 
[0, 0, 0, 0, 1, 1, 0, 1, 0, 0, 0, 1, 1]
[3, 1, 0, 1]
Hand value: 12
 
EvaluateHands() Player 2 testing: 
 
[1, 0, 0, 1, 1, 1, 0, 1, 0, 0, 0, 0, 0]
[2, 0, 2, 1]
Hand value: 7
------------------------
------------------------
 
Player 1:  
{Queen of Diamonds} 
{4 of Spades} 
{9 of Spades} 
{7 of Hearts} 
{Queen of Hearts} 
 
Player 2:  
{4 of Clubs} 
{3 of Diamonds} 
{8 of Spades} 
{6 of Clubs} 
{9 of Diamonds} 
 
EvaluateHands() Player 1 testing: 
 
Pair
[0, 0, 1, 0, 0, 1, 0, 1, 0, 0, 2, 0, 0]
[0, 2, 2, 1]
Hand value: 110
 
EvaluateHands() Player 2 testing: 
 
[0, 1, 1, 0, 1, 0, 1, 1, 0, 0, 0, 0, 0]
[2, 1, 0, 2]
Hand value: 7
------------------------
------------------------
 
Player 1:  
{7 of Hearts} 
{King of Spades} 
{Queen of Clubs} 
{8 of Clubs} 
{3 of Spades} 
 
Player 2:  
{5 of Hearts} 
{Queen of Hearts} 
{2 of Spades} 
{4 of Diamonds} 
{9 of Clubs} 
 
EvaluateHands() Player 1 testing: 
 
[0, 1, 0, 0, 0, 1, 1, 0, 0, 0, 1, 1, 0]
[2, 2, 1, 0]
Hand value: 11
 
EvaluateHands() Player 2 testing: 
 
[1, 0, 1, 1, 0, 0, 0, 1, 0, 0, 1, 0, 0]
[1, 1, 2, 1]
Hand value: 10
------------------------
------------------------
 
Player 1:  
{Queen of Diamonds} 
{10 of Diamonds} 
{8 of Diamonds} 
{9 of Diamonds} 
{Ace of Clubs} 
 
Player 2:  
{7 of Hearts} 
{King of Clubs} 
{6 of Hearts} 
{6 of Diamonds} 
{2 of Diamonds} 
 
EvaluateHands() Player 1 testing: 
 
[0, 0, 0, 0, 0, 0, 1, 1, 1, 0, 1, 0, 1]
[1, 0, 0, 4]
Hand value: 12
 
EvaluateHands() Player 2 testing: 
 
Pair
[1, 0, 0, 0, 2, 1, 0, 0, 0, 0, 0, 1, 0]
[1, 0, 2, 2]
Hand value: 104
------------------------
------------------------
 
Player 1:  
{Jack of Spades} 
{10 of Hearts} 
{9 of Clubs} 
{Jack of Hearts} 
{3 of Hearts} 
 
Player 2:  
{2 of Diamonds} 
{5 of Clubs} 
{King of Hearts} 
{5 of Hearts} 
{4 of Spades} 
 
EvaluateHands() Player 1 testing: 
 
Pair
[0, 1, 0, 0, 0, 0, 0, 1, 1, 2, 0, 0, 0]
[1, 1, 3, 0]
Hand value: 109
 
EvaluateHands() Player 2 testing: 
 
Pair
[1, 0, 1, 2, 0, 0, 0, 0, 0, 0, 0, 1, 0]
[1, 1, 2, 1]
Hand value: 103
------------------------
------------------------
 
Player 1:  
{Queen of Spades} 
{8 of Diamonds} 
{9 of Diamonds} 
{4 of Clubs} 
{7 of Clubs} 
 
Player 2:  
{7 of Diamonds} 
{6 of Spades} 
{9 of Spades} 
{7 of Spades} 
{3 of Clubs} 
 
EvaluateHands() Player 1 testing: 
 
[0, 0, 1, 0, 0, 1, 1, 1, 0, 0, 1, 0, 0]
[2, 1, 0, 2]
Hand value: 10
 
EvaluateHands() Player 2 testing: 
 
Pair
[0, 1, 0, 0, 1, 2, 0, 1, 0, 0, 0, 0, 0]
[1, 3, 0, 1]
Hand value: 105
------------------------
------------------------
 
Player 1:  
{5 of Diamonds} 
{4 of Hearts} 
{2 of Spades} 
{7 of Hearts} 
{6 of Diamonds} 
 
Player 2:  
{King of Diamonds} 
{Queen of Hearts} 
{7 of Diamonds} 
{8 of Clubs} 
{Ace of Diamonds} 
 
EvaluateHands() Player 1 testing: 
 
[1, 0, 1, 1, 1, 1, 0, 0, 0, 0, 0, 0, 0]
[0, 1, 2, 2]
Hand value: 5
 
EvaluateHands() Player 2 testing: 
 
[0, 0, 0, 0, 0, 1, 1, 0, 0, 0, 1, 1, 1]
[1, 0, 1, 3]
Hand value: 12
------------------------
------------------------
 
Player 1:  
{3 of Diamonds} 
{4 of Hearts} 
{5 of Hearts} 
{7 of Diamonds} 
{Queen of Hearts} 
 
Player 2:  
{10 of Diamonds} 
{4 of Spades} 
{5 of Spades} 
{4 of Clubs} 
{King of Spades} 
 
EvaluateHands() Player 1 testing: 
 
[0, 1, 1, 1, 0, 1, 0, 0, 0, 0, 1, 0, 0]
[0, 0, 3, 2]
Hand value: 10
 
EvaluateHands() Player 2 testing: 
 
Pair
[0, 0, 2, 1, 0, 0, 0, 0, 1, 0, 0, 1, 0]
[1, 3, 0, 1]
Hand value: 102
------------------------
------------------------
 
Player 1:  
{Jack of Clubs} 
{7 of Diamonds} 
{3 of Clubs} 
{6 of Spades} 
{Ace of Clubs} 
 
Player 2:  
{10 of Spades} 
{7 of Spades} 
{9 of Diamonds} 
{King of Clubs} 
{Queen of Spades} 
 
EvaluateHands() Player 1 testing: 
 
[0, 1, 0, 0, 1, 1, 0, 0, 0, 1, 0, 0, 1]
[3, 1, 0, 1]
Hand value: 12
 
EvaluateHands() Player 2 testing: 
 
[0, 0, 0, 0, 0, 1, 0, 1, 1, 0, 1, 1, 0]
[1, 3, 0, 1]
Hand value: 11
------------------------
------------------------
 
Player 1:  
{2 of Hearts} 
{8 of Hearts} 
{6 of Hearts} 
{3 of Spades} 
{9 of Diamonds} 
 
Player 2:  
{9 of Spades} 
{5 of Spades} 
{3 of Clubs} 
{5 of Clubs} 
{8 of Clubs} 
 
EvaluateHands() Player 1 testing: 
 
[1, 1, 0, 0, 1, 0, 1, 1, 0, 0, 0, 0, 0]
[0, 1, 3, 1]
Hand value: 7
 
EvaluateHands() Player 2 testing: 
 
Pair
[0, 1, 0, 2, 0, 0, 1, 1, 0, 0, 0, 0, 0]
[3, 2, 0, 0]
Hand value: 103
------------------------
------------------------
 
Player 1:  
{5 of Spades} 
{3 of Clubs} 
{Jack of Clubs} 
{4 of Clubs} 
{Ace of Diamonds} 
 
Player 2:  
{5 of Diamonds} 
{2 of Spades} 
{Jack of Diamonds} 
{3 of Spades} 
{6 of Clubs} 
 
EvaluateHands() Player 1 testing: 
 
[0, 1, 1, 1, 0, 0, 0, 0, 0, 1, 0, 0, 1]
[3, 1, 0, 1]
Hand value: 12
 
EvaluateHands() Player 2 testing: 
 
[1, 1, 0, 1, 1, 0, 0, 0, 0, 1, 0, 0, 0]
[1, 2, 0, 2]
Hand value: 9
------------------------
------------------------
 
Player 1:  
{Queen of Hearts} 
{7 of Clubs} 
{Jack of Hearts} 
{King of Hearts} 
{10 of Spades} 
 
Player 2:  
{9 of Clubs} 
{Jack of Clubs} 
{5 of Clubs} 
{3 of Hearts} 
{4 of Hearts} 
 
EvaluateHands() Player 1 testing: 
 
[0, 0, 0, 0, 0, 1, 0, 0, 1, 1, 1, 1, 0]
[1, 1, 3, 0]
Hand value: 11
 
EvaluateHands() Player 2 testing: 
 
[0, 1, 1, 1, 0, 0, 0, 1, 0, 1, 0, 0, 0]
[3, 0, 2, 0]
Hand value: 9
------------------------
------------------------
 
Player 1:  
{Queen of Clubs} 
{9 of Diamonds} 
{4 of Clubs} 
{6 of Clubs} 
{3 of Diamonds} 
 
Player 2:  
{5 of Spades} 
{6 of Hearts} 
{7 of Spades} 
{Jack of Spades} 
{3 of Clubs} 
 
EvaluateHands() Player 1 testing: 
 
[0, 1, 1, 0, 1, 0, 0, 1, 0, 0, 1, 0, 0]
[3, 0, 0, 2]
Hand value: 10
 
EvaluateHands() Player 2 testing: 
 
[0, 1, 0, 1, 1, 1, 0, 0, 0, 1, 0, 0, 0]
[1, 3, 1, 0]
Hand value: 9
------------------------
------------------------
 
Player 1:  
{Jack of Hearts} 
{Queen of Hearts} 
{2 of Clubs} 
{Queen of Spades} 
{4 of Diamonds} 
 
Player 2:  
{5 of Hearts} 
{10 of Hearts} 
{Ace of Diamonds} 
{Ace of Clubs} 
{10 of Clubs} 
 
EvaluateHands() Player 1 testing: 
 
Pair
[1, 0, 1, 0, 0, 0, 0, 0, 0, 1, 2, 0, 0]
[1, 1, 2, 1]
Hand value: 110
 
EvaluateHands() Player 2 testing: 
 
Pair
[0, 0, 0, 1, 0, 0, 0, 0, 2, 0, 0, 0, 2]
[2, 0, 2, 1]
Hand value: 108
------------------------
------------------------
 
Player 1:  
{8 of Clubs} 
{7 of Clubs} 
{9 of Diamonds} 
{3 of Diamonds} 
{Ace of Spades} 
 
Player 2:  
{8 of Spades} 
{7 of Hearts} 
{8 of Hearts} 
{9 of Clubs} 
{Queen of Hearts} 
 
EvaluateHands() Player 1 testing: 
 
[0, 1, 0, 0, 0, 1, 1, 1, 0, 0, 0, 0, 1]
[2, 1, 0, 2]
Hand value: 12
 
EvaluateHands() Player 2 testing: 
 
Pair
[0, 0, 0, 0, 0, 1, 2, 1, 0, 0, 1, 0, 0]
[1, 1, 3, 0]
Hand value: 106
------------------------
------------------------
 
Player 1:  
{Queen of Diamonds} 
{8 of Diamonds} 
{4 of Clubs} 
{2 of Spades} 
{Jack of Hearts} 
 
Player 2:  
{9 of Spades} 
{3 of Hearts} 
{Queen of Hearts} 
{King of Clubs} 
{3 of Diamonds} 
 
EvaluateHands() Player 1 testing: 
 
[1, 0, 1, 0, 0, 0, 1, 0, 0, 1, 1, 0, 0]
[1, 1, 1, 2]
Hand value: 10
 
EvaluateHands() Player 2 testing: 
 
Pair
[0, 2, 0, 0, 0, 0, 0, 1, 0, 0, 1, 1, 0]
[1, 1, 2, 1]
Hand value: 101
------------------------
------------------------
 
Player 1:  
{Queen of Spades} 
{Queen of Diamonds} 
{2 of Spades} 
{8 of Hearts} 
{4 of Hearts} 
 
Player 2:  
{5 of Clubs} 
{5 of Spades} 
{7 of Spades} 
{9 of Diamonds} 
{King of Hearts} 
 
EvaluateHands() Player 1 testing: 
 
Pair
[1, 0, 1, 0, 0, 0, 1, 0, 0, 0, 2, 0, 0]
[0, 2, 2, 1]
Hand value: 110
 
EvaluateHands() Player 2 testing: 
 
Pair
[0, 0, 0, 2, 0, 1, 0, 1, 0, 0, 0, 1, 0]
[1, 2, 1, 1]
Hand value: 103
------------------------
------------------------
 
Player 1:  
{9 of Hearts} 
{4 of Diamonds} 
{4 of Clubs} 
{3 of Spades} 
{5 of Spades} 
 
Player 2:  
{Ace of Diamonds} 
{Jack of Spades} 
{5 of Hearts} 
{9 of Clubs} 
{5 of Diamonds} 
 
EvaluateHands() Player 1 testing: 
 
Pair
[0, 1, 2, 1, 0, 0, 0, 1, 0, 0, 0, 0, 0]
[1, 2, 1, 1]
Hand value: 102
 
EvaluateHands() Player 2 testing: 
 
Pair
[0, 0, 0, 2, 0, 0, 0, 1, 0, 1, 0, 0, 1]
[1, 1, 1, 2]
Hand value: 103
------------------------
------------------------
 
Player 1:  
{8 of Spades} 
{2 of Spades} 
{4 of Diamonds} 
{Jack of Clubs} 
{9 of Spades} 
 
Player 2:  
{7 of Diamonds} 
{5 of Spades} 
{10 of Diamonds} 
{9 of Hearts} 
{10 of Spades} 
 
EvaluateHands() Player 1 testing: 
 
[1, 0, 1, 0, 0, 0, 1, 1, 0, 1, 0, 0, 0]
[1, 3, 0, 1]
Hand value: 9
 
EvaluateHands() Player 2 testing: 
 
Pair
[0, 0, 0, 1, 0, 1, 0, 1, 2, 0, 0, 0, 0]
[0, 2, 1, 2]
Hand value: 108
------------------------
------------------------
 
Player 1:  
{10 of Hearts} 
{10 of Diamonds} 
{Ace of Diamonds} 
{3 of Clubs} 
{6 of Spades} 
 
Player 2:  
{9 of Hearts} 
{Jack of Hearts} 
{Queen of Diamonds} 
{Queen of Spades} 
{5 of Hearts} 
 
EvaluateHands() Player 1 testing: 
 
Pair
[0, 1, 0, 0, 1, 0, 0, 0, 2, 0, 0, 0, 1]
[1, 1, 1, 2]
Hand value: 108
 
EvaluateHands() Player 2 testing: 
 
Pair
[0, 0, 0, 1, 0, 0, 0, 1, 0, 1, 2, 0, 0]
[0, 1, 3, 1]
Hand value: 110
------------------------
------------------------
 
Player 1:  
{King of Spades} 
{2 of Diamonds} 
{10 of Diamonds} 
{8 of Hearts} 
{9 of Spades} 
 
Player 2:  
{4 of Clubs} 
{3 of Hearts} 
{Queen of Diamonds} 
{6 of Clubs} 
{Jack of Hearts} 
 
EvaluateHands() Player 1 testing: 
 
[1, 0, 0, 0, 0, 0, 1, 1, 1, 0, 0, 1, 0]
[0, 2, 1, 2]
Hand value: 11
 
EvaluateHands() Player 2 testing: 
 
[0, 1, 1, 0, 1, 0, 0, 0, 0, 1, 1, 0, 0]
[2, 0, 2, 1]
Hand value: 10
------------------------
------------------------
 
Player 1:  
{5 of Spades} 
{King of Clubs} 
{8 of Hearts} 
{3 of Spades} 
{10 of Spades} 
 
Player 2:  
{2 of Clubs} 
{3 of Diamonds} 
{King of Diamonds} 
{9 of Hearts} 
{King of Hearts} 
 
EvaluateHands() Player 1 testing: 
 
[0, 1, 0, 1, 0, 0, 1, 0, 1, 0, 0, 1, 0]
[1, 3, 1, 0]
Hand value: 11
 
EvaluateHands() Player 2 testing: 
 
Pair
[1, 1, 0, 0, 0, 0, 0, 1, 0, 0, 0, 2, 0]
[1, 0, 2, 2]
Hand value: 111
------------------------
------------------------
 
Player 1:  
{3 of Spades} 
{7 of Diamonds} 
{7 of Spades} 
{Queen of Diamonds} 
{4 of Hearts} 
 
Player 2:  
{7 of Hearts} 
{2 of Hearts} 
{10 of Clubs} 
{Ace of Hearts} 
{7 of Clubs} 
 
EvaluateHands() Player 1 testing: 
 
Pair
[0, 1, 1, 0, 0, 2, 0, 0, 0, 0, 1, 0, 0]
[0, 2, 1, 2]
Hand value: 105
 
EvaluateHands() Player 2 testing: 
 
Pair
[1, 0, 0, 0, 0, 2, 0, 0, 1, 0, 0, 0, 1]
[2, 0, 3, 0]
Hand value: 105
------------------------
------------------------
 
Player 1:  
{2 of Spades} 
{8 of Hearts} 
{4 of Hearts} 
{King of Clubs} 
{9 of Diamonds} 
 
Player 2:  
{6 of Hearts} 
{Jack of Clubs} 
{Queen of Hearts} 
{3 of Diamonds} 
{6 of Spades} 
 
EvaluateHands() Player 1 testing: 
 
[1, 0, 1, 0, 0, 0, 1, 1, 0, 0, 0, 1, 0]
[1, 1, 2, 1]
Hand value: 11
 
EvaluateHands() Player 2 testing: 
 
Pair
[0, 1, 0, 0, 2, 0, 0, 0, 0, 1, 1, 0, 0]
[1, 1, 2, 1]
Hand value: 104
------------------------
------------------------
 
Player 1:  
{9 of Hearts} 
{6 of Hearts} 
{Queen of Diamonds} 
{Ace of Spades} 
{6 of Diamonds} 
 
Player 2:  
{Jack of Diamonds} 
{King of Spades} 
{2 of Clubs} 
{8 of Hearts} 
{6 of Clubs} 
 
EvaluateHands() Player 1 testing: 
 
Pair
[0, 0, 0, 0, 2, 0, 0, 1, 0, 0, 1, 0, 1]
[0, 1, 2, 2]
Hand value: 104
 
EvaluateHands() Player 2 testing: 
 
[1, 0, 0, 0, 1, 0, 1, 0, 0, 1, 0, 1, 0]
[2, 1, 1, 1]
Hand value: 11
------------------------
------------------------
 
Player 1:  
{5 of Hearts} 
{2 of Clubs} 
{King of Hearts} 
{Ace of Diamonds} 
{8 of Hearts} 
 
Player 2:  
{10 of Diamonds} 
{Ace of Spades} 
{9 of Diamonds} 
{Queen of Diamonds} 
{5 of Diamonds} 
 
EvaluateHands() Player 1 testing: 
 
[1, 0, 0, 1, 0, 0, 1, 0, 0, 0, 0, 1, 1]
[1, 0, 3, 1]
Hand value: 12
 
EvaluateHands() Player 2 testing: 
 
[0, 0, 0, 1, 0, 0, 0, 1, 1, 0, 1, 0, 1]
[0, 1, 0, 4]
Hand value: 12
------------------------
------------------------
 
Player 1:  
{4 of Hearts} 
{Queen of Clubs} 
{2 of Diamonds} 
{3 of Hearts} 
{Ace of Diamonds} 
 
Player 2:  
{6 of Diamonds} 
{10 of Diamonds} 
{9 of Hearts} 
{Ace of Hearts} 
{4 of Diamonds} 
 
EvaluateHands() Player 1 testing: 
 
[1, 1, 1, 0, 0, 0, 0, 0, 0, 0, 1, 0, 1]
[1, 0, 2, 2]
Hand value: 12
 
EvaluateHands() Player 2 testing: 
 
[0, 0, 1, 0, 1, 0, 0, 1, 1, 0, 0, 0, 1]
[0, 0, 2, 3]
Hand value: 12
------------------------
------------------------
 
Player 1:  
{10 of Clubs} 
{7 of Diamonds} 
{6 of Clubs} 
{5 of Hearts} 
{8 of Spades} 
 
Player 2:  
{Queen of Spades} 
{9 of Hearts} 
{3 of Diamonds} 
{Ace of Diamonds} 
{4 of Hearts} 
 
EvaluateHands() Player 1 testing: 
 
[0, 0, 0, 1, 1, 1, 1, 0, 1, 0, 0, 0, 0]
[2, 1, 1, 1]
Hand value: 8
 
EvaluateHands() Player 2 testing: 
 
[0, 1, 1, 0, 0, 0, 0, 1, 0, 0, 1, 0, 1]
[0, 1, 2, 2]
Hand value: 12
------------------------
------------------------
 
Player 1:  
{8 of Clubs} 
{3 of Diamonds} 
{3 of Clubs} 
{5 of Diamonds} 
{7 of Clubs} 
 
Player 2:  
{9 of Spades} 
{Queen of Diamonds} 
{4 of Hearts} 
{2 of Hearts} 
{8 of Hearts} 
 
EvaluateHands() Player 1 testing: 
 
Pair
[0, 2, 0, 1, 0, 1, 1, 0, 0, 0, 0, 0, 0]
[3, 0, 0, 2]
Hand value: 101
 
EvaluateHands() Player 2 testing: 
 
[1, 0, 1, 0, 0, 0, 1, 1, 0, 0, 1, 0, 0]
[0, 1, 3, 1]
Hand value: 10
------------------------
------------------------
 
Player 1:  
{6 of Diamonds} 
{Ace of Clubs} 
{9 of Hearts} 
{4 of Spades} 
{9 of Spades} 
 
Player 2:  
{2 of Clubs} 
{Queen of Clubs} 
{5 of Hearts} 
{Ace of Hearts} 
{King of Diamonds} 
 
EvaluateHands() Player 1 testing: 
 
Pair
[0, 0, 1, 0, 1, 0, 0, 2, 0, 0, 0, 0, 1]
[1, 2, 1, 1]
Hand value: 107
 
EvaluateHands() Player 2 testing: 
 
[1, 0, 0, 1, 0, 0, 0, 0, 0, 0, 1, 1, 1]
[2, 0, 2, 1]
Hand value: 12
------------------------
------------------------
 
Player 1:  
{King of Hearts} 
{Jack of Diamonds} 
{King of Diamonds} 
{10 of Clubs} 
{3 of Clubs} 
 
Player 2:  
{9 of Spades} 
{6 of Diamonds} 
{Queen of Diamonds} 
{Queen of Clubs} 
{10 of Hearts} 
 
EvaluateHands() Player 1 testing: 
 
Pair
[0, 1, 0, 0, 0, 0, 0, 0, 1, 1, 0, 2, 0]
[2, 0, 1, 2]
Hand value: 111
 
EvaluateHands() Player 2 testing: 
 
Pair
[0, 0, 0, 0, 1, 0, 0, 1, 1, 0, 2, 0, 0]
[1, 1, 1, 2]
Hand value: 110
------------------------
------------------------
 
Player 1:  
{7 of Hearts} 
{8 of Diamonds} 
{8 of Spades} 
{9 of Diamonds} 
{6 of Diamonds} 
 
Player 2:  
{Ace of Hearts} 
{6 of Spades} 
{5 of Clubs} 
{4 of Spades} 
{10 of Spades} 
 
EvaluateHands() Player 1 testing: 
 
Pair
[0, 0, 0, 0, 1, 1, 2, 1, 0, 0, 0, 0, 0]
[0, 1, 1, 3]
Hand value: 106
 
EvaluateHands() Player 2 testing: 
 
[0, 0, 1, 1, 1, 0, 0, 0, 1, 0, 0, 0, 1]
[1, 3, 1, 0]
Hand value: 12
------------------------
------------------------
 
Player 1:  
{2 of Diamonds} 
{8 of Hearts} 
{8 of Clubs} 
{King of Clubs} 
{10 of Hearts} 
 
Player 2:  
{7 of Diamonds} 
{Jack of Clubs} 
{4 of Clubs} 
{6 of Spades} 
{8 of Spades} 
 
EvaluateHands() Player 1 testing: 
 
Pair
[1, 0, 0, 0, 0, 0, 2, 0, 1, 0, 0, 1, 0]
[2, 0, 2, 1]
Hand value: 106
 
EvaluateHands() Player 2 testing: 
 
[0, 0, 1, 0, 1, 1, 1, 0, 0, 1, 0, 0, 0]
[2, 2, 0, 1]
Hand value: 9
------------------------
------------------------
 
Player 1:  
{6 of Hearts} 
{King of Diamonds} 
{9 of Hearts} 
{6 of Clubs} 
{8 of Hearts} 
 
Player 2:  
{7 of Spades} 
{4 of Hearts} 
{3 of Spades} 
{2 of Clubs} 
{5 of Diamonds} 
 
EvaluateHands() Player 1 testing: 
 
Pair
[0, 0, 0, 0, 2, 0, 1, 1, 0, 0, 0, 1, 0]
[1, 0, 3, 1]
Hand value: 104
 
EvaluateHands() Player 2 testing: 
 
[1, 1, 1, 1, 0, 1, 0, 0, 0, 0, 0, 0, 0]
[1, 2, 1, 1]
Hand value: 5
------------------------
------------------------
 
Player 1:  
{9 of Spades} 
{3 of Diamonds} 
{Queen of Diamonds} 
{2 of Spades} 
{7 of Clubs} 
 
Player 2:  
{4 of Spades} 
{King of Hearts} 
{2 of Diamonds} 
{4 of Hearts} 
{8 of Diamonds} 
 
EvaluateHands() Player 1 testing: 
 
[1, 1, 0, 0, 0, 1, 0, 1, 0, 0, 1, 0, 0]
[1, 2, 0, 2]
Hand value: 10
 
EvaluateHands() Player 2 testing: 
 
Pair
[1, 0, 2, 0, 0, 0, 1, 0, 0, 0, 0, 1, 0]
[0, 1, 2, 2]
Hand value: 102
------------------------
------------------------
 
Player 1:  
{5 of Hearts} 
{3 of Hearts} 
{7 of Hearts} 
{Jack of Spades} 
{Ace of Clubs} 
 
Player 2:  
{Jack of Hearts} 
{8 of Diamonds} 
{5 of Clubs} 
{6 of Diamonds} 
{10 of Hearts} 
 
EvaluateHands() Player 1 testing: 
 
[0, 1, 0, 1, 0, 1, 0, 0, 0, 1, 0, 0, 1]
[1, 1, 3, 0]
Hand value: 12
 
EvaluateHands() Player 2 testing: 
 
[0, 0, 0, 1, 1, 0, 1, 0, 1, 1, 0, 0, 0]
[1, 0, 2, 2]
Hand value: 9
------------------------
------------------------
 
Player 1:  
{Ace of Spades} 
{10 of Diamonds} 
{Jack of Spades} 
{5 of Diamonds} 
{7 of Hearts} 
 
Player 2:  
{2 of Clubs} 
{Jack of Clubs} 
{4 of Hearts} 
{Ace of Hearts} 
{3 of Spades} 
 
EvaluateHands() Player 1 testing: 
 
[0, 0, 0, 1, 0, 1, 0, 0, 1, 1, 0, 0, 1]
[0, 2, 1, 2]
Hand value: 12
 
EvaluateHands() Player 2 testing: 
 
[1, 1, 1, 0, 0, 0, 0, 0, 0, 1, 0, 0, 1]
[2, 1, 2, 0]
Hand value: 12
------------------------
------------------------
 
Player 1:  
{5 of Hearts} 
{Queen of Hearts} 
{8 of Hearts} 
{6 of Spades} 
{Ace of Hearts} 
 
Player 2:  
{9 of Spades} 
{2 of Spades} 
{8 of Clubs} 
{2 of Diamonds} 
{7 of Clubs} 
 
EvaluateHands() Player 1 testing: 
 
[0, 0, 0, 1, 1, 0, 1, 0, 0, 0, 1, 0, 1]
[0, 1, 4, 0]
Hand value: 12
 
EvaluateHands() Player 2 testing: 
 
Pair
[2, 0, 0, 0, 0, 1, 1, 1, 0, 0, 0, 0, 0]
[2, 2, 0, 1]
Hand value: 100
------------------------
------------------------
 
Player 1:  
{9 of Diamonds} 
{Jack of Diamonds} 
{6 of Diamonds} 
{7 of Clubs} 
{2 of Spades} 
 
Player 2:  
{3 of Spades} 
{10 of Clubs} 
{2 of Clubs} 
{4 of Hearts} 
{8 of Spades} 
 
EvaluateHands() Player 1 testing: 
 
[1, 0, 0, 0, 1, 1, 0, 1, 0, 1, 0, 0, 0]
[1, 1, 0, 3]
Hand value: 9
 
EvaluateHands() Player 2 testing: 
 
[1, 1, 1, 0, 0, 0, 1, 0, 1, 0, 0, 0, 0]
[2, 2, 1, 0]
Hand value: 8
------------------------
------------------------
 
Player 1:  
{5 of Clubs} 
{5 of Diamonds} 
{8 of Clubs} 
{9 of Diamonds} 
{3 of Spades} 
 
Player 2:  
{4 of Diamonds} 
{5 of Hearts} 
{4 of Clubs} 
{Ace of Spades} 
{Queen of Hearts} 
 
EvaluateHands() Player 1 testing: 
 
Pair
[0, 1, 0, 2, 0, 0, 1, 1, 0, 0, 0, 0, 0]
[2, 1, 0, 2]
Hand value: 103
 
EvaluateHands() Player 2 testing: 
 
Pair
[0, 0, 2, 1, 0, 0, 0, 0, 0, 0, 1, 0, 1]
[1, 1, 2, 1]
Hand value: 102
------------------------
------------------------
 
Player 1:  
{5 of Hearts} 
{7 of Hearts} 
{9 of Hearts} 
{King of Hearts} 
{4 of Hearts} 
 
Player 2:  
{3 of Hearts} 
{2 of Hearts} 
{Jack of Hearts} 
{King of Clubs} 
{Jack of Diamonds} 
 
EvaluateHands() Player 1 testing: 
 
Flush
[0, 0, 1, 1, 0, 1, 0, 1, 0, 0, 0, 1, 0]
[0, 0, 5, 0]
Hand value: 511
 
EvaluateHands() Player 2 testing: 
 
Pair
[1, 1, 0, 0, 0, 0, 0, 0, 0, 2, 0, 1, 0]
[1, 0, 3, 1]
Hand value: 109
------------------------
------------------------
 
Player 1:  
{4 of Diamonds} 
{5 of Spades} 
{5 of Clubs} 
{2 of Hearts} 
{Ace of Spades} 
 
Player 2:  
{5 of Hearts} 
{8 of Clubs} 
{3 of Diamonds} 
{8 of Spades} 
{Ace of Diamonds} 
 
EvaluateHands() Player 1 testing: 
 
Pair
[1, 0, 1, 2, 0, 0, 0, 0, 0, 0, 0, 0, 1]
[1, 2, 1, 1]
Hand value: 103
 
EvaluateHands() Player 2 testing: 
 
Pair
[0, 1, 0, 1, 0, 0, 2, 0, 0, 0, 0, 0, 1]
[1, 1, 1, 2]
Hand value: 106
------------------------
------------------------
 
Player 1:  
{7 of Hearts} 
{2 of Spades} 
{3 of Spades} 
{4 of Spades} 
{Ace of Clubs} 
 
Player 2:  
{Queen of Spades} 
{2 of Hearts} 
{King of Hearts} 
{Jack of Spades} 
{10 of Clubs} 
 
EvaluateHands() Player 1 testing: 
 
[1, 1, 1, 0, 0, 1, 0, 0, 0, 0, 0, 0, 1]
[1, 3, 1, 0]
Hand value: 12
 
EvaluateHands() Player 2 testing: 
 
[1, 0, 0, 0, 0, 0, 0, 0, 1, 1, 1, 1, 0]
[1, 2, 2, 0]
Hand value: 11
------------------------
------------------------
 
Player 1:  
{2 of Diamonds} 
{Queen of Diamonds} 
{4 of Spades} 
{8 of Spades} 
{6 of Spades} 
 
Player 2:  
{10 of Clubs} 
{Ace of Hearts} 
{4 of Hearts} 
{King of Spades} 
{5 of Clubs} 
 
EvaluateHands() Player 1 testing: 
 
[1, 0, 1, 0, 1, 0, 1, 0, 0, 0, 1, 0, 0]
[0, 3, 0, 2]
Hand value: 10
 
EvaluateHands() Player 2 testing: 
 
[0, 0, 1, 1, 0, 0, 0, 0, 1, 0, 0, 1, 1]
[2, 1, 2, 0]
Hand value: 12
------------------------
------------------------
 
Player 1:  
{Ace of Spades} 
{2 of Hearts} 
{6 of Spades} 
{2 of Clubs} 
{King of Hearts} 
 
Player 2:  
{King of Clubs} 
{9 of Hearts} 
{3 of Spades} 
{Jack of Clubs} 
{3 of Hearts} 
 
EvaluateHands() Player 1 testing: 
 
Pair
[2, 0, 0, 0, 1, 0, 0, 0, 0, 0, 0, 1, 1]
[1, 2, 2, 0]
Hand value: 100
 
EvaluateHands() Player 2 testing: 
 
Pair
[0, 2, 0, 0, 0, 0, 0, 1, 0, 1, 0, 1, 0]
[2, 1, 2, 0]
Hand value: 101
------------------------
------------------------
 
Player 1:  
{6 of Hearts} 
{5 of Hearts} 
{8 of Clubs} 
{Jack of Hearts} 
{9 of Clubs} 
 
Player 2:  
{King of Clubs} 
{Ace of Diamonds} 
{Jack of Spades} 
{8 of Spades} 
{3 of Spades} 
 
EvaluateHands() Player 1 testing: 
 
[0, 0, 0, 1, 1, 0, 1, 1, 0, 1, 0, 0, 0]
[2, 0, 3, 0]
Hand value: 9
 
EvaluateHands() Player 2 testing: 
 
[0, 1, 0, 0, 0, 0, 1, 0, 0, 1, 0, 1, 1]
[1, 3, 0, 1]
Hand value: 12
------------------------
------------------------
 
Player 1:  
{10 of Hearts} 
{4 of Diamonds} 
{Ace of Diamonds} 
{9 of Clubs} 
{Jack of Spades} 
 
Player 2:  
{6 of Hearts} 
{Queen of Diamonds} 
{5 of Spades} 
{2 of Clubs} 
{3 of Diamonds} 
 
EvaluateHands() Player 1 testing: 
 
[0, 0, 1, 0, 0, 0, 0, 1, 1, 1, 0, 0, 1]
[1, 1, 1, 2]
Hand value: 12
 
EvaluateHands() Player 2 testing: 
 
[1, 1, 0, 1, 1, 0, 0, 0, 0, 0, 1, 0, 0]
[1, 1, 1, 2]
Hand value: 10
------------------------
------------------------
 
Player 1:  
{Ace of Spades} 
{4 of Diamonds} 
{5 of Diamonds} 
{9 of Clubs} 
{10 of Diamonds} 
 
Player 2:  
{Jack of Hearts} 
{3 of Clubs} 
{10 of Clubs} 
{7 of Clubs} 
{10 of Hearts} 
 
EvaluateHands() Player 1 testing: 
 
[0, 0, 1, 1, 0, 0, 0, 1, 1, 0, 0, 0, 1]
[1, 1, 0, 3]
Hand value: 12
 
EvaluateHands() Player 2 testing: 
 
Pair
[0, 1, 0, 0, 0, 1, 0, 0, 2, 1, 0, 0, 0]
[3, 0, 2, 0]
Hand value: 108
------------------------
------------------------
 
Player 1:  
{Jack of Spades} 
{3 of Spades} 
{Jack of Hearts} 
{10 of Hearts} 
{Ace of Diamonds} 
 
Player 2:  
{2 of Clubs} 
{Jack of Diamonds} 
{8 of Spades} 
{4 of Clubs} 
{Ace of Hearts} 
 
EvaluateHands() Player 1 testing: 
 
Pair
[0, 1, 0, 0, 0, 0, 0, 0, 1, 2, 0, 0, 1]
[0, 2, 2, 1]
Hand value: 109
 
EvaluateHands() Player 2 testing: 
 
[1, 0, 1, 0, 0, 0, 1, 0, 0, 1, 0, 0, 1]
[2, 1, 1, 1]
Hand value: 12
------------------------
------------------------
 
Player 1:  
{Ace of Hearts} 
{7 of Clubs} 
{Jack of Hearts} 
{3 of Spades} 
{9 of Diamonds} 
 
Player 2:  
{King of Diamonds} 
{8 of Spades} 
{Jack of Spades} 
{3 of Diamonds} 
{3 of Clubs} 
 
EvaluateHands() Player 1 testing: 
 
[0, 1, 0, 0, 0, 1, 0, 1, 0, 1, 0, 0, 1]
[1, 1, 2, 1]
Hand value: 12
 
EvaluateHands() Player 2 testing: 
 
Pair
[0, 2, 0, 0, 0, 0, 1, 0, 0, 1, 0, 1, 0]
[1, 2, 0, 2]
Hand value: 101
------------------------
------------------------
 
Player 1:  
{Queen of Diamonds} 
{2 of Clubs} 
{10 of Hearts} 
{3 of Diamonds} 
{9 of Clubs} 
 
Player 2:  
{Ace of Diamonds} 
{6 of Hearts} 
{10 of Diamonds} 
{King of Diamonds} 
{6 of Spades} 
 
EvaluateHands() Player 1 testing: 
 
[1, 1, 0, 0, 0, 0, 0, 1, 1, 0, 1, 0, 0]
[2, 0, 1, 2]
Hand value: 10
 
EvaluateHands() Player 2 testing: 
 
Pair
[0, 0, 0, 0, 2, 0, 0, 0, 1, 0, 0, 1, 1]
[0, 1, 1, 3]
Hand value: 104
------------------------
------------------------
 
Player 1:  
{5 of Clubs} 
{3 of Hearts} 
{9 of Spades} 
{King of Diamonds} 
{6 of Diamonds} 
 
Player 2:  
{4 of Clubs} 
{7 of Clubs} 
{5 of Hearts} 
{Ace of Clubs} 
{King of Hearts} 
 
EvaluateHands() Player 1 testing: 
 
[0, 1, 0, 1, 1, 0, 0, 1, 0, 0, 0, 1, 0]
[1, 1, 1, 2]
Hand value: 11
 
EvaluateHands() Player 2 testing: 
 
[0, 0, 1, 1, 0, 1, 0, 0, 0, 0, 0, 1, 1]
[3, 0, 2, 0]
Hand value: 12
------------------------
------------------------
 
Player 1:  
{2 of Hearts} 
{Ace of Diamonds} 
{8 of Spades} 
{King of Diamonds} 
{5 of Hearts} 
 
Player 2:  
{7 of Clubs} 
{Jack of Clubs} 
{Queen of Hearts} 
{10 of Hearts} 
{9 of Clubs} 
 
EvaluateHands() Player 1 testing: 
 
[1, 0, 0, 1, 0, 0, 1, 0, 0, 0, 0, 1, 1]
[0, 1, 2, 2]
Hand value: 12
 
EvaluateHands() Player 2 testing: 
 
[0, 0, 0, 0, 0, 1, 0, 1, 1, 1, 1, 0, 0]
[3, 0, 2, 0]
Hand value: 10
------------------------
------------------------
 
Player 1:  
{7 of Clubs} 
{5 of Hearts} 
{2 of Spades} 
{Jack of Hearts} 
{King of Hearts} 
 
Player 2:  
{10 of Clubs} 
{Jack of Diamonds} 
{9 of Diamonds} 
{3 of Hearts} 
{4 of Diamonds} 
 
EvaluateHands() Player 1 testing: 
 
[1, 0, 0, 1, 0, 1, 0, 0, 0, 1, 0, 1, 0]
[1, 1, 3, 0]
Hand value: 11
 
EvaluateHands() Player 2 testing: 
 
[0, 1, 1, 0, 0, 0, 0, 1, 1, 1, 0, 0, 0]
[1, 0, 1, 3]
Hand value: 9
------------------------
------------------------
 
Player 1:  
{Ace of Spades} 
{2 of Diamonds} 
{3 of Diamonds} 
{10 of Diamonds} 
{5 of Diamonds} 
 
Player 2:  
{4 of Diamonds} 
{5 of Clubs} 
{9 of Hearts} 
{Ace of Clubs} 
{Ace of Hearts} 
 
EvaluateHands() Player 1 testing: 
 
[1, 1, 0, 1, 0, 0, 0, 0, 1, 0, 0, 0, 1]
[0, 1, 0, 4]
Hand value: 12
 
EvaluateHands() Player 2 testing: 
 
Pair
[0, 0, 1, 1, 0, 0, 0, 1, 0, 0, 0, 0, 2]
[2, 0, 2, 1]
Hand value: 112
------------------------
------------------------
 
Player 1:  
{2 of Hearts} 
{Ace of Diamonds} 
{Ace of Hearts} 
{5 of Clubs} 
{4 of Diamonds} 
 
Player 2:  
{7 of Hearts} 
{4 of Hearts} 
{Queen of Hearts} 
{8 of Spades} 
{8 of Hearts} 
 
EvaluateHands() Player 1 testing: 
 
Pair
[1, 0, 1, 1, 0, 0, 0, 0, 0, 0, 0, 0, 2]
[1, 0, 2, 2]
Hand value: 112
 
EvaluateHands() Player 2 testing: 
 
Pair
[0, 0, 1, 0, 0, 1, 2, 0, 0, 0, 1, 0, 0]
[0, 1, 4, 0]
Hand value: 106
------------------------
------------------------
 
Player 1:  
{8 of Clubs} 
{3 of Clubs} 
{3 of Hearts} 
{King of Hearts} 
{2 of Hearts} 
 
Player 2:  
{6 of Hearts} 
{King of Clubs} 
{8 of Diamonds} 
{6 of Diamonds} 
{3 of Spades} 
 
EvaluateHands() Player 1 testing: 
 
Pair
[1, 2, 0, 0, 0, 0, 1, 0, 0, 0, 0, 1, 0]
[2, 0, 3, 0]
Hand value: 101
 
EvaluateHands() Player 2 testing: 
 
Pair
[0, 1, 0, 0, 2, 0, 1, 0, 0, 0, 0, 1, 0]
[1, 1, 1, 2]
Hand value: 104
------------------------
------------------------
 
Player 1:  
{4 of Spades} 
{Jack of Diamonds} 
{10 of Diamonds} 
{8 of Spades} 
{10 of Hearts} 
 
Player 2:  
{Jack of Hearts} 
{5 of Clubs} 
{4 of Clubs} 
{5 of Hearts} 
{Ace of Diamonds} 
 
EvaluateHands() Player 1 testing: 
 
Pair
[0, 0, 1, 0, 0, 0, 1, 0, 2, 1, 0, 0, 0]
[0, 2, 1, 2]
Hand value: 108
 
EvaluateHands() Player 2 testing: 
 
Pair
[0, 0, 1, 2, 0, 0, 0, 0, 0, 1, 0, 0, 1]
[2, 0, 2, 1]
Hand value: 103
------------------------
------------------------
 
Player 1:  
{5 of Clubs} 
{2 of Diamonds} 
{2 of Hearts} 
{6 of Hearts} 
{9 of Clubs} 
 
Player 2:  
{6 of Spades} 
{8 of Diamonds} 
{Queen of Diamonds} 
{8 of Clubs} 
{Ace of Spades} 
 
EvaluateHands() Player 1 testing: 
 
Pair
[2, 0, 0, 1, 1, 0, 0, 1, 0, 0, 0, 0, 0]
[2, 0, 2, 1]
Hand value: 100
 
EvaluateHands() Player 2 testing: 
 
Pair
[0, 0, 0, 0, 1, 0, 2, 0, 0, 0, 1, 0, 1]
[1, 2, 0, 2]
Hand value: 106
------------------------
------------------------
 
Player 1:  
{9 of Spades} 
{Jack of Diamonds} 
{4 of Diamonds} 
{2 of Spades} 
{10 of Hearts} 
 
Player 2:  
{4 of Hearts} 
{7 of Clubs} 
{Queen of Spades} 
{4 of Spades} 
{8 of Hearts} 
 
EvaluateHands() Player 1 testing: 
 
[1, 0, 1, 0, 0, 0, 0, 1, 1, 1, 0, 0, 0]
[0, 2, 1, 2]
Hand value: 9
 
EvaluateHands() Player 2 testing: 
 
Pair
[0, 0, 2, 0, 0, 1, 1, 0, 0, 0, 1, 0, 0]
[1, 2, 2, 0]
Hand value: 102
------------------------
------------------------
 
Player 1:  
{Queen of Diamonds} 
{10 of Clubs} 
{9 of Clubs} 
{7 of Diamonds} 
{8 of Hearts} 
 
Player 2:  
{3 of Diamonds} 
{Jack of Clubs} 
{5 of Hearts} 
{7 of Hearts} 
{10 of Diamonds} 
 
EvaluateHands() Player 1 testing: 
 
[0, 0, 0, 0, 0, 1, 1, 1, 1, 0, 1, 0, 0]
[2, 0, 1, 2]
Hand value: 10
 
EvaluateHands() Player 2 testing: 
 
[0, 1, 0, 1, 0, 1, 0, 0, 1, 1, 0, 0, 0]
[1, 0, 2, 2]
Hand value: 9
------------------------
------------------------
 
Player 1:  
{10 of Spades} 
{3 of Diamonds} 
{2 of Diamonds} 
{2 of Hearts} 
{Queen of Hearts} 
 
Player 2:  
{4 of Hearts} 
{10 of Hearts} 
{5 of Hearts} 
{King of Hearts} 
{Jack of Clubs} 
 
EvaluateHands() Player 1 testing: 
 
Pair
[2, 1, 0, 0, 0, 0, 0, 0, 1, 0, 1, 0, 0]
[0, 1, 2, 2]
Hand value: 100
 
EvaluateHands() Player 2 testing: 
 
[0, 0, 1, 1, 0, 0, 0, 0, 1, 1, 0, 1, 0]
[1, 0, 4, 0]
Hand value: 11
------------------------
------------------------
 
Player 1:  
{King of Diamonds} 
{10 of Clubs} 
{7 of Clubs} 
{Ace of Spades} 
{2 of Clubs} 
 
Player 2:  
{King of Clubs} 
{4 of Hearts} 
{Queen of Hearts} 
{3 of Diamonds} 
{Jack of Hearts} 
 
EvaluateHands() Player 1 testing: 
 
[1, 0, 0, 0, 0, 1, 0, 0, 1, 0, 0, 1, 1]
[3, 1, 0, 1]
Hand value: 12
 
EvaluateHands() Player 2 testing: 
 
[0, 1, 1, 0, 0, 0, 0, 0, 0, 1, 1, 1, 0]
[1, 0, 3, 1]
Hand value: 11
------------------------
------------------------
 
Player 1:  
{2 of Hearts} 
{4 of Clubs} 
{8 of Spades} 
{8 of Hearts} 
{Ace of Hearts} 
 
Player 2:  
{6 of Diamonds} 
{3 of Hearts} 
{2 of Spades} 
{8 of Diamonds} 
{Queen of Clubs} 
 
EvaluateHands() Player 1 testing: 
 
Pair
[1, 0, 1, 0, 0, 0, 2, 0, 0, 0, 0, 0, 1]
[1, 1, 3, 0]
Hand value: 106
 
EvaluateHands() Player 2 testing: 
 
[1, 1, 0, 0, 1, 0, 1, 0, 0, 0, 1, 0, 0]
[1, 1, 1, 2]
Hand value: 10
------------------------
------------------------
 
Player 1:  
{King of Clubs} 
{10 of Clubs} 
{2 of Clubs} 
{5 of Diamonds} 
{Queen of Clubs} 
 
Player 2:  
{8 of Hearts} 
{5 of Hearts} 
{9 of Diamonds} 
{Jack of Hearts} 
{King of Hearts} 
 
EvaluateHands() Player 1 testing: 
 
[1, 0, 0, 1, 0, 0, 0, 0, 1, 0, 1, 1, 0]
[4, 0, 0, 1]
Hand value: 11
 
EvaluateHands() Player 2 testing: 
 
[0, 0, 0, 1, 0, 0, 1, 1, 0, 1, 0, 1, 0]
[0, 0, 4, 1]
Hand value: 11
------------------------
------------------------
 
Player 1:  
{King of Hearts} 
{Queen of Clubs} 
{7 of Hearts} 
{5 of Diamonds} 
{Ace of Diamonds} 
 
Player 2:  
{King of Clubs} 
{3 of Diamonds} 
{6 of Clubs} 
{7 of Diamonds} 
{Ace of Clubs} 
 
EvaluateHands() Player 1 testing: 
 
[0, 0, 0, 1, 0, 1, 0, 0, 0, 0, 1, 1, 1]
[1, 0, 2, 2]
Hand value: 12
 
EvaluateHands() Player 2 testing: 
 
[0, 1, 0, 0, 1, 1, 0, 0, 0, 0, 0, 1, 1]
[3, 0, 0, 2]
Hand value: 12
------------------------
------------------------
 
Player 1:  
{9 of Hearts} 
{2 of Clubs} 
{3 of Diamonds} 
{8 of Spades} 
{King of Diamonds} 
 
Player 2:  
{2 of Spades} 
{2 of Hearts} 
{4 of Clubs} 
{7 of Hearts} 
{7 of Diamonds} 
 
EvaluateHands() Player 1 testing: 
 
[1, 1, 0, 0, 0, 0, 1, 1, 0, 0, 0, 1, 0]
[1, 1, 1, 2]
Hand value: 11
 
EvaluateHands() Player 2 testing: 
 
Two Pairs
[2, 0, 1, 0, 0, 2, 0, 0, 0, 0, 0, 0, 0]
[1, 1, 2, 1]
Hand value: 205
------------------------
------------------------
 
Player 1:  
{8 of Hearts} 
{5 of Hearts} 
{Queen of Spades} 
{Ace of Diamonds} 
{Ace of Clubs} 
 
Player 2:  
{King of Clubs} 
{6 of Spades} 
{3 of Diamonds} 
{8 of Clubs} 
{4 of Hearts} 
 
EvaluateHands() Player 1 testing: 
 
Pair
[0, 0, 0, 1, 0, 0, 1, 0, 0, 0, 1, 0, 2]
[1, 1, 2, 1]
Hand value: 112
 
EvaluateHands() Player 2 testing: 
 
[0, 1, 1, 0, 1, 0, 1, 0, 0, 0, 0, 1, 0]
[2, 1, 1, 1]
Hand value: 11
------------------------
------------------------
 
Player 1:  
{5 of Hearts} 
{Queen of Hearts} 
{2 of Clubs} 
{2 of Hearts} 
{10 of Hearts} 
 
Player 2:  
{Jack of Diamonds} 
{3 of Clubs} 
{Ace of Clubs} 
{8 of Hearts} 
{2 of Diamonds} 
 
EvaluateHands() Player 1 testing: 
 
Pair
[2, 0, 0, 1, 0, 0, 0, 0, 1, 0, 1, 0, 0]
[1, 0, 4, 0]
Hand value: 100
 
EvaluateHands() Player 2 testing: 
 
[1, 1, 0, 0, 0, 0, 1, 0, 0, 1, 0, 0, 1]
[2, 0, 1, 2]
Hand value: 12
------------------------
------------------------
 
Player 1:  
{9 of Hearts} 
{King of Hearts} 
{King of Spades} 
{7 of Hearts} 
{5 of Hearts} 
 
Player 2:  
{6 of Spades} 
{3 of Hearts} 
{4 of Spades} 
{3 of Clubs} 
{9 of Spades} 
 
EvaluateHands() Player 1 testing: 
 
Pair
[0, 0, 0, 1, 0, 1, 0, 1, 0, 0, 0, 2, 0]
[0, 1, 4, 0]
Hand value: 111
 
EvaluateHands() Player 2 testing: 
 
Pair
[0, 2, 1, 0, 1, 0, 0, 1, 0, 0, 0, 0, 0]
[1, 3, 1, 0]
Hand value: 101
------------------------
------------------------
 
Player 1:  
{3 of Spades} 
{Ace of Spades} 
{4 of Clubs} 
{8 of Clubs} 
{Queen of Diamonds} 
 
Player 2:  
{7 of Spades} 
{2 of Hearts} 
{Jack of Spades} 
{8 of Diamonds} 
{10 of Hearts} 
 
EvaluateHands() Player 1 testing: 
 
[0, 1, 1, 0, 0, 0, 1, 0, 0, 0, 1, 0, 1]
[2, 2, 0, 1]
Hand value: 12
 
EvaluateHands() Player 2 testing: 
 
[1, 0, 0, 0, 0, 1, 1, 0, 1, 1, 0, 0, 0]
[0, 2, 2, 1]
Hand value: 9
------------------------
------------------------
 
Player 1:  
{8 of Spades} 
{6 of Spades} 
{6 of Clubs} 
{5 of Diamonds} 
{3 of Diamonds} 
 
Player 2:  
{8 of Diamonds} 
{9 of Diamonds} 
{9 of Clubs} 
{8 of Clubs} 
{10 of Spades} 
 
EvaluateHands() Player 1 testing: 
 
Pair
[0, 1, 0, 1, 2, 0, 1, 0, 0, 0, 0, 0, 0]
[1, 2, 0, 2]
Hand value: 104
 
EvaluateHands() Player 2 testing: 
 
Two Pairs
[0, 0, 0, 0, 0, 0, 2, 2, 1, 0, 0, 0, 0]
[2, 1, 0, 2]
Hand value: 208
------------------------
------------------------
 
Player 1:  
{8 of Spades} 
{3 of Diamonds} 
{4 of Clubs} 
{2 of Hearts} 
{4 of Hearts} 
 
Player 2:  
{10 of Hearts} 
{3 of Clubs} 
{2 of Diamonds} 
{Ace of Clubs} 
{3 of Hearts} 
 
EvaluateHands() Player 1 testing: 
 
Pair
[1, 1, 2, 0, 0, 0, 1, 0, 0, 0, 0, 0, 0]
[1, 1, 2, 1]
Hand value: 102
 
EvaluateHands() Player 2 testing: 
 
Pair
[1, 2, 0, 0, 0, 0, 0, 0, 1, 0, 0, 0, 1]
[2, 0, 2, 1]
Hand value: 101
------------------------
------------------------
 
Player 1:  
{7 of Clubs} 
{6 of Clubs} 
{Ace of Hearts} 
{4 of Diamonds} 
{Ace of Spades} 
 
Player 2:  
{6 of Spades} 
{5 of Spades} 
{5 of Hearts} 
{Queen of Hearts} 
{King of Hearts} 
 
EvaluateHands() Player 1 testing: 
 
Pair
[0, 0, 1, 0, 1, 1, 0, 0, 0, 0, 0, 0, 2]
[2, 1, 1, 1]
Hand value: 112
 
EvaluateHands() Player 2 testing: 
 
Pair
[0, 0, 0, 2, 1, 0, 0, 0, 0, 0, 1, 1, 0]
[0, 2, 3, 0]
Hand value: 103
------------------------
------------------------
 
Player 1:  
{King of Spades} 
{9 of Hearts} 
{Ace of Spades} 
{Jack of Spades} 
{6 of Hearts} 
 
Player 2:  
{2 of Spades} 
{8 of Hearts} 
{King of Hearts} 
{3 of Hearts} 
{3 of Clubs} 
 
EvaluateHands() Player 1 testing: 
 
[0, 0, 0, 0, 1, 0, 0, 1, 0, 1, 0, 1, 1]
[0, 3, 2, 0]
Hand value: 12
 
EvaluateHands() Player 2 testing: 
 
Pair
[1, 2, 0, 0, 0, 0, 1, 0, 0, 0, 0, 1, 0]
[1, 1, 3, 0]
Hand value: 101
------------------------
------------------------
 
Player 1:  
{3 of Diamonds} 
{10 of Hearts} 
{Queen of Spades} 
{4 of Diamonds} 
{Ace of Diamonds} 
 
Player 2:  
{Jack of Clubs} 
{King of Clubs} 
{Ace of Spades} 
{Jack of Diamonds} 
{Queen of Hearts} 
 
EvaluateHands() Player 1 testing: 
 
[0, 1, 1, 0, 0, 0, 0, 0, 1, 0, 1, 0, 1]
[0, 1, 1, 3]
Hand value: 12
 
EvaluateHands() Player 2 testing: 
 
Pair
[0, 0, 0, 0, 0, 0, 0, 0, 0, 2, 1, 1, 1]
[2, 1, 1, 1]
Hand value: 109
------------------------
------------------------
 
Player 1:  
{Ace of Clubs} 
{7 of Diamonds} 
{3 of Diamonds} 
{King of Hearts} 
{Ace of Hearts} 
 
Player 2:  
{7 of Spades} 
{3 of Spades} 
{8 of Spades} 
{Queen of Spades} 
{9 of Spades} 
 
EvaluateHands() Player 1 testing: 
 
Pair
[0, 1, 0, 0, 0, 1, 0, 0, 0, 0, 0, 1, 2]
[1, 0, 2, 2]
Hand value: 112
 
EvaluateHands() Player 2 testing: 
 
Flush
[0, 1, 0, 0, 0, 1, 1, 1, 0, 0, 1, 0, 0]
[0, 5, 0, 0]
Hand value: 510
------------------------
------------------------
 
Player 1:  
{6 of Hearts} 
{8 of Clubs} 
{6 of Diamonds} 
{Queen of Diamonds} 
{7 of Diamonds} 
 
Player 2:  
{Jack of Hearts} 
{3 of Diamonds} 
{2 of Hearts} 
{7 of Clubs} 
{5 of Diamonds} 
 
EvaluateHands() Player 1 testing: 
 
Pair
[0, 0, 0, 0, 2, 1, 1, 0, 0, 0, 1, 0, 0]
[1, 0, 1, 3]
Hand value: 104
 
EvaluateHands() Player 2 testing: 
 
[1, 1, 0, 1, 0, 1, 0, 0, 0, 1, 0, 0, 0]
[1, 0, 2, 2]
Hand value: 9
------------------------
------------------------
 
Player 1:  
{8 of Diamonds} 
{8 of Clubs} 
{6 of Diamonds} 
{King of Hearts} 
{8 of Spades} 
 
Player 2:  
{3 of Hearts} 
{Jack of Spades} 
{Jack of Diamonds} 
{5 of Spades} 
{2 of Diamonds} 
 
EvaluateHands() Player 1 testing: 
 
Three of a Kind
[0, 0, 0, 0, 1, 0, 3, 0, 0, 0, 0, 1, 0]
[1, 1, 1, 2]
Hand value: 306
 
EvaluateHands() Player 2 testing: 
 
Pair
[1, 1, 0, 1, 0, 0, 0, 0, 0, 2, 0, 0, 0]
[0, 2, 1, 2]
Hand value: 109
------------------------
------------------------
 
Player 1:  
{6 of Hearts} 
{Queen of Clubs} 
{9 of Spades} 
{6 of Clubs} 
{4 of Diamonds} 
 
Player 2:  
{King of Clubs} 
{Queen of Hearts} 
{Ace of Spades} 
{Ace of Clubs} 
{7 of Spades} 
 
EvaluateHands() Player 1 testing: 
 
Pair
[0, 0, 1, 0, 2, 0, 0, 1, 0, 0, 1, 0, 0]
[2, 1, 1, 1]
Hand value: 104
 
EvaluateHands() Player 2 testing: 
 
Pair
[0, 0, 0, 0, 0, 1, 0, 0, 0, 0, 1, 1, 2]
[2, 2, 1, 0]
Hand value: 112
------------------------
------------------------
 
Player 1:  
{Queen of Diamonds} 
{4 of Hearts} 
{5 of Spades} 
{Jack of Diamonds} 
{8 of Clubs} 
 
Player 2:  
{5 of Hearts} 
{7 of Diamonds} 
{10 of Spades} 
{6 of Hearts} 
{Ace of Hearts} 
 
EvaluateHands() Player 1 testing: 
 
[0, 0, 1, 1, 0, 0, 1, 0, 0, 1, 1, 0, 0]
[1, 1, 1, 2]
Hand value: 10
 
EvaluateHands() Player 2 testing: 
 
[0, 0, 0, 1, 1, 1, 0, 0, 1, 0, 0, 0, 1]
[0, 1, 3, 1]
Hand value: 12
------------------------
------------------------
 
Player 1:  
{10 of Clubs} 
{4 of Hearts} 
{Jack of Clubs} 
{3 of Diamonds} 
{8 of Spades} 
 
Player 2:  
{8 of Diamonds} 
{6 of Diamonds} 
{Queen of Diamonds} 
{7 of Diamonds} 
{4 of Diamonds} 
 
EvaluateHands() Player 1 testing: 
 
[0, 1, 1, 0, 0, 0, 1, 0, 1, 1, 0, 0, 0]
[2, 1, 1, 1]
Hand value: 9
 
EvaluateHands() Player 2 testing: 
 
Flush
[0, 0, 1, 0, 1, 1, 1, 0, 0, 0, 1, 0, 0]
[0, 0, 0, 5]
Hand value: 510
------------------------
------------------------
 
Player 1:  
{2 of Hearts} 
{6 of Diamonds} 
{Ace of Diamonds} 
{10 of Clubs} 
{Ace of Spades} 
 
Player 2:  
{Jack of Diamonds} 
{Queen of Diamonds} 
{7 of Diamonds} 
{Jack of Hearts} 
{King of Diamonds} 
 
EvaluateHands() Player 1 testing: 
 
Pair
[1, 0, 0, 0, 1, 0, 0, 0, 1, 0, 0, 0, 2]
[1, 1, 1, 2]
Hand value: 112
 
EvaluateHands() Player 2 testing: 
 
Pair
[0, 0, 0, 0, 0, 1, 0, 0, 0, 2, 1, 1, 0]
[0, 0, 1, 4]
Hand value: 109
------------------------
------------------------
 
Player 1:  
{5 of Clubs} 
{Ace of Hearts} 
{10 of Diamonds} 
{5 of Diamonds} 
{2 of Diamonds} 
 
Player 2:  
{4 of Clubs} 
{3 of Hearts} 
{2 of Hearts} 
{6 of Diamonds} 
{9 of Hearts} 
 
EvaluateHands() Player 1 testing: 
 
Pair
[1, 0, 0, 2, 0, 0, 0, 0, 1, 0, 0, 0, 1]
[1, 0, 1, 3]
Hand value: 103
 
EvaluateHands() Player 2 testing: 
 
[1, 1, 1, 0, 1, 0, 0, 1, 0, 0, 0, 0, 0]
[1, 0, 3, 1]
Hand value: 7
------------------------
------------------------
 
Player 1:  
{Ace of Diamonds} 
{5 of Hearts} 
{10 of Hearts} 
{Queen of Hearts} 
{4 of Diamonds} 
 
Player 2:  
{9 of Diamonds} 
{9 of Hearts} 
{Ace of Spades} 
{4 of Clubs} 
{Jack of Clubs} 
 
EvaluateHands() Player 1 testing: 
 
[0, 0, 1, 1, 0, 0, 0, 0, 1, 0, 1, 0, 1]
[0, 0, 3, 2]
Hand value: 12
 
EvaluateHands() Player 2 testing: 
 
Pair
[0, 0, 1, 0, 0, 0, 0, 2, 0, 1, 0, 0, 1]
[2, 1, 1, 1]
Hand value: 107
------------------------
------------------------
 
Player 1:  
{10 of Diamonds} 
{3 of Spades} 
{Jack of Clubs} 
{Queen of Hearts} 
{4 of Diamonds} 
 
Player 2:  
{6 of Hearts} 
{Jack of Diamonds} 
{Ace of Clubs} 
{8 of Hearts} 
{King of Hearts} 
 
EvaluateHands() Player 1 testing: 
 
[0, 1, 1, 0, 0, 0, 0, 0, 1, 1, 1, 0, 0]
[1, 1, 1, 2]
Hand value: 10
 
EvaluateHands() Player 2 testing: 
 
[0, 0, 0, 0, 1, 0, 1, 0, 0, 1, 0, 1, 1]
[1, 0, 3, 1]
Hand value: 12
------------------------
------------------------
 
Player 1:  
{7 of Hearts} 
{9 of Diamonds} 
{King of Clubs} 
{10 of Clubs} 
{10 of Spades} 
 
Player 2:  
{Queen of Hearts} 
{Jack of Hearts} 
{Ace of Hearts} 
{9 of Hearts} 
{King of Diamonds} 
 
EvaluateHands() Player 1 testing: 
 
Pair
[0, 0, 0, 0, 0, 1, 0, 1, 2, 0, 0, 1, 0]
[2, 1, 1, 1]
Hand value: 108
 
EvaluateHands() Player 2 testing: 
 
[0, 0, 0, 0, 0, 0, 0, 1, 0, 1, 1, 1, 1]
[0, 0, 4, 1]
Hand value: 12
------------------------
------------------------
 
Player 1:  
{7 of Clubs} 
{Ace of Diamonds} 
{8 of Spades} 
{5 of Clubs} 
{7 of Spades} 
 
Player 2:  
{2 of Spades} 
{5 of Diamonds} 
{Jack of Hearts} 
{Ace of Clubs} 
{3 of Hearts} 
 
EvaluateHands() Player 1 testing: 
 
Pair
[0, 0, 0, 1, 0, 2, 1, 0, 0, 0, 0, 0, 1]
[2, 2, 0, 1]
Hand value: 105
 
EvaluateHands() Player 2 testing: 
 
[1, 1, 0, 1, 0, 0, 0, 0, 0, 1, 0, 0, 1]
[1, 1, 2, 1]
Hand value: 12
------------------------
------------------------
 
Player 1:  
{10 of Hearts} 
{Queen of Diamonds} 
{2 of Clubs} 
{7 of Diamonds} 
{9 of Diamonds} 
 
Player 2:  
{5 of Spades} 
{Jack of Spades} 
{5 of Clubs} 
{Jack of Hearts} 
{2 of Spades} 
 
EvaluateHands() Player 1 testing: 
 
[1, 0, 0, 0, 0, 1, 0, 1, 1, 0, 1, 0, 0]
[1, 0, 1, 3]
Hand value: 10
 
EvaluateHands() Player 2 testing: 
 
Two Pairs
[1, 0, 0, 2, 0, 0, 0, 0, 0, 2, 0, 0, 0]
[1, 3, 1, 0]
Hand value: 209
------------------------
------------------------
 
Player 1:  
{6 of Hearts} 
{8 of Spades} 
{Ace of Clubs} 
{4 of Clubs} 
{4 of Diamonds} 
 
Player 2:  
{9 of Hearts} 
{King of Spades} 
{Ace of Hearts} 
{3 of Hearts} 
{6 of Diamonds} 
 
EvaluateHands() Player 1 testing: 
 
Pair
[0, 0, 2, 0, 1, 0, 1, 0, 0, 0, 0, 0, 1]
[2, 1, 1, 1]
Hand value: 102
 
EvaluateHands() Player 2 testing: 
 
[0, 1, 0, 0, 1, 0, 0, 1, 0, 0, 0, 1, 1]
[0, 1, 3, 1]
Hand value: 12
------------------------
------------------------
 
Player 1:  
{Jack of Clubs} 
{6 of Spades} 
{9 of Spades} 
{Jack of Spades} 
{8 of Diamonds} 
 
Player 2:  
{5 of Spades} 
{King of Clubs} 
{Queen of Hearts} 
{Jack of Diamonds} 
{7 of Clubs} 
 
EvaluateHands() Player 1 testing: 
 
Pair
[0, 0, 0, 0, 1, 0, 1, 1, 0, 2, 0, 0, 0]
[1, 3, 0, 1]
Hand value: 109
 
EvaluateHands() Player 2 testing: 
 
[0, 0, 0, 1, 0, 1, 0, 0, 0, 1, 1, 1, 0]
[2, 1, 1, 1]
Hand value: 11
------------------------
------------------------
 
Player 1:  
{2 of Diamonds} 
{9 of Clubs} 
{5 of Diamonds} 
{Ace of Hearts} 
{Jack of Diamonds} 
 
Player 2:  
{6 of Diamonds} 
{8 of Diamonds} 
{6 of Spades} 
{5 of Hearts} 
{3 of Clubs} 
 
EvaluateHands() Player 1 testing: 
 
[1, 0, 0, 1, 0, 0, 0, 1, 0, 1, 0, 0, 1]
[1, 0, 1, 3]
Hand value: 12
 
EvaluateHands() Player 2 testing: 
 
Pair
[0, 1, 0, 1, 2, 0, 1, 0, 0, 0, 0, 0, 0]
[1, 1, 1, 2]
Hand value: 104
------------------------
------------------------
 
Player 1:  
{Queen of Hearts} 
{3 of Spades} 
{8 of Diamonds} 
{9 of Diamonds} 
{10 of Clubs} 
 
Player 2:  
{10 of Spades} 
{8 of Hearts} 
{Queen of Clubs} 
{6 of Spades} 
{10 of Diamonds} 
 
EvaluateHands() Player 1 testing: 
 
[0, 1, 0, 0, 0, 0, 1, 1, 1, 0, 1, 0, 0]
[1, 1, 1, 2]
Hand value: 10
 
EvaluateHands() Player 2 testing: 
 
Pair
[0, 0, 0, 0, 1, 0, 1, 0, 2, 0, 1, 0, 0]
[1, 2, 1, 1]
Hand value: 108
------------------------
------------------------
 
Player 1:  
{3 of Spades} 
{7 of Diamonds} 
{4 of Diamonds} 
{6 of Hearts} 
{9 of Diamonds} 
 
Player 2:  
{Queen of Spades} 
{7 of Hearts} 
{Ace of Diamonds} 
{6 of Diamonds} 
{10 of Clubs} 
 
EvaluateHands() Player 1 testing: 
 
[0, 1, 1, 0, 1, 1, 0, 1, 0, 0, 0, 0, 0]
[0, 1, 1, 3]
Hand value: 7
 
EvaluateHands() Player 2 testing: 
 
[0, 0, 0, 0, 1, 1, 0, 0, 1, 0, 1, 0, 1]
[1, 1, 1, 2]
Hand value: 12
------------------------
------------------------
 
Player 1:  
{Queen of Spades} 
{7 of Hearts} 
{2 of Hearts} 
{4 of Diamonds} 
{5 of Spades} 
 
Player 2:  
{Ace of Spades} 
{4 of Hearts} 
{8 of Hearts} 
{6 of Clubs} 
{10 of Clubs} 
 
EvaluateHands() Player 1 testing: 
 
[1, 0, 1, 1, 0, 1, 0, 0, 0, 0, 1, 0, 0]
[0, 2, 2, 1]
Hand value: 10
 
EvaluateHands() Player 2 testing: 
 
[0, 0, 1, 0, 1, 0, 1, 0, 1, 0, 0, 0, 1]
[2, 1, 2, 0]
Hand value: 12
------------------------
------------------------
 
Player 1:  
{9 of Hearts} 
{5 of Diamonds} 
{6 of Spades} 
{Queen of Clubs} 
{7 of Clubs} 
 
Player 2:  
{Queen of Diamonds} 
{4 of Clubs} 
{King of Spades} 
{Jack of Hearts} 
{Jack of Spades} 
 
EvaluateHands() Player 1 testing: 
 
[0, 0, 0, 1, 1, 1, 0, 1, 0, 0, 1, 0, 0]
[2, 1, 1, 1]
Hand value: 10
 
EvaluateHands() Player 2 testing: 
 
Pair
[0, 0, 1, 0, 0, 0, 0, 0, 0, 2, 1, 1, 0]
[1, 2, 1, 1]
Hand value: 109
------------------------
------------------------
 
Player 1:  
{8 of Spades} 
{4 of Diamonds} 
{9 of Spades} 
{10 of Clubs} 
{Queen of Hearts} 
 
Player 2:  
{10 of Diamonds} 
{3 of Hearts} 
{4 of Spades} 
{2 of Hearts} 
{6 of Hearts} 
 
EvaluateHands() Player 1 testing: 
 
[0, 0, 1, 0, 0, 0, 1, 1, 1, 0, 1, 0, 0]
[1, 2, 1, 1]
Hand value: 10
 
EvaluateHands() Player 2 testing: 
 
[1, 1, 1, 0, 1, 0, 0, 0, 1, 0, 0, 0, 0]
[0, 1, 3, 1]
Hand value: 8
------------------------
------------------------
 
Player 1:  
{King of Spades} 
{Jack of Diamonds} 
{Jack of Clubs} 
{10 of Hearts} 
{Queen of Hearts} 
 
Player 2:  
{King of Clubs} 
{5 of Hearts} 
{5 of Clubs} 
{7 of Diamonds} 
{4 of Clubs} 
 
EvaluateHands() Player 1 testing: 
 
Pair
[0, 0, 0, 0, 0, 0, 0, 0, 1, 2, 1, 1, 0]
[1, 1, 2, 1]
Hand value: 109
 
EvaluateHands() Player 2 testing: 
 
Pair
[0, 0, 1, 2, 0, 1, 0, 0, 0, 0, 0, 1, 0]
[3, 0, 1, 1]
Hand value: 103
------------------------
------------------------
 
Player 1:  
{3 of Clubs} 
{Ace of Clubs} 
{7 of Spades} 
{King of Hearts} 
{3 of Spades} 
 
Player 2:  
{2 of Diamonds} 
{6 of Clubs} 
{5 of Diamonds} 
{Ace of Diamonds} 
{6 of Diamonds} 
 
EvaluateHands() Player 1 testing: 
 
Pair
[0, 2, 0, 0, 0, 1, 0, 0, 0, 0, 0, 1, 1]
[2, 2, 1, 0]
Hand value: 101
 
EvaluateHands() Player 2 testing: 
 
Pair
[1, 0, 0, 1, 2, 0, 0, 0, 0, 0, 0, 0, 1]
[1, 0, 0, 4]
Hand value: 104
------------------------
------------------------
 
Player 1:  
{10 of Hearts} 
{5 of Clubs} 
{5 of Hearts} 
{7 of Diamonds} 
{4 of Hearts} 
 
Player 2:  
{10 of Diamonds} 
{7 of Spades} 
{10 of Spades} 
{Ace of Clubs} 
{8 of Diamonds} 
 
EvaluateHands() Player 1 testing: 
 
Pair
[0, 0, 1, 2, 0, 1, 0, 0, 1, 0, 0, 0, 0]
[1, 0, 3, 1]
Hand value: 103
 
EvaluateHands() Player 2 testing: 
 
Pair
[0, 0, 0, 0, 0, 1, 1, 0, 2, 0, 0, 0, 1]
[1, 2, 0, 2]
Hand value: 108
------------------------
------------------------
 
Player 1:  
{7 of Diamonds} 
{Ace of Hearts} 
{8 of Spades} 
{Ace of Clubs} 
{3 of Clubs} 
 
Player 2:  
{Ace of Diamonds} 
{4 of Spades} 
{Jack of Hearts} 
{Jack of Clubs} 
{Queen of Clubs} 
 
EvaluateHands() Player 1 testing: 
 
Pair
[0, 1, 0, 0, 0, 1, 1, 0, 0, 0, 0, 0, 2]
[2, 1, 1, 1]
Hand value: 112
 
EvaluateHands() Player 2 testing: 
 
Pair
[0, 0, 1, 0, 0, 0, 0, 0, 0, 2, 1, 0, 1]
[2, 1, 1, 1]
Hand value: 109
------------------------
------------------------
 
Player 1:  
{10 of Hearts} 
{4 of Hearts} 
{Queen of Spades} 
{9 of Clubs} 
{6 of Diamonds} 
 
Player 2:  
{7 of Hearts} 
{2 of Diamonds} 
{Queen of Diamonds} 
{10 of Diamonds} 
{5 of Diamonds} 
 
EvaluateHands() Player 1 testing: 
 
[0, 0, 1, 0, 1, 0, 0, 1, 1, 0, 1, 0, 0]
[1, 1, 2, 1]
Hand value: 10
 
EvaluateHands() Player 2 testing: 
 
[1, 0, 0, 1, 0, 1, 0, 0, 1, 0, 1, 0, 0]
[0, 0, 1, 4]
Hand value: 10
------------------------
------------------------
 
Player 1:  
{7 of Hearts} 
{6 of Hearts} 
{3 of Diamonds} 
{2 of Diamonds} 
{8 of Spades} 
 
Player 2:  
{9 of Clubs} 
{5 of Hearts} 
{7 of Spades} 
{4 of Hearts} 
{4 of Diamonds} 
 
EvaluateHands() Player 1 testing: 
 
[1, 1, 0, 0, 1, 1, 1, 0, 0, 0, 0, 0, 0]
[0, 1, 2, 2]
Hand value: 6
 
EvaluateHands() Player 2 testing: 
 
Pair
[0, 0, 2, 1, 0, 1, 0, 1, 0, 0, 0, 0, 0]
[1, 1, 2, 1]
Hand value: 102
------------------------
------------------------
 
Player 1:  
{3 of Hearts} 
{7 of Hearts} 
{9 of Diamonds} 
{Queen of Clubs} 
{Jack of Diamonds} 
 
Player 2:  
{Jack of Hearts} 
{6 of Spades} 
{Ace of Spades} 
{5 of Clubs} 
{King of Spades} 
 
EvaluateHands() Player 1 testing: 
 
[0, 1, 0, 0, 0, 1, 0, 1, 0, 1, 1, 0, 0]
[1, 0, 2, 2]
Hand value: 10
 
EvaluateHands() Player 2 testing: 
 
[0, 0, 0, 1, 1, 0, 0, 0, 0, 1, 0, 1, 1]
[1, 3, 1, 0]
Hand value: 12
------------------------
------------------------
 
Player 1:  
{7 of Clubs} 
{10 of Hearts} 
{10 of Spades} 
{4 of Diamonds} 
{2 of Spades} 
 
Player 2:  
{8 of Hearts} 
{6 of Hearts} 
{8 of Diamonds} 
{9 of Hearts} 
{3 of Spades} 
 
EvaluateHands() Player 1 testing: 
 
Pair
[1, 0, 1, 0, 0, 1, 0, 0, 2, 0, 0, 0, 0]
[1, 2, 1, 1]
Hand value: 108
 
EvaluateHands() Player 2 testing: 
 
Pair
[0, 1, 0, 0, 1, 0, 2, 1, 0, 0, 0, 0, 0]
[0, 1, 3, 1]
Hand value: 106
------------------------
------------------------
 
Player 1:  
{6 of Clubs} 
{7 of Spades} 
{8 of Spades} 
{Ace of Clubs} 
{4 of Diamonds} 
 
Player 2:  
{10 of Hearts} 
{Queen of Clubs} 
{4 of Hearts} 
{Jack of Hearts} 
{Jack of Diamonds} 
 
EvaluateHands() Player 1 testing: 
 
[0, 0, 1, 0, 1, 1, 1, 0, 0, 0, 0, 0, 1]
[2, 2, 0, 1]
Hand value: 12
 
EvaluateHands() Player 2 testing: 
 
Pair
[0, 0, 1, 0, 0, 0, 0, 0, 1, 2, 1, 0, 0]
[1, 0, 3, 1]
Hand value: 109
------------------------
------------------------
 
Player 1:  
{Jack of Diamonds} 
{7 of Diamonds} 
{10 of Clubs} 
{Ace of Clubs} 
{9 of Clubs} 
 
Player 2:  
{Ace of Diamonds} 
{Queen of Spades} 
{King of Hearts} 
{8 of Spades} 
{10 of Hearts} 
 
EvaluateHands() Player 1 testing: 
 
[0, 0, 0, 0, 0, 1, 0, 1, 1, 1, 0, 0, 1]
[3, 0, 0, 2]
Hand value: 12
 
EvaluateHands() Player 2 testing: 
 
[0, 0, 0, 0, 0, 0, 1, 0, 1, 0, 1, 1, 1]
[0, 2, 2, 1]
Hand value: 12
------------------------
------------------------
 
Player 1:  
{5 of Spades} 
{2 of Hearts} 
{7 of Hearts} 
{Ace of Hearts} 
{Jack of Clubs} 
 
Player 2:  
{9 of Spades} 
{Ace of Clubs} 
{8 of Diamonds} 
{King of Clubs} 
{6 of Diamonds} 
 
EvaluateHands() Player 1 testing: 
 
[1, 0, 0, 1, 0, 1, 0, 0, 0, 1, 0, 0, 1]
[1, 1, 3, 0]
Hand value: 12
 
EvaluateHands() Player 2 testing: 
 
[0, 0, 0, 0, 1, 0, 1, 1, 0, 0, 0, 1, 1]
[2, 1, 0, 2]
Hand value: 12
------------------------
------------------------
 
Player 1:  
{2 of Diamonds} 
{2 of Hearts} 
{Queen of Spades} 
{8 of Hearts} 
{7 of Clubs} 
 
Player 2:  
{6 of Hearts} 
{5 of Diamonds} 
{Queen of Hearts} 
{8 of Spades} 
{9 of Clubs} 
 
EvaluateHands() Player 1 testing: 
 
Pair
[2, 0, 0, 0, 0, 1, 1, 0, 0, 0, 1, 0, 0]
[1, 1, 2, 1]
Hand value: 100
 
EvaluateHands() Player 2 testing: 
 
[0, 0, 0, 1, 1, 0, 1, 1, 0, 0, 1, 0, 0]
[1, 1, 2, 1]
Hand value: 10
------------------------
------------------------
 
Player 1:  
{8 of Spades} 
{10 of Clubs} 
{King of Spades} 
{Jack of Spades} 
{10 of Diamonds} 
 
Player 2:  
{5 of Spades} 
{8 of Diamonds} 
{Jack of Hearts} 
{Ace of Hearts} 
{Jack of Clubs} 
 
EvaluateHands() Player 1 testing: 
 
Pair
[0, 0, 0, 0, 0, 0, 1, 0, 2, 1, 0, 1, 0]
[1, 3, 0, 1]
Hand value: 108
 
EvaluateHands() Player 2 testing: 
 
Pair
[0, 0, 0, 1, 0, 0, 1, 0, 0, 2, 0, 0, 1]
[1, 1, 2, 1]
Hand value: 109
------------------------
------------------------
 
Player 1:  
{7 of Clubs} 
{10 of Clubs} 
{8 of Diamonds} 
{Jack of Spades} 
{King of Hearts} 
 
Player 2:  
{10 of Spades} 
{3 of Diamonds} 
{King of Diamonds} 
{4 of Hearts} 
{2 of Diamonds} 
 
EvaluateHands() Player 1 testing: 
 
[0, 0, 0, 0, 0, 1, 1, 0, 1, 1, 0, 1, 0]
[2, 1, 1, 1]
Hand value: 11
 
EvaluateHands() Player 2 testing: 
 
[1, 1, 1, 0, 0, 0, 0, 0, 1, 0, 0, 1, 0]
[0, 1, 1, 3]
Hand value: 11
------------------------
------------------------
 
Player 1:  
{4 of Hearts} 
{2 of Diamonds} 
{3 of Hearts} 
{6 of Spades} 
{3 of Clubs} 
 
Player 2:  
{4 of Spades} 
{Jack of Clubs} 
{King of Spades} 
{4 of Diamonds} 
{2 of Hearts} 
 
EvaluateHands() Player 1 testing: 
 
Pair
[1, 2, 1, 0, 1, 0, 0, 0, 0, 0, 0, 0, 0]
[1, 1, 2, 1]
Hand value: 101
 
EvaluateHands() Player 2 testing: 
 
Pair
[1, 0, 2, 0, 0, 0, 0, 0, 0, 1, 0, 1, 0]
[1, 2, 1, 1]
Hand value: 102
------------------------
------------------------
 
Player 1:  
{Jack of Diamonds} 
{8 of Hearts} 
{8 of Diamonds} 
{5 of Diamonds} 
{9 of Clubs} 
 
Player 2:  
{Queen of Hearts} 
{8 of Clubs} 
{9 of Spades} 
{Queen of Diamonds} 
{Ace of Diamonds} 
 
EvaluateHands() Player 1 testing: 
 
Pair
[0, 0, 0, 1, 0, 0, 2, 1, 0, 1, 0, 0, 0]
[1, 0, 1, 3]
Hand value: 106
 
EvaluateHands() Player 2 testing: 
 
Pair
[0, 0, 0, 0, 0, 0, 1, 1, 0, 0, 2, 0, 1]
[1, 1, 1, 2]
Hand value: 110
------------------------
------------------------
 
Player 1:  
{5 of Spades} 
{6 of Spades} 
{Ace of Hearts} 
{2 of Hearts} 
{9 of Spades} 
 
Player 2:  
{6 of Diamonds} 
{3 of Clubs} 
{King of Hearts} 
{5 of Hearts} 
{5 of Clubs} 
 
EvaluateHands() Player 1 testing: 
 
[1, 0, 0, 1, 1, 0, 0, 1, 0, 0, 0, 0, 1]
[0, 3, 2, 0]
Hand value: 12
 
EvaluateHands() Player 2 testing: 
 
Pair
[0, 1, 0, 2, 1, 0, 0, 0, 0, 0, 0, 1, 0]
[2, 0, 2, 1]
Hand value: 103
------------------------
------------------------
 
Player 1:  
{8 of Hearts} 
{5 of Spades} 
{2 of Spades} 
{Ace of Diamonds} 
{3 of Diamonds} 
 
Player 2:  
{4 of Hearts} 
{King of Hearts} 
{4 of Diamonds} 
{6 of Diamonds} 
{King of Spades} 
 
EvaluateHands() Player 1 testing: 
 
[1, 1, 0, 1, 0, 0, 1, 0, 0, 0, 0, 0, 1]
[0, 2, 1, 2]
Hand value: 12
 
EvaluateHands() Player 2 testing: 
 
Two Pairs
[0, 0, 2, 0, 1, 0, 0, 0, 0, 0, 0, 2, 0]
[0, 1, 2, 2]
Hand value: 211
------------------------
------------------------
 
Player 1:  
{Jack of Clubs} 
{4 of Diamonds} 
{8 of Diamonds} 
{8 of Clubs} 
{10 of Clubs} 
 
Player 2:  
{6 of Hearts} 
{8 of Spades} 
{7 of Diamonds} 
{King of Spades} 
{6 of Spades} 
 
EvaluateHands() Player 1 testing: 
 
Pair
[0, 0, 1, 0, 0, 0, 2, 0, 1, 1, 0, 0, 0]
[3, 0, 0, 2]
Hand value: 106
 
EvaluateHands() Player 2 testing: 
 
Pair
[0, 0, 0, 0, 2, 1, 1, 0, 0, 0, 0, 1, 0]
[0, 3, 1, 1]
Hand value: 104
------------------------
------------------------
 
Player 1:  
{6 of Clubs} 
{King of Hearts} 
{3 of Diamonds} 
{King of Diamonds} 
{7 of Diamonds} 
 
Player 2:  
{Queen of Diamonds} 
{10 of Hearts} 
{5 of Hearts} 
{3 of Hearts} 
{6 of Diamonds} 
 
EvaluateHands() Player 1 testing: 
 
Pair
[0, 1, 0, 0, 1, 1, 0, 0, 0, 0, 0, 2, 0]
[1, 0, 1, 3]
Hand value: 111
 
EvaluateHands() Player 2 testing: 
 
[0, 1, 0, 1, 1, 0, 0, 0, 1, 0, 1, 0, 0]
[0, 0, 3, 2]
Hand value: 10
------------------------
------------------------
 
Player 1:  
{3 of Diamonds} 
{Ace of Clubs} 
{2 of Spades} 
{5 of Spades} 
{Queen of Diamonds} 
 
Player 2:  
{2 of Hearts} 
{7 of Hearts} 
{2 of Clubs} 
{Jack of Clubs} 
{6 of Hearts} 
 
EvaluateHands() Player 1 testing: 
 
[1, 1, 0, 1, 0, 0, 0, 0, 0, 0, 1, 0, 1]
[1, 2, 0, 2]
Hand value: 12
 
EvaluateHands() Player 2 testing: 
 
Pair
[2, 0, 0, 0, 1, 1, 0, 0, 0, 1, 0, 0, 0]
[2, 0, 3, 0]
Hand value: 100
------------------------
------------------------
 
Player 1:  
{4 of Diamonds} 
{Jack of Spades} 
{King of Clubs} 
{6 of Clubs} 
{7 of Hearts} 
 
Player 2:  
{8 of Hearts} 
{Ace of Hearts} 
{King of Hearts} 
{7 of Clubs} 
{Queen of Hearts} 
 
EvaluateHands() Player 1 testing: 
 
[0, 0, 1, 0, 1, 1, 0, 0, 0, 1, 0, 1, 0]
[2, 1, 1, 1]
Hand value: 11
 
EvaluateHands() Player 2 testing: 
 
[0, 0, 0, 0, 0, 1, 1, 0, 0, 0, 1, 1, 1]
[1, 0, 4, 0]
Hand value: 12
------------------------
------------------------
 
Player 1:  
{Ace of Hearts} 
{Jack of Hearts} 
{2 of Spades} 
{King of Diamonds} 
{3 of Hearts} 
 
Player 2:  
{8 of Clubs} 
{8 of Spades} 
{Jack of Diamonds} 
{Queen of Hearts} 
{9 of Spades} 
 
EvaluateHands() Player 1 testing: 
 
[1, 1, 0, 0, 0, 0, 0, 0, 0, 1, 0, 1, 1]
[0, 1, 3, 1]
Hand value: 12
 
EvaluateHands() Player 2 testing: 
 
Pair
[0, 0, 0, 0, 0, 0, 2, 1, 0, 1, 1, 0, 0]
[1, 2, 1, 1]
Hand value: 106
------------------------
------------------------
 
Player 1:  
{7 of Diamonds} 
{4 of Hearts} 
{Ace of Diamonds} 
{6 of Clubs} 
{7 of Clubs} 
 
Player 2:  
{Queen of Spades} 
{2 of Clubs} 
{2 of Spades} 
{3 of Clubs} 
{Queen of Clubs} 
 
EvaluateHands() Player 1 testing: 
 
Pair
[0, 0, 1, 0, 1, 2, 0, 0, 0, 0, 0, 0, 1]
[2, 0, 1, 2]
Hand value: 105
 
EvaluateHands() Player 2 testing: 
 
Two Pairs
[2, 1, 0, 0, 0, 0, 0, 0, 0, 0, 2, 0, 0]
[3, 2, 0, 0]
Hand value: 210
------------------------
------------------------
 
Player 1:  
{5 of Diamonds} 
{King of Hearts} 
{6 of Diamonds} 
{8 of Clubs} 
{5 of Hearts} 
 
Player 2:  
{Ace of Diamonds} 
{Jack of Hearts} 
{9 of Diamonds} 
{Queen of Hearts} 
{6 of Hearts} 
 
EvaluateHands() Player 1 testing: 
 
Pair
[0, 0, 0, 2, 1, 0, 1, 0, 0, 0, 0, 1, 0]
[1, 0, 2, 2]
Hand value: 103
 
EvaluateHands() Player 2 testing: 
 
[0, 0, 0, 0, 1, 0, 0, 1, 0, 1, 1, 0, 1]
[0, 0, 3, 2]
Hand value: 12
------------------------
------------------------
 
Player 1:  
{Queen of Hearts} 
{9 of Clubs} 
{2 of Clubs} 
{Ace of Spades} 
{5 of Clubs} 
 
Player 2:  
{2 of Spades} 
{9 of Hearts} 
{3 of Diamonds} 
{King of Hearts} 
{10 of Diamonds} 
 
EvaluateHands() Player 1 testing: 
 
[1, 0, 0, 1, 0, 0, 0, 1, 0, 0, 1, 0, 1]
[3, 1, 1, 0]
Hand value: 12
 
EvaluateHands() Player 2 testing: 
 
[1, 1, 0, 0, 0, 0, 0, 1, 1, 0, 0, 1, 0]
[0, 1, 2, 2]
Hand value: 11
------------------------
------------------------
 
Player 1:  
{6 of Diamonds} 
{10 of Diamonds} 
{Queen of Diamonds} 
{6 of Spades} 
{8 of Clubs} 
 
Player 2:  
{7 of Diamonds} 
{10 of Spades} 
{4 of Clubs} 
{2 of Clubs} 
{8 of Hearts} 
 
EvaluateHands() Player 1 testing: 
 
Pair
[0, 0, 0, 0, 2, 0, 1, 0, 1, 0, 1, 0, 0]
[1, 1, 0, 3]
Hand value: 104
 
EvaluateHands() Player 2 testing: 
 
[1, 0, 1, 0, 0, 1, 1, 0, 1, 0, 0, 0, 0]
[2, 1, 1, 1]
Hand value: 8
------------------------
------------------------
 
Player 1:  
{5 of Hearts} 
{3 of Spades} 
{9 of Clubs} 
{King of Diamonds} 
{8 of Diamonds} 
 
Player 2:  
{3 of Hearts} 
{7 of Hearts} 
{4 of Diamonds} 
{Ace of Spades} 
{Ace of Diamonds} 
 
EvaluateHands() Player 1 testing: 
 
[0, 1, 0, 1, 0, 0, 1, 1, 0, 0, 0, 1, 0]
[1, 1, 1, 2]
Hand value: 11
 
EvaluateHands() Player 2 testing: 
 
Pair
[0, 1, 1, 0, 0, 1, 0, 0, 0, 0, 0, 0, 2]
[0, 1, 2, 2]
Hand value: 112
------------------------
------------------------
 
Player 1:  
{10 of Spades} 
{2 of Spades} 
{5 of Hearts} 
{8 of Diamonds} 
{7 of Spades} 
 
Player 2:  
{Queen of Hearts} 
{7 of Diamonds} 
{King of Hearts} 
{9 of Clubs} 
{King of Diamonds} 
 
EvaluateHands() Player 1 testing: 
 
[1, 0, 0, 1, 0, 1, 1, 0, 1, 0, 0, 0, 0]
[0, 3, 1, 1]
Hand value: 8
 
EvaluateHands() Player 2 testing: 
 
Pair
[0, 0, 0, 0, 0, 1, 0, 1, 0, 0, 1, 2, 0]
[1, 0, 2, 2]
Hand value: 111
------------------------
------------------------
 
Player 1:  
{Jack of Diamonds} 
{King of Clubs} 
{10 of Hearts} 
{Jack of Clubs} 
{8 of Diamonds} 
 
Player 2:  
{7 of Hearts} 
{Queen of Spades} 
{Queen of Hearts} 
{4 of Clubs} 
{3 of Spades} 
 
EvaluateHands() Player 1 testing: 
 
Pair
[0, 0, 0, 0, 0, 0, 1, 0, 1, 2, 0, 1, 0]
[2, 0, 1, 2]
Hand value: 109
 
EvaluateHands() Player 2 testing: 
 
Pair
[0, 1, 1, 0, 0, 1, 0, 0, 0, 0, 2, 0, 0]
[1, 2, 2, 0]
Hand value: 110
------------------------
------------------------
 
Player 1:  
{10 of Clubs} 
{Jack of Diamonds} 
{5 of Diamonds} 
{Jack of Clubs} 
{Queen of Diamonds} 
 
Player 2:  
{6 of Clubs} 
{6 of Diamonds} 
{Ace of Clubs} 
{7 of Diamonds} 
{4 of Spades} 
 
EvaluateHands() Player 1 testing: 
 
Pair
[0, 0, 0, 1, 0, 0, 0, 0, 1, 2, 1, 0, 0]
[2, 0, 0, 3]
Hand value: 109
 
EvaluateHands() Player 2 testing: 
 
Pair
[0, 0, 1, 0, 2, 1, 0, 0, 0, 0, 0, 0, 1]
[2, 1, 0, 2]
Hand value: 104
------------------------
------------------------
 
Player 1:  
{5 of Clubs} 
{King of Diamonds} 
{8 of Diamonds} 
{4 of Spades} 
{7 of Hearts} 
 
Player 2:  
{8 of Clubs} 
{10 of Spades} 
{2 of Hearts} 
{Queen of Diamonds} 
{King of Hearts} 
 
EvaluateHands() Player 1 testing: 
 
[0, 0, 1, 1, 0, 1, 1, 0, 0, 0, 0, 1, 0]
[1, 1, 1, 2]
Hand value: 11
 
EvaluateHands() Player 2 testing: 
 
[1, 0, 0, 0, 0, 0, 1, 0, 1, 0, 1, 1, 0]
[1, 1, 2, 1]
Hand value: 11
------------------------
------------------------
 
Player 1:  
{2 of Clubs} 
{King of Spades} 
{10 of Hearts} 
{Ace of Clubs} 
{9 of Diamonds} 
 
Player 2:  
{8 of Diamonds} 
{7 of Diamonds} 
{2 of Diamonds} 
{6 of Spades} 
{6 of Diamonds} 
 
EvaluateHands() Player 1 testing: 
 
[1, 0, 0, 0, 0, 0, 0, 1, 1, 0, 0, 1, 1]
[2, 1, 1, 1]
Hand value: 12
 
EvaluateHands() Player 2 testing: 
 
Pair
[1, 0, 0, 0, 2, 1, 1, 0, 0, 0, 0, 0, 0]
[0, 1, 0, 4]
Hand value: 104
------------------------
------------------------
 
Player 1:  
{9 of Diamonds} 
{5 of Diamonds} 
{Jack of Spades} 
{3 of Spades} 
{10 of Clubs} 
 
Player 2:  
{4 of Hearts} 
{King of Hearts} 
{7 of Hearts} 
{Ace of Spades} 
{2 of Spades} 
 
EvaluateHands() Player 1 testing: 
 
[0, 1, 0, 1, 0, 0, 0, 1, 1, 1, 0, 0, 0]
[1, 2, 0, 2]
Hand value: 9
 
EvaluateHands() Player 2 testing: 
 
[1, 0, 1, 0, 0, 1, 0, 0, 0, 0, 0, 1, 1]
[0, 2, 3, 0]
Hand value: 12
------------------------
------------------------
 
Player 1:  
{Jack of Spades} 
{6 of Hearts} 
{4 of Clubs} 
{8 of Hearts} 
{2 of Clubs} 
 
Player 2:  
{7 of Diamonds} 
{3 of Diamonds} 
{7 of Hearts} 
{4 of Spades} 
{Ace of Clubs} 
 
EvaluateHands() Player 1 testing: 
 
[1, 0, 1, 0, 1, 0, 1, 0, 0, 1, 0, 0, 0]
[2, 1, 2, 0]
Hand value: 9
 
EvaluateHands() Player 2 testing: 
 
Pair
[0, 1, 1, 0, 0, 2, 0, 0, 0, 0, 0, 0, 1]
[1, 1, 1, 2]
Hand value: 105
------------------------
------------------------
 
Player 1:  
{7 of Hearts} 
{8 of Spades} 
{Queen of Spades} 
{Queen of Clubs} 
{Jack of Diamonds} 
 
Player 2:  
{7 of Clubs} 
{3 of Diamonds} 
{Jack of Spades} 
{King of Spades} 
{2 of Clubs} 
 
EvaluateHands() Player 1 testing: 
 
Pair
[0, 0, 0, 0, 0, 1, 1, 0, 0, 1, 2, 0, 0]
[1, 2, 1, 1]
Hand value: 110
 
EvaluateHands() Player 2 testing: 
 
[1, 1, 0, 0, 0, 1, 0, 0, 0, 1, 0, 1, 0]
[2, 2, 0, 1]
Hand value: 11
------------------------
------------------------
 
Player 1:  
{5 of Spades} 
{Queen of Hearts} 
{4 of Spades} 
{5 of Diamonds} 
{6 of Diamonds} 
 
Player 2:  
{Jack of Hearts} 
{Queen of Spades} 
{5 of Clubs} 
{Queen of Diamonds} 
{4 of Diamonds} 
 
EvaluateHands() Player 1 testing: 
 
Pair
[0, 0, 1, 2, 1, 0, 0, 0, 0, 0, 1, 0, 0]
[0, 2, 1, 2]
Hand value: 103
 
EvaluateHands() Player 2 testing: 
 
Pair
[0, 0, 1, 1, 0, 0, 0, 0, 0, 1, 2, 0, 0]
[1, 1, 1, 2]
Hand value: 110
------------------------
------------------------
 
Player 1:  
{7 of Diamonds} 
{King of Diamonds} 
{Ace of Clubs} 
{2 of Hearts} 
{4 of Spades} 
 
Player 2:  
{8 of Clubs} 
{5 of Hearts} 
{Queen of Clubs} 
{7 of Clubs} 
{5 of Diamonds} 
 
EvaluateHands() Player 1 testing: 
 
[1, 0, 1, 0, 0, 1, 0, 0, 0, 0, 0, 1, 1]
[1, 1, 1, 2]
Hand value: 12
 
EvaluateHands() Player 2 testing: 
 
Pair
[0, 0, 0, 2, 0, 1, 1, 0, 0, 0, 1, 0, 0]
[3, 0, 1, 1]
Hand value: 103
------------------------
------------------------
 
Player 1:  
{5 of Diamonds} 
{Ace of Diamonds} 
{2 of Hearts} 
{Queen of Hearts} 
{8 of Clubs} 
 
Player 2:  
{Queen of Clubs} 
{8 of Hearts} 
{7 of Diamonds} 
{6 of Diamonds} 
{5 of Hearts} 
 
EvaluateHands() Player 1 testing: 
 
[1, 0, 0, 1, 0, 0, 1, 0, 0, 0, 1, 0, 1]
[1, 0, 2, 2]
Hand value: 12
 
EvaluateHands() Player 2 testing: 
 
[0, 0, 0, 1, 1, 1, 1, 0, 0, 0, 1, 0, 0]
[1, 0, 2, 2]
Hand value: 10
------------------------
------------------------
 
Player 1:  
{2 of Hearts} 
{5 of Clubs} 
{King of Spades} 
{Ace of Clubs} 
{8 of Spades} 
 
Player 2:  
{3 of Clubs} 
{10 of Spades} 
{Jack of Hearts} 
{3 of Diamonds} 
{Jack of Diamonds} 
 
EvaluateHands() Player 1 testing: 
 
[1, 0, 0, 1, 0, 0, 1, 0, 0, 0, 0, 1, 1]
[2, 2, 1, 0]
Hand value: 12
 
EvaluateHands() Player 2 testing: 
 
Two Pairs
[0, 2, 0, 0, 0, 0, 0, 0, 1, 2, 0, 0, 0]
[1, 1, 1, 2]
Hand value: 209
------------------------
------------------------
 
Player 1:  
{Queen of Diamonds} 
{King of Spades} 
{Jack of Spades} 
{7 of Spades} 
{10 of Spades} 
 
Player 2:  
{2 of Clubs} 
{5 of Hearts} 
{10 of Clubs} 
{2 of Spades} 
{5 of Clubs} 
 
EvaluateHands() Player 1 testing: 
 
[0, 0, 0, 0, 0, 1, 0, 0, 1, 1, 1, 1, 0]
[0, 4, 0, 1]
Hand value: 11
 
EvaluateHands() Player 2 testing: 
 
Two Pairs
[2, 0, 0, 2, 0, 0, 0, 0, 1, 0, 0, 0, 0]
[3, 1, 1, 0]
Hand value: 208
------------------------
------------------------
 
Player 1:  
{Jack of Hearts} 
{Jack of Spades} 
{King of Hearts} 
{2 of Diamonds} 
{4 of Spades} 
 
Player 2:  
{3 of Diamonds} 
{8 of Hearts} 
{3 of Clubs} 
{7 of Hearts} 
{Jack of Diamonds} 
 
EvaluateHands() Player 1 testing: 
 
Pair
[1, 0, 1, 0, 0, 0, 0, 0, 0, 2, 0, 1, 0]
[0, 2, 2, 1]
Hand value: 109
 
EvaluateHands() Player 2 testing: 
 
Pair
[0, 2, 0, 0, 0, 1, 1, 0, 0, 1, 0, 0, 0]
[1, 0, 2, 2]
Hand value: 101
------------------------
------------------------
 
Player 1:  
{7 of Spades} 
{4 of Hearts} 
{5 of Clubs} 
{9 of Hearts} 
{Ace of Clubs} 
 
Player 2:  
{5 of Spades} 
{Jack of Diamonds} 
{Ace of Spades} 
{6 of Clubs} 
{Jack of Spades} 
 
EvaluateHands() Player 1 testing: 
 
[0, 0, 1, 1, 0, 1, 0, 1, 0, 0, 0, 0, 1]
[2, 1, 2, 0]
Hand value: 12
 
EvaluateHands() Player 2 testing: 
 
Pair
[0, 0, 0, 1, 1, 0, 0, 0, 0, 2, 0, 0, 1]
[1, 3, 0, 1]
Hand value: 109
------------------------
------------------------
 
Player 1:  
{6 of Diamonds} 
{Queen of Hearts} 
{Queen of Clubs} 
{9 of Diamonds} 
{Jack of Diamonds} 
 
Player 2:  
{9 of Spades} 
{4 of Diamonds} 
{5 of Hearts} 
{9 of Hearts} 
{Jack of Hearts} 
 
EvaluateHands() Player 1 testing: 
 
Pair
[0, 0, 0, 0, 1, 0, 0, 1, 0, 1, 2, 0, 0]
[1, 0, 1, 3]
Hand value: 110
 
EvaluateHands() Player 2 testing: 
 
Pair
[0, 0, 1, 1, 0, 0, 0, 2, 0, 1, 0, 0, 0]
[0, 1, 3, 1]
Hand value: 107
------------------------
------------------------
 
Player 1:  
{Queen of Hearts} 
{5 of Spades} 
{6 of Hearts} 
{King of Hearts} 
{9 of Hearts} 
 
Player 2:  
{8 of Diamonds} 
{Jack of Diamonds} 
{10 of Clubs} 
{3 of Spades} 
{9 of Diamonds} 
 
EvaluateHands() Player 1 testing: 
 
[0, 0, 0, 1, 1, 0, 0, 1, 0, 0, 1, 1, 0]
[0, 1, 4, 0]
Hand value: 11
 
EvaluateHands() Player 2 testing: 
 
[0, 1, 0, 0, 0, 0, 1, 1, 1, 1, 0, 0, 0]
[1, 1, 0, 3]
Hand value: 9
------------------------
------------------------
 
Player 1:  
{Ace of Spades} 
{Jack of Hearts} 
{8 of Diamonds} 
{10 of Diamonds} 
{Queen of Diamonds} 
 
Player 2:  
{8 of Hearts} 
{2 of Hearts} 
{Ace of Clubs} 
{7 of Clubs} 
{2 of Spades} 
 
EvaluateHands() Player 1 testing: 
 
[0, 0, 0, 0, 0, 0, 1, 0, 1, 1, 1, 0, 1]
[0, 1, 1, 3]
Hand value: 12
 
EvaluateHands() Player 2 testing: 
 
Pair
[2, 0, 0, 0, 0, 1, 1, 0, 0, 0, 0, 0, 1]
[2, 1, 2, 0]
Hand value: 100
------------------------
------------------------
 
Player 1:  
{King of Clubs} 
{8 of Hearts} 
{8 of Clubs} 
{9 of Spades} 
{7 of Diamonds} 
 
Player 2:  
{7 of Spades} 
{2 of Spades} 
{4 of Clubs} 
{King of Hearts} 
{2 of Clubs} 
 
EvaluateHands() Player 1 testing: 
 
Pair
[0, 0, 0, 0, 0, 1, 2, 1, 0, 0, 0, 1, 0]
[2, 1, 1, 1]
Hand value: 106
 
EvaluateHands() Player 2 testing: 
 
Pair
[2, 0, 1, 0, 0, 1, 0, 0, 0, 0, 0, 1, 0]
[2, 2, 1, 0]
Hand value: 100
------------------------
------------------------
 
Player 1:  
{10 of Diamonds} 
{6 of Spades} 
{9 of Hearts} 
{Queen of Spades} 
{Ace of Spades} 
 
Player 2:  
{9 of Spades} 
{7 of Clubs} 
{6 of Hearts} 
{Jack of Hearts} 
{8 of Diamonds} 
 
EvaluateHands() Player 1 testing: 
 
[0, 0, 0, 0, 1, 0, 0, 1, 1, 0, 1, 0, 1]
[0, 3, 1, 1]
Hand value: 12
 
EvaluateHands() Player 2 testing: 
 
[0, 0, 0, 0, 1, 1, 1, 1, 0, 1, 0, 0, 0]
[1, 1, 2, 1]
Hand value: 9
------------------------
------------------------
 
Player 1:  
{Ace of Hearts} 
{Jack of Clubs} 
{9 of Spades} 
{King of Spades} 
{9 of Diamonds} 
 
Player 2:  
{4 of Clubs} 
{10 of Clubs} 
{2 of Spades} 
{King of Hearts} 
{2 of Clubs} 
 
EvaluateHands() Player 1 testing: 
 
Pair
[0, 0, 0, 0, 0, 0, 0, 2, 0, 1, 0, 1, 1]
[1, 2, 1, 1]
Hand value: 107
 
EvaluateHands() Player 2 testing: 
 
Pair
[2, 0, 1, 0, 0, 0, 0, 0, 1, 0, 0, 1, 0]
[3, 1, 1, 0]
Hand value: 100
------------------------
------------------------
 
Player 1:  
{7 of Clubs} 
{10 of Clubs} 
{Ace of Clubs} 
{Queen of Spades} 
{3 of Clubs} 
 
Player 2:  
{Queen of Diamonds} 
{King of Hearts} 
{Ace of Spades} 
{5 of Clubs} 
{Jack of Hearts} 
 
EvaluateHands() Player 1 testing: 
 
[0, 1, 0, 0, 0, 1, 0, 0, 1, 0, 1, 0, 1]
[4, 1, 0, 0]
Hand value: 12
 
EvaluateHands() Player 2 testing: 
 
[0, 0, 0, 1, 0, 0, 0, 0, 0, 1, 1, 1, 1]
[1, 1, 2, 1]
Hand value: 12
------------------------
------------------------
 
Player 1:  
{2 of Spades} 
{6 of Diamonds} 
{3 of Spades} 
{2 of Hearts} 
{Queen of Diamonds} 
 
Player 2:  
{8 of Hearts} 
{7 of Diamonds} 
{8 of Spades} 
{5 of Diamonds} 
{3 of Diamonds} 
 
EvaluateHands() Player 1 testing: 
 
Pair
[2, 1, 0, 0, 1, 0, 0, 0, 0, 0, 1, 0, 0]
[0, 2, 1, 2]
Hand value: 100
 
EvaluateHands() Player 2 testing: 
 
Pair
[0, 1, 0, 1, 0, 1, 2, 0, 0, 0, 0, 0, 0]
[0, 1, 1, 3]
Hand value: 106
------------------------
------------------------
 
Player 1:  
{8 of Diamonds} 
{King of Clubs} 
{6 of Spades} 
{4 of Hearts} 
{10 of Clubs} 
 
Player 2:  
{Queen of Hearts} 
{3 of Spades} 
{Ace of Clubs} 
{10 of Diamonds} 
{5 of Clubs} 
 
EvaluateHands() Player 1 testing: 
 
[0, 0, 1, 0, 1, 0, 1, 0, 1, 0, 0, 1, 0]
[2, 1, 1, 1]
Hand value: 11
 
EvaluateHands() Player 2 testing: 
 
[0, 1, 0, 1, 0, 0, 0, 0, 1, 0, 1, 0, 1]
[2, 1, 1, 1]
Hand value: 12
------------------------
------------------------
 
Player 1:  
{8 of Spades} 
{King of Diamonds} 
{4 of Spades} 
{Ace of Diamonds} 
{Queen of Hearts} 
 
Player 2:  
{3 of Clubs} 
{Jack of Hearts} 
{King of Spades} 
{Jack of Diamonds} 
{6 of Hearts} 
 
EvaluateHands() Player 1 testing: 
 
[0, 0, 1, 0, 0, 0, 1, 0, 0, 0, 1, 1, 1]
[0, 2, 1, 2]
Hand value: 12
 
EvaluateHands() Player 2 testing: 
 
Pair
[0, 1, 0, 0, 1, 0, 0, 0, 0, 2, 0, 1, 0]
[1, 1, 2, 1]
Hand value: 109
------------------------
------------------------
 
Player 1:  
{9 of Diamonds} 
{7 of Spades} 
{6 of Diamonds} 
{8 of Hearts} 
{3 of Clubs} 
 
Player 2:  
{Queen of Clubs} 
{Jack of Spades} 
{2 of Diamonds} 
{2 of Hearts} 
{4 of Hearts} 
 
EvaluateHands() Player 1 testing: 
 
[0, 1, 0, 0, 1, 1, 1, 1, 0, 0, 0, 0, 0]
[1, 1, 1, 2]
Hand value: 7
 
EvaluateHands() Player 2 testing: 
 
Pair
[2, 0, 1, 0, 0, 0, 0, 0, 0, 1, 1, 0, 0]
[1, 1, 2, 1]
Hand value: 100
------------------------
------------------------
 
Player 1:  
{3 of Clubs} 
{6 of Hearts} 
{Ace of Clubs} 
{5 of Diamonds} 
{7 of Spades} 
 
Player 2:  
{Ace of Hearts} 
{5 of Clubs} 
{Jack of Diamonds} 
{3 of Diamonds} 
{6 of Clubs} 
 
EvaluateHands() Player 1 testing: 
 
[0, 1, 0, 1, 1, 1, 0, 0, 0, 0, 0, 0, 1]
[2, 1, 1, 1]
Hand value: 12
 
EvaluateHands() Player 2 testing: 
 
[0, 1, 0, 1, 1, 0, 0, 0, 0, 1, 0, 0, 1]
[2, 0, 1, 2]
Hand value: 12
------------------------
------------------------
 
Player 1:  
{7 of Hearts} 
{Jack of Hearts} 
{Ace of Hearts} 
{Queen of Spades} 
{5 of Diamonds} 
 
Player 2:  
{2 of Hearts} 
{Jack of Clubs} 
{8 of Diamonds} 
{5 of Hearts} 
{6 of Spades} 
 
EvaluateHands() Player 1 testing: 
 
[0, 0, 0, 1, 0, 1, 0, 0, 0, 1, 1, 0, 1]
[0, 1, 3, 1]
Hand value: 12
 
EvaluateHands() Player 2 testing: 
 
[1, 0, 0, 1, 1, 0, 1, 0, 0, 1, 0, 0, 0]
[1, 1, 2, 1]
Hand value: 9
------------------------
------------------------
 
Player 1:  
{Jack of Hearts} 
{King of Hearts} 
{9 of Hearts} 
{Ace of Hearts} 
{3 of Spades} 
 
Player 2:  
{9 of Diamonds} 
{Jack of Diamonds} 
{Queen of Spades} 
{10 of Diamonds} 
{9 of Spades} 
 
EvaluateHands() Player 1 testing: 
 
[0, 1, 0, 0, 0, 0, 0, 1, 0, 1, 0, 1, 1]
[0, 1, 4, 0]
Hand value: 12
 
EvaluateHands() Player 2 testing: 
 
Pair
[0, 0, 0, 0, 0, 0, 0, 2, 1, 1, 1, 0, 0]
[0, 2, 0, 3]
Hand value: 107
------------------------
------------------------
 
Player 1:  
{Jack of Clubs} 
{Jack of Diamonds} 
{2 of Hearts} 
{6 of Diamonds} 
{4 of Diamonds} 
 
Player 2:  
{2 of Diamonds} 
{9 of Hearts} 
{8 of Diamonds} 
{5 of Spades} 
{8 of Hearts} 
 
EvaluateHands() Player 1 testing: 
 
Pair
[1, 0, 1, 0, 1, 0, 0, 0, 0, 2, 0, 0, 0]
[1, 0, 1, 3]
Hand value: 109
 
EvaluateHands() Player 2 testing: 
 
Pair
[1, 0, 0, 1, 0, 0, 2, 1, 0, 0, 0, 0, 0]
[0, 1, 2, 2]
Hand value: 106
------------------------
------------------------
 
Player 1:  
{2 of Clubs} 
{10 of Hearts} 
{5 of Hearts} 
{2 of Diamonds} 
{4 of Clubs} 
 
Player 2:  
{King of Diamonds} 
{Jack of Diamonds} 
{7 of Clubs} 
{7 of Diamonds} 
{9 of Spades} 
 
EvaluateHands() Player 1 testing: 
 
Pair
[2, 0, 1, 1, 0, 0, 0, 0, 1, 0, 0, 0, 0]
[2, 0, 2, 1]
Hand value: 100
 
EvaluateHands() Player 2 testing: 
 
Pair
[0, 0, 0, 0, 0, 2, 0, 1, 0, 1, 0, 1, 0]
[1, 1, 0, 3]
Hand value: 105
------------------------
------------------------
 
Player 1:  
{3 of Clubs} 
{8 of Spades} 
{Ace of Clubs} 
{6 of Clubs} 
{9 of Spades} 
 
Player 2:  
{King of Clubs} 
{2 of Clubs} 
{Jack of Clubs} 
{King of Hearts} 
{9 of Clubs} 
 
EvaluateHands() Player 1 testing: 
 
[0, 1, 0, 0, 1, 0, 1, 1, 0, 0, 0, 0, 1]
[3, 2, 0, 0]
Hand value: 12
 
EvaluateHands() Player 2 testing: 
 
Pair
[1, 0, 0, 0, 0, 0, 0, 1, 0, 1, 0, 2, 0]
[4, 0, 1, 0]
Hand value: 111
------------------------
------------------------
 
Player 1:  
{7 of Spades} 
{5 of Clubs} 
{7 of Hearts} 
{7 of Diamonds} 
{10 of Hearts} 
 
Player 2:  
{3 of Spades} 
{6 of Diamonds} 
{10 of Diamonds} 
{2 of Diamonds} 
{8 of Hearts} 
 
EvaluateHands() Player 1 testing: 
 
Three of a Kind
[0, 0, 0, 1, 0, 3, 0, 0, 1, 0, 0, 0, 0]
[1, 1, 2, 1]
Hand value: 305
 
EvaluateHands() Player 2 testing: 
 
[1, 1, 0, 0, 1, 0, 1, 0, 1, 0, 0, 0, 0]
[0, 1, 1, 3]
Hand value: 8
------------------------
------------------------
 
Player 1:  
{8 of Spades} 
{King of Spades} 
{2 of Hearts} 
{9 of Clubs} 
{King of Hearts} 
 
Player 2:  
{7 of Diamonds} 
{4 of Clubs} 
{10 of Clubs} 
{5 of Diamonds} 
{King of Diamonds} 
 
EvaluateHands() Player 1 testing: 
 
Pair
[1, 0, 0, 0, 0, 0, 1, 1, 0, 0, 0, 2, 0]
[1, 2, 2, 0]
Hand value: 111
 
EvaluateHands() Player 2 testing: 
 
[0, 0, 1, 1, 0, 1, 0, 0, 1, 0, 0, 1, 0]
[2, 0, 0, 3]
Hand value: 11
------------------------
------------------------
 
Player 1:  
{3 of Hearts} 
{Jack of Clubs} 
{King of Clubs} 
{2 of Hearts} 
{4 of Clubs} 
 
Player 2:  
{6 of Spades} 
{5 of Hearts} 
{5 of Clubs} 
{7 of Diamonds} 
{Ace of Diamonds} 
 
EvaluateHands() Player 1 testing: 
 
[1, 1, 1, 0, 0, 0, 0, 0, 0, 1, 0, 1, 0]
[3, 0, 2, 0]
Hand value: 11
 
EvaluateHands() Player 2 testing: 
 
Pair
[0, 0, 0, 2, 1, 1, 0, 0, 0, 0, 0, 0, 1]
[1, 1, 1, 2]
Hand value: 103
------------------------
------------------------
 
Player 1:  
{10 of Clubs} 
{7 of Spades} 
{8 of Spades} 
{King of Hearts} 
{8 of Clubs} 
 
Player 2:  
{King of Diamonds} 
{8 of Diamonds} 
{King of Clubs} 
{9 of Diamonds} 
{2 of Diamonds} 
 
EvaluateHands() Player 1 testing: 
 
Pair
[0, 0, 0, 0, 0, 1, 2, 0, 1, 0, 0, 1, 0]
[2, 2, 1, 0]
Hand value: 106
 
EvaluateHands() Player 2 testing: 
 
Pair
[1, 0, 0, 0, 0, 0, 1, 1, 0, 0, 0, 2, 0]
[1, 0, 0, 4]
Hand value: 111
------------------------
------------------------
 
Player 1:  
{3 of Diamonds} 
{Queen of Diamonds} 
{2 of Clubs} 
{Ace of Spades} 
{5 of Spades} 
 
Player 2:  
{Ace of Clubs} 
{Queen of Hearts} 
{8 of Diamonds} 
{4 of Spades} 
{Jack of Hearts} 
 
EvaluateHands() Player 1 testing: 
 
[1, 1, 0, 1, 0, 0, 0, 0, 0, 0, 1, 0, 1]
[1, 2, 0, 2]
Hand value: 12
 
EvaluateHands() Player 2 testing: 
 
[0, 0, 1, 0, 0, 0, 1, 0, 0, 1, 1, 0, 1]
[1, 1, 2, 1]
Hand value: 12
------------------------
------------------------
 
Player 1:  
{9 of Diamonds} 
{Jack of Spades} 
{Queen of Diamonds} 
{7 of Clubs} 
{Ace of Hearts} 
 
Player 2:  
{6 of Spades} 
{9 of Clubs} 
{8 of Spades} 
{6 of Clubs} 
{8 of Clubs} 
 
EvaluateHands() Player 1 testing: 
 
[0, 0, 0, 0, 0, 1, 0, 1, 0, 1, 1, 0, 1]
[1, 1, 1, 2]
Hand value: 12
 
EvaluateHands() Player 2 testing: 
 
Two Pairs
[0, 0, 0, 0, 2, 0, 2, 1, 0, 0, 0, 0, 0]
[3, 2, 0, 0]
Hand value: 207
------------------------
------------------------
 
Player 1:  
{2 of Spades} 
{3 of Diamonds} 
{10 of Clubs} 
{Ace of Spades} 
{Queen of Clubs} 
 
Player 2:  
{7 of Clubs} 
{Queen of Diamonds} 
{Jack of Clubs} 
{3 of Clubs} 
{6 of Diamonds} 
 
EvaluateHands() Player 1 testing: 
 
[1, 1, 0, 0, 0, 0, 0, 0, 1, 0, 1, 0, 1]
[2, 2, 0, 1]
Hand value: 12
 
EvaluateHands() Player 2 testing: 
 
[0, 1, 0, 0, 1, 1, 0, 0, 0, 1, 1, 0, 0]
[3, 0, 0, 2]
Hand value: 10
------------------------
------------------------
 
Player 1:  
{4 of Clubs} 
{2 of Clubs} 
{King of Diamonds} 
{2 of Diamonds} 
{3 of Diamonds} 
 
Player 2:  
{7 of Clubs} 
{Queen of Hearts} 
{3 of Spades} 
{10 of Clubs} 
{King of Hearts} 
 
EvaluateHands() Player 1 testing: 
 
Pair
[2, 1, 1, 0, 0, 0, 0, 0, 0, 0, 0, 1, 0]
[2, 0, 0, 3]
Hand value: 100
 
EvaluateHands() Player 2 testing: 
 
[0, 1, 0, 0, 0, 1, 0, 0, 1, 0, 1, 1, 0]
[2, 1, 2, 0]
Hand value: 11
------------------------
------------------------
 
Player 1:  
{4 of Diamonds} 
{4 of Hearts} 
{7 of Hearts} 
{10 of Hearts} 
{Jack of Diamonds} 
 
Player 2:  
{5 of Diamonds} 
{4 of Clubs} 
{9 of Diamonds} 
{10 of Spades} 
{3 of Clubs} 
 
EvaluateHands() Player 1 testing: 
 
Pair
[0, 0, 2, 0, 0, 1, 0, 0, 1, 1, 0, 0, 0]
[0, 0, 3, 2]
Hand value: 102
 
EvaluateHands() Player 2 testing: 
 
[0, 1, 1, 1, 0, 0, 0, 1, 1, 0, 0, 0, 0]
[2, 1, 0, 2]
Hand value: 8
------------------------
------------------------
 
Player 1:  
{King of Spades} 
{Queen of Diamonds} 
{4 of Hearts} 
{5 of Hearts} 
{9 of Diamonds} 
 
Player 2:  
{King of Hearts} 
{10 of Spades} 
{5 of Spades} 
{3 of Hearts} 
{5 of Clubs} 
 
EvaluateHands() Player 1 testing: 
 
[0, 0, 1, 1, 0, 0, 0, 1, 0, 0, 1, 1, 0]
[0, 1, 2, 2]
Hand value: 11
 
EvaluateHands() Player 2 testing: 
 
Pair
[0, 1, 0, 2, 0, 0, 0, 0, 1, 0, 0, 1, 0]
[1, 2, 2, 0]
Hand value: 103
------------------------
------------------------
 
Player 1:  
{10 of Hearts} 
{5 of Hearts} 
{5 of Spades} 
{3 of Clubs} 
{Jack of Diamonds} 
 
Player 2:  
{4 of Diamonds} 
{8 of Hearts} 
{7 of Diamonds} 
{7 of Clubs} 
{4 of Clubs} 
 
EvaluateHands() Player 1 testing: 
 
Pair
[0, 1, 0, 2, 0, 0, 0, 0, 1, 1, 0, 0, 0]
[1, 1, 2, 1]
Hand value: 103
 
EvaluateHands() Player 2 testing: 
 
Two Pairs
[0, 0, 2, 0, 0, 2, 1, 0, 0, 0, 0, 0, 0]
[2, 0, 1, 2]
Hand value: 206
------------------------
------------------------
 
Player 1:  
{5 of Hearts} 
{Ace of Hearts} 
{2 of Spades} 
{Ace of Clubs} 
{3 of Hearts} 
 
Player 2:  
{7 of Spades} 
{9 of Hearts} 
{9 of Diamonds} 
{Jack of Clubs} 
{5 of Diamonds} 
 
EvaluateHands() Player 1 testing: 
 
Pair
[1, 1, 0, 1, 0, 0, 0, 0, 0, 0, 0, 0, 2]
[1, 1, 3, 0]
Hand value: 112
 
EvaluateHands() Player 2 testing: 
 
Pair
[0, 0, 0, 1, 0, 1, 0, 2, 0, 1, 0, 0, 0]
[1, 1, 1, 2]
Hand value: 107
------------------------
------------------------
 
Player 1:  
{2 of Hearts} 
{7 of Diamonds} 
{9 of Clubs} 
{8 of Hearts} 
{7 of Hearts} 
 
Player 2:  
{3 of Clubs} 
{5 of Clubs} 
{3 of Hearts} 
{8 of Clubs} 
{King of Hearts} 
 
EvaluateHands() Player 1 testing: 
 
Pair
[1, 0, 0, 0, 0, 2, 1, 1, 0, 0, 0, 0, 0]
[1, 0, 3, 1]
Hand value: 105
 
EvaluateHands() Player 2 testing: 
 
Pair
[0, 2, 0, 1, 0, 0, 1, 0, 0, 0, 0, 1, 0]
[3, 0, 2, 0]
Hand value: 101
------------------------
------------------------
 
Player 1:  
{King of Diamonds} 
{10 of Hearts} 
{6 of Clubs} 
{3 of Hearts} 
{2 of Diamonds} 
 
Player 2:  
{3 of Clubs} 
{6 of Spades} 
{5 of Diamonds} 
{King of Clubs} 
{8 of Hearts} 
 
EvaluateHands() Player 1 testing: 
 
[1, 1, 0, 0, 1, 0, 0, 0, 1, 0, 0, 1, 0]
[1, 0, 2, 2]
Hand value: 11
 
EvaluateHands() Player 2 testing: 
 
[0, 1, 0, 1, 1, 0, 1, 0, 0, 0, 0, 1, 0]
[2, 1, 1, 1]
Hand value: 11
------------------------
------------------------
 
Player 1:  
{Jack of Spades} 
{King of Clubs} 
{6 of Hearts} 
{2 of Hearts} 
{9 of Diamonds} 
 
Player 2:  
{5 of Diamonds} 
{9 of Hearts} 
{7 of Diamonds} 
{4 of Hearts} 
{Ace of Clubs} 
 
EvaluateHands() Player 1 testing: 
 
[1, 0, 0, 0, 1, 0, 0, 1, 0, 1, 0, 1, 0]
[1, 1, 2, 1]
Hand value: 11
 
EvaluateHands() Player 2 testing: 
 
[0, 0, 1, 1, 0, 1, 0, 1, 0, 0, 0, 0, 1]
[1, 0, 2, 2]
Hand value: 12
------------------------
------------------------
 
Player 1:  
{10 of Spades} 
{3 of Clubs} 
{8 of Diamonds} 
{2 of Clubs} 
{5 of Spades} 
 
Player 2:  
{9 of Spades} 
{3 of Diamonds} 
{Queen of Clubs} 
{Jack of Diamonds} 
{Queen of Hearts} 
 
EvaluateHands() Player 1 testing: 
 
[1, 1, 0, 1, 0, 0, 1, 0, 1, 0, 0, 0, 0]
[2, 2, 0, 1]
Hand value: 8
 
EvaluateHands() Player 2 testing: 
 
Pair
[0, 1, 0, 0, 0, 0, 0, 1, 0, 1, 2, 0, 0]
[1, 1, 1, 2]
Hand value: 110
------------------------
------------------------
 
Player 1:  
{4 of Spades} 
{Jack of Hearts} 
{7 of Clubs} 
{10 of Hearts} 
{6 of Hearts} 
 
Player 2:  
{3 of Diamonds} 
{Ace of Spades} 
{Queen of Diamonds} 
{5 of Diamonds} 
{4 of Diamonds} 
 
EvaluateHands() Player 1 testing: 
 
[0, 0, 1, 0, 1, 1, 0, 0, 1, 1, 0, 0, 0]
[1, 1, 3, 0]
Hand value: 9
 
EvaluateHands() Player 2 testing: 
 
[0, 1, 1, 1, 0, 0, 0, 0, 0, 0, 1, 0, 1]
[0, 1, 0, 4]
Hand value: 12
------------------------
------------------------
 
Player 1:  
{2 of Spades} 
{4 of Clubs} 
{Ace of Clubs} 
{Jack of Clubs} 
{Ace of Spades} 
 
Player 2:  
{2 of Diamonds} 
{Jack of Spades} 
{Queen of Hearts} 
{4 of Diamonds} 
{8 of Diamonds} 
 
EvaluateHands() Player 1 testing: 
 
Pair
[1, 0, 1, 0, 0, 0, 0, 0, 0, 1, 0, 0, 2]
[3, 2, 0, 0]
Hand value: 112
 
EvaluateHands() Player 2 testing: 
 
[1, 0, 1, 0, 0, 0, 1, 0, 0, 1, 1, 0, 0]
[0, 1, 1, 3]
Hand value: 10
------------------------
------------------------
 
Player 1:  
{4 of Hearts} 
{7 of Spades} 
{Ace of Clubs} 
{Jack of Hearts} 
{10 of Spades} 
 
Player 2:  
{Queen of Spades} 
{8 of Clubs} 
{Jack of Clubs} 
{2 of Spades} 
{8 of Spades} 
 
EvaluateHands() Player 1 testing: 
 
[0, 0, 1, 0, 0, 1, 0, 0, 1, 1, 0, 0, 1]
[1, 2, 2, 0]
Hand value: 12
 
EvaluateHands() Player 2 testing: 
 
Pair
[1, 0, 0, 0, 0, 0, 2, 0, 0, 1, 1, 0, 0]
[2, 3, 0, 0]
Hand value: 106
------------------------
------------------------
 
Player 1:  
{3 of Spades} 
{9 of Clubs} 
{6 of Spades} 
{7 of Diamonds} 
{5 of Clubs} 
 
Player 2:  
{3 of Clubs} 
{9 of Diamonds} 
{2 of Hearts} 
{4 of Diamonds} 
{Jack of Clubs} 
 
EvaluateHands() Player 1 testing: 
 
[0, 1, 0, 1, 1, 1, 0, 1, 0, 0, 0, 0, 0]
[2, 2, 0, 1]
Hand value: 7
 
EvaluateHands() Player 2 testing: 
 
[1, 1, 1, 0, 0, 0, 0, 1, 0, 1, 0, 0, 0]
[2, 0, 1, 2]
Hand value: 9
------------------------
------------------------
 
Player 1:  
{9 of Clubs} 
{Jack of Hearts} 
{2 of Diamonds} 
{4 of Diamonds} 
{2 of Spades} 
 
Player 2:  
{2 of Hearts} 
{3 of Diamonds} 
{Jack of Diamonds} 
{10 of Spades} 
{3 of Clubs} 
 
EvaluateHands() Player 1 testing: 
 
Pair
[2, 0, 1, 0, 0, 0, 0, 1, 0, 1, 0, 0, 0]
[1, 1, 1, 2]
Hand value: 100
 
EvaluateHands() Player 2 testing: 
 
Pair
[1, 2, 0, 0, 0, 0, 0, 0, 1, 1, 0, 0, 0]
[1, 1, 1, 2]
Hand value: 101
------------------------
------------------------
 
Player 1:  
{10 of Spades} 
{5 of Hearts} 
{4 of Spades} 
{3 of Diamonds} 
{5 of Spades} 
 
Player 2:  
{Queen of Diamonds} 
{2 of Clubs} 
{6 of Diamonds} 
{Ace of Diamonds} 
{Queen of Clubs} 
 
EvaluateHands() Player 1 testing: 
 
Pair
[0, 1, 1, 2, 0, 0, 0, 0, 1, 0, 0, 0, 0]
[0, 3, 1, 1]
Hand value: 103
 
EvaluateHands() Player 2 testing: 
 
Pair
[1, 0, 0, 0, 1, 0, 0, 0, 0, 0, 2, 0, 1]
[2, 0, 0, 3]
Hand value: 110
------------------------
------------------------
 
Player 1:  
{Ace of Hearts} 
{3 of Hearts} 
{9 of Hearts} 
{7 of Hearts} 
{4 of Diamonds} 
 
Player 2:  
{Jack of Spades} 
{4 of Spades} 
{2 of Spades} 
{2 of Clubs} 
{3 of Diamonds} 
 
EvaluateHands() Player 1 testing: 
 
[0, 1, 1, 0, 0, 1, 0, 1, 0, 0, 0, 0, 1]
[0, 0, 4, 1]
Hand value: 12
 
EvaluateHands() Player 2 testing: 
 
Pair
[2, 1, 1, 0, 0, 0, 0, 0, 0, 1, 0, 0, 0]
[1, 3, 0, 1]
Hand value: 100
------------------------
------------------------
 
Player 1:  
{Queen of Clubs} 
{8 of Clubs} 
{7 of Hearts} 
{10 of Diamonds} 
{3 of Diamonds} 
 
Player 2:  
{9 of Spades} 
{10 of Clubs} 
{10 of Hearts} 
{7 of Spades} 
{5 of Diamonds} 
 
EvaluateHands() Player 1 testing: 
 
[0, 1, 0, 0, 0, 1, 1, 0, 1, 0, 1, 0, 0]
[2, 0, 1, 2]
Hand value: 10
 
EvaluateHands() Player 2 testing: 
 
Pair
[0, 0, 0, 1, 0, 1, 0, 1, 2, 0, 0, 0, 0]
[1, 2, 1, 1]
Hand value: 108
------------------------
------------------------
 
Player 1:  
{2 of Clubs} 
{9 of Spades} 
{Ace of Hearts} 
{5 of Spades} 
{7 of Clubs} 
 
Player 2:  
{Ace of Spades} 
{2 of Diamonds} 
{3 of Diamonds} 
{King of Diamonds} 
{8 of Clubs} 
 
EvaluateHands() Player 1 testing: 
 
[1, 0, 0, 1, 0, 1, 0, 1, 0, 0, 0, 0, 1]
[2, 2, 1, 0]
Hand value: 12
 
EvaluateHands() Player 2 testing: 
 
[1, 1, 0, 0, 0, 0, 1, 0, 0, 0, 0, 1, 1]
[1, 1, 0, 3]
Hand value: 12
------------------------
------------------------
 
Player 1:  
{4 of Diamonds} 
{8 of Hearts} 
{2 of Diamonds} 
{9 of Spades} 
{8 of Diamonds} 
 
Player 2:  
{5 of Diamonds} 
{9 of Diamonds} 
{Queen of Diamonds} 
{Ace of Diamonds} 
{8 of Clubs} 
 
EvaluateHands() Player 1 testing: 
 
Pair
[1, 0, 1, 0, 0, 0, 2, 1, 0, 0, 0, 0, 0]
[0, 1, 1, 3]
Hand value: 106
 
EvaluateHands() Player 2 testing: 
 
[0, 0, 0, 1, 0, 0, 1, 1, 0, 0, 1, 0, 1]
[1, 0, 0, 4]
Hand value: 12
------------------------
------------------------
 
Player 1:  
{6 of Clubs} 
{7 of Clubs} 
{3 of Hearts} 
{2 of Hearts} 
{9 of Spades} 
 
Player 2:  
{Ace of Spades} 
{Queen of Spades} 
{Ace of Diamonds} 
{2 of Diamonds} 
{King of Diamonds} 
 
EvaluateHands() Player 1 testing: 
 
[1, 1, 0, 0, 1, 1, 0, 1, 0, 0, 0, 0, 0]
[2, 1, 2, 0]
Hand value: 7
 
EvaluateHands() Player 2 testing: 
 
Pair
[1, 0, 0, 0, 0, 0, 0, 0, 0, 0, 1, 1, 2]
[0, 2, 0, 3]
Hand value: 112
------------------------
------------------------
 
Player 1:  
{Ace of Spades} 
{2 of Diamonds} 
{8 of Diamonds} 
{King of Hearts} 
{Queen of Clubs} 
 
Player 2:  
{2 of Hearts} 
{4 of Diamonds} 
{3 of Hearts} 
{6 of Hearts} 
{3 of Diamonds} 
 
EvaluateHands() Player 1 testing: 
 
[1, 0, 0, 0, 0, 0, 1, 0, 0, 0, 1, 1, 1]
[1, 1, 1, 2]
Hand value: 12
 
EvaluateHands() Player 2 testing: 
 
Pair
[1, 2, 1, 0, 1, 0, 0, 0, 0, 0, 0, 0, 0]
[0, 0, 3, 2]
Hand value: 101
------------------------
------------------------
 
Player 1:  
{Queen of Diamonds} 
{5 of Hearts} 
{Ace of Diamonds} 
{Jack of Clubs} 
{4 of Clubs} 
 
Player 2:  
{2 of Spades} 
{9 of Diamonds} 
{Jack of Diamonds} 
{6 of Hearts} 
{7 of Hearts} 
 
EvaluateHands() Player 1 testing: 
 
[0, 0, 1, 1, 0, 0, 0, 0, 0, 1, 1, 0, 1]
[2, 0, 1, 2]
Hand value: 12
 
EvaluateHands() Player 2 testing: 
 
[1, 0, 0, 0, 1, 1, 0, 1, 0, 1, 0, 0, 0]
[0, 1, 2, 2]
Hand value: 9
------------------------
------------------------
 
Player 1:  
{3 of Hearts} 
{6 of Diamonds} 
{Jack of Clubs} 
{10 of Hearts} 
{10 of Diamonds} 
 
Player 2:  
{Queen of Hearts} 
{9 of Spades} 
{7 of Spades} 
{Queen of Spades} 
{6 of Clubs} 
 
EvaluateHands() Player 1 testing: 
 
Pair
[0, 1, 0, 0, 1, 0, 0, 0, 2, 1, 0, 0, 0]
[1, 0, 2, 2]
Hand value: 108
 
EvaluateHands() Player 2 testing: 
 
Pair
[0, 0, 0, 0, 1, 1, 0, 1, 0, 0, 2, 0, 0]
[1, 3, 1, 0]
Hand value: 110
------------------------
------------------------
 
Player 1:  
{Queen of Clubs} 
{7 of Clubs} 
{2 of Clubs} 
{3 of Clubs} 
{Queen of Spades} 
 
Player 2:  
{9 of Hearts} 
{8 of Clubs} 
{Ace of Clubs} 
{5 of Diamonds} 
{Queen of Diamonds} 
 
EvaluateHands() Player 1 testing: 
 
Pair
[1, 1, 0, 0, 0, 1, 0, 0, 0, 0, 2, 0, 0]
[4, 1, 0, 0]
Hand value: 110
 
EvaluateHands() Player 2 testing: 
 
[0, 0, 0, 1, 0, 0, 1, 1, 0, 0, 1, 0, 1]
[2, 0, 1, 2]
Hand value: 12
------------------------
------------------------
 
Player 1:  
{9 of Hearts} 
{King of Diamonds} 
{Jack of Hearts} 
{4 of Clubs} 
{Queen of Diamonds} 
 
Player 2:  
{3 of Spades} 
{9 of Diamonds} 
{2 of Hearts} 
{King of Clubs} 
{5 of Diamonds} 
 
EvaluateHands() Player 1 testing: 
 
[0, 0, 1, 0, 0, 0, 0, 1, 0, 1, 1, 1, 0]
[1, 0, 2, 2]
Hand value: 11
 
EvaluateHands() Player 2 testing: 
 
[1, 1, 0, 1, 0, 0, 0, 1, 0, 0, 0, 1, 0]
[1, 1, 1, 2]
Hand value: 11
------------------------
------------------------
 
Player 1:  
{7 of Clubs} 
{Queen of Diamonds} 
{6 of Spades} 
{2 of Clubs} 
{Queen of Spades} 
 
Player 2:  
{9 of Hearts} 
{Ace of Hearts} 
{4 of Diamonds} 
{8 of Clubs} 
{7 of Spades} 
 
EvaluateHands() Player 1 testing: 
 
Pair
[1, 0, 0, 0, 1, 1, 0, 0, 0, 0, 2, 0, 0]
[2, 2, 0, 1]
Hand value: 110
 
EvaluateHands() Player 2 testing: 
 
[0, 0, 1, 0, 0, 1, 1, 1, 0, 0, 0, 0, 1]
[1, 1, 2, 1]
Hand value: 12
------------------------
------------------------
 
Player 1:  
{6 of Clubs} 
{8 of Diamonds} 
{Queen of Hearts} 
{Jack of Diamonds} 
{King of Hearts} 
 
Player 2:  
{6 of Diamonds} 
{5 of Clubs} 
{10 of Diamonds} 
{3 of Hearts} 
{7 of Spades} 
 
EvaluateHands() Player 1 testing: 
 
[0, 0, 0, 0, 1, 0, 1, 0, 0, 1, 1, 1, 0]
[1, 0, 2, 2]
Hand value: 11
 
EvaluateHands() Player 2 testing: 
 
[0, 1, 0, 1, 1, 1, 0, 0, 1, 0, 0, 0, 0]
[1, 1, 1, 2]
Hand value: 8
------------------------
------------------------
 
Player 1:  
{Ace of Diamonds} 
{2 of Diamonds} 
{9 of Hearts} 
{6 of Hearts} 
{3 of Clubs} 
 
Player 2:  
{7 of Hearts} 
{5 of Hearts} 
{4 of Clubs} 
{10 of Hearts} 
{Queen of Clubs} 
 
EvaluateHands() Player 1 testing: 
 
[1, 1, 0, 0, 1, 0, 0, 1, 0, 0, 0, 0, 1]
[1, 0, 2, 2]
Hand value: 12
 
EvaluateHands() Player 2 testing: 
 
[0, 0, 1, 1, 0, 1, 0, 0, 1, 0, 1, 0, 0]
[2, 0, 3, 0]
Hand value: 10
------------------------
------------------------
 
Player 1:  
{6 of Spades} 
{6 of Clubs} 
{Jack of Diamonds} 
{Ace of Spades} 
{3 of Clubs} 
 
Player 2:  
{Queen of Diamonds} 
{2 of Diamonds} 
{5 of Hearts} 
{Jack of Hearts} 
{King of Spades} 
 
EvaluateHands() Player 1 testing: 
 
Pair
[0, 1, 0, 0, 2, 0, 0, 0, 0, 1, 0, 0, 1]
[2, 2, 0, 1]
Hand value: 104
 
EvaluateHands() Player 2 testing: 
 
[1, 0, 0, 1, 0, 0, 0, 0, 0, 1, 1, 1, 0]
[0, 1, 2, 2]
Hand value: 11
------------------------
------------------------
 
Player 1:  
{10 of Clubs} 
{Jack of Diamonds} 
{7 of Spades} 
{King of Hearts} 
{7 of Hearts} 
 
Player 2:  
{King of Clubs} 
{4 of Hearts} 
{10 of Hearts} 
{Ace of Diamonds} 
{7 of Clubs} 
 
EvaluateHands() Player 1 testing: 
 
Pair
[0, 0, 0, 0, 0, 2, 0, 0, 1, 1, 0, 1, 0]
[1, 1, 2, 1]
Hand value: 105
 
EvaluateHands() Player 2 testing: 
 
[0, 0, 1, 0, 0, 1, 0, 0, 1, 0, 0, 1, 1]
[2, 0, 2, 1]
Hand value: 12
------------------------
------------------------
 
Player 1:  
{King of Clubs} 
{Jack of Diamonds} 
{3 of Diamonds} 
{Queen of Clubs} 
{9 of Clubs} 
 
Player 2:  
{5 of Diamonds} 
{2 of Clubs} 
{7 of Hearts} 
{King of Hearts} 
{7 of Diamonds} 
 
EvaluateHands() Player 1 testing: 
 
[0, 1, 0, 0, 0, 0, 0, 1, 0, 1, 1, 1, 0]
[3, 0, 0, 2]
Hand value: 11
 
EvaluateHands() Player 2 testing: 
 
Pair
[1, 0, 0, 1, 0, 2, 0, 0, 0, 0, 0, 1, 0]
[1, 0, 2, 2]
Hand value: 105
------------------------
------------------------
 
Player 1:  
{3 of Clubs} 
{8 of Hearts} 
{6 of Spades} 
{Jack of Hearts} 
{Jack of Diamonds} 
 
Player 2:  
{5 of Diamonds} 
{Ace of Hearts} 
{Ace of Diamonds} 
{3 of Spades} 
{2 of Spades} 
 
EvaluateHands() Player 1 testing: 
 
Pair
[0, 1, 0, 0, 1, 0, 1, 0, 0, 2, 0, 0, 0]
[1, 1, 2, 1]
Hand value: 109
 
EvaluateHands() Player 2 testing: 
 
Pair
[1, 1, 0, 1, 0, 0, 0, 0, 0, 0, 0, 0, 2]
[0, 2, 1, 2]
Hand value: 112
------------------------
------------------------
 
Player 1:  
{6 of Clubs} 
{3 of Clubs} 
{3 of Hearts} 
{9 of Clubs} 
{8 of Spades} 
 
Player 2:  
{2 of Hearts} 
{King of Diamonds} 
{5 of Clubs} 
{2 of Diamonds} 
{2 of Clubs} 
 
EvaluateHands() Player 1 testing: 
 
Pair
[0, 2, 0, 0, 1, 0, 1, 1, 0, 0, 0, 0, 0]
[3, 1, 1, 0]
Hand value: 101
 
EvaluateHands() Player 2 testing: 
 
Three of a Kind
[3, 0, 0, 1, 0, 0, 0, 0, 0, 0, 0, 1, 0]
[2, 0, 1, 2]
Hand value: 300
------------------------
------------------------
 
Player 1:  
{Ace of Hearts} 
{6 of Diamonds} 
{Ace of Clubs} 
{Jack of Diamonds} 
{8 of Hearts} 
 
Player 2:  
{Jack of Hearts} 
{4 of Spades} 
{7 of Spades} 
{3 of Spades} 
{3 of Diamonds} 
 
EvaluateHands() Player 1 testing: 
 
Pair
[0, 0, 0, 0, 1, 0, 1, 0, 0, 1, 0, 0, 2]
[1, 0, 2, 2]
Hand value: 112
 
EvaluateHands() Player 2 testing: 
 
Pair
[0, 2, 1, 0, 0, 1, 0, 0, 0, 1, 0, 0, 0]
[0, 3, 1, 1]
Hand value: 101
------------------------
------------------------
 
Player 1:  
{2 of Hearts} 
{8 of Spades} 
{Jack of Clubs} 
{6 of Hearts} 
{5 of Spades} 
 
Player 2:  
{Ace of Diamonds} 
{7 of Spades} 
{10 of Diamonds} 
{4 of Diamonds} 
{7 of Clubs} 
 
EvaluateHands() Player 1 testing: 
 
[1, 0, 0, 1, 1, 0, 1, 0, 0, 1, 0, 0, 0]
[1, 2, 2, 0]
Hand value: 9
 
EvaluateHands() Player 2 testing: 
 
Pair
[0, 0, 1, 0, 0, 2, 0, 0, 1, 0, 0, 0, 1]
[1, 1, 0, 3]
Hand value: 105
------------------------
------------------------
 
Player 1:  
{2 of Hearts} 
{Jack of Clubs} 
{8 of Diamonds} 
{Jack of Diamonds} 
{9 of Diamonds} 
 
Player 2:  
{Queen of Spades} 
{Ace of Hearts} 
{7 of Spades} 
{Queen of Hearts} 
{4 of Clubs} 
 
EvaluateHands() Player 1 testing: 
 
Pair
[1, 0, 0, 0, 0, 0, 1, 1, 0, 2, 0, 0, 0]
[1, 0, 1, 3]
Hand value: 109
 
EvaluateHands() Player 2 testing: 
 
Pair
[0, 0, 1, 0, 0, 1, 0, 0, 0, 0, 2, 0, 1]
[1, 2, 2, 0]
Hand value: 110
------------------------
------------------------
 
Player 1:  
{6 of Hearts} 
{5 of Diamonds} 
{9 of Clubs} 
{King of Spades} 
{10 of Diamonds} 
 
Player 2:  
{3 of Spades} 
{Queen of Hearts} 
{2 of Spades} 
{4 of Spades} 
{King of Hearts} 
 
EvaluateHands() Player 1 testing: 
 
[0, 0, 0, 1, 1, 0, 0, 1, 1, 0, 0, 1, 0]
[1, 1, 1, 2]
Hand value: 11
 
EvaluateHands() Player 2 testing: 
 
[1, 1, 1, 0, 0, 0, 0, 0, 0, 0, 1, 1, 0]
[0, 3, 2, 0]
Hand value: 11
------------------------
------------------------
 
Player 1:  
{8 of Spades} 
{2 of Spades} 
{3 of Clubs} 
{5 of Hearts} 
{8 of Hearts} 
 
Player 2:  
{4 of Hearts} 
{9 of Spades} 
{6 of Spades} 
{Queen of Diamonds} 
{Queen of Clubs} 
 
EvaluateHands() Player 1 testing: 
 
Pair
[1, 1, 0, 1, 0, 0, 2, 0, 0, 0, 0, 0, 0]
[1, 2, 2, 0]
Hand value: 106
 
EvaluateHands() Player 2 testing: 
 
Pair
[0, 0, 1, 0, 1, 0, 0, 1, 0, 0, 2, 0, 0]
[1, 2, 1, 1]
Hand value: 110
------------------------
------------------------
 
Player 1:  
{Jack of Hearts} 
{Ace of Hearts} 
{Queen of Diamonds} 
{Ace of Spades} 
{10 of Diamonds} 
 
Player 2:  
{2 of Diamonds} 
{4 of Clubs} 
{2 of Spades} 
{4 of Diamonds} 
{10 of Spades} 
 
EvaluateHands() Player 1 testing: 
 
Pair
[0, 0, 0, 0, 0, 0, 0, 0, 1, 1, 1, 0, 2]
[0, 1, 2, 2]
Hand value: 112
 
EvaluateHands() Player 2 testing: 
 
Two Pairs
[2, 0, 2, 0, 0, 0, 0, 0, 1, 0, 0, 0, 0]
[1, 2, 0, 2]
Hand value: 208
------------------------
------------------------
 
Player 1:  
{Queen of Diamonds} 
{10 of Diamonds} 
{King of Spades} 
{10 of Spades} 
{9 of Diamonds} 
 
Player 2:  
{5 of Hearts} 
{5 of Diamonds} 
{Ace of Spades} 
{9 of Spades} 
{Ace of Clubs} 
 
EvaluateHands() Player 1 testing: 
 
Pair
[0, 0, 0, 0, 0, 0, 0, 1, 2, 0, 1, 1, 0]
[0, 2, 0, 3]
Hand value: 108
 
EvaluateHands() Player 2 testing: 
 
Pair
[0, 0, 0, 2, 0, 0, 0, 1, 0, 0, 0, 0, 2]
[1, 2, 1, 1]
Hand value: 103
------------------------
------------------------
 
Player 1:  
{9 of Diamonds} 
{8 of Clubs} 
{6 of Diamonds} 
{8 of Spades} 
{6 of Clubs} 
 
Player 2:  
{9 of Clubs} 
{3 of Clubs} 
{King of Diamonds} 
{7 of Clubs} 
{9 of Hearts} 
 
EvaluateHands() Player 1 testing: 
 
Two Pairs
[0, 0, 0, 0, 2, 0, 2, 1, 0, 0, 0, 0, 0]
[2, 1, 0, 2]
Hand value: 207
 
EvaluateHands() Player 2 testing: 
 
Pair
[0, 1, 0, 0, 0, 1, 0, 2, 0, 0, 0, 1, 0]
[3, 0, 1, 1]
Hand value: 107
------------------------
------------------------
 
Player 1:  
{7 of Hearts} 
{8 of Clubs} 
{Queen of Hearts} 
{Jack of Clubs} 
{9 of Diamonds} 
 
Player 2:  
{7 of Clubs} 
{5 of Diamonds} 
{10 of Clubs} 
{6 of Diamonds} 
{4 of Diamonds} 
 
EvaluateHands() Player 1 testing: 
 
[0, 0, 0, 0, 0, 1, 1, 1, 0, 1, 1, 0, 0]
[2, 0, 2, 1]
Hand value: 10
 
EvaluateHands() Player 2 testing: 
 
[0, 0, 1, 1, 1, 1, 0, 0, 1, 0, 0, 0, 0]
[2, 0, 0, 3]
Hand value: 8
------------------------
------------------------
 
Player 1:  
{6 of Hearts} 
{6 of Diamonds} 
{5 of Spades} 
{5 of Hearts} 
{10 of Clubs} 
 
Player 2:  
{8 of Diamonds} 
{Ace of Spades} 
{4 of Clubs} 
{King of Hearts} 
{6 of Spades} 
 
EvaluateHands() Player 1 testing: 
 
Two Pairs
[0, 0, 0, 2, 2, 0, 0, 0, 1, 0, 0, 0, 0]
[1, 1, 2, 1]
Hand value: 208
 
EvaluateHands() Player 2 testing: 
 
[0, 0, 1, 0, 1, 0, 1, 0, 0, 0, 0, 1, 1]
[1, 2, 1, 1]
Hand value: 12
------------------------
------------------------
 
Player 1:  
{4 of Spades} 
{3 of Spades} 
{3 of Clubs} 
{4 of Diamonds} 
{Jack of Spades} 
 
Player 2:  
{4 of Hearts} 
{8 of Diamonds} 
{6 of Clubs} 
{5 of Diamonds} 
{King of Hearts} 
 
EvaluateHands() Player 1 testing: 
 
Two Pairs
[0, 2, 2, 0, 0, 0, 0, 0, 0, 1, 0, 0, 0]
[1, 3, 0, 1]
Hand value: 209
 
EvaluateHands() Player 2 testing: 
 
[0, 0, 1, 1, 1, 0, 1, 0, 0, 0, 0, 1, 0]
[1, 0, 2, 2]
Hand value: 11
------------------------
------------------------
 
Player 1:  
{Queen of Spades} 
{8 of Hearts} 
{4 of Spades} 
{5 of Spades} 
{3 of Spades} 
 
Player 2:  
{King of Spades} 
{6 of Spades} 
{4 of Diamonds} 
{Queen of Clubs} 
{Jack of Clubs} 
 
EvaluateHands() Player 1 testing: 
 
[0, 1, 1, 1, 0, 0, 1, 0, 0, 0, 1, 0, 0]
[0, 4, 1, 0]
Hand value: 10
 
EvaluateHands() Player 2 testing: 
 
[0, 0, 1, 0, 1, 0, 0, 0, 0, 1, 1, 1, 0]
[2, 2, 0, 1]
Hand value: 11
------------------------
------------------------
 
Player 1:  
{King of Spades} 
{6 of Clubs} 
{4 of Spades} 
{3 of Clubs} 
{Ace of Hearts} 
 
Player 2:  
{King of Clubs} 
{Jack of Diamonds} 
{2 of Diamonds} 
{Ace of Diamonds} 
{Jack of Clubs} 
 
EvaluateHands() Player 1 testing: 
 
[0, 1, 1, 0, 1, 0, 0, 0, 0, 0, 0, 1, 1]
[2, 2, 1, 0]
Hand value: 12
 
EvaluateHands() Player 2 testing: 
 
Pair
[1, 0, 0, 0, 0, 0, 0, 0, 0, 2, 0, 1, 1]
[2, 0, 0, 3]
Hand value: 109
------------------------
------------------------
 
Player 1:  
{4 of Hearts} 
{Ace of Diamonds} 
{6 of Clubs} 
{8 of Spades} 
{Ace of Spades} 
 
Player 2:  
{5 of Diamonds} 
{8 of Hearts} 
{9 of Spades} 
{4 of Clubs} 
{10 of Diamonds} 
 
EvaluateHands() Player 1 testing: 
 
Pair
[0, 0, 1, 0, 1, 0, 1, 0, 0, 0, 0, 0, 2]
[1, 2, 1, 1]
Hand value: 112
 
EvaluateHands() Player 2 testing: 
 
[0, 0, 1, 1, 0, 0, 1, 1, 1, 0, 0, 0, 0]
[1, 1, 1, 2]
Hand value: 8
------------------------
------------------------
 
Player 1:  
{3 of Hearts} 
{7 of Clubs} 
{7 of Hearts} 
{7 of Spades} 
{9 of Hearts} 
 
Player 2:  
{2 of Clubs} 
{2 of Diamonds} 
{10 of Clubs} 
{4 of Clubs} 
{10 of Hearts} 
 
EvaluateHands() Player 1 testing: 
 
Three of a Kind
[0, 1, 0, 0, 0, 3, 0, 1, 0, 0, 0, 0, 0]
[1, 1, 3, 0]
Hand value: 305
 
EvaluateHands() Player 2 testing: 
 
Two Pairs
[2, 0, 1, 0, 0, 0, 0, 0, 2, 0, 0, 0, 0]
[3, 0, 1, 1]
Hand value: 208
------------------------
------------------------
 
Player 1:  
{Queen of Spades} 
{7 of Hearts} 
{8 of Hearts} 
{10 of Clubs} 
{King of Hearts} 
 
Player 2:  
{Jack of Hearts} 
{6 of Hearts} 
{3 of Hearts} 
{Ace of Diamonds} 
{Queen of Hearts} 
 
EvaluateHands() Player 1 testing: 
 
[0, 0, 0, 0, 0, 1, 1, 0, 1, 0, 1, 1, 0]
[1, 1, 3, 0]
Hand value: 11
 
EvaluateHands() Player 2 testing: 
 
[0, 1, 0, 0, 1, 0, 0, 0, 0, 1, 1, 0, 1]
[0, 0, 4, 1]
Hand value: 12
------------------------
------------------------
 
Player 1:  
{King of Diamonds} 
{10 of Hearts} 
{6 of Hearts} 
{Queen of Hearts} 
{3 of Spades} 
 
Player 2:  
{Jack of Clubs} 
{7 of Hearts} 
{King of Clubs} 
{King of Hearts} 
{4 of Hearts} 
 
EvaluateHands() Player 1 testing: 
 
[0, 1, 0, 0, 1, 0, 0, 0, 1, 0, 1, 1, 0]
[0, 1, 3, 1]
Hand value: 11
 
EvaluateHands() Player 2 testing: 
 
Pair
[0, 0, 1, 0, 0, 1, 0, 0, 0, 1, 0, 2, 0]
[2, 0, 3, 0]
Hand value: 111
------------------------
------------------------
 
Player 1:  
{2 of Clubs} 
{5 of Hearts} 
{3 of Diamonds} 
{2 of Diamonds} 
{Ace of Diamonds} 
 
Player 2:  
{5 of Diamonds} 
{6 of Spades} 
{5 of Clubs} 
{8 of Clubs} 
{8 of Spades} 
 
EvaluateHands() Player 1 testing: 
 
Pair
[2, 1, 0, 1, 0, 0, 0, 0, 0, 0, 0, 0, 1]
[1, 0, 1, 3]
Hand value: 100
 
EvaluateHands() Player 2 testing: 
 
Two Pairs
[0, 0, 0, 2, 1, 0, 2, 0, 0, 0, 0, 0, 0]
[2, 2, 0, 1]
Hand value: 206
------------------------
------------------------
 
Player 1:  
{Ace of Diamonds} 
{9 of Spades} 
{6 of Diamonds} 
{Jack of Spades} 
{5 of Hearts} 
 
Player 2:  
{2 of Spades} 
{Queen of Diamonds} 
{Jack of Diamonds} 
{King of Spades} 
{9 of Clubs} 
 
EvaluateHands() Player 1 testing: 
 
[0, 0, 0, 1, 1, 0, 0, 1, 0, 1, 0, 0, 1]
[0, 2, 1, 2]
Hand value: 12
 
EvaluateHands() Player 2 testing: 
 
[1, 0, 0, 0, 0, 0, 0, 1, 0, 1, 1, 1, 0]
[1, 2, 0, 2]
Hand value: 11
------------------------
------------------------
 
Player 1:  
{Queen of Diamonds} 
{2 of Hearts} 
{King of Clubs} 
{7 of Spades} 
{Jack of Spades} 
 
Player 2:  
{Ace of Clubs} 
{5 of Diamonds} 
{5 of Hearts} 
{10 of Diamonds} 
{Queen of Hearts} 
 
EvaluateHands() Player 1 testing: 
 
[1, 0, 0, 0, 0, 1, 0, 0, 0, 1, 1, 1, 0]
[1, 2, 1, 1]
Hand value: 11
 
EvaluateHands() Player 2 testing: 
 
Pair
[0, 0, 0, 2, 0, 0, 0, 0, 1, 0, 1, 0, 1]
[1, 0, 2, 2]
Hand value: 103
------------------------
------------------------
 
Player 1:  
{6 of Hearts} 
{Jack of Clubs} 
{3 of Diamonds} 
{Jack of Spades} 
{6 of Clubs} 
 
Player 2:  
{9 of Spades} 
{5 of Hearts} 
{Jack of Hearts} 
{5 of Spades} 
{7 of Clubs} 
 
EvaluateHands() Player 1 testing: 
 
Two Pairs
[0, 1, 0, 0, 2, 0, 0, 0, 0, 2, 0, 0, 0]
[2, 1, 1, 1]
Hand value: 209
 
EvaluateHands() Player 2 testing: 
 
Pair
[0, 0, 0, 2, 0, 1, 0, 1, 0, 1, 0, 0, 0]
[1, 2, 2, 0]
Hand value: 103
------------------------
------------------------
 
Player 1:  
{8 of Diamonds} 
{King of Spades} 
{3 of Hearts} 
{9 of Clubs} 
{2 of Hearts} 
 
Player 2:  
{9 of Diamonds} 
{2 of Diamonds} 
{6 of Spades} 
{King of Diamonds} 
{10 of Diamonds} 
 
EvaluateHands() Player 1 testing: 
 
[1, 1, 0, 0, 0, 0, 1, 1, 0, 0, 0, 1, 0]
[1, 1, 2, 1]
Hand value: 11
 
EvaluateHands() Player 2 testing: 
 
[1, 0, 0, 0, 1, 0, 0, 1, 1, 0, 0, 1, 0]
[0, 1, 0, 4]
Hand value: 11
------------------------
------------------------
 
Player 1:  
{Queen of Diamonds} 
{6 of Hearts} 
{9 of Clubs} 
{4 of Clubs} 
{3 of Hearts} 
 
Player 2:  
{King of Hearts} 
{Queen of Spades} 
{10 of Spades} 
{3 of Clubs} 
{4 of Diamonds} 
 
EvaluateHands() Player 1 testing: 
 
[0, 1, 1, 0, 1, 0, 0, 1, 0, 0, 1, 0, 0]
[2, 0, 2, 1]
Hand value: 10
 
EvaluateHands() Player 2 testing: 
 
[0, 1, 1, 0, 0, 0, 0, 0, 1, 0, 1, 1, 0]
[1, 2, 1, 1]
Hand value: 11
------------------------
------------------------
 
Player 1:  
{5 of Hearts} 
{4 of Diamonds} 
{Queen of Spades} 
{Ace of Hearts} 
{6 of Spades} 
 
Player 2:  
{7 of Clubs} 
{7 of Hearts} 
{4 of Spades} 
{King of Spades} 
{9 of Clubs} 
 
EvaluateHands() Player 1 testing: 
 
[0, 0, 1, 1, 1, 0, 0, 0, 0, 0, 1, 0, 1]
[0, 2, 2, 1]
Hand value: 12
 
EvaluateHands() Player 2 testing: 
 
Pair
[0, 0, 1, 0, 0, 2, 0, 1, 0, 0, 0, 1, 0]
[2, 2, 1, 0]
Hand value: 105
------------------------
------------------------
 
Player 1:  
{4 of Spades} 
{10 of Hearts} 
{Jack of Spades} 
{5 of Diamonds} 
{Ace of Diamonds} 
 
Player 2:  
{King of Clubs} 
{King of Hearts} 
{3 of Diamonds} 
{3 of Clubs} 
{2 of Hearts} 
 
EvaluateHands() Player 1 testing: 
 
[0, 0, 1, 1, 0, 0, 0, 0, 1, 1, 0, 0, 1]
[0, 2, 1, 2]
Hand value: 12
 
EvaluateHands() Player 2 testing: 
 
Two Pairs
[1, 2, 0, 0, 0, 0, 0, 0, 0, 0, 0, 2, 0]
[2, 0, 2, 1]
Hand value: 211
------------------------
------------------------
 
Player 1:  
{7 of Spades} 
{Ace of Clubs} 
{2 of Hearts} 
{10 of Clubs} 
{2 of Spades} 
 
Player 2:  
{8 of Hearts} 
{10 of Spades} 
{9 of Diamonds} 
{Queen of Hearts} 
{5 of Clubs} 
 
EvaluateHands() Player 1 testing: 
 
Pair
[2, 0, 0, 0, 0, 1, 0, 0, 1, 0, 0, 0, 1]
[2, 2, 1, 0]
Hand value: 100
 
EvaluateHands() Player 2 testing: 
 
[0, 0, 0, 1, 0, 0, 1, 1, 1, 0, 1, 0, 0]
[1, 1, 2, 1]
Hand value: 10
------------------------
------------------------
 
Player 1:  
{5 of Clubs} 
{3 of Hearts} 
{Jack of Spades} 
{8 of Spades} 
{2 of Spades} 
 
Player 2:  
{10 of Clubs} 
{4 of Diamonds} 
{5 of Diamonds} 
{7 of Hearts} 
{King of Hearts} 
 
EvaluateHands() Player 1 testing: 
 
[1, 1, 0, 1, 0, 0, 1, 0, 0, 1, 0, 0, 0]
[1, 3, 1, 0]
Hand value: 9
 
EvaluateHands() Player 2 testing: 
 
[0, 0, 1, 1, 0, 1, 0, 0, 1, 0, 0, 1, 0]
[1, 0, 2, 2]
Hand value: 11
------------------------
------------------------
 
Player 1:  
{7 of Diamonds} 
{4 of Hearts} 
{King of Clubs} 
{7 of Spades} 
{5 of Clubs} 
 
Player 2:  
{2 of Diamonds} 
{3 of Diamonds} 
{Jack of Hearts} 
{King of Spades} 
{3 of Hearts} 
 
EvaluateHands() Player 1 testing: 
 
Pair
[0, 0, 1, 1, 0, 2, 0, 0, 0, 0, 0, 1, 0]
[2, 1, 1, 1]
Hand value: 105
 
EvaluateHands() Player 2 testing: 
 
Pair
[1, 2, 0, 0, 0, 0, 0, 0, 0, 1, 0, 1, 0]
[0, 1, 2, 2]
Hand value: 101
------------------------
------------------------
 
Player 1:  
{Jack of Clubs} 
{Queen of Hearts} 
{8 of Spades} 
{2 of Diamonds} 
{10 of Spades} 
 
Player 2:  
{4 of Diamonds} 
{2 of Clubs} 
{10 of Hearts} 
{9 of Diamonds} 
{3 of Spades} 
 
EvaluateHands() Player 1 testing: 
 
[1, 0, 0, 0, 0, 0, 1, 0, 1, 1, 1, 0, 0]
[1, 2, 1, 1]
Hand value: 10
 
EvaluateHands() Player 2 testing: 
 
[1, 1, 1, 0, 0, 0, 0, 1, 1, 0, 0, 0, 0]
[1, 1, 1, 2]
Hand value: 8
------------------------
------------------------
 
Player 1:  
{9 of Spades} 
{4 of Hearts} 
{Ace of Clubs} 
{5 of Clubs} 
{3 of Diamonds} 
 
Player 2:  
{King of Diamonds} 
{10 of Diamonds} 
{4 of Diamonds} 
{6 of Diamonds} 
{5 of Diamonds} 
 
EvaluateHands() Player 1 testing: 
 
[0, 1, 1, 1, 0, 0, 0, 1, 0, 0, 0, 0, 1]
[2, 1, 1, 1]
Hand value: 12
 
EvaluateHands() Player 2 testing: 
 
Flush
[0, 0, 1, 1, 1, 0, 0, 0, 1, 0, 0, 1, 0]
[0, 0, 0, 5]
Hand value: 511
------------------------
------------------------
 
Player 1:  
{10 of Spades} 
{10 of Hearts} 
{6 of Spades} 
{5 of Diamonds} 
{3 of Spades} 
 
Player 2:  
{4 of Hearts} 
{5 of Spades} 
{Queen of Diamonds} 
{2 of Hearts} 
{8 of Clubs} 
 
EvaluateHands() Player 1 testing: 
 
Pair
[0, 1, 0, 1, 1, 0, 0, 0, 2, 0, 0, 0, 0]
[0, 3, 1, 1]
Hand value: 108
 
EvaluateHands() Player 2 testing: 
 
[1, 0, 1, 1, 0, 0, 1, 0, 0, 0, 1, 0, 0]
[1, 1, 2, 1]
Hand value: 10
------------------------
------------------------
 
Player 1:  
{6 of Spades} 
{7 of Clubs} 
{7 of Hearts} 
{4 of Clubs} 
{Queen of Hearts} 
 
Player 2:  
{4 of Diamonds} 
{2 of Clubs} 
{2 of Diamonds} 
{5 of Clubs} 
{3 of Hearts} 
 
EvaluateHands() Player 1 testing: 
 
Pair
[0, 0, 1, 0, 1, 2, 0, 0, 0, 0, 1, 0, 0]
[2, 1, 2, 0]
Hand value: 105
 
EvaluateHands() Player 2 testing: 
 
Pair
[2, 1, 1, 1, 0, 0, 0, 0, 0, 0, 0, 0, 0]
[2, 0, 1, 2]
Hand value: 100
------------------------
------------------------
 
Player 1:  
{King of Clubs} 
{4 of Spades} 
{Jack of Clubs} 
{9 of Diamonds} 
{3 of Clubs} 
 
Player 2:  
{10 of Hearts} 
{Ace of Clubs} 
{3 of Spades} 
{8 of Spades} 
{4 of Clubs} 
 
EvaluateHands() Player 1 testing: 
 
[0, 1, 1, 0, 0, 0, 0, 1, 0, 1, 0, 1, 0]
[3, 1, 0, 1]
Hand value: 11
 
EvaluateHands() Player 2 testing: 
 
[0, 1, 1, 0, 0, 0, 1, 0, 1, 0, 0, 0, 1]
[2, 2, 1, 0]
Hand value: 12
------------------------
------------------------
 
Player 1:  
{10 of Hearts} 
{5 of Spades} 
{9 of Spades} 
{7 of Diamonds} 
{3 of Diamonds} 
 
Player 2:  
{7 of Clubs} 
{8 of Hearts} 
{King of Spades} 
{9 of Hearts} 
{3 of Clubs} 
 
EvaluateHands() Player 1 testing: 
 
[0, 1, 0, 1, 0, 1, 0, 1, 1, 0, 0, 0, 0]
[0, 2, 1, 2]
Hand value: 8
 
EvaluateHands() Player 2 testing: 
 
[0, 1, 0, 0, 0, 1, 1, 1, 0, 0, 0, 1, 0]
[2, 1, 2, 0]
Hand value: 11
------------------------
------------------------
 
Player 1:  
{5 of Diamonds} 
{Ace of Clubs} 
{Ace of Diamonds} 
{King of Diamonds} 
{Queen of Diamonds} 
 
Player 2:  
{7 of Clubs} 
{3 of Diamonds} 
{Jack of Spades} 
{Queen of Hearts} 
{3 of Spades} 
 
EvaluateHands() Player 1 testing: 
 
Pair
[0, 0, 0, 1, 0, 0, 0, 0, 0, 0, 1, 1, 2]
[1, 0, 0, 4]
Hand value: 112
 
EvaluateHands() Player 2 testing: 
 
Pair
[0, 2, 0, 0, 0, 1, 0, 0, 0, 1, 1, 0, 0]
[1, 2, 1, 1]
Hand value: 101
------------------------
------------------------
 
Player 1:  
{4 of Hearts} 
{Ace of Hearts} 
{Queen of Clubs} 
{King of Clubs} 
{5 of Clubs} 
 
Player 2:  
{5 of Diamonds} 
{6 of Diamonds} 
{7 of Hearts} 
{9 of Hearts} 
{King of Hearts} 
 
EvaluateHands() Player 1 testing: 
 
[0, 0, 1, 1, 0, 0, 0, 0, 0, 0, 1, 1, 1]
[3, 0, 2, 0]
Hand value: 12
 
EvaluateHands() Player 2 testing: 
 
[0, 0, 0, 1, 1, 1, 0, 1, 0, 0, 0, 1, 0]
[0, 0, 3, 2]
Hand value: 11
------------------------
------------------------
 
Player 1:  
{King of Hearts} 
{2 of Hearts} 
{Jack of Diamonds} 
{9 of Hearts} 
{7 of Hearts} 
 
Player 2:  
{4 of Diamonds} 
{King of Clubs} 
{9 of Clubs} 
{King of Spades} 
{Ace of Diamonds} 
 
EvaluateHands() Player 1 testing: 
 
[1, 0, 0, 0, 0, 1, 0, 1, 0, 1, 0, 1, 0]
[0, 0, 4, 1]
Hand value: 11
 
EvaluateHands() Player 2 testing: 
 
Pair
[0, 0, 1, 0, 0, 0, 0, 1, 0, 0, 0, 2, 1]
[2, 1, 0, 2]
Hand value: 111
------------------------
------------------------
 
Player 1:  
{2 of Hearts} 
{Jack of Clubs} 
{7 of Clubs} 
{8 of Hearts} 
{5 of Spades} 
 
Player 2:  
{7 of Hearts} 
{Jack of Spades} 
{5 of Hearts} 
{7 of Spades} 
{6 of Hearts} 
 
EvaluateHands() Player 1 testing: 
 
[1, 0, 0, 1, 0, 1, 1, 0, 0, 1, 0, 0, 0]
[2, 1, 2, 0]
Hand value: 9
 
EvaluateHands() Player 2 testing: 
 
Pair
[0, 0, 0, 1, 1, 2, 0, 0, 0, 1, 0, 0, 0]
[0, 2, 3, 0]
Hand value: 105
------------------------
------------------------
 
Player 1:  
{King of Clubs} 
{9 of Hearts} 
{9 of Clubs} 
{4 of Spades} 
{Queen of Spades} 
 
Player 2:  
{3 of Spades} 
{Ace of Spades} 
{Ace of Hearts} 
{Ace of Clubs} 
{4 of Hearts} 
 
EvaluateHands() Player 1 testing: 
 
Pair
[0, 0, 1, 0, 0, 0, 0, 2, 0, 0, 1, 1, 0]
[2, 2, 1, 0]
Hand value: 107
 
EvaluateHands() Player 2 testing: 
 
Three of a Kind
[0, 1, 1, 0, 0, 0, 0, 0, 0, 0, 0, 0, 3]
[1, 2, 2, 0]
Hand value: 312
------------------------
------------------------
 
Player 1:  
{2 of Spades} 
{3 of Diamonds} 
{King of Diamonds} 
{6 of Clubs} 
{5 of Diamonds} 
 
Player 2:  
{8 of Clubs} 
{7 of Diamonds} 
{7 of Spades} 
{10 of Clubs} 
{3 of Spades} 
 
EvaluateHands() Player 1 testing: 
 
[1, 1, 0, 1, 1, 0, 0, 0, 0, 0, 0, 1, 0]
[1, 1, 0, 3]
Hand value: 11
 
EvaluateHands() Player 2 testing: 
 
Pair
[0, 1, 0, 0, 0, 2, 1, 0, 1, 0, 0, 0, 0]
[2, 2, 0, 1]
Hand value: 105
------------------------
------------------------
 
Player 1:  
{2 of Hearts} 
{7 of Spades} 
{10 of Hearts} 
{2 of Diamonds} 
{8 of Diamonds} 
 
Player 2:  
{2 of Clubs} 
{9 of Hearts} 
{5 of Diamonds} 
{7 of Diamonds} 
{3 of Clubs} 
 
EvaluateHands() Player 1 testing: 
 
Pair
[2, 0, 0, 0, 0, 1, 1, 0, 1, 0, 0, 0, 0]
[0, 1, 2, 2]
Hand value: 100
 
EvaluateHands() Player 2 testing: 
 
[1, 1, 0, 1, 0, 1, 0, 1, 0, 0, 0, 0, 0]
[2, 0, 1, 2]
Hand value: 7
------------------------
------------------------
 
Player 1:  
{2 of Diamonds} 
{4 of Clubs} 
{Jack of Clubs} 
{Jack of Hearts} 
{6 of Diamonds} 
 
Player 2:  
{5 of Diamonds} 
{Jack of Spades} 
{6 of Hearts} 
{Ace of Hearts} 
{Ace of Clubs} 
 
EvaluateHands() Player 1 testing: 
 
Pair
[1, 0, 1, 0, 1, 0, 0, 0, 0, 2, 0, 0, 0]
[2, 0, 1, 2]
Hand value: 109
 
EvaluateHands() Player 2 testing: 
 
Pair
[0, 0, 0, 1, 1, 0, 0, 0, 0, 1, 0, 0, 2]
[1, 1, 2, 1]
Hand value: 112
------------------------
------------------------
 
Player 1:  
{7 of Clubs} 
{3 of Clubs} 
{8 of Diamonds} 
{Queen of Hearts} 
{Jack of Hearts} 
 
Player 2:  
{3 of Spades} 
{7 of Hearts} 
{9 of Spades} 
{6 of Hearts} 
{10 of Hearts} 
 
EvaluateHands() Player 1 testing: 
 
[0, 1, 0, 0, 0, 1, 1, 0, 0, 1, 1, 0, 0]
[2, 0, 2, 1]
Hand value: 10
 
EvaluateHands() Player 2 testing: 
 
[0, 1, 0, 0, 1, 1, 0, 1, 1, 0, 0, 0, 0]
[0, 2, 3, 0]
Hand value: 8
------------------------
------------------------
 
Player 1:  
{4 of Spades} 
{5 of Hearts} 
{King of Diamonds} 
{7 of Diamonds} 
{8 of Spades} 
 
Player 2:  
{2 of Spades} 
{10 of Clubs} 
{Queen of Clubs} 
{Jack of Clubs} 
{6 of Hearts} 
 
EvaluateHands() Player 1 testing: 
 
[0, 0, 1, 1, 0, 1, 1, 0, 0, 0, 0, 1, 0]
[0, 2, 1, 2]
Hand value: 11
 
EvaluateHands() Player 2 testing: 
 
[1, 0, 0, 0, 1, 0, 0, 0, 1, 1, 1, 0, 0]
[3, 1, 1, 0]
Hand value: 10
------------------------
------------------------
 
Player 1:  
{4 of Spades} 
{6 of Diamonds} 
{8 of Spades} 
{Jack of Clubs} 
{9 of Spades} 
 
Player 2:  
{2 of Clubs} 
{3 of Clubs} 
{9 of Clubs} 
{Jack of Spades} 
{King of Diamonds} 
 
EvaluateHands() Player 1 testing: 
 
[0, 0, 1, 0, 1, 0, 1, 1, 0, 1, 0, 0, 0]
[1, 3, 0, 1]
Hand value: 9
 
EvaluateHands() Player 2 testing: 
 
[1, 1, 0, 0, 0, 0, 0, 1, 0, 1, 0, 1, 0]
[3, 1, 0, 1]
Hand value: 11
------------------------
------------------------
 
Player 1:  
{3 of Diamonds} 
{2 of Clubs} 
{9 of Spades} 
{7 of Clubs} 
{Ace of Clubs} 
 
Player 2:  
{King of Spades} 
{6 of Diamonds} 
{8 of Spades} 
{Ace of Diamonds} 
{10 of Diamonds} 
 
EvaluateHands() Player 1 testing: 
 
[1, 1, 0, 0, 0, 1, 0, 1, 0, 0, 0, 0, 1]
[3, 1, 0, 1]
Hand value: 12
 
EvaluateHands() Player 2 testing: 
 
[0, 0, 0, 0, 1, 0, 1, 0, 1, 0, 0, 1, 1]
[0, 2, 0, 3]
Hand value: 12
------------------------
------------------------
 
Player 1:  
{8 of Diamonds} 
{2 of Clubs} 
{King of Hearts} 
{3 of Hearts} 
{3 of Clubs} 
 
Player 2:  
{4 of Hearts} 
{Queen of Clubs} 
{10 of Spades} 
{7 of Spades} 
{Ace of Spades} 
 
EvaluateHands() Player 1 testing: 
 
Pair
[1, 2, 0, 0, 0, 0, 1, 0, 0, 0, 0, 1, 0]
[2, 0, 2, 1]
Hand value: 101
 
EvaluateHands() Player 2 testing: 
 
[0, 0, 1, 0, 0, 1, 0, 0, 1, 0, 1, 0, 1]
[1, 3, 1, 0]
Hand value: 12
------------------------
------------------------
 
Player 1:  
{2 of Diamonds} 
{4 of Spades} 
{8 of Clubs} 
{5 of Clubs} 
{10 of Diamonds} 
 
Player 2:  
{Ace of Diamonds} 
{King of Hearts} 
{Queen of Hearts} 
{3 of Clubs} 
{5 of Diamonds} 
 
EvaluateHands() Player 1 testing: 
 
[1, 0, 1, 1, 0, 0, 1, 0, 1, 0, 0, 0, 0]
[2, 1, 0, 2]
Hand value: 8
 
EvaluateHands() Player 2 testing: 
 
[0, 1, 0, 1, 0, 0, 0, 0, 0, 0, 1, 1, 1]
[1, 0, 2, 2]
Hand value: 12
------------------------
------------------------
 
Player 1:  
{2 of Hearts} 
{2 of Diamonds} 
{5 of Clubs} 
{9 of Clubs} 
{Queen of Clubs} 
 
Player 2:  
{Ace of Hearts} 
{Jack of Clubs} 
{10 of Hearts} 
{6 of Clubs} 
{8 of Clubs} 
 
EvaluateHands() Player 1 testing: 
 
Pair
[2, 0, 0, 1, 0, 0, 0, 1, 0, 0, 1, 0, 0]
[3, 0, 1, 1]
Hand value: 100
 
EvaluateHands() Player 2 testing: 
 
[0, 0, 0, 0, 1, 0, 1, 0, 1, 1, 0, 0, 1]
[3, 0, 2, 0]
Hand value: 12
------------------------
------------------------
 
Player 1:  
{6 of Spades} 
{6 of Hearts} 
{8 of Hearts} 
{King of Diamonds} 
{7 of Hearts} 
 
Player 2:  
{9 of Diamonds} 
{Jack of Diamonds} 
{9 of Hearts} 
{Jack of Hearts} 
{9 of Clubs} 
 
EvaluateHands() Player 1 testing: 
 
Pair
[0, 0, 0, 0, 2, 1, 1, 0, 0, 0, 0, 1, 0]
[0, 1, 3, 1]
Hand value: 104
 
EvaluateHands() Player 2 testing: 
 
Full house
[0, 0, 0, 0, 0, 0, 0, 3, 0, 2, 0, 0, 0]
[1, 0, 2, 2]
Hand value: 609
------------------------
------------------------
 
Player 1:  
{7 of Hearts} 
{9 of Hearts} 
{4 of Spades} 
{5 of Hearts} 
{10 of Clubs} 
 
Player 2:  
{10 of Spades} 
{3 of Diamonds} 
{Ace of Diamonds} 
{8 of Diamonds} 
{8 of Clubs} 
 
EvaluateHands() Player 1 testing: 
 
[0, 0, 1, 1, 0, 1, 0, 1, 1, 0, 0, 0, 0]
[1, 1, 3, 0]
Hand value: 8
 
EvaluateHands() Player 2 testing: 
 
Pair
[0, 1, 0, 0, 0, 0, 2, 0, 1, 0, 0, 0, 1]
[1, 1, 0, 3]
Hand value: 106
------------------------
------------------------
 
Player 1:  
{10 of Diamonds} 
{Ace of Hearts} 
{Jack of Hearts} 
{2 of Hearts} 
{10 of Hearts} 
 
Player 2:  
{7 of Clubs} 
{8 of Diamonds} 
{8 of Hearts} 
{Queen of Clubs} 
{3 of Hearts} 
 
EvaluateHands() Player 1 testing: 
 
Pair
[1, 0, 0, 0, 0, 0, 0, 0, 2, 1, 0, 0, 1]
[0, 0, 4, 1]
Hand value: 108
 
EvaluateHands() Player 2 testing: 
 
Pair
[0, 1, 0, 0, 0, 1, 2, 0, 0, 0, 1, 0, 0]
[2, 0, 2, 1]
Hand value: 106
------------------------
------------------------
 
Player 1:  
{7 of Diamonds} 
{King of Diamonds} 
{4 of Hearts} 
{8 of Clubs} 
{7 of Spades} 
 
Player 2:  
{Queen of Spades} 
{7 of Hearts} 
{10 of Hearts} 
{4 of Diamonds} 
{6 of Diamonds} 
 
EvaluateHands() Player 1 testing: 
 
Pair
[0, 0, 1, 0, 0, 2, 1, 0, 0, 0, 0, 1, 0]
[1, 1, 1, 2]
Hand value: 105
 
EvaluateHands() Player 2 testing: 
 
[0, 0, 1, 0, 1, 1, 0, 0, 1, 0, 1, 0, 0]
[0, 1, 2, 2]
Hand value: 10
------------------------
------------------------
 
Player 1:  
{8 of Hearts} 
{2 of Spades} 
{Jack of Diamonds} 
{8 of Spades} 
{5 of Hearts} 
 
Player 2:  
{3 of Spades} 
{7 of Diamonds} 
{7 of Hearts} 
{Jack of Clubs} 
{Ace of Hearts} 
 
EvaluateHands() Player 1 testing: 
 
Pair
[1, 0, 0, 1, 0, 0, 2, 0, 0, 1, 0, 0, 0]
[0, 2, 2, 1]
Hand value: 106
 
EvaluateHands() Player 2 testing: 
 
Pair
[0, 1, 0, 0, 0, 2, 0, 0, 0, 1, 0, 0, 1]
[1, 1, 2, 1]
Hand value: 105
------------------------
------------------------
 
Player 1:  
{Queen of Diamonds} 
{5 of Clubs} 
{9 of Diamonds} 
{3 of Hearts} 
{Queen of Clubs} 
 
Player 2:  
{King of Hearts} 
{3 of Diamonds} 
{2 of Clubs} 
{Queen of Spades} 
{6 of Diamonds} 
 
EvaluateHands() Player 1 testing: 
 
Pair
[0, 1, 0, 1, 0, 0, 0, 1, 0, 0, 2, 0, 0]
[2, 0, 1, 2]
Hand value: 110
 
EvaluateHands() Player 2 testing: 
 
[1, 1, 0, 0, 1, 0, 0, 0, 0, 0, 1, 1, 0]
[1, 1, 1, 2]
Hand value: 11
------------------------
------------------------
 
Player 1:  
{6 of Clubs} 
{6 of Hearts} 
{Jack of Diamonds} 
{8 of Hearts} 
{5 of Clubs} 
 
Player 2:  
{King of Spades} 
{8 of Diamonds} 
{10 of Hearts} 
{King of Hearts} 
{10 of Clubs} 
 
EvaluateHands() Player 1 testing: 
 
Pair
[0, 0, 0, 1, 2, 0, 1, 0, 0, 1, 0, 0, 0]
[2, 0, 2, 1]
Hand value: 104
 
EvaluateHands() Player 2 testing: 
 
Two Pairs
[0, 0, 0, 0, 0, 0, 1, 0, 2, 0, 0, 2, 0]
[1, 1, 2, 1]
Hand value: 211
------------------------
------------------------
 
Player 1:  
{6 of Spades} 
{4 of Clubs} 
{10 of Spades} 
{Queen of Hearts} 
{4 of Hearts} 
 
Player 2:  
{Queen of Diamonds} 
{Jack of Hearts} 
{2 of Diamonds} 
{7 of Diamonds} 
{Jack of Diamonds} 
 
EvaluateHands() Player 1 testing: 
 
Pair
[0, 0, 2, 0, 1, 0, 0, 0, 1, 0, 1, 0, 0]
[1, 2, 2, 0]
Hand value: 102
 
EvaluateHands() Player 2 testing: 
 
Pair
[1, 0, 0, 0, 0, 1, 0, 0, 0, 2, 1, 0, 0]
[0, 0, 1, 4]
Hand value: 109
------------------------
------------------------
 
Player 1:  
{King of Diamonds} 
{8 of Clubs} 
{7 of Diamonds} 
{Queen of Hearts} 
{8 of Spades} 
 
Player 2:  
{5 of Hearts} 
{2 of Spades} 
{6 of Diamonds} 
{3 of Spades} 
{2 of Hearts} 
 
EvaluateHands() Player 1 testing: 
 
Pair
[0, 0, 0, 0, 0, 1, 2, 0, 0, 0, 1, 1, 0]
[1, 1, 1, 2]
Hand value: 106
 
EvaluateHands() Player 2 testing: 
 
Pair
[2, 1, 0, 1, 1, 0, 0, 0, 0, 0, 0, 0, 0]
[0, 2, 2, 1]
Hand value: 100
------------------------
------------------------
 
Player 1:  
{10 of Hearts} 
{Ace of Spades} 
{3 of Clubs} 
{3 of Diamonds} 
{6 of Spades} 
 
Player 2:  
{5 of Hearts} 
{3 of Spades} 
{Queen of Hearts} 
{2 of Spades} 
{4 of Clubs} 
 
EvaluateHands() Player 1 testing: 
 
Pair
[0, 2, 0, 0, 1, 0, 0, 0, 1, 0, 0, 0, 1]
[1, 2, 1, 1]
Hand value: 101
 
EvaluateHands() Player 2 testing: 
 
[1, 1, 1, 1, 0, 0, 0, 0, 0, 0, 1, 0, 0]
[1, 2, 2, 0]
Hand value: 10
------------------------
------------------------
 
Player 1:  
{3 of Diamonds} 
{10 of Hearts} 
{9 of Diamonds} 
{King of Clubs} 
{3 of Spades} 
 
Player 2:  
{4 of Diamonds} 
{Jack of Hearts} 
{7 of Hearts} 
{8 of Diamonds} 
{10 of Clubs} 
 
EvaluateHands() Player 1 testing: 
 
Pair
[0, 2, 0, 0, 0, 0, 0, 1, 1, 0, 0, 1, 0]
[1, 1, 1, 2]
Hand value: 101
 
EvaluateHands() Player 2 testing: 
 
[0, 0, 1, 0, 0, 1, 1, 0, 1, 1, 0, 0, 0]
[1, 0, 2, 2]
Hand value: 9
------------------------
------------------------
 
Player 1:  
{9 of Diamonds} 
{7 of Spades} 
{4 of Hearts} 
{4 of Diamonds} 
{8 of Clubs} 
 
Player 2:  
{6 of Clubs} 
{Ace of Clubs} 
{Jack of Diamonds} 
{7 of Clubs} 
{6 of Diamonds} 
 
EvaluateHands() Player 1 testing: 
 
Pair
[0, 0, 2, 0, 0, 1, 1, 1, 0, 0, 0, 0, 0]
[1, 1, 1, 2]
Hand value: 102
 
EvaluateHands() Player 2 testing: 
 
Pair
[0, 0, 0, 0, 2, 1, 0, 0, 0, 1, 0, 0, 1]
[3, 0, 0, 2]
Hand value: 104
------------------------
------------------------
 
Player 1:  
{King of Clubs} 
{3 of Diamonds} 
{8 of Clubs} 
{9 of Hearts} 
{10 of Spades} 
 
Player 2:  
{2 of Clubs} 
{3 of Hearts} 
{5 of Spades} 
{Jack of Diamonds} 
{Queen of Diamonds} 
 
EvaluateHands() Player 1 testing: 
 
[0, 1, 0, 0, 0, 0, 1, 1, 1, 0, 0, 1, 0]
[2, 1, 1, 1]
Hand value: 11
 
EvaluateHands() Player 2 testing: 
 
[1, 1, 0, 1, 0, 0, 0, 0, 0, 1, 1, 0, 0]
[1, 1, 1, 2]
Hand value: 10
------------------------
------------------------
 
Player 1:  
{Jack of Clubs} 
{6 of Hearts} 
{Queen of Diamonds} 
{6 of Diamonds} 
{King of Spades} 
 
Player 2:  
{Queen of Clubs} 
{4 of Diamonds} 
{Ace of Clubs} 
{7 of Diamonds} 
{6 of Clubs} 
 
EvaluateHands() Player 1 testing: 
 
Pair
[0, 0, 0, 0, 2, 0, 0, 0, 0, 1, 1, 1, 0]
[1, 1, 1, 2]
Hand value: 104
 
EvaluateHands() Player 2 testing: 
 
[0, 0, 1, 0, 1, 1, 0, 0, 0, 0, 1, 0, 1]
[3, 0, 0, 2]
Hand value: 12
------------------------
------------------------
 
Player 1:  
{Jack of Spades} 
{Ace of Hearts} 
{8 of Hearts} 
{10 of Clubs} 
{Ace of Clubs} 
 
Player 2:  
{Jack of Hearts} 
{Jack of Diamonds} 
{King of Clubs} 
{10 of Diamonds} 
{5 of Spades} 
 
EvaluateHands() Player 1 testing: 
 
Pair
[0, 0, 0, 0, 0, 0, 1, 0, 1, 1, 0, 0, 2]
[2, 1, 2, 0]
Hand value: 112
 
EvaluateHands() Player 2 testing: 
 
Pair
[0, 0, 0, 1, 0, 0, 0, 0, 1, 2, 0, 1, 0]
[1, 1, 1, 2]
Hand value: 109
------------------------
------------------------
 
Player 1:  
{9 of Diamonds} 
{3 of Diamonds} 
{6 of Hearts} 
{Jack of Clubs} 
{Jack of Hearts} 
 
Player 2:  
{Queen of Clubs} 
{2 of Clubs} 
{2 of Hearts} 
{7 of Diamonds} 
{Ace of Spades} 
 
EvaluateHands() Player 1 testing: 
 
Pair
[0, 1, 0, 0, 1, 0, 0, 1, 0, 2, 0, 0, 0]
[1, 0, 2, 2]
Hand value: 109
 
EvaluateHands() Player 2 testing: 
 
Pair
[2, 0, 0, 0, 0, 1, 0, 0, 0, 0, 1, 0, 1]
[2, 1, 1, 1]
Hand value: 100
------------------------
------------------------
 
Player 1:  
{5 of Hearts} 
{5 of Diamonds} 
{2 of Diamonds} 
{6 of Spades} 
{Ace of Hearts} 
 
Player 2:  
{6 of Diamonds} 
{10 of Spades} 
{8 of Hearts} 
{King of Hearts} 
{8 of Spades} 
 
EvaluateHands() Player 1 testing: 
 
Pair
[1, 0, 0, 2, 1, 0, 0, 0, 0, 0, 0, 0, 1]
[0, 1, 2, 2]
Hand value: 103
 
EvaluateHands() Player 2 testing: 
 
Pair
[0, 0, 0, 0, 1, 0, 2, 0, 1, 0, 0, 1, 0]
[0, 2, 2, 1]
Hand value: 106
------------------------
------------------------
 
Player 1:  
{8 of Spades} 
{6 of Hearts} 
{Ace of Clubs} 
{Ace of Diamonds} 
{4 of Spades} 
 
Player 2:  
{2 of Spades} 
{3 of Hearts} 
{Ace of Hearts} 
{8 of Hearts} 
{8 of Diamonds} 
 
EvaluateHands() Player 1 testing: 
 
Pair
[0, 0, 1, 0, 1, 0, 1, 0, 0, 0, 0, 0, 2]
[1, 2, 1, 1]
Hand value: 112
 
EvaluateHands() Player 2 testing: 
 
Pair
[1, 1, 0, 0, 0, 0, 2, 0, 0, 0, 0, 0, 1]
[0, 1, 3, 1]
Hand value: 106
------------------------
------------------------
 
Player 1:  
{5 of Hearts} 
{King of Hearts} 
{King of Diamonds} 
{Queen of Spades} 
{10 of Spades} 
 
Player 2:  
{2 of Clubs} 
{4 of Diamonds} 
{6 of Diamonds} 
{10 of Hearts} 
{7 of Spades} 
 
EvaluateHands() Player 1 testing: 
 
Pair
[0, 0, 0, 1, 0, 0, 0, 0, 1, 0, 1, 2, 0]
[0, 2, 2, 1]
Hand value: 111
 
EvaluateHands() Player 2 testing: 
 
[1, 0, 1, 0, 1, 1, 0, 0, 1, 0, 0, 0, 0]
[1, 1, 1, 2]
Hand value: 8
------------------------
------------------------
 
Player 1:  
{King of Spades} 
{Jack of Clubs} 
{10 of Hearts} 
{Ace of Hearts} 
{4 of Hearts} 
 
Player 2:  
{8 of Hearts} 
{Queen of Hearts} 
{Ace of Diamonds} 
{2 of Clubs} 
{5 of Diamonds} 
 
EvaluateHands() Player 1 testing: 
 
[0, 0, 1, 0, 0, 0, 0, 0, 1, 1, 0, 1, 1]
[1, 1, 3, 0]
Hand value: 12
 
EvaluateHands() Player 2 testing: 
 
[1, 0, 0, 1, 0, 0, 1, 0, 0, 0, 1, 0, 1]
[1, 0, 2, 2]
Hand value: 12
------------------------
------------------------
 
Player 1:  
{King of Diamonds} 
{Queen of Spades} 
{5 of Hearts} 
{6 of Diamonds} 
{4 of Clubs} 
 
Player 2:  
{Jack of Spades} 
{Queen of Hearts} 
{Jack of Hearts} 
{King of Hearts} 
{Queen of Clubs} 
 
EvaluateHands() Player 1 testing: 
 
[0, 0, 1, 1, 1, 0, 0, 0, 0, 0, 1, 1, 0]
[1, 1, 1, 2]
Hand value: 11
 
EvaluateHands() Player 2 testing: 
 
Two Pairs
[0, 0, 0, 0, 0, 0, 0, 0, 0, 2, 2, 1, 0]
[1, 1, 3, 0]
Hand value: 211
------------------------
------------------------
 
Player 1:  
{3 of Clubs} 
{3 of Diamonds} 
{6 of Spades} 
{Jack of Clubs} 
{2 of Clubs} 
 
Player 2:  
{9 of Spades} 
{5 of Hearts} 
{9 of Clubs} 
{5 of Diamonds} 
{8 of Spades} 
 
EvaluateHands() Player 1 testing: 
 
Pair
[1, 2, 0, 0, 1, 0, 0, 0, 0, 1, 0, 0, 0]
[3, 1, 0, 1]
Hand value: 101
 
EvaluateHands() Player 2 testing: 
 
Two Pairs
[0, 0, 0, 2, 0, 0, 1, 2, 0, 0, 0, 0, 0]
[1, 2, 1, 1]
Hand value: 207
------------------------
------------------------
 
Player 1:  
{7 of Diamonds} 
{King of Hearts} 
{3 of Hearts} 
{8 of Clubs} 
{Queen of Hearts} 
 
Player 2:  
{4 of Hearts} 
{2 of Spades} 
{Queen of Spades} 
{4 of Spades} 
{2 of Hearts} 
 
EvaluateHands() Player 1 testing: 
 
[0, 1, 0, 0, 0, 1, 1, 0, 0, 0, 1, 1, 0]
[1, 0, 3, 1]
Hand value: 11
 
EvaluateHands() Player 2 testing: 
 
Two Pairs
[2, 0, 2, 0, 0, 0, 0, 0, 0, 0, 1, 0, 0]
[0, 3, 2, 0]
Hand value: 210
------------------------
------------------------
 
Player 1:  
{9 of Clubs} 
{8 of Diamonds} 
{4 of Diamonds} 
{King of Hearts} 
{Ace of Diamonds} 
 
Player 2:  
{9 of Spades} 
{7 of Clubs} 
{2 of Hearts} 
{7 of Hearts} 
{10 of Hearts} 
 
EvaluateHands() Player 1 testing: 
 
[0, 0, 1, 0, 0, 0, 1, 1, 0, 0, 0, 1, 1]
[1, 0, 1, 3]
Hand value: 12
 
EvaluateHands() Player 2 testing: 
 
Pair
[1, 0, 0, 0, 0, 2, 0, 1, 1, 0, 0, 0, 0]
[1, 1, 3, 0]
Hand value: 105
------------------------
------------------------
 
Player 1:  
{3 of Clubs} 
{2 of Diamonds} 
{Jack of Hearts} 
{4 of Hearts} 
{5 of Clubs} 
 
Player 2:  
{8 of Hearts} 
{9 of Diamonds} 
{5 of Hearts} 
{3 of Hearts} 
{3 of Diamonds} 
 
EvaluateHands() Player 1 testing: 
 
[1, 1, 1, 1, 0, 0, 0, 0, 0, 1, 0, 0, 0]
[2, 0, 2, 1]
Hand value: 9
 
EvaluateHands() Player 2 testing: 
 
Pair
[0, 2, 0, 1, 0, 0, 1, 1, 0, 0, 0, 0, 0]
[0, 0, 3, 2]
Hand value: 101
------------------------
------------------------
 
Player 1:  
{Jack of Spades} 
{9 of Clubs} 
{2 of Spades} 
{King of Hearts} 
{8 of Hearts} 
 
Player 2:  
{7 of Hearts} 
{Queen of Hearts} 
{Ace of Spades} 
{10 of Hearts} 
{5 of Clubs} 
 
EvaluateHands() Player 1 testing: 
 
[1, 0, 0, 0, 0, 0, 1, 1, 0, 1, 0, 1, 0]
[1, 2, 2, 0]
Hand value: 11
 
EvaluateHands() Player 2 testing: 
 
[0, 0, 0, 1, 0, 1, 0, 0, 1, 0, 1, 0, 1]
[1, 1, 3, 0]
Hand value: 12
------------------------
------------------------
 
Player 1:  
{4 of Spades} 
{6 of Clubs} 
{King of Diamonds} 
{7 of Spades} 
{Ace of Diamonds} 
 
Player 2:  
{10 of Hearts} 
{8 of Clubs} 
{Queen of Spades} 
{9 of Clubs} 
{6 of Spades} 
 
EvaluateHands() Player 1 testing: 
 
[0, 0, 1, 0, 1, 1, 0, 0, 0, 0, 0, 1, 1]
[1, 2, 0, 2]
Hand value: 12
 
EvaluateHands() Player 2 testing: 
 
[0, 0, 0, 0, 1, 0, 1, 1, 1, 0, 1, 0, 0]
[2, 2, 1, 0]
Hand value: 10
------------------------
------------------------
 
Player 1:  
{King of Hearts} 
{7 of Clubs} 
{4 of Hearts} 
{Queen of Hearts} 
{7 of Spades} 
 
Player 2:  
{5 of Hearts} 
{3 of Hearts} 
{9 of Diamonds} 
{9 of Hearts} 
{Ace of Diamonds} 
 
EvaluateHands() Player 1 testing: 
 
Pair
[0, 0, 1, 0, 0, 2, 0, 0, 0, 0, 1, 1, 0]
[1, 1, 3, 0]
Hand value: 105
 
EvaluateHands() Player 2 testing: 
 
Pair
[0, 1, 0, 1, 0, 0, 0, 2, 0, 0, 0, 0, 1]
[0, 0, 3, 2]
Hand value: 107
------------------------
------------------------
 
Player 1:  
{8 of Diamonds} 
{9 of Hearts} 
{Ace of Hearts} 
{4 of Spades} 
{5 of Hearts} 
 
Player 2:  
{Jack of Hearts} 
{6 of Hearts} 
{5 of Diamonds} 
{5 of Spades} 
{2 of Clubs} 
 
EvaluateHands() Player 1 testing: 
 
[0, 0, 1, 1, 0, 0, 1, 1, 0, 0, 0, 0, 1]
[0, 1, 3, 1]
Hand value: 12
 
EvaluateHands() Player 2 testing: 
 
Pair
[1, 0, 0, 2, 1, 0, 0, 0, 0, 1, 0, 0, 0]
[1, 1, 2, 1]
Hand value: 103
------------------------
------------------------
 
Player 1:  
{4 of Spades} 
{9 of Clubs} 
{6 of Hearts} 
{Ace of Diamonds} 
{2 of Clubs} 
 
Player 2:  
{10 of Spades} 
{6 of Spades} 
{Queen of Spades} 
{6 of Diamonds} 
{Queen of Diamonds} 
 
EvaluateHands() Player 1 testing: 
 
[1, 0, 1, 0, 1, 0, 0, 1, 0, 0, 0, 0, 1]
[2, 1, 1, 1]
Hand value: 12
 
EvaluateHands() Player 2 testing: 
 
Two Pairs
[0, 0, 0, 0, 2, 0, 0, 0, 1, 0, 2, 0, 0]
[0, 3, 0, 2]
Hand value: 210
------------------------
------------------------
 
Player 1:  
{4 of Hearts} 
{7 of Clubs} 
{Jack of Spades} 
{King of Hearts} 
{7 of Diamonds} 
 
Player 2:  
{Ace of Diamonds} 
{8 of Spades} 
{9 of Clubs} 
{King of Clubs} 
{4 of Clubs} 
 
EvaluateHands() Player 1 testing: 
 
Pair
[0, 0, 1, 0, 0, 2, 0, 0, 0, 1, 0, 1, 0]
[1, 1, 2, 1]
Hand value: 105
 
EvaluateHands() Player 2 testing: 
 
[0, 0, 1, 0, 0, 0, 1, 1, 0, 0, 0, 1, 1]
[3, 1, 0, 1]
Hand value: 12
------------------------
------------------------
 
Player 1:  
{8 of Hearts} 
{4 of Diamonds} 
{Queen of Spades} 
{10 of Clubs} 
{Jack of Hearts} 
 
Player 2:  
{6 of Hearts} 
{7 of Diamonds} 
{Jack of Diamonds} 
{4 of Clubs} 
{2 of Clubs} 
 
EvaluateHands() Player 1 testing: 
 
[0, 0, 1, 0, 0, 0, 1, 0, 1, 1, 1, 0, 0]
[1, 1, 2, 1]
Hand value: 10
 
EvaluateHands() Player 2 testing: 
 
[1, 0, 1, 0, 1, 1, 0, 0, 0, 1, 0, 0, 0]
[2, 0, 1, 2]
Hand value: 9
------------------------
------------------------
 
Player 1:  
{8 of Diamonds} 
{2 of Hearts} 
{5 of Diamonds} 
{6 of Hearts} 
{Ace of Clubs} 
 
Player 2:  
{10 of Diamonds} 
{King of Clubs} 
{7 of Hearts} 
{2 of Diamonds} 
{Queen of Clubs} 
 
EvaluateHands() Player 1 testing: 
 
[1, 0, 0, 1, 1, 0, 1, 0, 0, 0, 0, 0, 1]
[1, 0, 2, 2]
Hand value: 12
 
EvaluateHands() Player 2 testing: 
 
[1, 0, 0, 0, 0, 1, 0, 0, 1, 0, 1, 1, 0]
[2, 0, 1, 2]
Hand value: 11
------------------------
------------------------
 
Player 1:  
{4 of Spades} 
{3 of Clubs} 
{4 of Hearts} 
{5 of Spades} 
{Queen of Spades} 
 
Player 2:  
{4 of Diamonds} 
{2 of Spades} 
{Jack of Hearts} 
{7 of Clubs} 
{Ace of Diamonds} 
 
EvaluateHands() Player 1 testing: 
 
Pair
[0, 1, 2, 1, 0, 0, 0, 0, 0, 0, 1, 0, 0]
[1, 3, 1, 0]
Hand value: 102
 
EvaluateHands() Player 2 testing: 
 
[1, 0, 1, 0, 0, 1, 0, 0, 0, 1, 0, 0, 1]
[1, 1, 1, 2]
Hand value: 12
------------------------
------------------------
 
Player 1:  
{Queen of Spades} 
{9 of Spades} 
{King of Hearts} 
{7 of Spades} 
{9 of Hearts} 
 
Player 2:  
{6 of Hearts} 
{5 of Hearts} 
{King of Clubs} 
{Queen of Clubs} 
{6 of Diamonds} 
 
EvaluateHands() Player 1 testing: 
 
Pair
[0, 0, 0, 0, 0, 1, 0, 2, 0, 0, 1, 1, 0]
[0, 3, 2, 0]
Hand value: 107
 
EvaluateHands() Player 2 testing: 
 
Pair
[0, 0, 0, 1, 2, 0, 0, 0, 0, 0, 1, 1, 0]
[2, 0, 2, 1]
Hand value: 104
------------------------
------------------------
 
Player 1:  
{King of Clubs} 
{Ace of Clubs} 
{8 of Diamonds} 
{King of Diamonds} 
{4 of Clubs} 
 
Player 2:  
{8 of Hearts} 
{Ace of Hearts} 
{Queen of Diamonds} 
{3 of Clubs} 
{7 of Clubs} 
 
EvaluateHands() Player 1 testing: 
 
Pair
[0, 0, 1, 0, 0, 0, 1, 0, 0, 0, 0, 2, 1]
[3, 0, 0, 2]
Hand value: 111
 
EvaluateHands() Player 2 testing: 
 
[0, 1, 0, 0, 0, 1, 1, 0, 0, 0, 1, 0, 1]
[2, 0, 2, 1]
Hand value: 12
------------------------
------------------------
 
Player 1:  
{2 of Clubs} 
{10 of Spades} 
{10 of Hearts} 
{6 of Hearts} 
{4 of Diamonds} 
 
Player 2:  
{5 of Spades} 
{7 of Clubs} 
{8 of Diamonds} 
{10 of Diamonds} 
{King of Spades} 
 
EvaluateHands() Player 1 testing: 
 
Pair
[1, 0, 1, 0, 1, 0, 0, 0, 2, 0, 0, 0, 0]
[1, 1, 2, 1]
Hand value: 108
 
EvaluateHands() Player 2 testing: 
 
[0, 0, 0, 1, 0, 1, 1, 0, 1, 0, 0, 1, 0]
[1, 2, 0, 2]
Hand value: 11
------------------------
------------------------
 
Player 1:  
{Jack of Spades} 
{King of Diamonds} 
{10 of Diamonds} 
{6 of Spades} 
{Queen of Hearts} 
 
Player 2:  
{Ace of Clubs} 
{2 of Spades} 
{2 of Diamonds} 
{5 of Hearts} 
{3 of Clubs} 
 
EvaluateHands() Player 1 testing: 
 
[0, 0, 0, 0, 1, 0, 0, 0, 1, 1, 1, 1, 0]
[0, 2, 1, 2]
Hand value: 11
 
EvaluateHands() Player 2 testing: 
 
Pair
[2, 1, 0, 1, 0, 0, 0, 0, 0, 0, 0, 0, 1]
[2, 1, 1, 1]
Hand value: 100
------------------------
------------------------
 
Player 1:  
{Queen of Diamonds} 
{7 of Hearts} 
{Ace of Clubs} 
{5 of Diamonds} 
{9 of Spades} 
 
Player 2:  
{5 of Hearts} 
{Jack of Hearts} 
{3 of Spades} 
{Jack of Clubs} 
{2 of Hearts} 
 
EvaluateHands() Player 1 testing: 
 
[0, 0, 0, 1, 0, 1, 0, 1, 0, 0, 1, 0, 1]
[1, 1, 1, 2]
Hand value: 12
 
EvaluateHands() Player 2 testing: 
 
Pair
[1, 1, 0, 1, 0, 0, 0, 0, 0, 2, 0, 0, 0]
[1, 1, 3, 0]
Hand value: 109
------------------------
------------------------
 
Player 1:  
{7 of Clubs} 
{King of Diamonds} 
{8 of Clubs} 
{9 of Spades} 
{10 of Diamonds} 
 
Player 2:  
{Ace of Clubs} 
{7 of Diamonds} 
{Ace of Hearts} 
{8 of Hearts} 
{9 of Clubs} 
 
EvaluateHands() Player 1 testing: 
 
[0, 0, 0, 0, 0, 1, 1, 1, 1, 0, 0, 1, 0]
[2, 1, 0, 2]
Hand value: 11
 
EvaluateHands() Player 2 testing: 
 
Pair
[0, 0, 0, 0, 0, 1, 1, 1, 0, 0, 0, 0, 2]
[2, 0, 2, 1]
Hand value: 112
------------------------
------------------------
 
Player 1:  
{8 of Diamonds} 
{5 of Hearts} 
{King of Hearts} 
{7 of Diamonds} 
{7 of Clubs} 
 
Player 2:  
{King of Clubs} 
{3 of Spades} 
{2 of Spades} 
{4 of Hearts} 
{4 of Diamonds} 
 
EvaluateHands() Player 1 testing: 
 
Pair
[0, 0, 0, 1, 0, 2, 1, 0, 0, 0, 0, 1, 0]
[1, 0, 2, 2]
Hand value: 105
 
EvaluateHands() Player 2 testing: 
 
Pair
[1, 1, 2, 0, 0, 0, 0, 0, 0, 0, 0, 1, 0]
[1, 2, 1, 1]
Hand value: 102
------------------------
------------------------
 
Player 1:  
{3 of Hearts} 
{8 of Clubs} 
{Ace of Diamonds} 
{Queen of Spades} 
{Jack of Diamonds} 
 
Player 2:  
{5 of Diamonds} 
{9 of Diamonds} 
{7 of Diamonds} 
{6 of Clubs} 
{7 of Hearts} 
 
EvaluateHands() Player 1 testing: 
 
[0, 1, 0, 0, 0, 0, 1, 0, 0, 1, 1, 0, 1]
[1, 1, 1, 2]
Hand value: 12
 
EvaluateHands() Player 2 testing: 
 
Pair
[0, 0, 0, 1, 1, 2, 0, 1, 0, 0, 0, 0, 0]
[1, 0, 1, 3]
Hand value: 105
------------------------
------------------------
 
Player 1:  
{Jack of Spades} 
{Jack of Clubs} 
{6 of Clubs} 
{9 of Hearts} 
{4 of Diamonds} 
 
Player 2:  
{2 of Diamonds} 
{4 of Hearts} 
{8 of Hearts} 
{5 of Diamonds} 
{King of Clubs} 
 
EvaluateHands() Player 1 testing: 
 
Pair
[0, 0, 1, 0, 1, 0, 0, 1, 0, 2, 0, 0, 0]
[2, 1, 1, 1]
Hand value: 109
 
EvaluateHands() Player 2 testing: 
 
[1, 0, 1, 1, 0, 0, 1, 0, 0, 0, 0, 1, 0]
[1, 0, 2, 2]
Hand value: 11
------------------------
------------------------
 
Player 1:  
{7 of Hearts} 
{3 of Spades} 
{8 of Spades} 
{2 of Diamonds} 
{6 of Clubs} 
 
Player 2:  
{10 of Clubs} 
{6 of Spades} 
{9 of Clubs} 
{3 of Clubs} 
{5 of Spades} 
 
EvaluateHands() Player 1 testing: 
 
[1, 1, 0, 0, 1, 1, 1, 0, 0, 0, 0, 0, 0]
[1, 2, 1, 1]
Hand value: 6
 
EvaluateHands() Player 2 testing: 
 
[0, 1, 0, 1, 1, 0, 0, 1, 1, 0, 0, 0, 0]
[3, 2, 0, 0]
Hand value: 8
------------------------
------------------------
 
Player 1:  
{6 of Spades} 
{6 of Diamonds} 
{9 of Spades} 
{9 of Hearts} 
{Ace of Hearts} 
 
Player 2:  
{Ace of Clubs} 
{4 of Clubs} 
{5 of Clubs} 
{8 of Spades} 
{8 of Diamonds} 
 
EvaluateHands() Player 1 testing: 
 
Two Pairs
[0, 0, 0, 0, 2, 0, 0, 2, 0, 0, 0, 0, 1]
[0, 2, 2, 1]
Hand value: 212
 
EvaluateHands() Player 2 testing: 
 
Pair
[0, 0, 1, 1, 0, 0, 2, 0, 0, 0, 0, 0, 1]
[3, 1, 0, 1]
Hand value: 106
------------------------
------------------------
 
Player 1:  
{2 of Hearts} 
{Ace of Spades} 
{2 of Diamonds} 
{10 of Hearts} 
{9 of Spades} 
 
Player 2:  
{10 of Diamonds} 
{Ace of Hearts} 
{7 of Clubs} 
{8 of Clubs} 
{6 of Clubs} 
 
EvaluateHands() Player 1 testing: 
 
Pair
[2, 0, 0, 0, 0, 0, 0, 1, 1, 0, 0, 0, 1]
[0, 2, 2, 1]
Hand value: 100
 
EvaluateHands() Player 2 testing: 
 
[0, 0, 0, 0, 1, 1, 1, 0, 1, 0, 0, 0, 1]
[3, 0, 1, 1]
Hand value: 12
------------------------
------------------------
 
Player 1:  
{3 of Hearts} 
{10 of Diamonds} 
{5 of Hearts} 
{4 of Clubs} 
{3 of Clubs} 
 
Player 2:  
{4 of Spades} 
{Ace of Clubs} 
{8 of Hearts} 
{Jack of Diamonds} 
{Queen of Hearts} 
 
EvaluateHands() Player 1 testing: 
 
Pair
[0, 2, 1, 1, 0, 0, 0, 0, 1, 0, 0, 0, 0]
[2, 0, 2, 1]
Hand value: 101
 
EvaluateHands() Player 2 testing: 
 
[0, 0, 1, 0, 0, 0, 1, 0, 0, 1, 1, 0, 1]
[1, 1, 2, 1]
Hand value: 12
------------------------
------------------------
 
Player 1:  
{9 of Diamonds} 
{Jack of Clubs} 
{King of Spades} 
{5 of Diamonds} 
{Queen of Clubs} 
 
Player 2:  
{9 of Hearts} 
{Jack of Spades} 
{Queen of Diamonds} 
{5 of Clubs} 
{6 of Diamonds} 
 
EvaluateHands() Player 1 testing: 
 
[0, 0, 0, 1, 0, 0, 0, 1, 0, 1, 1, 1, 0]
[2, 1, 0, 2]
Hand value: 11
 
EvaluateHands() Player 2 testing: 
 
[0, 0, 0, 1, 1, 0, 0, 1, 0, 1, 1, 0, 0]
[1, 1, 1, 2]
Hand value: 10
------------------------
------------------------
 
Player 1:  
{6 of Clubs} 
{3 of Diamonds} 
{6 of Hearts} 
{Ace of Hearts} 
{Jack of Spades} 
 
Player 2:  
{King of Diamonds} 
{7 of Diamonds} 
{3 of Clubs} 
{2 of Diamonds} 
{2 of Spades} 
 
EvaluateHands() Player 1 testing: 
 
Pair
[0, 1, 0, 0, 2, 0, 0, 0, 0, 1, 0, 0, 1]
[1, 1, 2, 1]
Hand value: 104
 
EvaluateHands() Player 2 testing: 
 
Pair
[2, 1, 0, 0, 0, 1, 0, 0, 0, 0, 0, 1, 0]
[1, 1, 0, 3]
Hand value: 100
------------------------
------------------------
 
Player 1:  
{9 of Spades} 
{King of Diamonds} 
{4 of Hearts} 
{8 of Clubs} 
{Queen of Diamonds} 
 
Player 2:  
{7 of Spades} 
{Jack of Hearts} 
{8 of Spades} 
{King of Clubs} 
{3 of Hearts} 
 
EvaluateHands() Player 1 testing: 
 
[0, 0, 1, 0, 0, 0, 1, 1, 0, 0, 1, 1, 0]
[1, 1, 1, 2]
Hand value: 11
 
EvaluateHands() Player 2 testing: 
 
[0, 1, 0, 0, 0, 1, 1, 0, 0, 1, 0, 1, 0]
[1, 2, 2, 0]
Hand value: 11
------------------------
------------------------
 
Player 1:  
{6 of Diamonds} 
{5 of Spades} 
{2 of Clubs} 
{7 of Clubs} 
{8 of Clubs} 
 
Player 2:  
{4 of Hearts} 
{9 of Spades} 
{King of Spades} 
{9 of Clubs} 
{Queen of Hearts} 
 
EvaluateHands() Player 1 testing: 
 
[1, 0, 0, 1, 1, 1, 1, 0, 0, 0, 0, 0, 0]
[3, 1, 0, 1]
Hand value: 6
 
EvaluateHands() Player 2 testing: 
 
Pair
[0, 0, 1, 0, 0, 0, 0, 2, 0, 0, 1, 1, 0]
[1, 2, 2, 0]
Hand value: 107
------------------------
------------------------
 
Player 1:  
{7 of Hearts} 
{Ace of Hearts} 
{7 of Clubs} 
{6 of Diamonds} 
{2 of Spades} 
 
Player 2:  
{9 of Clubs} 
{10 of Spades} 
{Jack of Hearts} 
{2 of Hearts} 
{10 of Diamonds} 
 
EvaluateHands() Player 1 testing: 
 
Pair
[1, 0, 0, 0, 1, 2, 0, 0, 0, 0, 0, 0, 1]
[1, 1, 2, 1]
Hand value: 105
 
EvaluateHands() Player 2 testing: 
 
Pair
[1, 0, 0, 0, 0, 0, 0, 1, 2, 1, 0, 0, 0]
[1, 1, 2, 1]
Hand value: 108
------------------------
------------------------
 
Player 1:  
{9 of Hearts} 
{2 of Hearts} 
{King of Hearts} 
{4 of Diamonds} 
{Queen of Clubs} 
 
Player 2:  
{5 of Hearts} 
{7 of Hearts} 
{9 of Spades} 
{2 of Diamonds} 
{3 of Clubs} 
 
EvaluateHands() Player 1 testing: 
 
[1, 0, 1, 0, 0, 0, 0, 1, 0, 0, 1, 1, 0]
[1, 0, 3, 1]
Hand value: 11
 
EvaluateHands() Player 2 testing: 
 
[1, 1, 0, 1, 0, 1, 0, 1, 0, 0, 0, 0, 0]
[1, 1, 2, 1]
Hand value: 7
------------------------
------------------------
 
Player 1:  
{King of Hearts} 
{7 of Diamonds} 
{Jack of Clubs} 
{10 of Hearts} 
{5 of Diamonds} 
 
Player 2:  
{8 of Hearts} 
{4 of Diamonds} 
{10 of Diamonds} 
{Queen of Hearts} 
{5 of Clubs} 
 
EvaluateHands() Player 1 testing: 
 
[0, 0, 0, 1, 0, 1, 0, 0, 1, 1, 0, 1, 0]
[1, 0, 2, 2]
Hand value: 11
 
EvaluateHands() Player 2 testing: 
 
[0, 0, 1, 1, 0, 0, 1, 0, 1, 0, 1, 0, 0]
[1, 0, 2, 2]
Hand value: 10
------------------------
------------------------
 
Player 1:  
{7 of Clubs} 
{6 of Spades} 
{Ace of Diamonds} 
{2 of Diamonds} 
{Jack of Spades} 
 
Player 2:  
{8 of Clubs} 
{9 of Clubs} 
{7 of Diamonds} 
{Jack of Clubs} 
{King of Spades} 
 
EvaluateHands() Player 1 testing: 
 
[1, 0, 0, 0, 1, 1, 0, 0, 0, 1, 0, 0, 1]
[1, 2, 0, 2]
Hand value: 12
 
EvaluateHands() Player 2 testing: 
 
[0, 0, 0, 0, 0, 1, 1, 1, 0, 1, 0, 1, 0]
[3, 1, 0, 1]
Hand value: 11
------------------------
------------------------
 
Player 1:  
{5 of Diamonds} 
{7 of Clubs} 
{Ace of Hearts} 
{9 of Hearts} 
{4 of Clubs} 
 
Player 2:  
{8 of Spades} 
{5 of Hearts} 
{9 of Clubs} 
{8 of Hearts} 
{Jack of Spades} 
 
EvaluateHands() Player 1 testing: 
 
[0, 0, 1, 1, 0, 1, 0, 1, 0, 0, 0, 0, 1]
[2, 0, 2, 1]
Hand value: 12
 
EvaluateHands() Player 2 testing: 
 
Pair
[0, 0, 0, 1, 0, 0, 2, 1, 0, 1, 0, 0, 0]
[1, 2, 2, 0]
Hand value: 106
------------------------
------------------------
 
Player 1:  
{6 of Hearts} 
{9 of Spades} 
{Ace of Hearts} 
{Jack of Clubs} 
{9 of Clubs} 
 
Player 2:  
{Jack of Hearts} 
{7 of Hearts} 
{Queen of Hearts} 
{Jack of Spades} 
{4 of Diamonds} 
 
EvaluateHands() Player 1 testing: 
 
Pair
[0, 0, 0, 0, 1, 0, 0, 2, 0, 1, 0, 0, 1]
[2, 1, 2, 0]
Hand value: 107
 
EvaluateHands() Player 2 testing: 
 
Pair
[0, 0, 1, 0, 0, 1, 0, 0, 0, 2, 1, 0, 0]
[0, 1, 3, 1]
Hand value: 109
------------------------
------------------------
 
Player 1:  
{8 of Clubs} 
{King of Hearts} 
{4 of Spades} 
{4 of Diamonds} 
{3 of Hearts} 
 
Player 2:  
{Jack of Hearts} 
{10 of Spades} 
{2 of Clubs} 
{7 of Hearts} 
{King of Diamonds} 
 
EvaluateHands() Player 1 testing: 
 
Pair
[0, 1, 2, 0, 0, 0, 1, 0, 0, 0, 0, 1, 0]
[1, 1, 2, 1]
Hand value: 102
 
EvaluateHands() Player 2 testing: 
 
[1, 0, 0, 0, 0, 1, 0, 0, 1, 1, 0, 1, 0]
[1, 1, 2, 1]
Hand value: 11
------------------------
------------------------
 
Player 1:  
{Ace of Diamonds} 
{8 of Clubs} 
{9 of Hearts} 
{10 of Clubs} 
{King of Clubs} 
 
Player 2:  
{8 of Diamonds} 
{2 of Diamonds} 
{10 of Spades} 
{7 of Diamonds} 
{2 of Hearts} 
 
EvaluateHands() Player 1 testing: 
 
[0, 0, 0, 0, 0, 0, 1, 1, 1, 0, 0, 1, 1]
[3, 0, 1, 1]
Hand value: 12
 
EvaluateHands() Player 2 testing: 
 
Pair
[2, 0, 0, 0, 0, 1, 1, 0, 1, 0, 0, 0, 0]
[0, 1, 1, 3]
Hand value: 100
------------------------
------------------------
 
Player 1:  
{8 of Hearts} 
{King of Hearts} 
{Jack of Hearts} 
{5 of Diamonds} 
{King of Spades} 
 
Player 2:  
{2 of Clubs} 
{6 of Hearts} 
{9 of Clubs} 
{5 of Hearts} 
{8 of Spades} 
 
EvaluateHands() Player 1 testing: 
 
Pair
[0, 0, 0, 1, 0, 0, 1, 0, 0, 1, 0, 2, 0]
[0, 1, 3, 1]
Hand value: 111
 
EvaluateHands() Player 2 testing: 
 
[1, 0, 0, 1, 1, 0, 1, 1, 0, 0, 0, 0, 0]
[2, 1, 2, 0]
Hand value: 7
------------------------
------------------------
 
Player 1:  
{5 of Spades} 
{2 of Clubs} 
{6 of Hearts} 
{King of Diamonds} 
{2 of Diamonds} 
 
Player 2:  
{Jack of Spades} 
{6 of Diamonds} 
{Jack of Clubs} 
{10 of Clubs} 
{7 of Clubs} 
 
EvaluateHands() Player 1 testing: 
 
Pair
[2, 0, 0, 1, 1, 0, 0, 0, 0, 0, 0, 1, 0]
[1, 1, 1, 2]
Hand value: 100
 
EvaluateHands() Player 2 testing: 
 
Pair
[0, 0, 0, 0, 1, 1, 0, 0, 1, 2, 0, 0, 0]
[3, 1, 0, 1]
Hand value: 109
------------------------
------------------------
 
Player 1:  
{Ace of Diamonds} 
{Jack of Diamonds} 
{9 of Hearts} 
{3 of Diamonds} 
{8 of Diamonds} 
 
Player 2:  
{Ace of Clubs} 
{6 of Diamonds} 
{4 of Spades} 
{Ace of Hearts} 
{2 of Diamonds} 
 
EvaluateHands() Player 1 testing: 
 
[0, 1, 0, 0, 0, 0, 1, 1, 0, 1, 0, 0, 1]
[0, 0, 1, 4]
Hand value: 12
 
EvaluateHands() Player 2 testing: 
 
Pair
[1, 0, 1, 0, 1, 0, 0, 0, 0, 0, 0, 0, 2]
[1, 1, 1, 2]
Hand value: 112
------------------------
------------------------
 
Player 1:  
{8 of Clubs} 
{10 of Clubs} 
{5 of Hearts} 
{3 of Clubs} 
{5 of Diamonds} 
 
Player 2:  
{4 of Diamonds} 
{10 of Hearts} 
{Ace of Diamonds} 
{4 of Clubs} 
{6 of Hearts} 
 
EvaluateHands() Player 1 testing: 
 
Pair
[0, 1, 0, 2, 0, 0, 1, 0, 1, 0, 0, 0, 0]
[3, 0, 1, 1]
Hand value: 103
 
EvaluateHands() Player 2 testing: 
 
Pair
[0, 0, 2, 0, 1, 0, 0, 0, 1, 0, 0, 0, 1]
[1, 0, 2, 2]
Hand value: 102
------------------------
------------------------
 
Player 1:  
{2 of Hearts} 
{5 of Clubs} 
{9 of Clubs} 
{2 of Clubs} 
{Ace of Hearts} 
 
Player 2:  
{Ace of Clubs} 
{10 of Diamonds} 
{7 of Hearts} 
{9 of Hearts} 
{4 of Diamonds} 
 
EvaluateHands() Player 1 testing: 
 
Pair
[2, 0, 0, 1, 0, 0, 0, 1, 0, 0, 0, 0, 1]
[3, 0, 2, 0]
Hand value: 100
 
EvaluateHands() Player 2 testing: 
 
[0, 0, 1, 0, 0, 1, 0, 1, 1, 0, 0, 0, 1]
[1, 0, 2, 2]
Hand value: 12
------------------------
------------------------
 
Player 1:  
{5 of Spades} 
{10 of Spades} 
{Ace of Spades} 
{8 of Hearts} 
{2 of Hearts} 
 
Player 2:  
{2 of Clubs} 
{Jack of Clubs} 
{10 of Hearts} 
{2 of Diamonds} 
{9 of Diamonds} 
 
EvaluateHands() Player 1 testing: 
 
[1, 0, 0, 1, 0, 0, 1, 0, 1, 0, 0, 0, 1]
[0, 3, 2, 0]
Hand value: 12
 
EvaluateHands() Player 2 testing: 
 
Pair
[2, 0, 0, 0, 0, 0, 0, 1, 1, 1, 0, 0, 0]
[2, 0, 1, 2]
Hand value: 100
------------------------
------------------------
 
Player 1:  
{Ace of Diamonds} 
{3 of Hearts} 
{King of Hearts} 
{3 of Clubs} 
{Jack of Diamonds} 
 
Player 2:  
{10 of Diamonds} 
{6 of Clubs} 
{10 of Clubs} 
{9 of Diamonds} 
{Jack of Clubs} 
 
EvaluateHands() Player 1 testing: 
 
Pair
[0, 2, 0, 0, 0, 0, 0, 0, 0, 1, 0, 1, 1]
[1, 0, 2, 2]
Hand value: 101
 
EvaluateHands() Player 2 testing: 
 
Pair
[0, 0, 0, 0, 1, 0, 0, 1, 2, 1, 0, 0, 0]
[3, 0, 0, 2]
Hand value: 108
------------------------
------------------------
 
Player 1:  
{Ace of Clubs} 
{9 of Clubs} 
{Ace of Hearts} 
{Queen of Hearts} 
{5 of Diamonds} 
 
Player 2:  
{7 of Diamonds} 
{Jack of Clubs} 
{9 of Spades} 
{8 of Clubs} 
{Queen of Clubs} 
 
EvaluateHands() Player 1 testing: 
 
Pair
[0, 0, 0, 1, 0, 0, 0, 1, 0, 0, 1, 0, 2]
[2, 0, 2, 1]
Hand value: 112
 
EvaluateHands() Player 2 testing: 
 
[0, 0, 0, 0, 0, 1, 1, 1, 0, 1, 1, 0, 0]
[3, 1, 0, 1]
Hand value: 10
------------------------
------------------------
 
Player 1:  
{5 of Clubs} 
{6 of Diamonds} 
{Ace of Hearts} 
{Queen of Diamonds} 
{10 of Diamonds} 
 
Player 2:  
{3 of Diamonds} 
{9 of Hearts} 
{4 of Hearts} 
{5 of Spades} 
{King of Spades} 
 
EvaluateHands() Player 1 testing: 
 
[0, 0, 0, 1, 1, 0, 0, 0, 1, 0, 1, 0, 1]
[1, 0, 1, 3]
Hand value: 12
 
EvaluateHands() Player 2 testing: 
 
[0, 1, 1, 1, 0, 0, 0, 1, 0, 0, 0, 1, 0]
[0, 2, 2, 1]
Hand value: 11
------------------------
------------------------
 
Player 1:  
{9 of Hearts} 
{7 of Clubs} 
{Queen of Hearts} 
{4 of Hearts} 
{Queen of Clubs} 
 
Player 2:  
{8 of Diamonds} 
{3 of Diamonds} 
{6 of Spades} 
{King of Hearts} 
{2 of Spades} 
 
EvaluateHands() Player 1 testing: 
 
Pair
[0, 0, 1, 0, 0, 1, 0, 1, 0, 0, 2, 0, 0]
[2, 0, 3, 0]
Hand value: 110
 
EvaluateHands() Player 2 testing: 
 
[1, 1, 0, 0, 1, 0, 1, 0, 0, 0, 0, 1, 0]
[0, 2, 1, 2]
Hand value: 11
------------------------
------------------------
 
Player 1:  
{3 of Hearts} 
{4 of Diamonds} 
{Queen of Hearts} 
{Ace of Spades} 
{8 of Diamonds} 
 
Player 2:  
{2 of Diamonds} 
{Jack of Spades} 
{Queen of Clubs} 
{9 of Clubs} 
{4 of Clubs} 
 
EvaluateHands() Player 1 testing: 
 
[0, 1, 1, 0, 0, 0, 1, 0, 0, 0, 1, 0, 1]
[0, 1, 2, 2]
Hand value: 12
 
EvaluateHands() Player 2 testing: 
 
[1, 0, 1, 0, 0, 0, 0, 1, 0, 1, 1, 0, 0]
[3, 1, 0, 1]
Hand value: 10
------------------------
------------------------
 
Player 1:  
{Ace of Hearts} 
{4 of Hearts} 
{10 of Hearts} 
{2 of Clubs} 
{3 of Clubs} 
 
Player 2:  
{8 of Diamonds} 
{9 of Diamonds} 
{7 of Hearts} 
{9 of Spades} 
{8 of Spades} 
 
EvaluateHands() Player 1 testing: 
 
[1, 1, 1, 0, 0, 0, 0, 0, 1, 0, 0, 0, 1]
[2, 0, 3, 0]
Hand value: 12
 
EvaluateHands() Player 2 testing: 
 
Two Pairs
[0, 0, 0, 0, 0, 1, 2, 2, 0, 0, 0, 0, 0]
[0, 2, 1, 2]
Hand value: 207
------------------------
------------------------
 
Player 1:  
{8 of Diamonds} 
{2 of Diamonds} 
{Ace of Diamonds} 
{5 of Spades} 
{Queen of Diamonds} 
 
Player 2:  
{2 of Hearts} 
{10 of Hearts} 
{9 of Clubs} 
{5 of Diamonds} 
{7 of Hearts} 
 
EvaluateHands() Player 1 testing: 
 
[1, 0, 0, 1, 0, 0, 1, 0, 0, 0, 1, 0, 1]
[0, 1, 0, 4]
Hand value: 12
 
EvaluateHands() Player 2 testing: 
 
[1, 0, 0, 1, 0, 1, 0, 1, 1, 0, 0, 0, 0]
[1, 0, 3, 1]
Hand value: 8
------------------------
------------------------
 
Player 1:  
{Queen of Hearts} 
{8 of Hearts} 
{5 of Diamonds} 
{Queen of Clubs} 
{Jack of Hearts} 
 
Player 2:  
{8 of Clubs} 
{9 of Spades} 
{King of Clubs} 
{6 of Diamonds} 
{9 of Hearts} 
 
EvaluateHands() Player 1 testing: 
 
Pair
[0, 0, 0, 1, 0, 0, 1, 0, 0, 1, 2, 0, 0]
[1, 0, 3, 1]
Hand value: 110
 
EvaluateHands() Player 2 testing: 
 
Pair
[0, 0, 0, 0, 1, 0, 1, 2, 0, 0, 0, 1, 0]
[2, 1, 1, 1]
Hand value: 107
------------------------
------------------------
 
Player 1:  
{2 of Hearts} 
{2 of Diamonds} 
{2 of Spades} 
{6 of Hearts} 
{Queen of Hearts} 
 
Player 2:  
{Queen of Clubs} 
{7 of Spades} 
{4 of Diamonds} 
{Queen of Diamonds} 
{5 of Spades} 
 
EvaluateHands() Player 1 testing: 
 
Three of a Kind
[3, 0, 0, 0, 1, 0, 0, 0, 0, 0, 1, 0, 0]
[0, 1, 3, 1]
Hand value: 300
 
EvaluateHands() Player 2 testing: 
 
Pair
[0, 0, 1, 1, 0, 1, 0, 0, 0, 0, 2, 0, 0]
[1, 2, 0, 2]
Hand value: 110
------------------------
------------------------
 
Player 1:  
{10 of Hearts} 
{3 of Clubs} 
{9 of Hearts} 
{Ace of Diamonds} 
{2 of Hearts} 
 
Player 2:  
{Queen of Hearts} 
{6 of Spades} 
{Ace of Hearts} 
{6 of Clubs} 
{2 of Clubs} 
 
EvaluateHands() Player 1 testing: 
 
[1, 1, 0, 0, 0, 0, 0, 1, 1, 0, 0, 0, 1]
[1, 0, 3, 1]
Hand value: 12
 
EvaluateHands() Player 2 testing: 
 
Pair
[1, 0, 0, 0, 2, 0, 0, 0, 0, 0, 1, 0, 1]
[2, 1, 2, 0]
Hand value: 104
------------------------
------------------------
 
Player 1:  
{10 of Spades} 
{3 of Diamonds} 
{5 of Spades} 
{5 of Clubs} 
{7 of Diamonds} 
 
Player 2:  
{Ace of Diamonds} 
{Queen of Diamonds} 
{9 of Spades} 
{Jack of Hearts} 
{6 of Diamonds} 
 
EvaluateHands() Player 1 testing: 
 
Pair
[0, 1, 0, 2, 0, 1, 0, 0, 1, 0, 0, 0, 0]
[1, 2, 0, 2]
Hand value: 103
 
EvaluateHands() Player 2 testing: 
 
[0, 0, 0, 0, 1, 0, 0, 1, 0, 1, 1, 0, 1]
[0, 1, 1, 3]
Hand value: 12
------------------------
------------------------
 
Player 1:  
{6 of Spades} 
{Queen of Spades} 
{5 of Spades} 
{6 of Clubs} 
{8 of Spades} 
 
Player 2:  
{3 of Clubs} 
{8 of Clubs} 
{2 of Hearts} 
{3 of Diamonds} 
{Ace of Hearts} 
 
EvaluateHands() Player 1 testing: 
 
Pair
[0, 0, 0, 1, 2, 0, 1, 0, 0, 0, 1, 0, 0]
[1, 4, 0, 0]
Hand value: 104
 
EvaluateHands() Player 2 testing: 
 
Pair
[1, 2, 0, 0, 0, 0, 1, 0, 0, 0, 0, 0, 1]
[2, 0, 2, 1]
Hand value: 101
------------------------
------------------------
 
Player 1:  
{2 of Clubs} 
{2 of Spades} 
{4 of Diamonds} 
{9 of Hearts} 
{2 of Diamonds} 
 
Player 2:  
{6 of Spades} 
{6 of Diamonds} 
{6 of Hearts} 
{Ace of Hearts} 
{7 of Spades} 
 
EvaluateHands() Player 1 testing: 
 
Three of a Kind
[3, 0, 1, 0, 0, 0, 0, 1, 0, 0, 0, 0, 0]
[1, 1, 1, 2]
Hand value: 300
 
EvaluateHands() Player 2 testing: 
 
Three of a Kind
[0, 0, 0, 0, 3, 1, 0, 0, 0, 0, 0, 0, 1]
[0, 2, 2, 1]
Hand value: 304
------------------------
------------------------
 
Player 1:  
{10 of Clubs} 
{9 of Hearts} 
{5 of Hearts} 
{Ace of Spades} 
{Ace of Clubs} 
 
Player 2:  
{Jack of Clubs} 
{8 of Hearts} 
{9 of Diamonds} 
{3 of Hearts} 
{2 of Spades} 
 
EvaluateHands() Player 1 testing: 
 
Pair
[0, 0, 0, 1, 0, 0, 0, 1, 1, 0, 0, 0, 2]
[2, 1, 2, 0]
Hand value: 112
 
EvaluateHands() Player 2 testing: 
 
[1, 1, 0, 0, 0, 0, 1, 1, 0, 1, 0, 0, 0]
[1, 1, 2, 1]
Hand value: 9
------------------------
------------------------
 
Player 1:  
{2 of Diamonds} 
{2 of Hearts} 
{King of Hearts} 
{7 of Diamonds} 
{6 of Clubs} 
 
Player 2:  
{6 of Diamonds} 
{Ace of Spades} 
{8 of Clubs} 
{3 of Hearts} 
{3 of Clubs} 
 
EvaluateHands() Player 1 testing: 
 
Pair
[2, 0, 0, 0, 1, 1, 0, 0, 0, 0, 0, 1, 0]
[1, 0, 2, 2]
Hand value: 100
 
EvaluateHands() Player 2 testing: 
 
Pair
[0, 2, 0, 0, 1, 0, 1, 0, 0, 0, 0, 0, 1]
[2, 1, 1, 1]
Hand value: 101
------------------------
------------------------
 
Player 1:  
{9 of Clubs} 
{8 of Hearts} 
{6 of Spades} 
{Jack of Hearts} 
{Ace of Diamonds} 
 
Player 2:  
{10 of Diamonds} 
{Ace of Hearts} 
{Jack of Diamonds} 
{5 of Spades} 
{9 of Hearts} 
 
EvaluateHands() Player 1 testing: 
 
[0, 0, 0, 0, 1, 0, 1, 1, 0, 1, 0, 0, 1]
[1, 1, 2, 1]
Hand value: 12
 
EvaluateHands() Player 2 testing: 
 
[0, 0, 0, 1, 0, 0, 0, 1, 1, 1, 0, 0, 1]
[0, 1, 2, 2]
Hand value: 12
------------------------
------------------------
 
Player 1:  
{Queen of Clubs} 
{6 of Clubs} 
{2 of Spades} 
{8 of Diamonds} 
{3 of Clubs} 
 
Player 2:  
{Jack of Hearts} 
{3 of Spades} 
{5 of Diamonds} 
{7 of Hearts} 
{7 of Clubs} 
 
EvaluateHands() Player 1 testing: 
 
[1, 1, 0, 0, 1, 0, 1, 0, 0, 0, 1, 0, 0]
[3, 1, 0, 1]
Hand value: 10
 
EvaluateHands() Player 2 testing: 
 
Pair
[0, 1, 0, 1, 0, 2, 0, 0, 0, 1, 0, 0, 0]
[1, 1, 2, 1]
Hand value: 105
------------------------
------------------------
 
Player 1:  
{Ace of Spades} 
{Ace of Clubs} 
{10 of Clubs} 
{5 of Hearts} 
{7 of Diamonds} 
 
Player 2:  
{3 of Hearts} 
{Jack of Diamonds} 
{Jack of Clubs} 
{8 of Diamonds} 
{King of Clubs} 
 
EvaluateHands() Player 1 testing: 
 
Pair
[0, 0, 0, 1, 0, 1, 0, 0, 1, 0, 0, 0, 2]
[2, 1, 1, 1]
Hand value: 112
 
EvaluateHands() Player 2 testing: 
 
Pair
[0, 1, 0, 0, 0, 0, 1, 0, 0, 2, 0, 1, 0]
[2, 0, 1, 2]
Hand value: 109
------------------------
------------------------
 
Player 1:  
{Queen of Hearts} 
{4 of Spades} 
{2 of Clubs} 
{5 of Spades} 
{3 of Diamonds} 
 
Player 2:  
{3 of Spades} 
{Ace of Spades} 
{Jack of Clubs} 
{6 of Clubs} 
{8 of Clubs} 
 
EvaluateHands() Player 1 testing: 
 
[1, 1, 1, 1, 0, 0, 0, 0, 0, 0, 1, 0, 0]
[1, 2, 1, 1]
Hand value: 10
 
EvaluateHands() Player 2 testing: 
 
[0, 1, 0, 0, 1, 0, 1, 0, 0, 1, 0, 0, 1]
[3, 2, 0, 0]
Hand value: 12
------------------------
------------------------
 
Player 1:  
{7 of Clubs} 
{2 of Diamonds} 
{2 of Clubs} 
{4 of Diamonds} 
{6 of Diamonds} 
 
Player 2:  
{3 of Clubs} 
{Queen of Spades} 
{Ace of Hearts} 
{Ace of Clubs} 
{Queen of Hearts} 
 
EvaluateHands() Player 1 testing: 
 
Pair
[2, 0, 1, 0, 1, 1, 0, 0, 0, 0, 0, 0, 0]
[2, 0, 0, 3]
Hand value: 100
 
EvaluateHands() Player 2 testing: 
 
Pair
[0, 1, 0, 0, 0, 0, 0, 0, 0, 0, 2, 0, 2]
[2, 1, 2, 0]
Hand value: 110
------------------------
------------------------
 
Player 1:  
{8 of Clubs} 
{6 of Spades} 
{Jack of Spades} 
{5 of Diamonds} 
{King of Spades} 
 
Player 2:  
{9 of Hearts} 
{3 of Diamonds} 
{6 of Hearts} 
{9 of Clubs} 
{Ace of Hearts} 
 
EvaluateHands() Player 1 testing: 
 
[0, 0, 0, 1, 1, 0, 1, 0, 0, 1, 0, 1, 0]
[1, 3, 0, 1]
Hand value: 11
 
EvaluateHands() Player 2 testing: 
 
Pair
[0, 1, 0, 0, 1, 0, 0, 2, 0, 0, 0, 0, 1]
[1, 0, 3, 1]
Hand value: 107
------------------------
------------------------
 
Player 1:  
{6 of Diamonds} 
{7 of Spades} 
{Jack of Spades} 
{3 of Diamonds} 
{2 of Spades} 
 
Player 2:  
{8 of Hearts} 
{10 of Clubs} 
{10 of Diamonds} 
{Jack of Clubs} 
{Ace of Diamonds} 
 
EvaluateHands() Player 1 testing: 
 
[1, 1, 0, 0, 1, 1, 0, 0, 0, 1, 0, 0, 0]
[0, 3, 0, 2]
Hand value: 9
 
EvaluateHands() Player 2 testing: 
 
Pair
[0, 0, 0, 0, 0, 0, 1, 0, 2, 1, 0, 0, 1]
[2, 0, 1, 2]
Hand value: 108
------------------------
------------------------
 
Player 1:  
{4 of Clubs} 
{5 of Diamonds} 
{4 of Diamonds} 
{3 of Spades} 
{2 of Clubs} 
 
Player 2:  
{9 of Hearts} 
{Jack of Clubs} 
{Ace of Clubs} 
{King of Hearts} 
{2 of Hearts} 
 
EvaluateHands() Player 1 testing: 
 
Pair
[1, 1, 2, 1, 0, 0, 0, 0, 0, 0, 0, 0, 0]
[2, 1, 0, 2]
Hand value: 102
 
EvaluateHands() Player 2 testing: 
 
[1, 0, 0, 0, 0, 0, 0, 1, 0, 1, 0, 1, 1]
[2, 0, 3, 0]
Hand value: 12
------------------------
------------------------
 
Player 1:  
{5 of Hearts} 
{2 of Diamonds} 
{3 of Hearts} 
{Jack of Diamonds} 
{Jack of Hearts} 
 
Player 2:  
{4 of Clubs} 
{10 of Diamonds} 
{3 of Spades} 
{9 of Clubs} 
{Jack of Spades} 
 
EvaluateHands() Player 1 testing: 
 
Pair
[1, 1, 0, 1, 0, 0, 0, 0, 0, 2, 0, 0, 0]
[0, 0, 3, 2]
Hand value: 109
 
EvaluateHands() Player 2 testing: 
 
[0, 1, 1, 0, 0, 0, 0, 1, 1, 1, 0, 0, 0]
[2, 2, 0, 1]
Hand value: 9
------------------------
------------------------
 
Player 1:  
{Queen of Hearts} 
{9 of Diamonds} 
{4 of Diamonds} 
{5 of Spades} 
{Ace of Clubs} 
 
Player 2:  
{Jack of Hearts} 
{10 of Diamonds} 
{8 of Clubs} 
{4 of Spades} 
{Queen of Clubs} 
 
EvaluateHands() Player 1 testing: 
 
[0, 0, 1, 1, 0, 0, 0, 1, 0, 0, 1, 0, 1]
[1, 1, 1, 2]
Hand value: 12
 
EvaluateHands() Player 2 testing: 
 
[0, 0, 1, 0, 0, 0, 1, 0, 1, 1, 1, 0, 0]
[2, 1, 1, 1]
Hand value: 10
------------------------
------------------------
 
Player 1:  
{6 of Diamonds} 
{2 of Clubs} 
{3 of Spades} 
{6 of Clubs} 
{7 of Clubs} 
 
Player 2:  
{Ace of Hearts} 
{6 of Spades} 
{King of Clubs} 
{5 of Spades} 
{King of Spades} 
 
EvaluateHands() Player 1 testing: 
 
Pair
[1, 1, 0, 0, 2, 1, 0, 0, 0, 0, 0, 0, 0]
[3, 1, 0, 1]
Hand value: 104
 
EvaluateHands() Player 2 testing: 
 
Pair
[0, 0, 0, 1, 1, 0, 0, 0, 0, 0, 0, 2, 1]
[1, 3, 1, 0]
Hand value: 111
------------------------
------------------------
 
Player 1:  
{5 of Diamonds} 
{6 of Diamonds} 
{King of Clubs} 
{2 of Clubs} 
{7 of Hearts} 
 
Player 2:  
{2 of Spades} 
{King of Diamonds} 
{3 of Clubs} 
{9 of Spades} 
{10 of Diamonds} 
 
EvaluateHands() Player 1 testing: 
 
[1, 0, 0, 1, 1, 1, 0, 0, 0, 0, 0, 1, 0]
[2, 0, 1, 2]
Hand value: 11
 
EvaluateHands() Player 2 testing: 
 
[1, 1, 0, 0, 0, 0, 0, 1, 1, 0, 0, 1, 0]
[1, 2, 0, 2]
Hand value: 11
------------------------
------------------------
 
Player 1:  
{Jack of Spades} 
{3 of Spades} 
{2 of Clubs} 
{4 of Spades} 
{8 of Clubs} 
 
Player 2:  
{7 of Spades} 
{9 of Clubs} 
{Queen of Diamonds} 
{Ace of Clubs} 
{5 of Spades} 
 
EvaluateHands() Player 1 testing: 
 
[1, 1, 1, 0, 0, 0, 1, 0, 0, 1, 0, 0, 0]
[2, 3, 0, 0]
Hand value: 9
 
EvaluateHands() Player 2 testing: 
 
[0, 0, 0, 1, 0, 1, 0, 1, 0, 0, 1, 0, 1]
[2, 2, 0, 1]
Hand value: 12
------------------------
------------------------
 
Player 1:  
{9 of Hearts} 
{4 of Diamonds} 
{Jack of Diamonds} 
{5 of Clubs} 
{Ace of Clubs} 
 
Player 2:  
{Queen of Hearts} 
{6 of Spades} 
{Ace of Hearts} 
{King of Hearts} 
{8 of Hearts} 
 
EvaluateHands() Player 1 testing: 
 
[0, 0, 1, 1, 0, 0, 0, 1, 0, 1, 0, 0, 1]
[2, 0, 1, 2]
Hand value: 12
 
EvaluateHands() Player 2 testing: 
 
[0, 0, 0, 0, 1, 0, 1, 0, 0, 0, 1, 1, 1]
[0, 1, 4, 0]
Hand value: 12
------------------------
------------------------
 
Player 1:  
{6 of Spades} 
{9 of Diamonds} 
{8 of Diamonds} 
{3 of Spades} 
{2 of Diamonds} 
 
Player 2:  
{2 of Clubs} 
{6 of Diamonds} 
{Jack of Spades} 
{10 of Hearts} 
{Queen of Spades} 
 
EvaluateHands() Player 1 testing: 
 
[1, 1, 0, 0, 1, 0, 1, 1, 0, 0, 0, 0, 0]
[0, 2, 0, 3]
Hand value: 7
 
EvaluateHands() Player 2 testing: 
 
[1, 0, 0, 0, 1, 0, 0, 0, 1, 1, 1, 0, 0]
[1, 2, 1, 1]
Hand value: 10
------------------------
------------------------
 
Player 1:  
{9 of Hearts} 
{5 of Diamonds} 
{King of Clubs} 
{5 of Hearts} 
{Ace of Hearts} 
 
Player 2:  
{7 of Diamonds} 
{Ace of Clubs} 
{9 of Clubs} 
{3 of Hearts} 
{8 of Diamonds} 
 
EvaluateHands() Player 1 testing: 
 
Pair
[0, 0, 0, 2, 0, 0, 0, 1, 0, 0, 0, 1, 1]
[1, 0, 3, 1]
Hand value: 103
 
EvaluateHands() Player 2 testing: 
 
[0, 1, 0, 0, 0, 1, 1, 1, 0, 0, 0, 0, 1]
[2, 0, 1, 2]
Hand value: 12
------------------------
------------------------
 
Player 1:  
{2 of Spades} 
{3 of Hearts} 
{Ace of Clubs} 
{9 of Diamonds} 
{9 of Spades} 
 
Player 2:  
{6 of Spades} 
{7 of Hearts} 
{Jack of Spades} 
{10 of Hearts} 
{7 of Spades} 
 
EvaluateHands() Player 1 testing: 
 
Pair
[1, 1, 0, 0, 0, 0, 0, 2, 0, 0, 0, 0, 1]
[1, 2, 1, 1]
Hand value: 107
 
EvaluateHands() Player 2 testing: 
 
Pair
[0, 0, 0, 0, 1, 2, 0, 0, 1, 1, 0, 0, 0]
[0, 3, 2, 0]
Hand value: 105
------------------------
------------------------
 
Player 1:  
{2 of Diamonds} 
{Jack of Clubs} 
{King of Diamonds} 
{7 of Spades} 
{9 of Clubs} 
 
Player 2:  
{9 of Hearts} 
{Queen of Diamonds} 
{5 of Clubs} 
{7 of Clubs} 
{Jack of Diamonds} 
 
EvaluateHands() Player 1 testing: 
 
[1, 0, 0, 0, 0, 1, 0, 1, 0, 1, 0, 1, 0]
[2, 1, 0, 2]
Hand value: 11
 
EvaluateHands() Player 2 testing: 
 
[0, 0, 0, 1, 0, 1, 0, 1, 0, 1, 1, 0, 0]
[2, 0, 1, 2]
Hand value: 10
------------------------
------------------------
 
Player 1:  
{9 of Diamonds} 
{8 of Hearts} 
{6 of Spades} 
{4 of Spades} 
{9 of Clubs} 
 
Player 2:  
{4 of Diamonds} 
{10 of Hearts} 
{7 of Spades} 
{10 of Spades} 
{7 of Hearts} 
 
EvaluateHands() Player 1 testing: 
 
Pair
[0, 0, 1, 0, 1, 0, 1, 2, 0, 0, 0, 0, 0]
[1, 2, 1, 1]
Hand value: 107
 
EvaluateHands() Player 2 testing: 
 
Two Pairs
[0, 0, 1, 0, 0, 2, 0, 0, 2, 0, 0, 0, 0]
[0, 2, 2, 1]
Hand value: 208
------------------------
------------------------
 
Player 1:  
{5 of Hearts} 
{8 of Diamonds} 
{Jack of Hearts} 
{4 of Hearts} 
{Ace of Spades} 
 
Player 2:  
{Ace of Clubs} 
{Queen of Clubs} 
{9 of Clubs} 
{Jack of Diamonds} 
{Queen of Spades} 
 
EvaluateHands() Player 1 testing: 
 
[0, 0, 1, 1, 0, 0, 1, 0, 0, 1, 0, 0, 1]
[0, 1, 3, 1]
Hand value: 12
 
EvaluateHands() Player 2 testing: 
 
Pair
[0, 0, 0, 0, 0, 0, 0, 1, 0, 1, 2, 0, 1]
[3, 1, 0, 1]
Hand value: 110
------------------------
------------------------
 
Player 1:  
{8 of Diamonds} 
{7 of Diamonds} 
{8 of Spades} 
{3 of Diamonds} 
{9 of Diamonds} 
 
Player 2:  
{King of Spades} 
{5 of Clubs} 
{8 of Clubs} 
{Jack of Spades} 
{4 of Spades} 
 
EvaluateHands() Player 1 testing: 
 
Pair
[0, 1, 0, 0, 0, 1, 2, 1, 0, 0, 0, 0, 0]
[0, 1, 0, 4]
Hand value: 106
 
EvaluateHands() Player 2 testing: 
 
[0, 0, 1, 1, 0, 0, 1, 0, 0, 1, 0, 1, 0]
[2, 3, 0, 0]
Hand value: 11
------------------------
------------------------
 
Player 1:  
{Ace of Spades} 
{Jack of Hearts} 
{6 of Hearts} 
{King of Spades} 
{King of Hearts} 
 
Player 2:  
{7 of Diamonds} 
{3 of Clubs} 
{3 of Hearts} 
{6 of Diamonds} 
{3 of Diamonds} 
 
EvaluateHands() Player 1 testing: 
 
Pair
[0, 0, 0, 0, 1, 0, 0, 0, 0, 1, 0, 2, 1]
[0, 2, 3, 0]
Hand value: 111
 
EvaluateHands() Player 2 testing: 
 
Three of a Kind
[0, 3, 0, 0, 1, 1, 0, 0, 0, 0, 0, 0, 0]
[1, 0, 1, 3]
Hand value: 301
------------------------
------------------------
 
Player 1:  
{9 of Diamonds} 
{8 of Hearts} 
{7 of Hearts} 
{3 of Diamonds} 
{6 of Diamonds} 
 
Player 2:  
{Queen of Hearts} 
{Queen of Spades} 
{3 of Clubs} 
{Ace of Clubs} 
{2 of Hearts} 
 
EvaluateHands() Player 1 testing: 
 
[0, 1, 0, 0, 1, 1, 1, 1, 0, 0, 0, 0, 0]
[0, 0, 2, 3]
Hand value: 7
 
EvaluateHands() Player 2 testing: 
 
Pair
[1, 1, 0, 0, 0, 0, 0, 0, 0, 0, 2, 0, 1]
[2, 1, 2, 0]
Hand value: 110
------------------------
------------------------
 
Player 1:  
{8 of Hearts} 
{Ace of Clubs} 
{9 of Diamonds} 
{5 of Diamonds} 
{Jack of Clubs} 
 
Player 2:  
{6 of Diamonds} 
{8 of Diamonds} 
{3 of Hearts} 
{9 of Hearts} 
{Ace of Spades} 
 
EvaluateHands() Player 1 testing: 
 
[0, 0, 0, 1, 0, 0, 1, 1, 0, 1, 0, 0, 1]
[2, 0, 1, 2]
Hand value: 12
 
EvaluateHands() Player 2 testing: 
 
[0, 1, 0, 0, 1, 0, 1, 1, 0, 0, 0, 0, 1]
[0, 1, 2, 2]
Hand value: 12
------------------------
------------------------
 
Player 1:  
{Ace of Clubs} 
{3 of Hearts} 
{10 of Hearts} 
{8 of Clubs} 
{Jack of Diamonds} 
 
Player 2:  
{4 of Diamonds} 
{Jack of Hearts} 
{2 of Hearts} 
{5 of Hearts} 
{Queen of Clubs} 
 
EvaluateHands() Player 1 testing: 
 
[0, 1, 0, 0, 0, 0, 1, 0, 1, 1, 0, 0, 1]
[2, 0, 2, 1]
Hand value: 12
 
EvaluateHands() Player 2 testing: 
 
[1, 0, 1, 1, 0, 0, 0, 0, 0, 1, 1, 0, 0]
[1, 0, 3, 1]
Hand value: 10
------------------------
------------------------
 
Player 1:  
{King of Hearts} 
{Ace of Clubs} 
{King of Clubs} 
{Ace of Spades} 
{3 of Diamonds} 
 
Player 2:  
{4 of Spades} 
{Queen of Diamonds} 
{Queen of Hearts} 
{9 of Spades} 
{Jack of Clubs} 
 
EvaluateHands() Player 1 testing: 
 
Pair
[0, 1, 0, 0, 0, 0, 0, 0, 0, 0, 0, 2, 2]
[2, 1, 1, 1]
Hand value: 111
 
EvaluateHands() Player 2 testing: 
 
Pair
[0, 0, 1, 0, 0, 0, 0, 1, 0, 1, 2, 0, 0]
[1, 2, 1, 1]
Hand value: 110
------------------------
------------------------
 
Player 1:  
{5 of Hearts} 
{4 of Hearts} 
{Queen of Hearts} 
{2 of Clubs} 
{King of Clubs} 
 
Player 2:  
{Ace of Spades} 
{Jack of Hearts} 
{2 of Hearts} 
{King of Spades} 
{5 of Diamonds} 
 
EvaluateHands() Player 1 testing: 
 
[1, 0, 1, 1, 0, 0, 0, 0, 0, 0, 1, 1, 0]
[2, 0, 3, 0]
Hand value: 11
 
EvaluateHands() Player 2 testing: 
 
[1, 0, 0, 1, 0, 0, 0, 0, 0, 1, 0, 1, 1]
[0, 2, 2, 1]
Hand value: 12
------------------------
------------------------
 
Player 1:  
{Ace of Diamonds} 
{Jack of Diamonds} 
{9 of Hearts} 
{King of Clubs} 
{5 of Spades} 
 
Player 2:  
{3 of Diamonds} 
{5 of Hearts} 
{4 of Clubs} 
{9 of Clubs} 
{Queen of Clubs} 
 
EvaluateHands() Player 1 testing: 
 
[0, 0, 0, 1, 0, 0, 0, 1, 0, 1, 0, 1, 1]
[1, 1, 1, 2]
Hand value: 12
 
EvaluateHands() Player 2 testing: 
 
[0, 1, 1, 1, 0, 0, 0, 1, 0, 0, 1, 0, 0]
[3, 0, 1, 1]
Hand value: 10
------------------------
------------------------
 
Player 1:  
{7 of Hearts} 
{7 of Spades} 
{King of Diamonds} 
{10 of Hearts} 
{4 of Clubs} 
 
Player 2:  
{5 of Diamonds} 
{3 of Diamonds} 
{5 of Clubs} 
{4 of Hearts} 
{5 of Hearts} 
 
EvaluateHands() Player 1 testing: 
 
Pair
[0, 0, 1, 0, 0, 2, 0, 0, 1, 0, 0, 1, 0]
[1, 1, 2, 1]
Hand value: 105
 
EvaluateHands() Player 2 testing: 
 
Three of a Kind
[0, 1, 1, 3, 0, 0, 0, 0, 0, 0, 0, 0, 0]
[1, 0, 2, 2]
Hand value: 303
------------------------
------------------------
 
Player 1:  
{Queen of Clubs} 
{6 of Diamonds} 
{8 of Diamonds} 
{Queen of Spades} 
{2 of Spades} 
 
Player 2:  
{4 of Clubs} 
{10 of Hearts} 
{9 of Clubs} 
{3 of Hearts} 
{3 of Clubs} 
 
EvaluateHands() Player 1 testing: 
 
Pair
[1, 0, 0, 0, 1, 0, 1, 0, 0, 0, 2, 0, 0]
[1, 2, 0, 2]
Hand value: 110
 
EvaluateHands() Player 2 testing: 
 
Pair
[0, 2, 1, 0, 0, 0, 0, 1, 1, 0, 0, 0, 0]
[3, 0, 2, 0]
Hand value: 101
------------------------
------------------------
 
Player 1:  
{7 of Spades} 
{King of Hearts} 
{7 of Hearts} 
{Ace of Clubs} 
{2 of Spades} 
 
Player 2:  
{3 of Hearts} 
{Queen of Hearts} 
{3 of Clubs} 
{8 of Clubs} 
{Queen of Diamonds} 
 
EvaluateHands() Player 1 testing: 
 
Pair
[1, 0, 0, 0, 0, 2, 0, 0, 0, 0, 0, 1, 1]
[1, 2, 2, 0]
Hand value: 105
 
EvaluateHands() Player 2 testing: 
 
Two Pairs
[0, 2, 0, 0, 0, 0, 1, 0, 0, 0, 2, 0, 0]
[2, 0, 2, 1]
Hand value: 210
------------------------
------------------------
 
Player 1:  
{4 of Clubs} 
{10 of Hearts} 
{6 of Diamonds} 
{Ace of Diamonds} 
{3 of Hearts} 
 
Player 2:  
{Queen of Hearts} 
{10 of Spades} 
{8 of Hearts} 
{King of Clubs} 
{4 of Hearts} 
 
EvaluateHands() Player 1 testing: 
 
[0, 1, 1, 0, 1, 0, 0, 0, 1, 0, 0, 0, 1]
[1, 0, 2, 2]
Hand value: 12
 
EvaluateHands() Player 2 testing: 
 
[0, 0, 1, 0, 0, 0, 1, 0, 1, 0, 1, 1, 0]
[1, 1, 3, 0]
Hand value: 11
------------------------
------------------------
 
Player 1:  
{2 of Diamonds} 
{Jack of Diamonds} 
{8 of Diamonds} 
{5 of Clubs} 
{Ace of Diamonds} 
 
Player 2:  
{4 of Clubs} 
{King of Diamonds} 
{Queen of Hearts} 
{9 of Hearts} 
{10 of Clubs} 
 
EvaluateHands() Player 1 testing: 
 
[1, 0, 0, 1, 0, 0, 1, 0, 0, 1, 0, 0, 1]
[1, 0, 0, 4]
Hand value: 12
 
EvaluateHands() Player 2 testing: 
 
[0, 0, 1, 0, 0, 0, 0, 1, 1, 0, 1, 1, 0]
[2, 0, 2, 1]
Hand value: 11
------------------------
------------------------
 
Player 1:  
{10 of Clubs} 
{10 of Hearts} 
{7 of Clubs} 
{4 of Clubs} 
{5 of Diamonds} 
 
Player 2:  
{10 of Diamonds} 
{King of Hearts} 
{3 of Hearts} 
{Jack of Diamonds} 
{Jack of Clubs} 
 
EvaluateHands() Player 1 testing: 
 
Pair
[0, 0, 1, 1, 0, 1, 0, 0, 2, 0, 0, 0, 0]
[3, 0, 1, 1]
Hand value: 108
 
EvaluateHands() Player 2 testing: 
 
Pair
[0, 1, 0, 0, 0, 0, 0, 0, 1, 2, 0, 1, 0]
[1, 0, 2, 2]
Hand value: 109
------------------------
------------------------
 
Player 1:  
{5 of Diamonds} 
{Jack of Hearts} 
{7 of Diamonds} 
{3 of Spades} 
{Queen of Diamonds} 
 
Player 2:  
{6 of Clubs} 
{Ace of Diamonds} 
{7 of Spades} 
{4 of Hearts} 
{3 of Hearts} 
 
EvaluateHands() Player 1 testing: 
 
[0, 1, 0, 1, 0, 1, 0, 0, 0, 1, 1, 0, 0]
[0, 1, 1, 3]
Hand value: 10
 
EvaluateHands() Player 2 testing: 
 
[0, 1, 1, 0, 1, 1, 0, 0, 0, 0, 0, 0, 1]
[1, 1, 2, 1]
Hand value: 12
------------------------
------------------------
 
Player 1:  
{8 of Clubs} 
{5 of Spades} 
{Jack of Clubs} 
{10 of Spades} 
{5 of Clubs} 
 
Player 2:  
{6 of Hearts} 
{2 of Hearts} 
{Queen of Diamonds} 
{Queen of Spades} 
{Jack of Diamonds} 
 
EvaluateHands() Player 1 testing: 
 
Pair
[0, 0, 0, 2, 0, 0, 1, 0, 1, 1, 0, 0, 0]
[3, 2, 0, 0]
Hand value: 103
 
EvaluateHands() Player 2 testing: 
 
Pair
[1, 0, 0, 0, 1, 0, 0, 0, 0, 1, 2, 0, 0]
[0, 1, 2, 2]
Hand value: 110
------------------------
------------------------
 
Player 1:  
{4 of Diamonds} 
{10 of Hearts} 
{Ace of Spades} 
{6 of Spades} 
{Queen of Hearts} 
 
Player 2:  
{6 of Hearts} 
{9 of Spades} 
{7 of Hearts} 
{King of Diamonds} 
{Ace of Hearts} 
 
EvaluateHands() Player 1 testing: 
 
[0, 0, 1, 0, 1, 0, 0, 0, 1, 0, 1, 0, 1]
[0, 2, 2, 1]
Hand value: 12
 
EvaluateHands() Player 2 testing: 
 
[0, 0, 0, 0, 1, 1, 0, 1, 0, 0, 0, 1, 1]
[0, 1, 3, 1]
Hand value: 12
------------------------
------------------------
 
Player 1:  
{3 of Spades} 
{3 of Diamonds} 
{4 of Hearts} 
{Jack of Diamonds} 
{Ace of Clubs} 
 
Player 2:  
{10 of Clubs} 
{8 of Diamonds} 
{10 of Spades} 
{Ace of Diamonds} 
{Queen of Clubs} 
 
EvaluateHands() Player 1 testing: 
 
Pair
[0, 2, 1, 0, 0, 0, 0, 0, 0, 1, 0, 0, 1]
[1, 1, 1, 2]
Hand value: 101
 
EvaluateHands() Player 2 testing: 
 
Pair
[0, 0, 0, 0, 0, 0, 1, 0, 2, 0, 1, 0, 1]
[2, 1, 0, 2]
Hand value: 108
------------------------
------------------------
 
Player 1:  
{2 of Hearts} 
{3 of Clubs} 
{9 of Clubs} 
{6 of Spades} 
{King of Diamonds} 
 
Player 2:  
{9 of Hearts} 
{Ace of Hearts} 
{2 of Diamonds} 
{King of Hearts} 
{8 of Hearts} 
 
EvaluateHands() Player 1 testing: 
 
[1, 1, 0, 0, 1, 0, 0, 1, 0, 0, 0, 1, 0]
[2, 1, 1, 1]
Hand value: 11
 
EvaluateHands() Player 2 testing: 
 
[1, 0, 0, 0, 0, 0, 1, 1, 0, 0, 0, 1, 1]
[0, 0, 4, 1]
Hand value: 12
------------------------
------------------------
 
Player 1:  
{9 of Clubs} 
{2 of Clubs} 
{4 of Hearts} 
{Ace of Hearts} 
{10 of Spades} 
 
Player 2:  
{Jack of Hearts} 
{King of Hearts} 
{6 of Clubs} 
{Ace of Spades} 
{Jack of Spades} 
 
EvaluateHands() Player 1 testing: 
 
[1, 0, 1, 0, 0, 0, 0, 1, 1, 0, 0, 0, 1]
[2, 1, 2, 0]
Hand value: 12
 
EvaluateHands() Player 2 testing: 
 
Pair
[0, 0, 0, 0, 1, 0, 0, 0, 0, 2, 0, 1, 1]
[1, 2, 2, 0]
Hand value: 109
------------------------
------------------------
 
Player 1:  
{10 of Diamonds} 
{9 of Hearts} 
{Ace of Hearts} 
{7 of Spades} 
{Ace of Spades} 
 
Player 2:  
{7 of Diamonds} 
{6 of Clubs} 
{3 of Clubs} 
{10 of Spades} 
{Jack of Diamonds} 
 
EvaluateHands() Player 1 testing: 
 
Pair
[0, 0, 0, 0, 0, 1, 0, 1, 1, 0, 0, 0, 2]
[0, 2, 2, 1]
Hand value: 112
 
EvaluateHands() Player 2 testing: 
 
[0, 1, 0, 0, 1, 1, 0, 0, 1, 1, 0, 0, 0]
[2, 1, 0, 2]
Hand value: 9
------------------------
------------------------
 
Player 1:  
{Ace of Spades} 
{Jack of Diamonds} 
{9 of Clubs} 
{2 of Diamonds} 
{5 of Diamonds} 
 
Player 2:  
{King of Hearts} 
{8 of Spades} 
{10 of Diamonds} 
{3 of Clubs} 
{King of Diamonds} 
 
EvaluateHands() Player 1 testing: 
 
[1, 0, 0, 1, 0, 0, 0, 1, 0, 1, 0, 0, 1]
[1, 1, 0, 3]
Hand value: 12
 
EvaluateHands() Player 2 testing: 
 
Pair
[0, 1, 0, 0, 0, 0, 1, 0, 1, 0, 0, 2, 0]
[1, 1, 1, 2]
Hand value: 111
------------------------
------------------------
 
Player 1:  
{5 of Diamonds} 
{6 of Diamonds} 
{3 of Spades} 
{4 of Hearts} 
{Ace of Hearts} 
 
Player 2:  
{5 of Clubs} 
{7 of Hearts} 
{2 of Clubs} 
{8 of Spades} 
{Ace of Diamonds} 
 
EvaluateHands() Player 1 testing: 
 
[0, 1, 1, 1, 1, 0, 0, 0, 0, 0, 0, 0, 1]
[0, 1, 2, 2]
Hand value: 12
 
EvaluateHands() Player 2 testing: 
 
[1, 0, 0, 1, 0, 1, 1, 0, 0, 0, 0, 0, 1]
[2, 1, 1, 1]
Hand value: 12
------------------------
------------------------
 
Player 1:  
{6 of Diamonds} 
{9 of Hearts} 
{Ace of Hearts} 
{King of Spades} 
{King of Diamonds} 
 
Player 2:  
{3 of Spades} 
{2 of Spades} 
{7 of Hearts} 
{2 of Diamonds} 
{4 of Hearts} 
 
EvaluateHands() Player 1 testing: 
 
Pair
[0, 0, 0, 0, 1, 0, 0, 1, 0, 0, 0, 2, 1]
[0, 1, 2, 2]
Hand value: 111
 
EvaluateHands() Player 2 testing: 
 
Pair
[2, 1, 1, 0, 0, 1, 0, 0, 0, 0, 0, 0, 0]
[0, 2, 2, 1]
Hand value: 100
------------------------
------------------------
 
Player 1:  
{8 of Diamonds} 
{Ace of Spades} 
{Queen of Hearts} 
{King of Hearts} 
{3 of Diamonds} 
 
Player 2:  
{10 of Hearts} 
{Queen of Diamonds} 
{Queen of Spades} 
{6 of Hearts} 
{8 of Spades} 
 
EvaluateHands() Player 1 testing: 
 
[0, 1, 0, 0, 0, 0, 1, 0, 0, 0, 1, 1, 1]
[0, 1, 2, 2]
Hand value: 12
 
EvaluateHands() Player 2 testing: 
 
Pair
[0, 0, 0, 0, 1, 0, 1, 0, 1, 0, 2, 0, 0]
[0, 2, 2, 1]
Hand value: 110
------------------------
------------------------
 
Player 1:  
{7 of Diamonds} 
{King of Hearts} 
{Queen of Clubs} 
{4 of Spades} 
{9 of Clubs} 
 
Player 2:  
{3 of Clubs} 
{Ace of Diamonds} 
{2 of Clubs} 
{6 of Clubs} 
{5 of Spades} 
 
EvaluateHands() Player 1 testing: 
 
[0, 0, 1, 0, 0, 1, 0, 1, 0, 0, 1, 1, 0]
[2, 1, 1, 1]
Hand value: 11
 
EvaluateHands() Player 2 testing: 
 
[1, 1, 0, 1, 1, 0, 0, 0, 0, 0, 0, 0, 1]
[3, 1, 0, 1]
Hand value: 12
------------------------
------------------------
 
Player 1:  
{4 of Hearts} 
{7 of Hearts} 
{King of Hearts} 
{7 of Diamonds} 
{8 of Clubs} 
 
Player 2:  
{Jack of Clubs} 
{10 of Diamonds} 
{Queen of Spades} 
{Ace of Clubs} 
{6 of Hearts} 
 
EvaluateHands() Player 1 testing: 
 
Pair
[0, 0, 1, 0, 0, 2, 1, 0, 0, 0, 0, 1, 0]
[1, 0, 3, 1]
Hand value: 105
 
EvaluateHands() Player 2 testing: 
 
[0, 0, 0, 0, 1, 0, 0, 0, 1, 1, 1, 0, 1]
[2, 1, 1, 1]
Hand value: 12
------------------------
------------------------
 
Player 1:  
{Ace of Spades} 
{Jack of Clubs} 
{3 of Hearts} 
{King of Hearts} 
{Queen of Hearts} 
 
Player 2:  
{10 of Spades} 
{5 of Diamonds} 
{Ace of Diamonds} 
{8 of Spades} 
{Ace of Hearts} 
 
EvaluateHands() Player 1 testing: 
 
[0, 1, 0, 0, 0, 0, 0, 0, 0, 1, 1, 1, 1]
[1, 1, 3, 0]
Hand value: 12
 
EvaluateHands() Player 2 testing: 
 
Pair
[0, 0, 0, 1, 0, 0, 1, 0, 1, 0, 0, 0, 2]
[0, 2, 1, 2]
Hand value: 112
------------------------
------------------------
 
Player 1:  
{8 of Hearts} 
{5 of Spades} 
{3 of Clubs} 
{3 of Hearts} 
{Queen of Diamonds} 
 
Player 2:  
{10 of Diamonds} 
{2 of Clubs} 
{3 of Diamonds} 
{King of Hearts} 
{2 of Diamonds} 
 
EvaluateHands() Player 1 testing: 
 
Pair
[0, 2, 0, 1, 0, 0, 1, 0, 0, 0, 1, 0, 0]
[1, 1, 2, 1]
Hand value: 101
 
EvaluateHands() Player 2 testing: 
 
Pair
[2, 1, 0, 0, 0, 0, 0, 0, 1, 0, 0, 1, 0]
[1, 0, 1, 3]
Hand value: 100
------------------------
------------------------
 
Player 1:  
{King of Spades} 
{10 of Diamonds} 
{Ace of Diamonds} 
{4 of Clubs} 
{5 of Hearts} 
 
Player 2:  
{4 of Diamonds} 
{5 of Spades} 
{2 of Hearts} 
{3 of Hearts} 
{Ace of Hearts} 
 
EvaluateHands() Player 1 testing: 
 
[0, 0, 1, 1, 0, 0, 0, 0, 1, 0, 0, 1, 1]
[1, 1, 1, 2]
Hand value: 12
 
EvaluateHands() Player 2 testing: 
 
[1, 1, 1, 1, 0, 0, 0, 0, 0, 0, 0, 0, 1]
[0, 1, 3, 1]
Hand value: 12
------------------------
------------------------
 
Player 1:  
{9 of Clubs} 
{9 of Hearts} 
{3 of Diamonds} 
{2 of Clubs} 
{2 of Spades} 
 
Player 2:  
{Jack of Hearts} 
{3 of Hearts} 
{4 of Diamonds} 
{7 of Hearts} 
{4 of Spades} 
 
EvaluateHands() Player 1 testing: 
 
Two Pairs
[2, 1, 0, 0, 0, 0, 0, 2, 0, 0, 0, 0, 0]
[2, 1, 1, 1]
Hand value: 207
 
EvaluateHands() Player 2 testing: 
 
Pair
[0, 1, 2, 0, 0, 1, 0, 0, 0, 1, 0, 0, 0]
[0, 1, 3, 1]
Hand value: 102
------------------------
------------------------
 
Player 1:  
{7 of Hearts} 
{Queen of Hearts} 
{Ace of Hearts} 
{8 of Spades} 
{9 of Diamonds} 
 
Player 2:  
{10 of Hearts} 
{4 of Clubs} 
{6 of Diamonds} 
{Jack of Hearts} 
{9 of Hearts} 
 
EvaluateHands() Player 1 testing: 
 
[0, 0, 0, 0, 0, 1, 1, 1, 0, 0, 1, 0, 1]
[0, 1, 3, 1]
Hand value: 12
 
EvaluateHands() Player 2 testing: 
 
[0, 0, 1, 0, 1, 0, 0, 1, 1, 1, 0, 0, 0]
[1, 0, 3, 1]
Hand value: 9
------------------------
------------------------
 
Player 1:  
{6 of Hearts} 
{4 of Hearts} 
{6 of Diamonds} 
{8 of Hearts} 
{3 of Diamonds} 
 
Player 2:  
{5 of Diamonds} 
{9 of Hearts} 
{2 of Diamonds} 
{4 of Spades} 
{Ace of Spades} 
 
EvaluateHands() Player 1 testing: 
 
Pair
[0, 1, 1, 0, 2, 0, 1, 0, 0, 0, 0, 0, 0]
[0, 0, 3, 2]
Hand value: 104
 
EvaluateHands() Player 2 testing: 
 
[1, 0, 1, 1, 0, 0, 0, 1, 0, 0, 0, 0, 1]
[0, 2, 1, 2]
Hand value: 12
------------------------
------------------------
 
Player 1:  
{King of Clubs} 
{Queen of Diamonds} 
{7 of Hearts} 
{Ace of Diamonds} 
{Jack of Diamonds} 
 
Player 2:  
{2 of Spades} 
{9 of Clubs} 
{5 of Hearts} 
{3 of Hearts} 
{3 of Diamonds} 
 
EvaluateHands() Player 1 testing: 
 
[0, 0, 0, 0, 0, 1, 0, 0, 0, 1, 1, 1, 1]
[1, 0, 1, 3]
Hand value: 12
 
EvaluateHands() Player 2 testing: 
 
Pair
[1, 2, 0, 1, 0, 0, 0, 1, 0, 0, 0, 0, 0]
[1, 1, 2, 1]
Hand value: 101
------------------------
------------------------
 
Player 1:  
{4 of Diamonds} 
{Ace of Diamonds} 
{2 of Diamonds} 
{6 of Clubs} 
{5 of Diamonds} 
 
Player 2:  
{9 of Spades} 
{6 of Hearts} 
{Jack of Diamonds} 
{Ace of Clubs} 
{8 of Spades} 
 
EvaluateHands() Player 1 testing: 
 
[1, 0, 1, 1, 1, 0, 0, 0, 0, 0, 0, 0, 1]
[1, 0, 0, 4]
Hand value: 12
 
EvaluateHands() Player 2 testing: 
 
[0, 0, 0, 0, 1, 0, 1, 1, 0, 1, 0, 0, 1]
[1, 2, 1, 1]
Hand value: 12
------------------------
------------------------
 
Player 1:  
{King of Hearts} 
{Jack of Spades} 
{Jack of Clubs} 
{4 of Clubs} 
{2 of Hearts} 
 
Player 2:  
{9 of Hearts} 
{Ace of Diamonds} 
{10 of Diamonds} 
{8 of Hearts} 
{2 of Spades} 
 
EvaluateHands() Player 1 testing: 
 
Pair
[1, 0, 1, 0, 0, 0, 0, 0, 0, 2, 0, 1, 0]
[2, 1, 2, 0]
Hand value: 109
 
EvaluateHands() Player 2 testing: 
 
[1, 0, 0, 0, 0, 0, 1, 1, 1, 0, 0, 0, 1]
[0, 1, 2, 2]
Hand value: 12
------------------------
------------------------
 
Player 1:  
{Jack of Diamonds} 
{6 of Hearts} 
{4 of Hearts} 
{5 of Hearts} 
{Ace of Hearts} 
 
Player 2:  
{9 of Diamonds} 
{8 of Clubs} 
{7 of Clubs} 
{7 of Diamonds} 
{Jack of Spades} 
 
EvaluateHands() Player 1 testing: 
 
[0, 0, 1, 1, 1, 0, 0, 0, 0, 1, 0, 0, 1]
[0, 0, 4, 1]
Hand value: 12
 
EvaluateHands() Player 2 testing: 
 
Pair
[0, 0, 0, 0, 0, 2, 1, 1, 0, 1, 0, 0, 0]
[2, 1, 0, 2]
Hand value: 105
------------------------
------------------------
 
Player 1:  
{4 of Spades} 
{8 of Hearts} 
{4 of Hearts} 
{7 of Clubs} 
{3 of Spades} 
 
Player 2:  
{2 of Hearts} 
{3 of Hearts} 
{Jack of Diamonds} 
{7 of Hearts} 
{6 of Diamonds} 
 
EvaluateHands() Player 1 testing: 
 
Pair
[0, 1, 2, 0, 0, 1, 1, 0, 0, 0, 0, 0, 0]
[1, 2, 2, 0]
Hand value: 102
 
EvaluateHands() Player 2 testing: 
 
[1, 1, 0, 0, 1, 1, 0, 0, 0, 1, 0, 0, 0]
[0, 0, 3, 2]
Hand value: 9
------------------------
------------------------
 
Player 1:  
{8 of Clubs} 
{4 of Hearts} 
{Queen of Hearts} 
{7 of Spades} 
{2 of Spades} 
 
Player 2:  
{10 of Hearts} 
{5 of Diamonds} 
{8 of Hearts} 
{Queen of Clubs} 
{4 of Diamonds} 
 
EvaluateHands() Player 1 testing: 
 
[1, 0, 1, 0, 0, 1, 1, 0, 0, 0, 1, 0, 0]
[1, 2, 2, 0]
Hand value: 10
 
EvaluateHands() Player 2 testing: 
 
[0, 0, 1, 1, 0, 0, 1, 0, 1, 0, 1, 0, 0]
[1, 0, 2, 2]
Hand value: 10
------------------------
------------------------
 
Player 1:  
{5 of Diamonds} 
{Queen of Spades} 
{8 of Clubs} 
{Ace of Spades} 
{7 of Diamonds} 
 
Player 2:  
{King of Spades} 
{Ace of Hearts} 
{3 of Hearts} 
{2 of Spades} 
{4 of Diamonds} 
 
EvaluateHands() Player 1 testing: 
 
[0, 0, 0, 1, 0, 1, 1, 0, 0, 0, 1, 0, 1]
[1, 2, 0, 2]
Hand value: 12
 
EvaluateHands() Player 2 testing: 
 
[1, 1, 1, 0, 0, 0, 0, 0, 0, 0, 0, 1, 1]
[0, 2, 2, 1]
Hand value: 12
------------------------
------------------------
 
Player 1:  
{8 of Diamonds} 
{6 of Clubs} 
{2 of Hearts} 
{Ace of Spades} 
{9 of Hearts} 
 
Player 2:  
{King of Hearts} 
{Queen of Hearts} 
{3 of Spades} 
{10 of Diamonds} 
{Ace of Clubs} 
 
EvaluateHands() Player 1 testing: 
 
[1, 0, 0, 0, 1, 0, 1, 1, 0, 0, 0, 0, 1]
[1, 1, 2, 1]
Hand value: 12
 
EvaluateHands() Player 2 testing: 
 
[0, 1, 0, 0, 0, 0, 0, 0, 1, 0, 1, 1, 1]
[1, 1, 2, 1]
Hand value: 12
------------------------
------------------------
 
Player 1:  
{6 of Clubs} 
{7 of Clubs} 
{5 of Diamonds} 
{King of Hearts} 
{Jack of Spades} 
 
Player 2:  
{King of Clubs} 
{8 of Hearts} 
{7 of Hearts} 
{4 of Hearts} 
{Jack of Clubs} 
 
EvaluateHands() Player 1 testing: 
 
[0, 0, 0, 1, 1, 1, 0, 0, 0, 1, 0, 1, 0]
[2, 1, 1, 1]
Hand value: 11
 
EvaluateHands() Player 2 testing: 
 
[0, 0, 1, 0, 0, 1, 1, 0, 0, 1, 0, 1, 0]
[2, 0, 3, 0]
Hand value: 11
------------------------
------------------------
 
Player 1:  
{10 of Spades} 
{Queen of Diamonds} 
{Ace of Hearts} 
{10 of Hearts} 
{7 of Hearts} 
 
Player 2:  
{Ace of Diamonds} 
{7 of Clubs} 
{Queen of Clubs} 
{3 of Spades} 
{Queen of Hearts} 
 
EvaluateHands() Player 1 testing: 
 
Pair
[0, 0, 0, 0, 0, 1, 0, 0, 2, 0, 1, 0, 1]
[0, 1, 3, 1]
Hand value: 108
 
EvaluateHands() Player 2 testing: 
 
Pair
[0, 1, 0, 0, 0, 1, 0, 0, 0, 0, 2, 0, 1]
[2, 1, 1, 1]
Hand value: 110
------------------------
------------------------
 
Player 1:  
{Queen of Clubs} 
{4 of Spades} 
{Jack of Spades} 
{3 of Spades} 
{Ace of Clubs} 
 
Player 2:  
{9 of Diamonds} 
{6 of Diamonds} 
{4 of Diamonds} 
{2 of Clubs} 
{King of Spades} 
 
EvaluateHands() Player 1 testing: 
 
[0, 1, 1, 0, 0, 0, 0, 0, 0, 1, 1, 0, 1]
[2, 3, 0, 0]
Hand value: 12
 
EvaluateHands() Player 2 testing: 
 
[1, 0, 1, 0, 1, 0, 0, 1, 0, 0, 0, 1, 0]
[1, 1, 0, 3]
Hand value: 11
------------------------
------------------------
 
Player 1:  
{Ace of Diamonds} 
{Jack of Clubs} 
{9 of Clubs} 
{8 of Diamonds} 
{3 of Hearts} 
 
Player 2:  
{6 of Clubs} 
{King of Diamonds} 
{7 of Clubs} 
{8 of Clubs} 
{Queen of Diamonds} 
 
EvaluateHands() Player 1 testing: 
 
[0, 1, 0, 0, 0, 0, 1, 1, 0, 1, 0, 0, 1]
[2, 0, 1, 2]
Hand value: 12
 
EvaluateHands() Player 2 testing: 
 
[0, 0, 0, 0, 1, 1, 1, 0, 0, 0, 1, 1, 0]
[3, 0, 0, 2]
Hand value: 11
------------------------
------------------------
 
Player 1:  
{9 of Diamonds} 
{8 of Spades} 
{8 of Hearts} 
{Ace of Diamonds} 
{8 of Clubs} 
 
Player 2:  
{Ace of Clubs} 
{Jack of Diamonds} 
{10 of Clubs} 
{2 of Diamonds} 
{9 of Clubs} 
 
EvaluateHands() Player 1 testing: 
 
Three of a Kind
[0, 0, 0, 0, 0, 0, 3, 1, 0, 0, 0, 0, 1]
[1, 1, 1, 2]
Hand value: 306
 
EvaluateHands() Player 2 testing: 
 
[1, 0, 0, 0, 0, 0, 0, 1, 1, 1, 0, 0, 1]
[3, 0, 0, 2]
Hand value: 12
------------------------
------------------------
 
Player 1:  
{4 of Clubs} 
{8 of Clubs} 
{3 of Clubs} 
{5 of Diamonds} 
{10 of Hearts} 
 
Player 2:  
{2 of Hearts} 
{9 of Spades} 
{6 of Hearts} 
{King of Hearts} 
{9 of Clubs} 
 
EvaluateHands() Player 1 testing: 
 
[0, 1, 1, 1, 0, 0, 1, 0, 1, 0, 0, 0, 0]
[3, 0, 1, 1]
Hand value: 8
 
EvaluateHands() Player 2 testing: 
 
Pair
[1, 0, 0, 0, 1, 0, 0, 2, 0, 0, 0, 1, 0]
[1, 1, 3, 0]
Hand value: 107
------------------------
------------------------
 
Player 1:  
{10 of Hearts} 
{8 of Diamonds} 
{Ace of Hearts} 
{2 of Spades} 
{9 of Spades} 
 
Player 2:  
{9 of Hearts} 
{Queen of Diamonds} 
{2 of Diamonds} 
{9 of Diamonds} 
{5 of Hearts} 
 
EvaluateHands() Player 1 testing: 
 
[1, 0, 0, 0, 0, 0, 1, 1, 1, 0, 0, 0, 1]
[0, 2, 2, 1]
Hand value: 12
 
EvaluateHands() Player 2 testing: 
 
Pair
[1, 0, 0, 1, 0, 0, 0, 2, 0, 0, 1, 0, 0]
[0, 0, 2, 3]
Hand value: 107
------------------------
------------------------
 
Player 1:  
{2 of Hearts} 
{Queen of Hearts} 
{Queen of Spades} 
{5 of Diamonds} 
{9 of Diamonds} 
 
Player 2:  
{9 of Hearts} 
{2 of Spades} 
{Queen of Diamonds} 
{6 of Spades} 
{Jack of Clubs} 
 
EvaluateHands() Player 1 testing: 
 
Pair
[1, 0, 0, 1, 0, 0, 0, 1, 0, 0, 2, 0, 0]
[0, 1, 2, 2]
Hand value: 110
 
EvaluateHands() Player 2 testing: 
 
[1, 0, 0, 0, 1, 0, 0, 1, 0, 1, 1, 0, 0]
[1, 2, 1, 1]
Hand value: 10
------------------------
------------------------
 
Player 1:  
{Ace of Clubs} 
{Queen of Diamonds} 
{6 of Clubs} 
{2 of Hearts} 
{3 of Spades} 
 
Player 2:  
{4 of Clubs} 
{10 of Clubs} 
{10 of Diamonds} 
{Queen of Clubs} 
{7 of Diamonds} 
 
EvaluateHands() Player 1 testing: 
 
[1, 1, 0, 0, 1, 0, 0, 0, 0, 0, 1, 0, 1]
[2, 1, 1, 1]
Hand value: 12
 
EvaluateHands() Player 2 testing: 
 
Pair
[0, 0, 1, 0, 0, 1, 0, 0, 2, 0, 1, 0, 0]
[3, 0, 0, 2]
Hand value: 108
------------------------
------------------------
 
Player 1:  
{King of Diamonds} 
{Queen of Hearts} 
{3 of Diamonds} 
{Ace of Hearts} 
{8 of Diamonds} 
 
Player 2:  
{10 of Diamonds} 
{Jack of Diamonds} 
{2 of Hearts} 
{4 of Clubs} 
{3 of Hearts} 
 
EvaluateHands() Player 1 testing: 
 
[0, 1, 0, 0, 0, 0, 1, 0, 0, 0, 1, 1, 1]
[0, 0, 2, 3]
Hand value: 12
 
EvaluateHands() Player 2 testing: 
 
[1, 1, 1, 0, 0, 0, 0, 0, 1, 1, 0, 0, 0]
[1, 0, 2, 2]
Hand value: 9
------------------------
------------------------
 
Player 1:  
{8 of Spades} 
{Ace of Spades} 
{Ace of Hearts} 
{7 of Clubs} 
{8 of Diamonds} 
 
Player 2:  
{6 of Hearts} 
{8 of Hearts} 
{3 of Spades} 
{Jack of Diamonds} 
{2 of Hearts} 
 
EvaluateHands() Player 1 testing: 
 
Pair
[0, 0, 0, 0, 0, 1, 2, 0, 0, 0, 0, 0, 2]
[1, 2, 1, 1]
Hand value: 106
 
EvaluateHands() Player 2 testing: 
 
[1, 1, 0, 0, 1, 0, 1, 0, 0, 1, 0, 0, 0]
[0, 1, 3, 1]
Hand value: 9
------------------------
------------------------
 
Player 1:  
{3 of Diamonds} 
{5 of Hearts} 
{Jack of Hearts} 
{8 of Diamonds} 
{Ace of Clubs} 
 
Player 2:  
{2 of Clubs} 
{10 of Hearts} 
{4 of Hearts} 
{6 of Hearts} 
{4 of Diamonds} 
 
EvaluateHands() Player 1 testing: 
 
[0, 1, 0, 1, 0, 0, 1, 0, 0, 1, 0, 0, 1]
[1, 0, 2, 2]
Hand value: 12
 
EvaluateHands() Player 2 testing: 
 
Pair
[1, 0, 2, 0, 1, 0, 0, 0, 1, 0, 0, 0, 0]
[1, 0, 3, 1]
Hand value: 102
------------------------
------------------------
 
Player 1:  
{Ace of Spades} 
{6 of Hearts} 
{5 of Clubs} 
{Ace of Hearts} 
{2 of Clubs} 
 
Player 2:  
{9 of Clubs} 
{Queen of Hearts} 
{10 of Hearts} 
{4 of Hearts} 
{6 of Clubs} 
 
EvaluateHands() Player 1 testing: 
 
Pair
[1, 0, 0, 1, 1, 0, 0, 0, 0, 0, 0, 0, 2]
[2, 1, 2, 0]
Hand value: 112
 
EvaluateHands() Player 2 testing: 
 
[0, 0, 1, 0, 1, 0, 0, 1, 1, 0, 1, 0, 0]
[2, 0, 3, 0]
Hand value: 10
------------------------
------------------------
 
Player 1:  
{Queen of Diamonds} 
{2 of Clubs} 
{8 of Spades} 
{Queen of Clubs} 
{7 of Clubs} 
 
Player 2:  
{7 of Diamonds} 
{King of Clubs} 
{Ace of Clubs} 
{Ace of Hearts} 
{9 of Clubs} 
 
EvaluateHands() Player 1 testing: 
 
Pair
[1, 0, 0, 0, 0, 1, 1, 0, 0, 0, 2, 0, 0]
[3, 1, 0, 1]
Hand value: 110
 
EvaluateHands() Player 2 testing: 
 
Pair
[0, 0, 0, 0, 0, 1, 0, 1, 0, 0, 0, 1, 2]
[3, 0, 1, 1]
Hand value: 112
------------------------
------------------------
 
Player 1:  
{3 of Hearts} 
{8 of Hearts} 
{10 of Clubs} 
{2 of Hearts} 
{8 of Diamonds} 
 
Player 2:  
{Ace of Clubs} 
{5 of Hearts} 
{Ace of Spades} 
{9 of Clubs} 
{6 of Clubs} 
 
EvaluateHands() Player 1 testing: 
 
Pair
[1, 1, 0, 0, 0, 0, 2, 0, 1, 0, 0, 0, 0]
[1, 0, 3, 1]
Hand value: 106
 
EvaluateHands() Player 2 testing: 
 
Pair
[0, 0, 0, 1, 1, 0, 0, 1, 0, 0, 0, 0, 2]
[3, 1, 1, 0]
Hand value: 112
------------------------
------------------------
 
Player 1:  
{Ace of Diamonds} 
{5 of Diamonds} 
{2 of Hearts} 
{3 of Spades} 
{Queen of Spades} 
 
Player 2:  
{5 of Hearts} 
{9 of Spades} 
{King of Diamonds} 
{7 of Clubs} 
{9 of Diamonds} 
 
EvaluateHands() Player 1 testing: 
 
[1, 1, 0, 1, 0, 0, 0, 0, 0, 0, 1, 0, 1]
[0, 2, 1, 2]
Hand value: 12
 
EvaluateHands() Player 2 testing: 
 
Pair
[0, 0, 0, 1, 0, 1, 0, 2, 0, 0, 0, 1, 0]
[1, 1, 1, 2]
Hand value: 107
------------------------
------------------------
 
Player 1:  
{6 of Hearts} 
{Ace of Spades} 
{10 of Hearts} 
{6 of Diamonds} 
{4 of Spades} 
 
Player 2:  
{3 of Hearts} 
{4 of Hearts} 
{Queen of Hearts} 
{5 of Spades} 
{7 of Hearts} 
 
EvaluateHands() Player 1 testing: 
 
Pair
[0, 0, 1, 0, 2, 0, 0, 0, 1, 0, 0, 0, 1]
[0, 2, 2, 1]
Hand value: 104
 
EvaluateHands() Player 2 testing: 
 
[0, 1, 1, 1, 0, 1, 0, 0, 0, 0, 1, 0, 0]
[0, 1, 4, 0]
Hand value: 10
------------------------
------------------------
 
Player 1:  
{Jack of Hearts} 
{4 of Diamonds} 
{Ace of Clubs} 
{7 of Hearts} 
{Jack of Clubs} 
 
Player 2:  
{Jack of Spades} 
{Ace of Hearts} 
{2 of Clubs} 
{King of Diamonds} 
{10 of Hearts} 
 
EvaluateHands() Player 1 testing: 
 
Pair
[0, 0, 1, 0, 0, 1, 0, 0, 0, 2, 0, 0, 1]
[2, 0, 2, 1]
Hand value: 109
 
EvaluateHands() Player 2 testing: 
 
[1, 0, 0, 0, 0, 0, 0, 0, 1, 1, 0, 1, 1]
[1, 1, 2, 1]
Hand value: 12
------------------------
------------------------
 
Player 1:  
{9 of Spades} 
{6 of Hearts} 
{2 of Spades} 
{4 of Diamonds} 
{5 of Diamonds} 
 
Player 2:  
{5 of Hearts} 
{2 of Clubs} 
{Jack of Hearts} 
{2 of Diamonds} 
{6 of Spades} 
 
EvaluateHands() Player 1 testing: 
 
[1, 0, 1, 1, 1, 0, 0, 1, 0, 0, 0, 0, 0]
[0, 2, 1, 2]
Hand value: 7
 
EvaluateHands() Player 2 testing: 
 
Pair
[2, 0, 0, 1, 1, 0, 0, 0, 0, 1, 0, 0, 0]
[1, 1, 2, 1]
Hand value: 100
------------------------
------------------------
 
Player 1:  
{8 of Clubs} 
{6 of Clubs} 
{6 of Hearts} 
{10 of Diamonds} 
{King of Diamonds} 
 
Player 2:  
{7 of Clubs} 
{9 of Diamonds} 
{King of Hearts} 
{4 of Clubs} 
{3 of Hearts} 
 
EvaluateHands() Player 1 testing: 
 
Pair
[0, 0, 0, 0, 2, 0, 1, 0, 1, 0, 0, 1, 0]
[2, 0, 1, 2]
Hand value: 104
 
EvaluateHands() Player 2 testing: 
 
[0, 1, 1, 0, 0, 1, 0, 1, 0, 0, 0, 1, 0]
[2, 0, 2, 1]
Hand value: 11
------------------------
------------------------
 
Player 1:  
{Ace of Clubs} 
{9 of Hearts} 
{6 of Clubs} 
{5 of Clubs} 
{Jack of Diamonds} 
 
Player 2:  
{2 of Clubs} 
{King of Spades} 
{9 of Clubs} 
{2 of Diamonds} 
{Queen of Clubs} 
 
EvaluateHands() Player 1 testing: 
 
[0, 0, 0, 1, 1, 0, 0, 1, 0, 1, 0, 0, 1]
[3, 0, 1, 1]
Hand value: 12
 
EvaluateHands() Player 2 testing: 
 
Pair
[2, 0, 0, 0, 0, 0, 0, 1, 0, 0, 1, 1, 0]
[3, 1, 0, 1]
Hand value: 100
------------------------
------------------------
 
Player 1:  
{10 of Hearts} 
{9 of Hearts} 
{2 of Hearts} 
{9 of Spades} 
{3 of Clubs} 
 
Player 2:  
{Queen of Hearts} 
{5 of Diamonds} 
{4 of Diamonds} 
{7 of Diamonds} 
{10 of Clubs} 
 
EvaluateHands() Player 1 testing: 
 
Pair
[1, 1, 0, 0, 0, 0, 0, 2, 1, 0, 0, 0, 0]
[1, 1, 3, 0]
Hand value: 107
 
EvaluateHands() Player 2 testing: 
 
[0, 0, 1, 1, 0, 1, 0, 0, 1, 0, 1, 0, 0]
[1, 0, 1, 3]
Hand value: 10
------------------------
------------------------
 
Player 1:  
{4 of Clubs} 
{3 of Spades} 
{5 of Diamonds} 
{5 of Hearts} 
{Queen of Diamonds} 
 
Player 2:  
{9 of Clubs} 
{9 of Diamonds} 
{King of Hearts} 
{3 of Hearts} 
{Ace of Diamonds} 
 
EvaluateHands() Player 1 testing: 
 
Pair
[0, 1, 1, 2, 0, 0, 0, 0, 0, 0, 1, 0, 0]
[1, 1, 1, 2]
Hand value: 103
 
EvaluateHands() Player 2 testing: 
 
Pair
[0, 1, 0, 0, 0, 0, 0, 2, 0, 0, 0, 1, 1]
[1, 0, 2, 2]
Hand value: 107
------------------------
------------------------
 
Player 1:  
{7 of Clubs} 
{King of Diamonds} 
{Ace of Diamonds} 
{4 of Clubs} 
{Queen of Diamonds} 
 
Player 2:  
{Jack of Clubs} 
{2 of Spades} 
{3 of Hearts} 
{Jack of Hearts} 
{Ace of Spades} 
 
EvaluateHands() Player 1 testing: 
 
[0, 0, 1, 0, 0, 1, 0, 0, 0, 0, 1, 1, 1]
[2, 0, 0, 3]
Hand value: 12
 
EvaluateHands() Player 2 testing: 
 
Pair
[1, 1, 0, 0, 0, 0, 0, 0, 0, 2, 0, 0, 1]
[1, 2, 2, 0]
Hand value: 109
------------------------
------------------------
 
Player 1:  
{King of Hearts} 
{Jack of Clubs} 
{4 of Diamonds} 
{Queen of Diamonds} 
{9 of Diamonds} 
 
Player 2:  
{Queen of Spades} 
{3 of Diamonds} 
{8 of Diamonds} 
{9 of Spades} 
{6 of Spades} 
 
EvaluateHands() Player 1 testing: 
 
[0, 0, 1, 0, 0, 0, 0, 1, 0, 1, 1, 1, 0]
[1, 0, 1, 3]
Hand value: 11
 
EvaluateHands() Player 2 testing: 
 
[0, 1, 0, 0, 1, 0, 1, 1, 0, 0, 1, 0, 0]
[0, 3, 0, 2]
Hand value: 10
------------------------
------------------------
 
Player 1:  
{4 of Diamonds} 
{2 of Hearts} 
{King of Spades} 
{7 of Diamonds} 
{8 of Hearts} 
 
Player 2:  
{6 of Spades} 
{3 of Diamonds} 
{Ace of Hearts} 
{5 of Diamonds} 
{10 of Clubs} 
 
EvaluateHands() Player 1 testing: 
 
[1, 0, 1, 0, 0, 1, 1, 0, 0, 0, 0, 1, 0]
[0, 1, 2, 2]
Hand value: 11
 
EvaluateHands() Player 2 testing: 
 
[0, 1, 0, 1, 1, 0, 0, 0, 1, 0, 0, 0, 1]
[1, 1, 1, 2]
Hand value: 12
------------------------
------------------------
 
Player 1:  
{9 of Hearts} 
{3 of Spades} 
{Queen of Clubs} 
{8 of Spades} 
{4 of Clubs} 
 
Player 2:  
{9 of Spades} 
{2 of Hearts} 
{9 of Clubs} 
{5 of Clubs} 
{King of Diamonds} 
 
EvaluateHands() Player 1 testing: 
 
[0, 1, 1, 0, 0, 0, 1, 1, 0, 0, 1, 0, 0]
[2, 2, 1, 0]
Hand value: 10
 
EvaluateHands() Player 2 testing: 
 
Pair
[1, 0, 0, 1, 0, 0, 0, 2, 0, 0, 0, 1, 0]
[2, 1, 1, 1]
Hand value: 107
------------------------
------------------------
 
Player 1:  
{4 of Spades} 
{King of Diamonds} 
{Ace of Clubs} 
{Jack of Hearts} 
{7 of Spades} 
 
Player 2:  
{2 of Clubs} 
{King of Hearts} 
{9 of Spades} 
{7 of Hearts} 
{4 of Hearts} 
 
EvaluateHands() Player 1 testing: 
 
[0, 0, 1, 0, 0, 1, 0, 0, 0, 1, 0, 1, 1]
[1, 2, 1, 1]
Hand value: 12
 
EvaluateHands() Player 2 testing: 
 
[1, 0, 1, 0, 0, 1, 0, 1, 0, 0, 0, 1, 0]
[1, 1, 3, 0]
Hand value: 11
------------------------
------------------------
 
Player 1:  
{4 of Clubs} 
{7 of Hearts} 
{2 of Hearts} 
{Ace of Spades} 
{Jack of Hearts} 
 
Player 2:  
{10 of Spades} 
{Ace of Diamonds} 
{8 of Clubs} 
{5 of Clubs} 
{Queen of Clubs} 
 
EvaluateHands() Player 1 testing: 
 
[1, 0, 1, 0, 0, 1, 0, 0, 0, 1, 0, 0, 1]
[1, 1, 3, 0]
Hand value: 12
 
EvaluateHands() Player 2 testing: 
 
[0, 0, 0, 1, 0, 0, 1, 0, 1, 0, 1, 0, 1]
[3, 1, 0, 1]
Hand value: 12
------------------------
------------------------
 
Player 1:  
{4 of Spades} 
{2 of Hearts} 
{Queen of Diamonds} 
{8 of Hearts} 
{6 of Clubs} 
 
Player 2:  
{Ace of Hearts} 
{9 of Diamonds} 
{3 of Diamonds} 
{6 of Diamonds} 
{Jack of Hearts} 
 
EvaluateHands() Player 1 testing: 
 
[1, 0, 1, 0, 1, 0, 1, 0, 0, 0, 1, 0, 0]
[1, 1, 2, 1]
Hand value: 10
 
EvaluateHands() Player 2 testing: 
 
[0, 1, 0, 0, 1, 0, 0, 1, 0, 1, 0, 0, 1]
[0, 0, 2, 3]
Hand value: 12
------------------------
------------------------
 
Player 1:  
{Jack of Clubs} 
{5 of Spades} 
{2 of Spades} 
{5 of Hearts} 
{6 of Hearts} 
 
Player 2:  
{Ace of Spades} 
{3 of Spades} 
{9 of Diamonds} 
{Queen of Spades} 
{Queen of Clubs} 
 
EvaluateHands() Player 1 testing: 
 
Pair
[1, 0, 0, 2, 1, 0, 0, 0, 0, 1, 0, 0, 0]
[1, 2, 2, 0]
Hand value: 103
 
EvaluateHands() Player 2 testing: 
 
Pair
[0, 1, 0, 0, 0, 0, 0, 1, 0, 0, 2, 0, 1]
[1, 3, 0, 1]
Hand value: 110
------------------------
------------------------
 
Player 1:  
{King of Diamonds} 
{10 of Diamonds} 
{9 of Diamonds} 
{8 of Clubs} 
{Ace of Clubs} 
 
Player 2:  
{3 of Clubs} 
{7 of Clubs} 
{10 of Clubs} 
{3 of Hearts} 
{6 of Spades} 
 
EvaluateHands() Player 1 testing: 
 
[0, 0, 0, 0, 0, 0, 1, 1, 1, 0, 0, 1, 1]
[2, 0, 0, 3]
Hand value: 12
 
EvaluateHands() Player 2 testing: 
 
Pair
[0, 2, 0, 0, 1, 1, 0, 0, 1, 0, 0, 0, 0]
[3, 1, 1, 0]
Hand value: 101
------------------------
------------------------
 
Player 1:  
{5 of Clubs} 
{10 of Hearts} 
{4 of Hearts} 
{8 of Spades} 
{Queen of Clubs} 
 
Player 2:  
{9 of Hearts} 
{7 of Spades} 
{Ace of Hearts} 
{5 of Diamonds} 
{3 of Spades} 
 
EvaluateHands() Player 1 testing: 
 
[0, 0, 1, 1, 0, 0, 1, 0, 1, 0, 1, 0, 0]
[2, 1, 2, 0]
Hand value: 10
 
EvaluateHands() Player 2 testing: 
 
[0, 1, 0, 1, 0, 1, 0, 1, 0, 0, 0, 0, 1]
[0, 2, 2, 1]
Hand value: 12
------------------------
------------------------
 
Player 1:  
{10 of Diamonds} 
{7 of Hearts} 
{7 of Clubs} 
{5 of Hearts} 
{8 of Hearts} 
 
Player 2:  
{8 of Spades} 
{King of Clubs} 
{Queen of Clubs} 
{5 of Spades} 
{Ace of Clubs} 
 
EvaluateHands() Player 1 testing: 
 
Pair
[0, 0, 0, 1, 0, 2, 1, 0, 1, 0, 0, 0, 0]
[1, 0, 3, 1]
Hand value: 105
 
EvaluateHands() Player 2 testing: 
 
[0, 0, 0, 1, 0, 0, 1, 0, 0, 0, 1, 1, 1]
[3, 2, 0, 0]
Hand value: 12
------------------------
------------------------
 
Player 1:  
{Queen of Clubs} 
{2 of Hearts} 
{Queen of Diamonds} 
{Jack of Spades} 
{King of Clubs} 
 
Player 2:  
{Jack of Hearts} 
{Queen of Spades} 
{7 of Clubs} 
{5 of Spades} 
{5 of Diamonds} 
 
EvaluateHands() Player 1 testing: 
 
Pair
[1, 0, 0, 0, 0, 0, 0, 0, 0, 1, 2, 1, 0]
[2, 1, 1, 1]
Hand value: 110
 
EvaluateHands() Player 2 testing: 
 
Pair
[0, 0, 0, 2, 0, 1, 0, 0, 0, 1, 1, 0, 0]
[1, 2, 1, 1]
Hand value: 103
------------------------
------------------------
 
Player 1:  
{2 of Diamonds} 
{6 of Hearts} 
{Jack of Hearts} 
{5 of Spades} 
{Ace of Hearts} 
 
Player 2:  
{Ace of Spades} 
{8 of Clubs} 
{10 of Diamonds} 
{9 of Hearts} 
{2 of Clubs} 
 
EvaluateHands() Player 1 testing: 
 
[1, 0, 0, 1, 1, 0, 0, 0, 0, 1, 0, 0, 1]
[0, 1, 3, 1]
Hand value: 12
 
EvaluateHands() Player 2 testing: 
 
[1, 0, 0, 0, 0, 0, 1, 1, 1, 0, 0, 0, 1]
[2, 1, 1, 1]
Hand value: 12
------------------------
------------------------
 
Player 1:  
{7 of Diamonds} 
{9 of Hearts} 
{King of Clubs} 
{8 of Clubs} 
{Queen of Spades} 
 
Player 2:  
{8 of Hearts} 
{Queen of Hearts} 
{7 of Hearts} 
{6 of Hearts} 
{Ace of Clubs} 
 
EvaluateHands() Player 1 testing: 
 
[0, 0, 0, 0, 0, 1, 1, 1, 0, 0, 1, 1, 0]
[2, 1, 1, 1]
Hand value: 11
 
EvaluateHands() Player 2 testing: 
 
[0, 0, 0, 0, 1, 1, 1, 0, 0, 0, 1, 0, 1]
[1, 0, 4, 0]
Hand value: 12
------------------------
------------------------
 
Player 1:  
{8 of Clubs} 
{Jack of Hearts} 
{6 of Hearts} 
{8 of Diamonds} 
{7 of Spades} 
 
Player 2:  
{8 of Spades} 
{5 of Clubs} 
{9 of Hearts} 
{9 of Diamonds} 
{4 of Hearts} 
 
EvaluateHands() Player 1 testing: 
 
Pair
[0, 0, 0, 0, 1, 1, 2, 0, 0, 1, 0, 0, 0]
[1, 1, 2, 1]
Hand value: 106
 
EvaluateHands() Player 2 testing: 
 
Pair
[0, 0, 1, 1, 0, 0, 1, 2, 0, 0, 0, 0, 0]
[1, 1, 2, 1]
Hand value: 107
------------------------
------------------------
 
Player 1:  
{5 of Spades} 
{10 of Diamonds} 
{8 of Hearts} 
{4 of Diamonds} 
{10 of Clubs} 
 
Player 2:  
{7 of Diamonds} 
{Jack of Diamonds} 
{9 of Spades} 
{6 of Spades} 
{King of Clubs} 
 
EvaluateHands() Player 1 testing: 
 
Pair
[0, 0, 1, 1, 0, 0, 1, 0, 2, 0, 0, 0, 0]
[1, 1, 1, 2]
Hand value: 108
 
EvaluateHands() Player 2 testing: 
 
[0, 0, 0, 0, 1, 1, 0, 1, 0, 1, 0, 1, 0]
[1, 2, 0, 2]
Hand value: 11
------------------------
------------------------
 
Player 1:  
{Queen of Diamonds} 
{9 of Diamonds} 
{Queen of Clubs} 
{10 of Diamonds} 
{Ace of Spades} 
 
Player 2:  
{Ace of Hearts} 
{4 of Spades} 
{Ace of Diamonds} 
{6 of Clubs} 
{Jack of Diamonds} 
 
EvaluateHands() Player 1 testing: 
 
Pair
[0, 0, 0, 0, 0, 0, 0, 1, 1, 0, 2, 0, 1]
[1, 1, 0, 3]
Hand value: 110
 
EvaluateHands() Player 2 testing: 
 
Pair
[0, 0, 1, 0, 1, 0, 0, 0, 0, 1, 0, 0, 2]
[1, 1, 1, 2]
Hand value: 112
------------------------
------------------------
 
Player 1:  
{2 of Spades} 
{7 of Clubs} 
{5 of Hearts} 
{King of Spades} 
{Jack of Hearts} 
 
Player 2:  
{2 of Diamonds} 
{7 of Hearts} 
{Queen of Spades} 
{Queen of Hearts} 
{4 of Diamonds} 
 
EvaluateHands() Player 1 testing: 
 
[1, 0, 0, 1, 0, 1, 0, 0, 0, 1, 0, 1, 0]
[1, 2, 2, 0]
Hand value: 11
 
EvaluateHands() Player 2 testing: 
 
Pair
[1, 0, 1, 0, 0, 1, 0, 0, 0, 0, 2, 0, 0]
[0, 1, 2, 2]
Hand value: 110
------------------------
------------------------
 
Player 1:  
{Queen of Clubs} 
{3 of Spades} 
{9 of Diamonds} 
{8 of Hearts} 
{7 of Hearts} 
 
Player 2:  
{10 of Diamonds} 
{3 of Diamonds} 
{Ace of Spades} 
{4 of Diamonds} 
{6 of Clubs} 
 
EvaluateHands() Player 1 testing: 
 
[0, 1, 0, 0, 0, 1, 1, 1, 0, 0, 1, 0, 0]
[1, 1, 2, 1]
Hand value: 10
 
EvaluateHands() Player 2 testing: 
 
[0, 1, 1, 0, 1, 0, 0, 0, 1, 0, 0, 0, 1]
[1, 1, 0, 3]
Hand value: 12
------------------------
------------------------
 
Player 1:  
{4 of Clubs} 
{8 of Spades} 
{Queen of Clubs} 
{6 of Spades} 
{6 of Diamonds} 
 
Player 2:  
{3 of Spades} 
{9 of Hearts} 
{King of Clubs} 
{10 of Diamonds} 
{Ace of Clubs} 
 
EvaluateHands() Player 1 testing: 
 
Pair
[0, 0, 1, 0, 2, 0, 1, 0, 0, 0, 1, 0, 0]
[2, 2, 0, 1]
Hand value: 104
 
EvaluateHands() Player 2 testing: 
 
[0, 1, 0, 0, 0, 0, 0, 1, 1, 0, 0, 1, 1]
[2, 1, 1, 1]
Hand value: 12
------------------------
------------------------
 
Player 1:  
{Ace of Clubs} 
{7 of Diamonds} 
{9 of Diamonds} 
{King of Hearts} 
{5 of Hearts} 
 
Player 2:  
{3 of Clubs} 
{5 of Clubs} 
{3 of Spades} 
{4 of Hearts} 
{Queen of Hearts} 
 
EvaluateHands() Player 1 testing: 
 
[0, 0, 0, 1, 0, 1, 0, 1, 0, 0, 0, 1, 1]
[1, 0, 2, 2]
Hand value: 12
 
EvaluateHands() Player 2 testing: 
 
Pair
[0, 2, 1, 1, 0, 0, 0, 0, 0, 0, 1, 0, 0]
[2, 1, 2, 0]
Hand value: 101
------------------------
------------------------
 
Player 1:  
{King of Diamonds} 
{8 of Spades} 
{Ace of Diamonds} 
{5 of Spades} 
{9 of Clubs} 
 
Player 2:  
{6 of Spades} 
{Jack of Diamonds} 
{3 of Hearts} 
{Queen of Diamonds} 
{8 of Diamonds} 
 
EvaluateHands() Player 1 testing: 
 
[0, 0, 0, 1, 0, 0, 1, 1, 0, 0, 0, 1, 1]
[1, 2, 0, 2]
Hand value: 12
 
EvaluateHands() Player 2 testing: 
 
[0, 1, 0, 0, 1, 0, 1, 0, 0, 1, 1, 0, 0]
[0, 1, 1, 3]
Hand value: 10
------------------------
------------------------
 
Player 1:  
{5 of Diamonds} 
{Ace of Diamonds} 
{4 of Diamonds} 
{3 of Clubs} 
{Jack of Hearts} 
 
Player 2:  
{10 of Diamonds} 
{10 of Spades} 
{Jack of Clubs} 
{7 of Diamonds} 
{5 of Hearts} 
 
EvaluateHands() Player 1 testing: 
 
[0, 1, 1, 1, 0, 0, 0, 0, 0, 1, 0, 0, 1]
[1, 0, 1, 3]
Hand value: 12
 
EvaluateHands() Player 2 testing: 
 
Pair
[0, 0, 0, 1, 0, 1, 0, 0, 2, 1, 0, 0, 0]
[1, 1, 1, 2]
Hand value: 108
------------------------
------------------------
 
Player 1:  
{Queen of Spades} 
{5 of Diamonds} 
{4 of Hearts} 
{Jack of Diamonds} 
{Ace of Diamonds} 
 
Player 2:  
{4 of Clubs} 
{8 of Spades} 
{9 of Diamonds} 
{Ace of Spades} 
{2 of Clubs} 
 
EvaluateHands() Player 1 testing: 
 
[0, 0, 1, 1, 0, 0, 0, 0, 0, 1, 1, 0, 1]
[0, 1, 1, 3]
Hand value: 12
 
EvaluateHands() Player 2 testing: 
 
[1, 0, 1, 0, 0, 0, 1, 1, 0, 0, 0, 0, 1]
[2, 2, 0, 1]
Hand value: 12
------------------------
------------------------
 
Player 1:  
{7 of Spades} 
{3 of Clubs} 
{Ace of Diamonds} 
{3 of Diamonds} 
{6 of Diamonds} 
 
Player 2:  
{Ace of Hearts} 
{King of Hearts} 
{2 of Diamonds} 
{9 of Hearts} 
{5 of Clubs} 
 
EvaluateHands() Player 1 testing: 
 
Pair
[0, 2, 0, 0, 1, 1, 0, 0, 0, 0, 0, 0, 1]
[1, 1, 0, 3]
Hand value: 101
 
EvaluateHands() Player 2 testing: 
 
[1, 0, 0, 1, 0, 0, 0, 1, 0, 0, 0, 1, 1]
[1, 0, 3, 1]
Hand value: 12
------------------------
------------------------
 
Player 1:  
{Jack of Hearts} 
{8 of Clubs} 
{Ace of Hearts} 
{King of Diamonds} 
{4 of Diamonds} 
 
Player 2:  
{9 of Clubs} 
{2 of Clubs} 
{Queen of Clubs} 
{4 of Spades} 
{3 of Hearts} 
 
EvaluateHands() Player 1 testing: 
 
[0, 0, 1, 0, 0, 0, 1, 0, 0, 1, 0, 1, 1]
[1, 0, 2, 2]
Hand value: 12
 
EvaluateHands() Player 2 testing: 
 
[1, 1, 1, 0, 0, 0, 0, 1, 0, 0, 1, 0, 0]
[3, 1, 1, 0]
Hand value: 10
------------------------
------------------------
 
Player 1:  
{King of Hearts} 
{5 of Diamonds} 
{6 of Diamonds} 
{4 of Diamonds} 
{10 of Diamonds} 
 
Player 2:  
{2 of Clubs} 
{5 of Hearts} 
{7 of Hearts} 
{7 of Spades} 
{6 of Spades} 
 
EvaluateHands() Player 1 testing: 
 
[0, 0, 1, 1, 1, 0, 0, 0, 1, 0, 0, 1, 0]
[0, 0, 1, 4]
Hand value: 11
 
EvaluateHands() Player 2 testing: 
 
Pair
[1, 0, 0, 1, 1, 2, 0, 0, 0, 0, 0, 0, 0]
[1, 2, 2, 0]
Hand value: 105
------------------------
------------------------
 
Player 1:  
{Jack of Spades} 
{6 of Hearts} 
{8 of Diamonds} 
{10 of Diamonds} 
{4 of Diamonds} 
 
Player 2:  
{2 of Spades} 
{King of Hearts} 
{Jack of Hearts} 
{9 of Diamonds} 
{Queen of Hearts} 
 
EvaluateHands() Player 1 testing: 
 
[0, 0, 1, 0, 1, 0, 1, 0, 1, 1, 0, 0, 0]
[0, 1, 1, 3]
Hand value: 9
 
EvaluateHands() Player 2 testing: 
 
[1, 0, 0, 0, 0, 0, 0, 1, 0, 1, 1, 1, 0]
[0, 1, 3, 1]
Hand value: 11
------------------------
------------------------
 
Player 1:  
{8 of Spades} 
{Queen of Hearts} 
{6 of Spades} 
{3 of Diamonds} 
{King of Spades} 
 
Player 2:  
{King of Diamonds} 
{3 of Hearts} 
{Jack of Spades} 
{Ace of Spades} 
{7 of Hearts} 
 
EvaluateHands() Player 1 testing: 
 
[0, 1, 0, 0, 1, 0, 1, 0, 0, 0, 1, 1, 0]
[0, 3, 1, 1]
Hand value: 11
 
EvaluateHands() Player 2 testing: 
 
[0, 1, 0, 0, 0, 1, 0, 0, 0, 1, 0, 1, 1]
[0, 2, 2, 1]
Hand value: 12
------------------------
------------------------
 
Player 1:  
{8 of Clubs} 
{4 of Clubs} 
{3 of Clubs} 
{10 of Clubs} 
{3 of Spades} 
 
Player 2:  
{7 of Hearts} 
{6 of Diamonds} 
{Jack of Hearts} 
{8 of Spades} 
{5 of Spades} 
 
EvaluateHands() Player 1 testing: 
 
Pair
[0, 2, 1, 0, 0, 0, 1, 0, 1, 0, 0, 0, 0]
[4, 1, 0, 0]
Hand value: 101
 
EvaluateHands() Player 2 testing: 
 
[0, 0, 0, 1, 1, 1, 1, 0, 0, 1, 0, 0, 0]
[0, 2, 2, 1]
Hand value: 9
------------------------
------------------------
 
Player 1:  
{2 of Diamonds} 
{8 of Diamonds} 
{Ace of Clubs} 
{Jack of Diamonds} 
{Jack of Hearts} 
 
Player 2:  
{8 of Hearts} 
{8 of Spades} 
{7 of Clubs} 
{7 of Hearts} 
{King of Hearts} 
 
EvaluateHands() Player 1 testing: 
 
Pair
[1, 0, 0, 0, 0, 0, 1, 0, 0, 2, 0, 0, 1]
[1, 0, 1, 3]
Hand value: 109
 
EvaluateHands() Player 2 testing: 
 
Two Pairs
[0, 0, 0, 0, 0, 2, 2, 0, 0, 0, 0, 1, 0]
[1, 1, 3, 0]
Hand value: 211
------------------------
------------------------
 
Player 1:  
{Ace of Hearts} 
{Ace of Diamonds} 
{4 of Diamonds} 
{9 of Hearts} 
{2 of Clubs} 
 
Player 2:  
{6 of Diamonds} 
{7 of Hearts} 
{8 of Clubs} 
{10 of Diamonds} 
{Jack of Clubs} 
 
EvaluateHands() Player 1 testing: 
 
Pair
[1, 0, 1, 0, 0, 0, 0, 1, 0, 0, 0, 0, 2]
[1, 0, 2, 2]
Hand value: 112
 
EvaluateHands() Player 2 testing: 
 
[0, 0, 0, 0, 1, 1, 1, 0, 1, 1, 0, 0, 0]
[2, 0, 1, 2]
Hand value: 9
------------------------
------------------------
 
Player 1:  
{Ace of Spades} 
{4 of Diamonds} 
{Queen of Diamonds} 
{3 of Clubs} 
{6 of Clubs} 
 
Player 2:  
{8 of Clubs} 
{10 of Diamonds} 
{King of Spades} 
{Jack of Clubs} 
{King of Hearts} 
 
EvaluateHands() Player 1 testing: 
 
[0, 1, 1, 0, 1, 0, 0, 0, 0, 0, 1, 0, 1]
[2, 1, 0, 2]
Hand value: 12
 
EvaluateHands() Player 2 testing: 
 
Pair
[0, 0, 0, 0, 0, 0, 1, 0, 1, 1, 0, 2, 0]
[2, 1, 1, 1]
Hand value: 111
------------------------
------------------------
 
Player 1:  
{3 of Clubs} 
{5 of Hearts} 
{4 of Hearts} 
{Ace of Spades} 
{Queen of Diamonds} 
 
Player 2:  
{King of Hearts} 
{7 of Spades} 
{King of Spades} 
{7 of Diamonds} 
{Jack of Hearts} 
 
EvaluateHands() Player 1 testing: 
 
[0, 1, 1, 1, 0, 0, 0, 0, 0, 0, 1, 0, 1]
[1, 1, 2, 1]
Hand value: 12
 
EvaluateHands() Player 2 testing: 
 
Two Pairs
[0, 0, 0, 0, 0, 2, 0, 0, 0, 1, 0, 2, 0]
[0, 2, 2, 1]
Hand value: 211
------------------------
------------------------
 
Player 1:  
{King of Spades} 
{2 of Spades} 
{King of Diamonds} 
{8 of Spades} 
{10 of Clubs} 
 
Player 2:  
{Ace of Hearts} 
{4 of Clubs} 
{Ace of Spades} 
{7 of Hearts} 
{2 of Hearts} 
 
EvaluateHands() Player 1 testing: 
 
Pair
[1, 0, 0, 0, 0, 0, 1, 0, 1, 0, 0, 2, 0]
[1, 3, 0, 1]
Hand value: 111
 
EvaluateHands() Player 2 testing: 
 
Pair
[1, 0, 1, 0, 0, 1, 0, 0, 0, 0, 0, 0, 2]
[1, 1, 3, 0]
Hand value: 112
------------------------
------------------------
 
Player 1:  
{Jack of Diamonds} 
{2 of Clubs} 
{6 of Hearts} 
{Queen of Hearts} 
{5 of Diamonds} 
 
Player 2:  
{8 of Hearts} 
{6 of Spades} 
{2 of Hearts} 
{King of Clubs} 
{Queen of Diamonds} 
 
EvaluateHands() Player 1 testing: 
 
[1, 0, 0, 1, 1, 0, 0, 0, 0, 1, 1, 0, 0]
[1, 0, 2, 2]
Hand value: 10
 
EvaluateHands() Player 2 testing: 
 
[1, 0, 0, 0, 1, 0, 1, 0, 0, 0, 1, 1, 0]
[1, 1, 2, 1]
Hand value: 11
------------------------
------------------------
 
Player 1:  
{King of Hearts} 
{2 of Clubs} 
{3 of Hearts} 
{5 of Diamonds} 
{8 of Clubs} 
 
Player 2:  
{7 of Hearts} 
{9 of Clubs} 
{Jack of Clubs} 
{4 of Diamonds} 
{3 of Spades} 
 
EvaluateHands() Player 1 testing: 
 
[1, 1, 0, 1, 0, 0, 1, 0, 0, 0, 0, 1, 0]
[2, 0, 2, 1]
Hand value: 11
 
EvaluateHands() Player 2 testing: 
 
[0, 1, 1, 0, 0, 1, 0, 1, 0, 1, 0, 0, 0]
[2, 1, 1, 1]
Hand value: 9
------------------------
------------------------
 
Player 1:  
{8 of Diamonds} 
{3 of Spades} 
{King of Hearts} 
{Jack of Hearts} 
{Ace of Clubs} 
 
Player 2:  
{King of Spades} 
{6 of Hearts} 
{5 of Clubs} 
{Ace of Diamonds} 
{Queen of Clubs} 
 
EvaluateHands() Player 1 testing: 
 
[0, 1, 0, 0, 0, 0, 1, 0, 0, 1, 0, 1, 1]
[1, 1, 2, 1]
Hand value: 12
 
EvaluateHands() Player 2 testing: 
 
[0, 0, 0, 1, 1, 0, 0, 0, 0, 0, 1, 1, 1]
[2, 1, 1, 1]
Hand value: 12
------------------------
------------------------
 
Player 1:  
{2 of Diamonds} 
{4 of Hearts} 
{3 of Diamonds} 
{10 of Hearts} 
{Ace of Hearts} 
 
Player 2:  
{2 of Clubs} 
{King of Spades} 
{King of Hearts} 
{Queen of Clubs} 
{Ace of Spades} 
 
EvaluateHands() Player 1 testing: 
 
[1, 1, 1, 0, 0, 0, 0, 0, 1, 0, 0, 0, 1]
[0, 0, 3, 2]
Hand value: 12
 
EvaluateHands() Player 2 testing: 
 
Pair
[1, 0, 0, 0, 0, 0, 0, 0, 0, 0, 1, 2, 1]
[2, 2, 1, 0]
Hand value: 111
------------------------
------------------------
 
Player 1:  
{9 of Hearts} 
{Queen of Spades} 
{Queen of Hearts} 
{7 of Spades} 
{8 of Clubs} 
 
Player 2:  
{5 of Spades} 
{4 of Diamonds} 
{Ace of Clubs} 
{9 of Spades} 
{4 of Clubs} 
 
EvaluateHands() Player 1 testing: 
 
Pair
[0, 0, 0, 0, 0, 1, 1, 1, 0, 0, 2, 0, 0]
[1, 2, 2, 0]
Hand value: 110
 
EvaluateHands() Player 2 testing: 
 
Pair
[0, 0, 2, 1, 0, 0, 0, 1, 0, 0, 0, 0, 1]
[2, 2, 0, 1]
Hand value: 102
------------------------
------------------------
 
Player 1:  
{Queen of Hearts} 
{4 of Hearts} 
{4 of Clubs} 
{10 of Diamonds} 
{Ace of Spades} 
 
Player 2:  
{3 of Diamonds} 
{6 of Clubs} 
{7 of Clubs} 
{10 of Hearts} 
{10 of Clubs} 
 
EvaluateHands() Player 1 testing: 
 
Pair
[0, 0, 2, 0, 0, 0, 0, 0, 1, 0, 1, 0, 1]
[1, 1, 2, 1]
Hand value: 102
 
EvaluateHands() Player 2 testing: 
 
Pair
[0, 1, 0, 0, 1, 1, 0, 0, 2, 0, 0, 0, 0]
[3, 0, 1, 1]
Hand value: 108
------------------------
------------------------
 
Player 1:  
{King of Clubs} 
{9 of Spades} 
{King of Hearts} 
{4 of Diamonds} 
{6 of Spades} 
 
Player 2:  
{8 of Hearts} 
{Queen of Clubs} 
{Queen of Diamonds} 
{6 of Diamonds} 
{9 of Clubs} 
 
EvaluateHands() Player 1 testing: 
 
Pair
[0, 0, 1, 0, 1, 0, 0, 1, 0, 0, 0, 2, 0]
[1, 2, 1, 1]
Hand value: 111
 
EvaluateHands() Player 2 testing: 
 
Pair
[0, 0, 0, 0, 1, 0, 1, 1, 0, 0, 2, 0, 0]
[2, 0, 1, 2]
Hand value: 110
------------------------
------------------------
 
Player 1:  
{Ace of Clubs} 
{8 of Diamonds} 
{2 of Spades} 
{2 of Clubs} 
{10 of Spades} 
 
Player 2:  
{3 of Diamonds} 
{Jack of Hearts} 
{4 of Hearts} 
{2 of Diamonds} 
{King of Diamonds} 
 
EvaluateHands() Player 1 testing: 
 
Pair
[2, 0, 0, 0, 0, 0, 1, 0, 1, 0, 0, 0, 1]
[2, 2, 0, 1]
Hand value: 100
 
EvaluateHands() Player 2 testing: 
 
[1, 1, 1, 0, 0, 0, 0, 0, 0, 1, 0, 1, 0]
[0, 0, 2, 3]
Hand value: 11
------------------------
------------------------
 
Player 1:  
{Ace of Diamonds} 
{10 of Diamonds} 
{King of Spades} 
{6 of Clubs} 
{9 of Spades} 
 
Player 2:  
{Queen of Spades} 
{5 of Hearts} 
{9 of Diamonds} 
{2 of Diamonds} 
{5 of Diamonds} 
 
EvaluateHands() Player 1 testing: 
 
[0, 0, 0, 0, 1, 0, 0, 1, 1, 0, 0, 1, 1]
[1, 2, 0, 2]
Hand value: 12
 
EvaluateHands() Player 2 testing: 
 
Pair
[1, 0, 0, 2, 0, 0, 0, 1, 0, 0, 1, 0, 0]
[0, 1, 1, 3]
Hand value: 103
------------------------
------------------------
 
Player 1:  
{Ace of Diamonds} 
{3 of Clubs} 
{9 of Diamonds} 
{2 of Hearts} 
{Queen of Hearts} 
 
Player 2:  
{5 of Diamonds} 
{Ace of Hearts} 
{9 of Hearts} 
{2 of Diamonds} 
{3 of Spades} 
 
EvaluateHands() Player 1 testing: 
 
[1, 1, 0, 0, 0, 0, 0, 1, 0, 0, 1, 0, 1]
[1, 0, 2, 2]
Hand value: 12
 
EvaluateHands() Player 2 testing: 
 
[1, 1, 0, 1, 0, 0, 0, 1, 0, 0, 0, 0, 1]
[0, 1, 2, 2]
Hand value: 12
------------------------
------------------------
 
Player 1:  
{9 of Clubs} 
{2 of Clubs} 
{7 of Hearts} 
{Queen of Clubs} 
{2 of Diamonds} 
 
Player 2:  
{King of Hearts} 
{8 of Hearts} 
{2 of Spades} 
{Queen of Hearts} 
{8 of Clubs} 
 
EvaluateHands() Player 1 testing: 
 
Pair
[2, 0, 0, 0, 0, 1, 0, 1, 0, 0, 1, 0, 0]
[3, 0, 1, 1]
Hand value: 100
 
EvaluateHands() Player 2 testing: 
 
Pair
[1, 0, 0, 0, 0, 0, 2, 0, 0, 0, 1, 1, 0]
[1, 1, 3, 0]
Hand value: 106
------------------------
------------------------
 
Player 1:  
{3 of Hearts} 
{2 of Spades} 
{Ace of Spades} 
{Ace of Diamonds} 
{Jack of Spades} 
 
Player 2:  
{Jack of Hearts} 
{7 of Clubs} 
{10 of Diamonds} 
{Queen of Clubs} 
{8 of Clubs} 
 
EvaluateHands() Player 1 testing: 
 
Pair
[1, 1, 0, 0, 0, 0, 0, 0, 0, 1, 0, 0, 2]
[0, 3, 1, 1]
Hand value: 112
 
EvaluateHands() Player 2 testing: 
 
[0, 0, 0, 0, 0, 1, 1, 0, 1, 1, 1, 0, 0]
[3, 0, 1, 1]
Hand value: 10
------------------------
------------------------
 
Player 1:  
{Ace of Hearts} 
{Queen of Clubs} 
{5 of Clubs} 
{Ace of Diamonds} 
{Ace of Spades} 
 
Player 2:  
{2 of Hearts} 
{Jack of Hearts} 
{6 of Diamonds} 
{9 of Clubs} 
{7 of Diamonds} 
 
EvaluateHands() Player 1 testing: 
 
Three of a Kind
[0, 0, 0, 1, 0, 0, 0, 0, 0, 0, 1, 0, 3]
[2, 1, 1, 1]
Hand value: 312
 
EvaluateHands() Player 2 testing: 
 
[1, 0, 0, 0, 1, 1, 0, 1, 0, 1, 0, 0, 0]
[1, 0, 2, 2]
Hand value: 9
------------------------
------------------------
 
Player 1:  
{8 of Diamonds} 
{Ace of Hearts} 
{King of Clubs} 
{Jack of Clubs} 
{4 of Diamonds} 
 
Player 2:  
{5 of Diamonds} 
{Jack of Diamonds} 
{5 of Clubs} 
{King of Hearts} 
{King of Spades} 
 
EvaluateHands() Player 1 testing: 
 
[0, 0, 1, 0, 0, 0, 1, 0, 0, 1, 0, 1, 1]
[2, 0, 1, 2]
Hand value: 12
 
EvaluateHands() Player 2 testing: 
 
Two Pairs
[0, 0, 0, 2, 0, 0, 0, 0, 0, 1, 0, 2, 0]
[1, 1, 1, 2]
Hand value: 211
------------------------
------------------------
 
Player 1:  
{2 of Hearts} 
{3 of Diamonds} 
{Jack of Diamonds} 
{Jack of Hearts} 
{King of Clubs} 
 
Player 2:  
{5 of Diamonds} 
{4 of Spades} 
{10 of Spades} 
{King of Hearts} 
{8 of Clubs} 
 
EvaluateHands() Player 1 testing: 
 
Pair
[1, 1, 0, 0, 0, 0, 0, 0, 0, 2, 0, 1, 0]
[1, 0, 2, 2]
Hand value: 109
 
EvaluateHands() Player 2 testing: 
 
[0, 0, 1, 1, 0, 0, 1, 0, 1, 0, 0, 1, 0]
[1, 2, 1, 1]
Hand value: 11
------------------------
------------------------
 
Player 1:  
{King of Diamonds} 
{Ace of Diamonds} 
{8 of Clubs} 
{6 of Spades} 
{Jack of Diamonds} 
 
Player 2:  
{10 of Diamonds} 
{Jack of Spades} 
{Ace of Clubs} 
{4 of Diamonds} 
{5 of Spades} 
 
EvaluateHands() Player 1 testing: 
 
[0, 0, 0, 0, 1, 0, 1, 0, 0, 1, 0, 1, 1]
[1, 1, 0, 3]
Hand value: 12
 
EvaluateHands() Player 2 testing: 
 
[0, 0, 1, 1, 0, 0, 0, 0, 1, 1, 0, 0, 1]
[1, 2, 0, 2]
Hand value: 12
------------------------
------------------------
 
Player 1:  
{Queen of Clubs} 
{8 of Spades} 
{Ace of Clubs} 
{Queen of Hearts} 
{Queen of Diamonds} 
 
Player 2:  
{2 of Diamonds} 
{4 of Clubs} 
{7 of Hearts} 
{King of Diamonds} 
{6 of Diamonds} 
 
EvaluateHands() Player 1 testing: 
 
Three of a Kind
[0, 0, 0, 0, 0, 0, 1, 0, 0, 0, 3, 0, 1]
[2, 1, 1, 1]
Hand value: 310
 
EvaluateHands() Player 2 testing: 
 
[1, 0, 1, 0, 1, 1, 0, 0, 0, 0, 0, 1, 0]
[1, 0, 1, 3]
Hand value: 11
------------------------
------------------------
 
Player 1:  
{4 of Diamonds} 
{Jack of Clubs} 
{2 of Hearts} 
{Jack of Hearts} 
{9 of Spades} 
 
Player 2:  
{Ace of Hearts} 
{8 of Clubs} 
{7 of Spades} 
{Jack of Spades} 
{Queen of Spades} 
 
EvaluateHands() Player 1 testing: 
 
Pair
[1, 0, 1, 0, 0, 0, 0, 1, 0, 2, 0, 0, 0]
[1, 1, 2, 1]
Hand value: 109
 
EvaluateHands() Player 2 testing: 
 
[0, 0, 0, 0, 0, 1, 1, 0, 0, 1, 1, 0, 1]
[1, 3, 1, 0]
Hand value: 12
------------------------
------------------------
 
Player 1:  
{3 of Hearts} 
{7 of Clubs} 
{4 of Spades} 
{6 of Spades} 
{Ace of Diamonds} 
 
Player 2:  
{8 of Diamonds} 
{10 of Diamonds} 
{3 of Clubs} 
{2 of Diamonds} 
{10 of Hearts} 
 
EvaluateHands() Player 1 testing: 
 
[0, 1, 1, 0, 1, 1, 0, 0, 0, 0, 0, 0, 1]
[1, 2, 1, 1]
Hand value: 12
 
EvaluateHands() Player 2 testing: 
 
Pair
[1, 1, 0, 0, 0, 0, 1, 0, 2, 0, 0, 0, 0]
[1, 0, 1, 3]
Hand value: 108
------------------------
------------------------
 
Player 1:  
{10 of Spades} 
{8 of Spades} 
{2 of Spades} 
{5 of Spades} 
{9 of Clubs} 
 
Player 2:  
{Queen of Clubs} 
{6 of Diamonds} 
{3 of Hearts} 
{Ace of Clubs} 
{7 of Diamonds} 
 
EvaluateHands() Player 1 testing: 
 
[1, 0, 0, 1, 0, 0, 1, 1, 1, 0, 0, 0, 0]
[1, 4, 0, 0]
Hand value: 8
 
EvaluateHands() Player 2 testing: 
 
[0, 1, 0, 0, 1, 1, 0, 0, 0, 0, 1, 0, 1]
[2, 0, 1, 2]
Hand value: 12
------------------------
------------------------
 
Player 1:  
{3 of Clubs} 
{5 of Clubs} 
{Ace of Spades} 
{King of Spades} 
{8 of Diamonds} 
 
Player 2:  
{8 of Hearts} 
{2 of Clubs} 
{Ace of Clubs} 
{Jack of Diamonds} 
{3 of Diamonds} 
 
EvaluateHands() Player 1 testing: 
 
[0, 1, 0, 1, 0, 0, 1, 0, 0, 0, 0, 1, 1]
[2, 2, 0, 1]
Hand value: 12
 
EvaluateHands() Player 2 testing: 
 
[1, 1, 0, 0, 0, 0, 1, 0, 0, 1, 0, 0, 1]
[2, 0, 1, 2]
Hand value: 12
------------------------
------------------------
 
Player 1:  
{4 of Clubs} 
{10 of Spades} 
{8 of Hearts} 
{2 of Diamonds} 
{4 of Spades} 
 
Player 2:  
{9 of Hearts} 
{9 of Diamonds} 
{Queen of Hearts} 
{Ace of Diamonds} 
{9 of Spades} 
 
EvaluateHands() Player 1 testing: 
 
Pair
[1, 0, 2, 0, 0, 0, 1, 0, 1, 0, 0, 0, 0]
[1, 2, 1, 1]
Hand value: 102
 
EvaluateHands() Player 2 testing: 
 
Three of a Kind
[0, 0, 0, 0, 0, 0, 0, 3, 0, 0, 1, 0, 1]
[0, 1, 2, 2]
Hand value: 307
------------------------
------------------------
 
Player 1:  
{Jack of Hearts} 
{7 of Diamonds} 
{3 of Clubs} 
{3 of Hearts} 
{Ace of Clubs} 
 
Player 2:  
{5 of Diamonds} 
{8 of Hearts} 
{Queen of Clubs} 
{3 of Diamonds} 
{3 of Spades} 
 
EvaluateHands() Player 1 testing: 
 
Pair
[0, 2, 0, 0, 0, 1, 0, 0, 0, 1, 0, 0, 1]
[2, 0, 2, 1]
Hand value: 101
 
EvaluateHands() Player 2 testing: 
 
Pair
[0, 2, 0, 1, 0, 0, 1, 0, 0, 0, 1, 0, 0]
[1, 1, 1, 2]
Hand value: 101
------------------------
------------------------
 
Player 1:  
{9 of Spades} 
{King of Diamonds} 
{King of Clubs} 
{8 of Clubs} 
{7 of Spades} 
 
Player 2:  
{8 of Hearts} 
{Ace of Hearts} 
{King of Spades} 
{8 of Spades} 
{7 of Diamonds} 
 
EvaluateHands() Player 1 testing: 
 
Pair
[0, 0, 0, 0, 0, 1, 1, 1, 0, 0, 0, 2, 0]
[2, 2, 0, 1]
Hand value: 111
 
EvaluateHands() Player 2 testing: 
 
Pair
[0, 0, 0, 0, 0, 1, 2, 0, 0, 0, 0, 1, 1]
[0, 2, 2, 1]
Hand value: 106
------------------------
------------------------
 
Player 1:  
{5 of Diamonds} 
{8 of Clubs} 
{7 of Diamonds} 
{8 of Diamonds} 
{2 of Hearts} 
 
Player 2:  
{Queen of Clubs} 
{Queen of Spades} 
{4 of Clubs} 
{King of Clubs} 
{6 of Clubs} 
 
EvaluateHands() Player 1 testing: 
 
Pair
[1, 0, 0, 1, 0, 1, 2, 0, 0, 0, 0, 0, 0]
[1, 0, 1, 3]
Hand value: 106
 
EvaluateHands() Player 2 testing: 
 
Pair
[0, 0, 1, 0, 1, 0, 0, 0, 0, 0, 2, 1, 0]
[4, 1, 0, 0]
Hand value: 110
------------------------
------------------------
 
Player 1:  
{Ace of Hearts} 
{8 of Spades} 
{King of Spades} 
{10 of Hearts} 
{Jack of Diamonds} 
 
Player 2:  
{6 of Hearts} 
{King of Clubs} 
{10 of Spades} 
{3 of Hearts} 
{7 of Clubs} 
 
EvaluateHands() Player 1 testing: 
 
[0, 0, 0, 0, 0, 0, 1, 0, 1, 1, 0, 1, 1]
[0, 2, 2, 1]
Hand value: 12
 
EvaluateHands() Player 2 testing: 
 
[0, 1, 0, 0, 1, 1, 0, 0, 1, 0, 0, 1, 0]
[2, 1, 2, 0]
Hand value: 11
------------------------
------------------------
 
Player 1:  
{10 of Clubs} 
{Queen of Hearts} 
{Jack of Clubs} 
{Ace of Diamonds} 
{5 of Diamonds} 
 
Player 2:  
{5 of Clubs} 
{6 of Diamonds} 
{Ace of Clubs} 
{Jack of Diamonds} 
{5 of Spades} 
 
EvaluateHands() Player 1 testing: 
 
[0, 0, 0, 1, 0, 0, 0, 0, 1, 1, 1, 0, 1]
[2, 0, 1, 2]
Hand value: 12
 
EvaluateHands() Player 2 testing: 
 
Pair
[0, 0, 0, 2, 1, 0, 0, 0, 0, 1, 0, 0, 1]
[2, 1, 0, 2]
Hand value: 103
------------------------
------------------------
 
Player 1:  
{King of Clubs} 
{7 of Clubs} 
{Queen of Hearts} 
{5 of Diamonds} 
{10 of Clubs} 
 
Player 2:  
{6 of Clubs} 
{9 of Clubs} 
{Jack of Hearts} 
{Ace of Spades} 
{9 of Spades} 
 
EvaluateHands() Player 1 testing: 
 
[0, 0, 0, 1, 0, 1, 0, 0, 1, 0, 1, 1, 0]
[3, 0, 1, 1]
Hand value: 11
 
EvaluateHands() Player 2 testing: 
 
Pair
[0, 0, 0, 0, 1, 0, 0, 2, 0, 1, 0, 0, 1]
[2, 2, 1, 0]
Hand value: 107
------------------------
------------------------
 
Player 1:  
{3 of Diamonds} 
{10 of Hearts} 
{8 of Clubs} 
{Ace of Clubs} 
{4 of Hearts} 
 
Player 2:  
{3 of Clubs} 
{9 of Hearts} 
{6 of Hearts} 
{Queen of Hearts} 
{8 of Hearts} 
 
EvaluateHands() Player 1 testing: 
 
[0, 1, 1, 0, 0, 0, 1, 0, 1, 0, 0, 0, 1]
[2, 0, 2, 1]
Hand value: 12
 
EvaluateHands() Player 2 testing: 
 
[0, 1, 0, 0, 1, 0, 1, 1, 0, 0, 1, 0, 0]
[1, 0, 4, 0]
Hand value: 10
------------------------
------------------------
 
Player 1:  
{7 of Diamonds} 
{5 of Hearts} 
{4 of Clubs} 
{8 of Spades} 
{7 of Clubs} 
 
Player 2:  
{10 of Diamonds} 
{Jack of Spades} 
{9 of Hearts} 
{King of Hearts} 
{Ace of Hearts} 
 
EvaluateHands() Player 1 testing: 
 
Pair
[0, 0, 1, 1, 0, 2, 1, 0, 0, 0, 0, 0, 0]
[2, 1, 1, 1]
Hand value: 105
 
EvaluateHands() Player 2 testing: 
 
[0, 0, 0, 0, 0, 0, 0, 1, 1, 1, 0, 1, 1]
[0, 1, 3, 1]
Hand value: 12
------------------------
------------------------
 
Player 1:  
{King of Hearts} 
{2 of Hearts} 
{8 of Spades} 
{6 of Diamonds} 
{8 of Hearts} 
 
Player 2:  
{Jack of Spades} 
{3 of Clubs} 
{4 of Spades} 
{Jack of Diamonds} 
{7 of Hearts} 
 
EvaluateHands() Player 1 testing: 
 
Pair
[1, 0, 0, 0, 1, 0, 2, 0, 0, 0, 0, 1, 0]
[0, 1, 3, 1]
Hand value: 106
 
EvaluateHands() Player 2 testing: 
 
Pair
[0, 1, 1, 0, 0, 1, 0, 0, 0, 2, 0, 0, 0]
[1, 2, 1, 1]
Hand value: 109
------------------------
------------------------
 
Player 1:  
{Jack of Clubs} 
{4 of Spades} 
{Jack of Diamonds} 
{8 of Hearts} 
{Ace of Diamonds} 
 
Player 2:  
{3 of Diamonds} 
{King of Clubs} 
{9 of Diamonds} 
{2 of Diamonds} 
{10 of Hearts} 
 
EvaluateHands() Player 1 testing: 
 
Pair
[0, 0, 1, 0, 0, 0, 1, 0, 0, 2, 0, 0, 1]
[1, 1, 1, 2]
Hand value: 109
 
EvaluateHands() Player 2 testing: 
 
[1, 1, 0, 0, 0, 0, 0, 1, 1, 0, 0, 1, 0]
[1, 0, 1, 3]
Hand value: 11
------------------------
------------------------
 
Player 1:  
{Jack of Clubs} 
{8 of Hearts} 
{10 of Spades} 
{3 of Hearts} 
{7 of Spades} 
 
Player 2:  
{Ace of Spades} 
{Jack of Spades} 
{2 of Hearts} 
{2 of Diamonds} 
{6 of Hearts} 
 
EvaluateHands() Player 1 testing: 
 
[0, 1, 0, 0, 0, 1, 1, 0, 1, 1, 0, 0, 0]
[1, 2, 2, 0]
Hand value: 9
 
EvaluateHands() Player 2 testing: 
 
Pair
[2, 0, 0, 0, 1, 0, 0, 0, 0, 1, 0, 0, 1]
[0, 2, 2, 1]
Hand value: 100
------------------------
------------------------
 
Player 1:  
{4 of Hearts} 
{6 of Clubs} 
{3 of Hearts} 
{7 of Hearts} 
{Queen of Hearts} 
 
Player 2:  
{Ace of Spades} 
{5 of Spades} 
{4 of Diamonds} 
{King of Diamonds} 
{10 of Diamonds} 
 
EvaluateHands() Player 1 testing: 
 
[0, 1, 1, 0, 1, 1, 0, 0, 0, 0, 1, 0, 0]
[1, 0, 4, 0]
Hand value: 10
 
EvaluateHands() Player 2 testing: 
 
[0, 0, 1, 1, 0, 0, 0, 0, 1, 0, 0, 1, 1]
[0, 2, 0, 3]
Hand value: 12
------------------------
------------------------
 
Player 1:  
{9 of Clubs} 
{10 of Clubs} 
{8 of Spades} 
{6 of Spades} 
{5 of Hearts} 
 
Player 2:  
{3 of Spades} 
{King of Clubs} 
{6 of Hearts} 
{6 of Diamonds} 
{7 of Hearts} 
 
EvaluateHands() Player 1 testing: 
 
[0, 0, 0, 1, 1, 0, 1, 1, 1, 0, 0, 0, 0]
[2, 2, 1, 0]
Hand value: 8
 
EvaluateHands() Player 2 testing: 
 
Pair
[0, 1, 0, 0, 2, 1, 0, 0, 0, 0, 0, 1, 0]
[1, 1, 2, 1]
Hand value: 104
------------------------
------------------------
 
Player 1:  
{3 of Clubs} 
{6 of Clubs} 
{10 of Clubs} 
{Queen of Diamonds} 
{10 of Diamonds} 
 
Player 2:  
{King of Clubs} 
{6 of Spades} 
{Queen of Spades} 
{3 of Hearts} 
{5 of Clubs} 
 
EvaluateHands() Player 1 testing: 
 
Pair
[0, 1, 0, 0, 1, 0, 0, 0, 2, 0, 1, 0, 0]
[3, 0, 0, 2]
Hand value: 108
 
EvaluateHands() Player 2 testing: 
 
[0, 1, 0, 1, 1, 0, 0, 0, 0, 0, 1, 1, 0]
[2, 2, 1, 0]
Hand value: 11
------------------------
------------------------
 
Player 1:  
{10 of Spades} 
{8 of Hearts} 
{2 of Diamonds} 
{7 of Clubs} 
{King of Diamonds} 
 
Player 2:  
{Ace of Diamonds} 
{5 of Hearts} 
{5 of Diamonds} 
{3 of Hearts} 
{King of Hearts} 
 
EvaluateHands() Player 1 testing: 
 
[1, 0, 0, 0, 0, 1, 1, 0, 1, 0, 0, 1, 0]
[1, 1, 1, 2]
Hand value: 11
 
EvaluateHands() Player 2 testing: 
 
Pair
[0, 1, 0, 2, 0, 0, 0, 0, 0, 0, 0, 1, 1]
[0, 0, 3, 2]
Hand value: 103
------------------------
------------------------
 
Player 1:  
{5 of Spades} 
{10 of Clubs} 
{8 of Hearts} 
{King of Spades} 
{3 of Hearts} 
 
Player 2:  
{9 of Spades} 
{Queen of Spades} 
{8 of Spades} 
{Queen of Hearts} 
{Queen of Diamonds} 
 
EvaluateHands() Player 1 testing: 
 
[0, 1, 0, 1, 0, 0, 1, 0, 1, 0, 0, 1, 0]
[1, 2, 2, 0]
Hand value: 11
 
EvaluateHands() Player 2 testing: 
 
Three of a Kind
[0, 0, 0, 0, 0, 0, 1, 1, 0, 0, 3, 0, 0]
[0, 3, 1, 1]
Hand value: 310
------------------------
------------------------
 
Player 1:  
{Queen of Clubs} 
{9 of Spades} 
{4 of Spades} 
{Queen of Hearts} 
{Jack of Clubs} 
 
Player 2:  
{10 of Hearts} 
{10 of Diamonds} 
{9 of Hearts} 
{Ace of Spades} 
{Ace of Diamonds} 
 
EvaluateHands() Player 1 testing: 
 
Pair
[0, 0, 1, 0, 0, 0, 0, 1, 0, 1, 2, 0, 0]
[2, 2, 1, 0]
Hand value: 110
 
EvaluateHands() Player 2 testing: 
 
Pair
[0, 0, 0, 0, 0, 0, 0, 1, 2, 0, 0, 0, 2]
[0, 1, 2, 2]
Hand value: 108
------------------------
------------------------
 
Player 1:  
{6 of Hearts} 
{7 of Diamonds} 
{6 of Spades} 
{8 of Clubs} 
{8 of Hearts} 
 
Player 2:  
{7 of Hearts} 
{10 of Diamonds} 
{3 of Hearts} 
{Ace of Diamonds} 
{3 of Diamonds} 
 
EvaluateHands() Player 1 testing: 
 
Two Pairs
[0, 0, 0, 0, 2, 1, 2, 0, 0, 0, 0, 0, 0]
[1, 1, 2, 1]
Hand value: 206
 
EvaluateHands() Player 2 testing: 
 
Pair
[0, 2, 0, 0, 0, 1, 0, 0, 1, 0, 0, 0, 1]
[0, 0, 2, 3]
Hand value: 101
------------------------
------------------------
 
Player 1:  
{5 of Clubs} 
{Jack of Hearts} 
{10 of Clubs} 
{2 of Hearts} 
{King of Diamonds} 
 
Player 2:  
{9 of Clubs} 
{5 of Hearts} 
{10 of Hearts} 
{King of Hearts} 
{King of Spades} 
 
EvaluateHands() Player 1 testing: 
 
[1, 0, 0, 1, 0, 0, 0, 0, 1, 1, 0, 1, 0]
[2, 0, 2, 1]
Hand value: 11
 
EvaluateHands() Player 2 testing: 
 
Pair
[0, 0, 0, 1, 0, 0, 0, 1, 1, 0, 0, 2, 0]
[1, 1, 3, 0]
Hand value: 111
------------------------
------------------------
 
Player 1:  
{7 of Diamonds} 
{Ace of Diamonds} 
{Queen of Clubs} 
{King of Clubs} 
{2 of Hearts} 
 
Player 2:  
{9 of Diamonds} 
{6 of Diamonds} 
{5 of Hearts} 
{6 of Spades} 
{Queen of Hearts} 
 
EvaluateHands() Player 1 testing: 
 
[1, 0, 0, 0, 0, 1, 0, 0, 0, 0, 1, 1, 1]
[2, 0, 1, 2]
Hand value: 12
 
EvaluateHands() Player 2 testing: 
 
Pair
[0, 0, 0, 1, 2, 0, 0, 1, 0, 0, 1, 0, 0]
[0, 1, 2, 2]
Hand value: 104
------------------------
------------------------
 
Player 1:  
{Ace of Hearts} 
{4 of Diamonds} 
{5 of Hearts} 
{8 of Diamonds} 
{9 of Diamonds} 
 
Player 2:  
{9 of Hearts} 
{2 of Diamonds} 
{4 of Hearts} 
{Jack of Hearts} 
{King of Diamonds} 
 
EvaluateHands() Player 1 testing: 
 
[0, 0, 1, 1, 0, 0, 1, 1, 0, 0, 0, 0, 1]
[0, 0, 2, 3]
Hand value: 12
 
EvaluateHands() Player 2 testing: 
 
[1, 0, 1, 0, 0, 0, 0, 1, 0, 1, 0, 1, 0]
[0, 0, 3, 2]
Hand value: 11
------------------------
------------------------
 
Player 1:  
{4 of Spades} 
{Queen of Hearts} 
{8 of Diamonds} 
{5 of Spades} 
{Ace of Hearts} 
 
Player 2:  
{King of Diamonds} 
{6 of Hearts} 
{Queen of Diamonds} 
{4 of Hearts} 
{9 of Diamonds} 
 
EvaluateHands() Player 1 testing: 
 
[0, 0, 1, 1, 0, 0, 1, 0, 0, 0, 1, 0, 1]
[0, 2, 2, 1]
Hand value: 12
 
EvaluateHands() Player 2 testing: 
 
[0, 0, 1, 0, 1, 0, 0, 1, 0, 0, 1, 1, 0]
[0, 0, 2, 3]
Hand value: 11
------------------------
------------------------
 
Player 1:  
{4 of Clubs} 
{4 of Spades} 
{6 of Hearts} 
{4 of Hearts} 
{Queen of Diamonds} 
 
Player 2:  
{2 of Diamonds} 
{4 of Diamonds} 
{9 of Clubs} 
{10 of Diamonds} 
{7 of Clubs} 
 
EvaluateHands() Player 1 testing: 
 
Three of a Kind
[0, 0, 3, 0, 1, 0, 0, 0, 0, 0, 1, 0, 0]
[1, 1, 2, 1]
Hand value: 302
 
EvaluateHands() Player 2 testing: 
 
[1, 0, 1, 0, 0, 1, 0, 1, 1, 0, 0, 0, 0]
[2, 0, 0, 3]
Hand value: 8
------------------------
------------------------
 
Player 1:  
{Ace of Spades} 
{4 of Spades} 
{2 of Clubs} 
{8 of Clubs} 
{Ace of Clubs} 
 
Player 2:  
{7 of Hearts} 
{2 of Spades} 
{3 of Diamonds} 
{Jack of Diamonds} 
{7 of Diamonds} 
 
EvaluateHands() Player 1 testing: 
 
Pair
[1, 0, 1, 0, 0, 0, 1, 0, 0, 0, 0, 0, 2]
[3, 2, 0, 0]
Hand value: 112
 
EvaluateHands() Player 2 testing: 
 
Pair
[1, 1, 0, 0, 0, 2, 0, 0, 0, 1, 0, 0, 0]
[0, 1, 1, 3]
Hand value: 105
------------------------
------------------------
 
Player 1:  
{6 of Spades} 
{Jack of Diamonds} 
{3 of Clubs} 
{10 of Clubs} 
{2 of Spades} 
 
Player 2:  
{7 of Diamonds} 
{3 of Diamonds} 
{9 of Clubs} 
{4 of Diamonds} 
{3 of Hearts} 
 
EvaluateHands() Player 1 testing: 
 
[1, 1, 0, 0, 1, 0, 0, 0, 1, 1, 0, 0, 0]
[2, 2, 0, 1]
Hand value: 9
 
EvaluateHands() Player 2 testing: 
 
Pair
[0, 2, 1, 0, 0, 1, 0, 1, 0, 0, 0, 0, 0]
[1, 0, 1, 3]
Hand value: 101
------------------------
------------------------
 
Player 1:  
{7 of Hearts} 
{2 of Spades} 
{King of Clubs} 
{3 of Clubs} 
{Queen of Spades} 
 
Player 2:  
{3 of Diamonds} 
{Jack of Clubs} 
{Jack of Hearts} 
{10 of Diamonds} 
{Ace of Clubs} 
 
EvaluateHands() Player 1 testing: 
 
[1, 1, 0, 0, 0, 1, 0, 0, 0, 0, 1, 1, 0]
[2, 2, 1, 0]
Hand value: 11
 
EvaluateHands() Player 2 testing: 
 
Pair
[0, 1, 0, 0, 0, 0, 0, 0, 1, 2, 0, 0, 1]
[2, 0, 1, 2]
Hand value: 109
------------------------
------------------------
 
Player 1:  
{7 of Hearts} 
{Jack of Hearts} 
{10 of Clubs} 
{8 of Diamonds} 
{Queen of Hearts} 
 
Player 2:  
{8 of Hearts} 
{Queen of Diamonds} 
{6 of Diamonds} 
{Ace of Diamonds} 
{4 of Hearts} 
 
EvaluateHands() Player 1 testing: 
 
[0, 0, 0, 0, 0, 1, 1, 0, 1, 1, 1, 0, 0]
[1, 0, 3, 1]
Hand value: 10
 
EvaluateHands() Player 2 testing: 
 
[0, 0, 1, 0, 1, 0, 1, 0, 0, 0, 1, 0, 1]
[0, 0, 2, 3]
Hand value: 12
------------------------
------------------------
 
Player 1:  
{4 of Hearts} 
{9 of Clubs} 
{Queen of Hearts} 
{6 of Diamonds} 
{Jack of Spades} 
 
Player 2:  
{8 of Clubs} 
{7 of Spades} 
{8 of Diamonds} 
{10 of Hearts} 
{7 of Diamonds} 
 
EvaluateHands() Player 1 testing: 
 
[0, 0, 1, 0, 1, 0, 0, 1, 0, 1, 1, 0, 0]
[1, 1, 2, 1]
Hand value: 10
 
EvaluateHands() Player 2 testing: 
 
Two Pairs
[0, 0, 0, 0, 0, 2, 2, 0, 1, 0, 0, 0, 0]
[1, 1, 1, 2]
Hand value: 208
------------------------
------------------------
 
Player 1:  
{2 of Spades} 
{3 of Hearts} 
{3 of Diamonds} 
{5 of Diamonds} 
{Queen of Diamonds} 
 
Player 2:  
{6 of Hearts} 
{7 of Clubs} 
{7 of Spades} 
{Jack of Spades} 
{10 of Clubs} 
 
EvaluateHands() Player 1 testing: 
 
Pair
[1, 2, 0, 1, 0, 0, 0, 0, 0, 0, 1, 0, 0]
[0, 1, 1, 3]
Hand value: 101
 
EvaluateHands() Player 2 testing: 
 
Pair
[0, 0, 0, 0, 1, 2, 0, 0, 1, 1, 0, 0, 0]
[2, 2, 1, 0]
Hand value: 105
------------------------
------------------------
 
Player 1:  
{5 of Spades} 
{Queen of Clubs} 
{Jack of Hearts} 
{4 of Diamonds} 
{7 of Spades} 
 
Player 2:  
{Jack of Diamonds} 
{2 of Diamonds} 
{2 of Spades} 
{7 of Diamonds} 
{Queen of Spades} 
 
EvaluateHands() Player 1 testing: 
 
[0, 0, 1, 1, 0, 1, 0, 0, 0, 1, 1, 0, 0]
[1, 2, 1, 1]
Hand value: 10
 
EvaluateHands() Player 2 testing: 
 
Pair
[2, 0, 0, 0, 0, 1, 0, 0, 0, 1, 1, 0, 0]
[0, 2, 0, 3]
Hand value: 100
------------------------
------------------------
 
Player 1:  
{Queen of Spades} 
{Queen of Clubs} 
{10 of Hearts} 
{Ace of Clubs} 
{7 of Spades} 
 
Player 2:  
{King of Hearts} 
{4 of Diamonds} 
{Jack of Spades} 
{Jack of Hearts} 
{7 of Hearts} 
 
EvaluateHands() Player 1 testing: 
 
Pair
[0, 0, 0, 0, 0, 1, 0, 0, 1, 0, 2, 0, 1]
[2, 2, 1, 0]
Hand value: 110
 
EvaluateHands() Player 2 testing: 
 
Pair
[0, 0, 1, 0, 0, 1, 0, 0, 0, 2, 0, 1, 0]
[0, 1, 3, 1]
Hand value: 109
------------------------
------------------------
 
Player 1:  
{Queen of Diamonds} 
{7 of Diamonds} 
{King of Hearts} 
{8 of Diamonds} 
{Ace of Hearts} 
 
Player 2:  
{3 of Diamonds} 
{Queen of Spades} 
{8 of Hearts} 
{6 of Clubs} 
{Queen of Hearts} 
 
EvaluateHands() Player 1 testing: 
 
[0, 0, 0, 0, 0, 1, 1, 0, 0, 0, 1, 1, 1]
[0, 0, 2, 3]
Hand value: 12
 
EvaluateHands() Player 2 testing: 
 
Pair
[0, 1, 0, 0, 1, 0, 1, 0, 0, 0, 2, 0, 0]
[1, 1, 2, 1]
Hand value: 110
------------------------
------------------------
 
Player 1:  
{King of Diamonds} 
{9 of Clubs} 
{5 of Spades} 
{9 of Spades} 
{King of Hearts} 
 
Player 2:  
{3 of Hearts} 
{5 of Diamonds} 
{7 of Diamonds} 
{4 of Hearts} 
{8 of Hearts} 
 
EvaluateHands() Player 1 testing: 
 
Two Pairs
[0, 0, 0, 1, 0, 0, 0, 2, 0, 0, 0, 2, 0]
[1, 2, 1, 1]
Hand value: 211
 
EvaluateHands() Player 2 testing: 
 
[0, 1, 1, 1, 0, 1, 1, 0, 0, 0, 0, 0, 0]
[0, 0, 3, 2]
Hand value: 6
------------------------
------------------------
 
Player 1:  
{8 of Hearts} 
{9 of Spades} 
{9 of Diamonds} 
{3 of Spades} 
{Ace of Diamonds} 
 
Player 2:  
{2 of Clubs} 
{10 of Diamonds} 
{7 of Hearts} 
{Queen of Clubs} 
{6 of Diamonds} 
 
EvaluateHands() Player 1 testing: 
 
Pair
[0, 1, 0, 0, 0, 0, 1, 2, 0, 0, 0, 0, 1]
[0, 2, 1, 2]
Hand value: 107
 
EvaluateHands() Player 2 testing: 
 
[1, 0, 0, 0, 1, 1, 0, 0, 1, 0, 1, 0, 0]
[2, 0, 1, 2]
Hand value: 10
------------------------
------------------------
 
Player 1:  
{10 of Spades} 
{9 of Clubs} 
{King of Clubs} 
{King of Hearts} 
{2 of Clubs} 
 
Player 2:  
{8 of Hearts} 
{10 of Clubs} 
{8 of Clubs} 
{Queen of Diamonds} 
{6 of Hearts} 
 
EvaluateHands() Player 1 testing: 
 
Pair
[1, 0, 0, 0, 0, 0, 0, 1, 1, 0, 0, 2, 0]
[3, 1, 1, 0]
Hand value: 111
 
EvaluateHands() Player 2 testing: 
 
Pair
[0, 0, 0, 0, 1, 0, 2, 0, 1, 0, 1, 0, 0]
[2, 0, 2, 1]
Hand value: 106
------------------------
------------------------
 
Player 1:  
{3 of Hearts} 
{4 of Hearts} 
{7 of Hearts} 
{7 of Diamonds} 
{6 of Diamonds} 
 
Player 2:  
{5 of Clubs} 
{5 of Spades} 
{Queen of Clubs} 
{Jack of Hearts} 
{8 of Hearts} 
 
EvaluateHands() Player 1 testing: 
 
Pair
[0, 1, 1, 0, 1, 2, 0, 0, 0, 0, 0, 0, 0]
[0, 0, 3, 2]
Hand value: 105
 
EvaluateHands() Player 2 testing: 
 
Pair
[0, 0, 0, 2, 0, 0, 1, 0, 0, 1, 1, 0, 0]
[2, 1, 2, 0]
Hand value: 103
------------------------
------------------------
 
Player 1:  
{Jack of Diamonds} 
{King of Diamonds} 
{4 of Clubs} 
{6 of Spades} 
{King of Hearts} 
 
Player 2:  
{4 of Diamonds} 
{Jack of Spades} 
{2 of Hearts} 
{4 of Spades} 
{10 of Clubs} 
 
EvaluateHands() Player 1 testing: 
 
Pair
[0, 0, 1, 0, 1, 0, 0, 0, 0, 1, 0, 2, 0]
[1, 1, 1, 2]
Hand value: 111
 
EvaluateHands() Player 2 testing: 
 
Pair
[1, 0, 2, 0, 0, 0, 0, 0, 1, 1, 0, 0, 0]
[1, 2, 1, 1]
Hand value: 102
------------------------
------------------------
 
Player 1:  
{King of Spades} 
{9 of Hearts} 
{9 of Clubs} 
{10 of Clubs} 
{5 of Diamonds} 
 
Player 2:  
{Jack of Hearts} 
{Queen of Spades} 
{6 of Diamonds} 
{2 of Spades} 
{5 of Clubs} 
 
EvaluateHands() Player 1 testing: 
 
Pair
[0, 0, 0, 1, 0, 0, 0, 2, 1, 0, 0, 1, 0]
[2, 1, 1, 1]
Hand value: 107
 
EvaluateHands() Player 2 testing: 
 
[1, 0, 0, 1, 1, 0, 0, 0, 0, 1, 1, 0, 0]
[1, 2, 1, 1]
Hand value: 10
------------------------
------------------------
 
Player 1:  
{9 of Clubs} 
{5 of Clubs} 
{10 of Hearts} 
{Ace of Hearts} 
{Jack of Clubs} 
 
Player 2:  
{10 of Diamonds} 
{9 of Spades} 
{5 of Diamonds} 
{9 of Hearts} 
{Queen of Hearts} 
 
EvaluateHands() Player 1 testing: 
 
[0, 0, 0, 1, 0, 0, 0, 1, 1, 1, 0, 0, 1]
[3, 0, 2, 0]
Hand value: 12
 
EvaluateHands() Player 2 testing: 
 
Pair
[0, 0, 0, 1, 0, 0, 0, 2, 1, 0, 1, 0, 0]
[0, 1, 2, 2]
Hand value: 107
------------------------
------------------------
 
Player 1:  
{7 of Diamonds} 
{Queen of Diamonds} 
{6 of Hearts} 
{Ace of Spades} 
{2 of Diamonds} 
 
Player 2:  
{Jack of Hearts} 
{Ace of Clubs} 
{3 of Spades} 
{6 of Clubs} 
{Ace of Diamonds} 
 
EvaluateHands() Player 1 testing: 
 
[1, 0, 0, 0, 1, 1, 0, 0, 0, 0, 1, 0, 1]
[0, 1, 1, 3]
Hand value: 12
 
EvaluateHands() Player 2 testing: 
 
Pair
[0, 1, 0, 0, 1, 0, 0, 0, 0, 1, 0, 0, 2]
[2, 1, 1, 1]
Hand value: 112
------------------------
------------------------
 
Player 1:  
{5 of Spades} 
{Queen of Hearts} 
{2 of Hearts} 
{7 of Diamonds} 
{8 of Diamonds} 
 
Player 2:  
{Jack of Clubs} 
{6 of Spades} 
{3 of Spades} 
{8 of Spades} 
{7 of Spades} 
 
EvaluateHands() Player 1 testing: 
 
[1, 0, 0, 1, 0, 1, 1, 0, 0, 0, 1, 0, 0]
[0, 1, 2, 2]
Hand value: 10
 
EvaluateHands() Player 2 testing: 
 
[0, 1, 0, 0, 1, 1, 1, 0, 0, 1, 0, 0, 0]
[1, 4, 0, 0]
Hand value: 9
------------------------
------------------------
 
Player 1:  
{5 of Hearts} 
{5 of Spades} 
{Ace of Hearts} 
{4 of Clubs} 
{King of Hearts} 
 
Player 2:  
{King of Clubs} 
{3 of Hearts} 
{9 of Hearts} 
{10 of Clubs} 
{8 of Diamonds} 
 
EvaluateHands() Player 1 testing: 
 
Pair
[0, 0, 1, 2, 0, 0, 0, 0, 0, 0, 0, 1, 1]
[1, 1, 3, 0]
Hand value: 103
 
EvaluateHands() Player 2 testing: 
 
[0, 1, 0, 0, 0, 0, 1, 1, 1, 0, 0, 1, 0]
[2, 0, 2, 1]
Hand value: 11
------------------------
------------------------
 
Player 1:  
{2 of Spades} 
{Jack of Spades} 
{5 of Hearts} 
{Queen of Hearts} 
{Queen of Diamonds} 
 
Player 2:  
{4 of Spades} 
{5 of Diamonds} 
{6 of Clubs} 
{4 of Clubs} 
{Jack of Clubs} 
 
EvaluateHands() Player 1 testing: 
 
Pair
[1, 0, 0, 1, 0, 0, 0, 0, 0, 1, 2, 0, 0]
[0, 2, 2, 1]
Hand value: 110
 
EvaluateHands() Player 2 testing: 
 
Pair
[0, 0, 2, 1, 1, 0, 0, 0, 0, 1, 0, 0, 0]
[3, 1, 0, 1]
Hand value: 102
------------------------
------------------------
 
Player 1:  
{2 of Hearts} 
{Ace of Spades} 
{Jack of Clubs} 
{10 of Clubs} 
{2 of Spades} 
 
Player 2:  
{6 of Clubs} 
{9 of Spades} 
{3 of Clubs} 
{6 of Diamonds} 
{10 of Spades} 
 
EvaluateHands() Player 1 testing: 
 
Pair
[2, 0, 0, 0, 0, 0, 0, 0, 1, 1, 0, 0, 1]
[2, 2, 1, 0]
Hand value: 100
 
EvaluateHands() Player 2 testing: 
 
Pair
[0, 1, 0, 0, 2, 0, 0, 1, 1, 0, 0, 0, 0]
[2, 2, 0, 1]
Hand value: 104
------------------------
------------------------
 
Player 1:  
{8 of Spades} 
{8 of Hearts} 
{10 of Clubs} 
{10 of Spades} 
{10 of Diamonds} 
 
Player 2:  
{Jack of Hearts} 
{King of Hearts} 
{7 of Diamonds} 
{6 of Clubs} 
{King of Clubs} 
 
EvaluateHands() Player 1 testing: 
 
Full house
[0, 0, 0, 0, 0, 0, 2, 0, 3, 0, 0, 0, 0]
[1, 2, 1, 1]
Hand value: 608
 
EvaluateHands() Player 2 testing: 
 
Pair
[0, 0, 0, 0, 1, 1, 0, 0, 0, 1, 0, 2, 0]
[2, 0, 2, 1]
Hand value: 111
------------------------
------------------------
 
Player 1:  
{5 of Hearts} 
{7 of Diamonds} 
{4 of Hearts} 
{9 of Hearts} 
{2 of Hearts} 
 
Player 2:  
{Queen of Hearts} 
{Queen of Spades} 
{7 of Spades} 
{9 of Clubs} 
{4 of Clubs} 
 
EvaluateHands() Player 1 testing: 
 
[1, 0, 1, 1, 0, 1, 0, 1, 0, 0, 0, 0, 0]
[0, 0, 4, 1]
Hand value: 7
 
EvaluateHands() Player 2 testing: 
 
Pair
[0, 0, 1, 0, 0, 1, 0, 1, 0, 0, 2, 0, 0]
[2, 2, 1, 0]
Hand value: 110
------------------------
------------------------
 
Player 1:  
{5 of Hearts} 
{Queen of Clubs} 
{2 of Clubs} 
{6 of Clubs} 
{Jack of Hearts} 
 
Player 2:  
{4 of Diamonds} 
{Queen of Hearts} 
{10 of Diamonds} 
{Ace of Clubs} 
{3 of Clubs} 
 
EvaluateHands() Player 1 testing: 
 
[1, 0, 0, 1, 1, 0, 0, 0, 0, 1, 1, 0, 0]
[3, 0, 2, 0]
Hand value: 10
 
EvaluateHands() Player 2 testing: 
 
[0, 1, 1, 0, 0, 0, 0, 0, 1, 0, 1, 0, 1]
[2, 0, 1, 2]
Hand value: 12
------------------------
------------------------
 
Player 1:  
{King of Hearts} 
{Ace of Diamonds} 
{9 of Hearts} 
{4 of Diamonds} 
{Jack of Clubs} 
 
Player 2:  
{4 of Spades} 
{2 of Clubs} 
{6 of Clubs} 
{5 of Diamonds} 
{Jack of Hearts} 
 
EvaluateHands() Player 1 testing: 
 
[0, 0, 1, 0, 0, 0, 0, 1, 0, 1, 0, 1, 1]
[1, 0, 2, 2]
Hand value: 12
 
EvaluateHands() Player 2 testing: 
 
[1, 0, 1, 1, 1, 0, 0, 0, 0, 1, 0, 0, 0]
[2, 1, 1, 1]
Hand value: 9
------------------------
------------------------
 
Player 1:  
{2 of Diamonds} 
{6 of Clubs} 
{Ace of Hearts} 
{7 of Spades} 
{4 of Hearts} 
 
Player 2:  
{6 of Hearts} 
{9 of Hearts} 
{5 of Hearts} 
{Jack of Clubs} 
{7 of Diamonds} 
 
EvaluateHands() Player 1 testing: 
 
[1, 0, 1, 0, 1, 1, 0, 0, 0, 0, 0, 0, 1]
[1, 1, 2, 1]
Hand value: 12
 
EvaluateHands() Player 2 testing: 
 
[0, 0, 0, 1, 1, 1, 0, 1, 0, 1, 0, 0, 0]
[1, 0, 3, 1]
Hand value: 9
------------------------
------------------------
 
Player 1:  
{5 of Hearts} 
{5 of Spades} 
{3 of Diamonds} 
{9 of Clubs} 
{4 of Hearts} 
 
Player 2:  
{9 of Diamonds} 
{8 of Clubs} 
{2 of Hearts} 
{5 of Diamonds} 
{Queen of Hearts} 
 
EvaluateHands() Player 1 testing: 
 
Pair
[0, 1, 1, 2, 0, 0, 0, 1, 0, 0, 0, 0, 0]
[1, 1, 2, 1]
Hand value: 103
 
EvaluateHands() Player 2 testing: 
 
[1, 0, 0, 1, 0, 0, 1, 1, 0, 0, 1, 0, 0]
[1, 0, 2, 2]
Hand value: 10
------------------------
------------------------
 
Player 1:  
{10 of Hearts} 
{8 of Diamonds} 
{10 of Clubs} 
{Ace of Spades} 
{King of Diamonds} 
 
Player 2:  
{2 of Spades} 
{2 of Diamonds} 
{6 of Clubs} 
{5 of Clubs} 
{Jack of Hearts} 
 
EvaluateHands() Player 1 testing: 
 
Pair
[0, 0, 0, 0, 0, 0, 1, 0, 2, 0, 0, 1, 1]
[1, 1, 1, 2]
Hand value: 108
 
EvaluateHands() Player 2 testing: 
 
Pair
[2, 0, 0, 1, 1, 0, 0, 0, 0, 1, 0, 0, 0]
[2, 1, 1, 1]
Hand value: 100
------------------------
------------------------
 
Player 1:  
{Ace of Hearts} 
{9 of Spades} 
{10 of Clubs} 
{6 of Diamonds} 
{King of Hearts} 
 
Player 2:  
{9 of Hearts} 
{5 of Diamonds} 
{Queen of Diamonds} 
{9 of Diamonds} 
{2 of Hearts} 
 
EvaluateHands() Player 1 testing: 
 
[0, 0, 0, 0, 1, 0, 0, 1, 1, 0, 0, 1, 1]
[1, 1, 2, 1]
Hand value: 12
 
EvaluateHands() Player 2 testing: 
 
Pair
[1, 0, 0, 1, 0, 0, 0, 2, 0, 0, 1, 0, 0]
[0, 0, 2, 3]
Hand value: 107
------------------------
------------------------
 
Player 1:  
{4 of Clubs} 
{8 of Hearts} 
{7 of Diamonds} 
{3 of Diamonds} 
{6 of Clubs} 
 
Player 2:  
{Jack of Diamonds} 
{9 of Hearts} 
{Ace of Diamonds} 
{3 of Clubs} 
{King of Hearts} 
 
EvaluateHands() Player 1 testing: 
 
[0, 1, 1, 0, 1, 1, 1, 0, 0, 0, 0, 0, 0]
[2, 0, 1, 2]
Hand value: 6
 
EvaluateHands() Player 2 testing: 
 
[0, 1, 0, 0, 0, 0, 0, 1, 0, 1, 0, 1, 1]
[1, 0, 2, 2]
Hand value: 12
------------------------
------------------------
 
Player 1:  
{Ace of Spades} 
{Queen of Diamonds} 
{4 of Diamonds} 
{6 of Clubs} 
{King of Clubs} 
 
Player 2:  
{10 of Hearts} 
{3 of Diamonds} 
{7 of Diamonds} 
{4 of Spades} 
{10 of Clubs} 
 
EvaluateHands() Player 1 testing: 
 
[0, 0, 1, 0, 1, 0, 0, 0, 0, 0, 1, 1, 1]
[2, 1, 0, 2]
Hand value: 12
 
EvaluateHands() Player 2 testing: 
 
Pair
[0, 1, 1, 0, 0, 1, 0, 0, 2, 0, 0, 0, 0]
[1, 1, 1, 2]
Hand value: 108
------------------------
------------------------
 
Player 1:  
{Ace of Clubs} 
{Queen of Hearts} 
{3 of Clubs} 
{8 of Clubs} 
{4 of Diamonds} 
 
Player 2:  
{Queen of Clubs} 
{7 of Diamonds} 
{Queen of Diamonds} 
{Jack of Spades} 
{10 of Diamonds} 
 
EvaluateHands() Player 1 testing: 
 
[0, 1, 1, 0, 0, 0, 1, 0, 0, 0, 1, 0, 1]
[3, 0, 1, 1]
Hand value: 12
 
EvaluateHands() Player 2 testing: 
 
Pair
[0, 0, 0, 0, 0, 1, 0, 0, 1, 1, 2, 0, 0]
[1, 1, 0, 3]
Hand value: 110
------------------------
------------------------
 
Player 1:  
{4 of Clubs} 
{2 of Clubs} 
{6 of Spades} 
{8 of Diamonds} 
{2 of Hearts} 
 
Player 2:  
{King of Spades} 
{8 of Clubs} 
{9 of Hearts} 
{7 of Diamonds} 
{4 of Diamonds} 
 
EvaluateHands() Player 1 testing: 
 
Pair
[2, 0, 1, 0, 1, 0, 1, 0, 0, 0, 0, 0, 0]
[2, 1, 1, 1]
Hand value: 100
 
EvaluateHands() Player 2 testing: 
 
[0, 0, 1, 0, 0, 1, 1, 1, 0, 0, 0, 1, 0]
[1, 1, 1, 2]
Hand value: 11
------------------------
------------------------
 
Player 1:  
{8 of Clubs} 
{9 of Clubs} 
{8 of Hearts} 
{10 of Hearts} 
{King of Spades} 
 
Player 2:  
{2 of Spades} 
{3 of Diamonds} 
{6 of Hearts} 
{9 of Hearts} 
{6 of Clubs} 
 
EvaluateHands() Player 1 testing: 
 
Pair
[0, 0, 0, 0, 0, 0, 2, 1, 1, 0, 0, 1, 0]
[2, 1, 2, 0]
Hand value: 106
 
EvaluateHands() Player 2 testing: 
 
Pair
[1, 1, 0, 0, 2, 0, 0, 1, 0, 0, 0, 0, 0]
[1, 1, 2, 1]
Hand value: 104
------------------------
------------------------
 
Player 1:  
{Ace of Clubs} 
{9 of Diamonds} 
{6 of Diamonds} 
{5 of Clubs} 
{Jack of Diamonds} 
 
Player 2:  
{7 of Clubs} 
{5 of Diamonds} 
{Jack of Spades} 
{Ace of Hearts} 
{2 of Clubs} 
 
EvaluateHands() Player 1 testing: 
 
[0, 0, 0, 1, 1, 0, 0, 1, 0, 1, 0, 0, 1]
[2, 0, 0, 3]
Hand value: 12
 
EvaluateHands() Player 2 testing: 
 
[1, 0, 0, 1, 0, 1, 0, 0, 0, 1, 0, 0, 1]
[2, 1, 1, 1]
Hand value: 12
------------------------
------------------------
 
Player 1:  
{8 of Clubs} 
{8 of Diamonds} 
{4 of Diamonds} 
{5 of Hearts} 
{King of Diamonds} 
 
Player 2:  
{10 of Clubs} 
{3 of Diamonds} 
{6 of Clubs} 
{10 of Diamonds} 
{Ace of Diamonds} 
 
EvaluateHands() Player 1 testing: 
 
Pair
[0, 0, 1, 1, 0, 0, 2, 0, 0, 0, 0, 1, 0]
[1, 0, 1, 3]
Hand value: 106
 
EvaluateHands() Player 2 testing: 
 
Pair
[0, 1, 0, 0, 1, 0, 0, 0, 2, 0, 0, 0, 1]
[2, 0, 0, 3]
Hand value: 108
------------------------
------------------------
 
Player 1:  
{4 of Diamonds} 
{6 of Hearts} 
{7 of Hearts} 
{Jack of Clubs} 
{9 of Clubs} 
 
Player 2:  
{6 of Clubs} 
{Ace of Diamonds} 
{Ace of Clubs} 
{8 of Clubs} 
{5 of Spades} 
 
EvaluateHands() Player 1 testing: 
 
[0, 0, 1, 0, 1, 1, 0, 1, 0, 1, 0, 0, 0]
[2, 0, 2, 1]
Hand value: 9
 
EvaluateHands() Player 2 testing: 
 
Pair
[0, 0, 0, 1, 1, 0, 1, 0, 0, 0, 0, 0, 2]
[3, 1, 0, 1]
Hand value: 112
------------------------
------------------------
 
Player 1:  
{Ace of Hearts} 
{Jack of Diamonds} 
{3 of Diamonds} 
{King of Hearts} 
{3 of Clubs} 
 
Player 2:  
{5 of Clubs} 
{4 of Hearts} 
{2 of Diamonds} 
{9 of Hearts} 
{10 of Spades} 
 
EvaluateHands() Player 1 testing: 
 
Pair
[0, 2, 0, 0, 0, 0, 0, 0, 0, 1, 0, 1, 1]
[1, 0, 2, 2]
Hand value: 101
 
EvaluateHands() Player 2 testing: 
 
[1, 0, 1, 1, 0, 0, 0, 1, 1, 0, 0, 0, 0]
[1, 1, 2, 1]
Hand value: 8
------------------------
------------------------
 
Player 1:  
{King of Hearts} 
{4 of Diamonds} 
{10 of Hearts} 
{10 of Clubs} 
{Ace of Hearts} 
 
Player 2:  
{4 of Clubs} 
{King of Diamonds} 
{6 of Spades} 
{3 of Spades} 
{Queen of Hearts} 
 
EvaluateHands() Player 1 testing: 
 
Pair
[0, 0, 1, 0, 0, 0, 0, 0, 2, 0, 0, 1, 1]
[1, 0, 3, 1]
Hand value: 108
 
EvaluateHands() Player 2 testing: 
 
[0, 1, 1, 0, 1, 0, 0, 0, 0, 0, 1, 1, 0]
[1, 2, 1, 1]
Hand value: 11
------------------------
------------------------
 
Player 1:  
{6 of Clubs} 
{3 of Spades} 
{King of Hearts} 
{9 of Diamonds} 
{King of Spades} 
 
Player 2:  
{Ace of Spades} 
{9 of Hearts} 
{Ace of Diamonds} 
{Queen of Spades} 
{7 of Hearts} 
 
EvaluateHands() Player 1 testing: 
 
Pair
[0, 1, 0, 0, 1, 0, 0, 1, 0, 0, 0, 2, 0]
[1, 2, 1, 1]
Hand value: 111
 
EvaluateHands() Player 2 testing: 
 
Pair
[0, 0, 0, 0, 0, 1, 0, 1, 0, 0, 1, 0, 2]
[0, 2, 2, 1]
Hand value: 112
------------------------
------------------------
 
Player 1:  
{7 of Clubs} 
{9 of Clubs} 
{5 of Diamonds} 
{Ace of Hearts} 
{3 of Hearts} 
 
Player 2:  
{4 of Spades} 
{Queen of Hearts} 
{Queen of Clubs} 
{Queen of Diamonds} 
{4 of Hearts} 
 
EvaluateHands() Player 1 testing: 
 
[0, 1, 0, 1, 0, 1, 0, 1, 0, 0, 0, 0, 1]
[2, 0, 2, 1]
Hand value: 12
 
EvaluateHands() Player 2 testing: 
 
Full house
[0, 0, 2, 0, 0, 0, 0, 0, 0, 0, 3, 0, 0]
[1, 1, 2, 1]
Hand value: 610
------------------------
------------------------
 
Player 1:  
{King of Spades} 
{3 of Hearts} 
{7 of Spades} 
{9 of Hearts} 
{5 of Hearts} 
 
Player 2:  
{8 of Spades} 
{King of Hearts} 
{4 of Hearts} 
{2 of Hearts} 
{3 of Clubs} 
 
EvaluateHands() Player 1 testing: 
 
[0, 1, 0, 1, 0, 1, 0, 1, 0, 0, 0, 1, 0]
[0, 2, 3, 0]
Hand value: 11
 
EvaluateHands() Player 2 testing: 
 
[1, 1, 1, 0, 0, 0, 1, 0, 0, 0, 0, 1, 0]
[1, 1, 3, 0]
Hand value: 11
------------------------
------------------------
 
Player 1:  
{9 of Spades} 
{8 of Diamonds} 
{7 of Spades} 
{Jack of Diamonds} 
{7 of Diamonds} 
 
Player 2:  
{Ace of Diamonds} 
{9 of Hearts} 
{8 of Hearts} 
{6 of Diamonds} 
{Ace of Spades} 
 
EvaluateHands() Player 1 testing: 
 
Pair
[0, 0, 0, 0, 0, 2, 1, 1, 0, 1, 0, 0, 0]
[0, 2, 0, 3]
Hand value: 105
 
EvaluateHands() Player 2 testing: 
 
Pair
[0, 0, 0, 0, 1, 0, 1, 1, 0, 0, 0, 0, 2]
[0, 1, 2, 2]
Hand value: 112
------------------------
------------------------
 
Player 1:  
{6 of Hearts} 
{Ace of Hearts} 
{Queen of Spades} 
{6 of Clubs} 
{2 of Hearts} 
 
Player 2:  
{8 of Clubs} 
{4 of Clubs} 
{Jack of Diamonds} 
{2 of Spades} 
{Jack of Hearts} 
 
EvaluateHands() Player 1 testing: 
 
Pair
[1, 0, 0, 0, 2, 0, 0, 0, 0, 0, 1, 0, 1]
[1, 1, 3, 0]
Hand value: 104
 
EvaluateHands() Player 2 testing: 
 
Pair
[1, 0, 1, 0, 0, 0, 1, 0, 0, 2, 0, 0, 0]
[2, 1, 1, 1]
Hand value: 109
------------------------
------------------------
 
Player 1:  
{2 of Hearts} 
{4 of Hearts} 
{Jack of Clubs} 
{4 of Diamonds} 
{King of Spades} 
 
Player 2:  
{8 of Clubs} 
{10 of Clubs} 
{7 of Hearts} 
{9 of Hearts} 
{8 of Spades} 
 
EvaluateHands() Player 1 testing: 
 
Pair
[1, 0, 2, 0, 0, 0, 0, 0, 0, 1, 0, 1, 0]
[1, 1, 2, 1]
Hand value: 102
 
EvaluateHands() Player 2 testing: 
 
Pair
[0, 0, 0, 0, 0, 1, 2, 1, 1, 0, 0, 0, 0]
[2, 1, 2, 0]
Hand value: 106
------------------------
------------------------
 
Player 1:  
{3 of Spades} 
{8 of Clubs} 
{5 of Diamonds} 
{5 of Spades} 
{Jack of Spades} 
 
Player 2:  
{Queen of Hearts} 
{6 of Hearts} 
{8 of Spades} 
{8 of Hearts} 
{9 of Hearts} 
 
EvaluateHands() Player 1 testing: 
 
Pair
[0, 1, 0, 2, 0, 0, 1, 0, 0, 1, 0, 0, 0]
[1, 3, 0, 1]
Hand value: 103
 
EvaluateHands() Player 2 testing: 
 
Pair
[0, 0, 0, 0, 1, 0, 2, 1, 0, 0, 1, 0, 0]
[0, 1, 4, 0]
Hand value: 106
------------------------
------------------------
 
Player 1:  
{10 of Hearts} 
{King of Clubs} 
{6 of Diamonds} 
{5 of Spades} 
{4 of Spades} 
 
Player 2:  
{2 of Diamonds} 
{10 of Diamonds} 
{8 of Clubs} 
{3 of Hearts} 
{Ace of Clubs} 
 
EvaluateHands() Player 1 testing: 
 
[0, 0, 1, 1, 1, 0, 0, 0, 1, 0, 0, 1, 0]
[1, 2, 1, 1]
Hand value: 11
 
EvaluateHands() Player 2 testing: 
 
[1, 1, 0, 0, 0, 0, 1, 0, 1, 0, 0, 0, 1]
[2, 0, 1, 2]
Hand value: 12
------------------------
------------------------
 
Player 1:  
{6 of Spades} 
{9 of Diamonds} 
{6 of Clubs} 
{4 of Hearts} 
{2 of Clubs} 
 
Player 2:  
{7 of Clubs} 
{3 of Diamonds} 
{King of Hearts} 
{9 of Hearts} 
{8 of Diamonds} 
 
EvaluateHands() Player 1 testing: 
 
Pair
[1, 0, 1, 0, 2, 0, 0, 1, 0, 0, 0, 0, 0]
[2, 1, 1, 1]
Hand value: 104
 
EvaluateHands() Player 2 testing: 
 
[0, 1, 0, 0, 0, 1, 1, 1, 0, 0, 0, 1, 0]
[1, 0, 2, 2]
Hand value: 11
------------------------
------------------------
 
Player 1:  
{3 of Hearts} 
{2 of Hearts} 
{Jack of Clubs} 
{7 of Diamonds} 
{8 of Hearts} 
 
Player 2:  
{9 of Hearts} 
{6 of Diamonds} 
{Jack of Hearts} 
{Jack of Diamonds} 
{Queen of Clubs} 
 
EvaluateHands() Player 1 testing: 
 
[1, 1, 0, 0, 0, 1, 1, 0, 0, 1, 0, 0, 0]
[1, 0, 3, 1]
Hand value: 9
 
EvaluateHands() Player 2 testing: 
 
Pair
[0, 0, 0, 0, 1, 0, 0, 1, 0, 2, 1, 0, 0]
[1, 0, 2, 2]
Hand value: 109
------------------------
------------------------
 
Player 1:  
{Jack of Hearts} 
{4 of Diamonds} 
{King of Clubs} 
{Queen of Clubs} 
{Ace of Clubs} 
 
Player 2:  
{5 of Diamonds} 
{King of Diamonds} 
{Jack of Spades} 
{7 of Hearts} 
{Ace of Spades} 
 
EvaluateHands() Player 1 testing: 
 
[0, 0, 1, 0, 0, 0, 0, 0, 0, 1, 1, 1, 1]
[3, 0, 1, 1]
Hand value: 12
 
EvaluateHands() Player 2 testing: 
 
[0, 0, 0, 1, 0, 1, 0, 0, 0, 1, 0, 1, 1]
[0, 2, 1, 2]
Hand value: 12
------------------------
------------------------
 
Player 1:  
{4 of Diamonds} 
{5 of Clubs} 
{6 of Spades} 
{2 of Spades} 
{5 of Spades} 
 
Player 2:  
{Queen of Spades} 
{10 of Diamonds} 
{Jack of Spades} 
{5 of Diamonds} 
{Ace of Diamonds} 
 
EvaluateHands() Player 1 testing: 
 
Pair
[1, 0, 1, 2, 1, 0, 0, 0, 0, 0, 0, 0, 0]
[1, 3, 0, 1]
Hand value: 103
 
EvaluateHands() Player 2 testing: 
 
[0, 0, 0, 1, 0, 0, 0, 0, 1, 1, 1, 0, 1]
[0, 2, 0, 3]
Hand value: 12
------------------------
------------------------
 
Player 1:  
{Queen of Diamonds} 
{Queen of Spades} 
{Jack of Clubs} 
{3 of Hearts} 
{9 of Diamonds} 
 
Player 2:  
{10 of Diamonds} 
{9 of Hearts} 
{3 of Diamonds} 
{Queen of Clubs} 
{5 of Hearts} 
 
EvaluateHands() Player 1 testing: 
 
Pair
[0, 1, 0, 0, 0, 0, 0, 1, 0, 1, 2, 0, 0]
[1, 1, 1, 2]
Hand value: 110
 
EvaluateHands() Player 2 testing: 
 
[0, 1, 0, 1, 0, 0, 0, 1, 1, 0, 1, 0, 0]
[1, 0, 2, 2]
Hand value: 10
------------------------
------------------------
 
Player 1:  
{3 of Diamonds} 
{3 of Hearts} 
{6 of Spades} 
{King of Clubs} 
{Queen of Spades} 
 
Player 2:  
{4 of Clubs} 
{6 of Hearts} 
{Ace of Hearts} 
{6 of Diamonds} 
{Queen of Diamonds} 
 
EvaluateHands() Player 1 testing: 
 
Pair
[0, 2, 0, 0, 1, 0, 0, 0, 0, 0, 1, 1, 0]
[1, 2, 1, 1]
Hand value: 101
 
EvaluateHands() Player 2 testing: 
 
Pair
[0, 0, 1, 0, 2, 0, 0, 0, 0, 0, 1, 0, 1]
[1, 0, 2, 2]
Hand value: 104
------------------------
------------------------
 
Player 1:  
{4 of Hearts} 
{6 of Clubs} 
{8 of Clubs} 
{King of Clubs} 
{Queen of Spades} 
 
Player 2:  
{7 of Clubs} 
{3 of Hearts} 
{Queen of Diamonds} 
{8 of Hearts} 
{6 of Spades} 
 
EvaluateHands() Player 1 testing: 
 
[0, 0, 1, 0, 1, 0, 1, 0, 0, 0, 1, 1, 0]
[3, 1, 1, 0]
Hand value: 11
 
EvaluateHands() Player 2 testing: 
 
[0, 1, 0, 0, 1, 1, 1, 0, 0, 0, 1, 0, 0]
[1, 1, 2, 1]
Hand value: 10
------------------------
------------------------
 
Player 1:  
{2 of Spades} 
{3 of Spades} 
{2 of Hearts} 
{4 of Hearts} 
{10 of Diamonds} 
 
Player 2:  
{7 of Diamonds} 
{10 of Clubs} 
{Jack of Hearts} 
{7 of Clubs} 
{4 of Diamonds} 
 
EvaluateHands() Player 1 testing: 
 
Pair
[2, 1, 1, 0, 0, 0, 0, 0, 1, 0, 0, 0, 0]
[0, 2, 2, 1]
Hand value: 100
 
EvaluateHands() Player 2 testing: 
 
Pair
[0, 0, 1, 0, 0, 2, 0, 0, 1, 1, 0, 0, 0]
[2, 0, 1, 2]
Hand value: 105
------------------------
------------------------
 
Player 1:  
{King of Clubs} 
{5 of Clubs} 
{10 of Hearts} 
{9 of Clubs} 
{Jack of Hearts} 
 
Player 2:  
{6 of Spades} 
{7 of Diamonds} 
{Queen of Spades} 
{2 of Clubs} 
{Queen of Clubs} 
 
EvaluateHands() Player 1 testing: 
 
[0, 0, 0, 1, 0, 0, 0, 1, 1, 1, 0, 1, 0]
[3, 0, 2, 0]
Hand value: 11
 
EvaluateHands() Player 2 testing: 
 
Pair
[1, 0, 0, 0, 1, 1, 0, 0, 0, 0, 2, 0, 0]
[2, 2, 0, 1]
Hand value: 110
------------------------
------------------------
 
Player 1:  
{9 of Hearts} 
{Ace of Diamonds} 
{10 of Hearts} 
{9 of Clubs} 
{8 of Spades} 
 
Player 2:  
{Ace of Hearts} 
{6 of Diamonds} 
{6 of Spades} 
{7 of Spades} 
{6 of Clubs} 
 
EvaluateHands() Player 1 testing: 
 
Pair
[0, 0, 0, 0, 0, 0, 1, 2, 1, 0, 0, 0, 1]
[1, 1, 2, 1]
Hand value: 107
 
EvaluateHands() Player 2 testing: 
 
Three of a Kind
[0, 0, 0, 0, 3, 1, 0, 0, 0, 0, 0, 0, 1]
[1, 2, 1, 1]
Hand value: 304
------------------------
------------------------
 
Player 1:  
{5 of Spades} 
{Queen of Spades} 
{Jack of Clubs} 
{2 of Spades} 
{Ace of Spades} 
 
Player 2:  
{Ace of Clubs} 
{9 of Diamonds} 
{8 of Hearts} 
{2 of Clubs} 
{4 of Hearts} 
 
EvaluateHands() Player 1 testing: 
 
[1, 0, 0, 1, 0, 0, 0, 0, 0, 1, 1, 0, 1]
[1, 4, 0, 0]
Hand value: 12
 
EvaluateHands() Player 2 testing: 
 
[1, 0, 1, 0, 0, 0, 1, 1, 0, 0, 0, 0, 1]
[2, 0, 2, 1]
Hand value: 12
------------------------
------------------------
 
Player 1:  
{Jack of Diamonds} 
{4 of Spades} 
{4 of Hearts} 
{3 of Clubs} 
{King of Diamonds} 
 
Player 2:  
{3 of Diamonds} 
{Queen of Diamonds} 
{9 of Clubs} 
{3 of Spades} 
{Jack of Clubs} 
 
EvaluateHands() Player 1 testing: 
 
Pair
[0, 1, 2, 0, 0, 0, 0, 0, 0, 1, 0, 1, 0]
[1, 1, 1, 2]
Hand value: 102
 
EvaluateHands() Player 2 testing: 
 
Pair
[0, 2, 0, 0, 0, 0, 0, 1, 0, 1, 1, 0, 0]
[2, 1, 0, 2]
Hand value: 101
------------------------
------------------------
 
Player 1:  
{8 of Hearts} 
{7 of Spades} 
{10 of Hearts} 
{5 of Spades} 
{8 of Clubs} 
 
Player 2:  
{King of Clubs} 
{2 of Clubs} 
{Queen of Clubs} 
{9 of Diamonds} 
{4 of Diamonds} 
 
EvaluateHands() Player 1 testing: 
 
Pair
[0, 0, 0, 1, 0, 1, 2, 0, 1, 0, 0, 0, 0]
[1, 2, 2, 0]
Hand value: 106
 
EvaluateHands() Player 2 testing: 
 
[1, 0, 1, 0, 0, 0, 0, 1, 0, 0, 1, 1, 0]
[3, 0, 0, 2]
Hand value: 11
------------------------
------------------------
 
Player 1:  
{5 of Diamonds} 
{2 of Hearts} 
{8 of Hearts} 
{Jack of Spades} 
{Ace of Hearts} 
 
Player 2:  
{8 of Diamonds} 
{9 of Diamonds} 
{9 of Clubs} 
{Queen of Clubs} 
{King of Spades} 
 
EvaluateHands() Player 1 testing: 
 
[1, 0, 0, 1, 0, 0, 1, 0, 0, 1, 0, 0, 1]
[0, 1, 3, 1]
Hand value: 12
 
EvaluateHands() Player 2 testing: 
 
Pair
[0, 0, 0, 0, 0, 0, 1, 2, 0, 0, 1, 1, 0]
[2, 1, 0, 2]
Hand value: 107
------------------------
------------------------
 
Player 1:  
{9 of Spades} 
{5 of Clubs} 
{Jack of Clubs} 
{9 of Clubs} 
{10 of Clubs} 
 
Player 2:  
{5 of Diamonds} 
{2 of Hearts} 
{King of Hearts} 
{4 of Hearts} 
{7 of Clubs} 
 
EvaluateHands() Player 1 testing: 
 
Pair
[0, 0, 0, 1, 0, 0, 0, 2, 1, 1, 0, 0, 0]
[4, 1, 0, 0]
Hand value: 107
 
EvaluateHands() Player 2 testing: 
 
[1, 0, 1, 1, 0, 1, 0, 0, 0, 0, 0, 1, 0]
[1, 0, 3, 1]
Hand value: 11
------------------------
------------------------
 
Player 1:  
{Ace of Hearts} 
{6 of Spades} 
{6 of Diamonds} 
{5 of Diamonds} 
{3 of Diamonds} 
 
Player 2:  
{3 of Clubs} 
{9 of Hearts} 
{3 of Hearts} 
{9 of Clubs} 
{King of Clubs} 
 
EvaluateHands() Player 1 testing: 
 
Pair
[0, 1, 0, 1, 2, 0, 0, 0, 0, 0, 0, 0, 1]
[0, 1, 1, 3]
Hand value: 104
 
EvaluateHands() Player 2 testing: 
 
Two Pairs
[0, 2, 0, 0, 0, 0, 0, 2, 0, 0, 0, 1, 0]
[3, 0, 2, 0]
Hand value: 211
------------------------
------------------------
 
Player 1:  
{9 of Diamonds} 
{Jack of Diamonds} 
{9 of Clubs} 
{8 of Diamonds} 
{King of Clubs} 
 
Player 2:  
{6 of Clubs} 
{4 of Hearts} 
{Ace of Clubs} 
{6 of Hearts} 
{10 of Clubs} 
 
EvaluateHands() Player 1 testing: 
 
Pair
[0, 0, 0, 0, 0, 0, 1, 2, 0, 1, 0, 1, 0]
[2, 0, 0, 3]
Hand value: 107
 
EvaluateHands() Player 2 testing: 
 
Pair
[0, 0, 1, 0, 2, 0, 0, 0, 1, 0, 0, 0, 1]
[3, 0, 2, 0]
Hand value: 104
------------------------
------------------------
 
Player 1:  
{10 of Diamonds} 
{9 of Spades} 
{3 of Spades} 
{Jack of Hearts} 
{Ace of Clubs} 
 
Player 2:  
{9 of Clubs} 
{Ace of Hearts} 
{5 of Diamonds} 
{King of Clubs} 
{Queen of Diamonds} 
 
EvaluateHands() Player 1 testing: 
 
[0, 1, 0, 0, 0, 0, 0, 1, 1, 1, 0, 0, 1]
[1, 2, 1, 1]
Hand value: 12
 
EvaluateHands() Player 2 testing: 
 
[0, 0, 0, 1, 0, 0, 0, 1, 0, 0, 1, 1, 1]
[2, 0, 1, 2]
Hand value: 12
------------------------
------------------------
 
Player 1:  
{Queen of Hearts} 
{6 of Diamonds} 
{8 of Clubs} 
{4 of Clubs} 
{Jack of Diamonds} 
 
Player 2:  
{4 of Diamonds} 
{9 of Clubs} 
{9 of Spades} 
{9 of Hearts} 
{7 of Clubs} 
 
EvaluateHands() Player 1 testing: 
 
[0, 0, 1, 0, 1, 0, 1, 0, 0, 1, 1, 0, 0]
[2, 0, 1, 2]
Hand value: 10
 
EvaluateHands() Player 2 testing: 
 
Three of a Kind
[0, 0, 1, 0, 0, 1, 0, 3, 0, 0, 0, 0, 0]
[2, 1, 1, 1]
Hand value: 307
------------------------
------------------------
 
Player 1:  
{4 of Clubs} 
{2 of Clubs} 
{5 of Hearts} 
{King of Diamonds} 
{5 of Diamonds} 
 
Player 2:  
{3 of Hearts} 
{8 of Hearts} 
{9 of Spades} 
{3 of Diamonds} 
{5 of Clubs} 
 
EvaluateHands() Player 1 testing: 
 
Pair
[1, 0, 1, 2, 0, 0, 0, 0, 0, 0, 0, 1, 0]
[2, 0, 1, 2]
Hand value: 103
 
EvaluateHands() Player 2 testing: 
 
Pair
[0, 2, 0, 1, 0, 0, 1, 1, 0, 0, 0, 0, 0]
[1, 1, 2, 1]
Hand value: 101
------------------------
------------------------
 
Player 1:  
{Ace of Spades} 
{8 of Hearts} 
{King of Clubs} 
{Jack of Spades} 
{9 of Spades} 
 
Player 2:  
{Ace of Hearts} 
{9 of Diamonds} 
{3 of Spades} 
{9 of Hearts} 
{8 of Spades} 
 
EvaluateHands() Player 1 testing: 
 
[0, 0, 0, 0, 0, 0, 1, 1, 0, 1, 0, 1, 1]
[1, 3, 1, 0]
Hand value: 12
 
EvaluateHands() Player 2 testing: 
 
Pair
[0, 1, 0, 0, 0, 0, 1, 2, 0, 0, 0, 0, 1]
[0, 2, 2, 1]
Hand value: 107
------------------------
------------------------
 
Player 1:  
{Queen of Diamonds} 
{10 of Clubs} 
{8 of Diamonds} 
{10 of Spades} 
{9 of Spades} 
 
Player 2:  
{7 of Diamonds} 
{8 of Clubs} 
{9 of Hearts} 
{2 of Clubs} 
{6 of Diamonds} 
 
EvaluateHands() Player 1 testing: 
 
Pair
[0, 0, 0, 0, 0, 0, 1, 1, 2, 0, 1, 0, 0]
[1, 2, 0, 2]
Hand value: 108
 
EvaluateHands() Player 2 testing: 
 
[1, 0, 0, 0, 1, 1, 1, 1, 0, 0, 0, 0, 0]
[2, 0, 1, 2]
Hand value: 7
------------------------
------------------------
 
Player 1:  
{Queen of Diamonds} 
{3 of Clubs} 
{King of Hearts} 
{4 of Clubs} 
{King of Spades} 
 
Player 2:  
{10 of Clubs} 
{Queen of Clubs} 
{Jack of Hearts} 
{10 of Spades} 
{Ace of Spades} 
 
EvaluateHands() Player 1 testing: 
 
Pair
[0, 1, 1, 0, 0, 0, 0, 0, 0, 0, 1, 2, 0]
[2, 1, 1, 1]
Hand value: 111
 
EvaluateHands() Player 2 testing: 
 
Pair
[0, 0, 0, 0, 0, 0, 0, 0, 2, 1, 1, 0, 1]
[2, 2, 1, 0]
Hand value: 108
------------------------
------------------------
 
Player 1:  
{8 of Spades} 
{Jack of Spades} 
{6 of Spades} 
{3 of Spades} 
{9 of Hearts} 
 
Player 2:  
{10 of Hearts} 
{8 of Hearts} 
{10 of Spades} 
{2 of Diamonds} 
{King of Spades} 
 
EvaluateHands() Player 1 testing: 
 
[0, 1, 0, 0, 1, 0, 1, 1, 0, 1, 0, 0, 0]
[0, 4, 1, 0]
Hand value: 9
 
EvaluateHands() Player 2 testing: 
 
Pair
[1, 0, 0, 0, 0, 0, 1, 0, 2, 0, 0, 1, 0]
[0, 2, 2, 1]
Hand value: 108
------------------------
------------------------
 
Player 1:  
{8 of Hearts} 
{6 of Spades} 
{6 of Diamonds} 
{9 of Clubs} 
{King of Clubs} 
 
Player 2:  
{9 of Diamonds} 
{5 of Diamonds} 
{7 of Diamonds} 
{10 of Diamonds} 
{7 of Spades} 
 
EvaluateHands() Player 1 testing: 
 
Pair
[0, 0, 0, 0, 2, 0, 1, 1, 0, 0, 0, 1, 0]
[2, 1, 1, 1]
Hand value: 104
 
EvaluateHands() Player 2 testing: 
 
Pair
[0, 0, 0, 1, 0, 2, 0, 1, 1, 0, 0, 0, 0]
[0, 1, 0, 4]
Hand value: 105
------------------------
------------------------
 
Player 1:  
{6 of Diamonds} 
{King of Diamonds} 
{2 of Clubs} 
{9 of Hearts} 
{Jack of Diamonds} 
 
Player 2:  
{Ace of Diamonds} 
{Jack of Clubs} 
{4 of Diamonds} 
{6 of Spades} 
{King of Spades} 
 
EvaluateHands() Player 1 testing: 
 
[1, 0, 0, 0, 1, 0, 0, 1, 0, 1, 0, 1, 0]
[1, 0, 1, 3]
Hand value: 11
 
EvaluateHands() Player 2 testing: 
 
[0, 0, 1, 0, 1, 0, 0, 0, 0, 1, 0, 1, 1]
[1, 2, 0, 2]
Hand value: 12
------------------------
------------------------
 
Player 1:  
{King of Hearts} 
{Jack of Diamonds} 
{5 of Clubs} 
{9 of Diamonds} 
{9 of Clubs} 
 
Player 2:  
{8 of Clubs} 
{5 of Spades} 
{4 of Hearts} 
{6 of Diamonds} 
{Queen of Clubs} 
 
EvaluateHands() Player 1 testing: 
 
Pair
[0, 0, 0, 1, 0, 0, 0, 2, 0, 1, 0, 1, 0]
[2, 0, 1, 2]
Hand value: 107
 
EvaluateHands() Player 2 testing: 
 
[0, 0, 1, 1, 1, 0, 1, 0, 0, 0, 1, 0, 0]
[2, 1, 1, 1]
Hand value: 10
------------------------
------------------------
 
Player 1:  
{Queen of Hearts} 
{2 of Diamonds} 
{4 of Diamonds} 
{9 of Clubs} 
{Queen of Diamonds} 
 
Player 2:  
{8 of Diamonds} 
{8 of Hearts} 
{Jack of Hearts} 
{10 of Hearts} 
{10 of Diamonds} 
 
EvaluateHands() Player 1 testing: 
 
Pair
[1, 0, 1, 0, 0, 0, 0, 1, 0, 0, 2, 0, 0]
[1, 0, 1, 3]
Hand value: 110
 
EvaluateHands() Player 2 testing: 
 
Two Pairs
[0, 0, 0, 0, 0, 0, 2, 0, 2, 1, 0, 0, 0]
[0, 0, 3, 2]
Hand value: 209
------------------------
------------------------
 
Player 1:  
{Queen of Diamonds} 
{5 of Spades} 
{Ace of Diamonds} 
{2 of Hearts} 
{2 of Diamonds} 
 
Player 2:  
{6 of Clubs} 
{5 of Diamonds} 
{Jack of Hearts} 
{Jack of Spades} 
{6 of Diamonds} 
 
EvaluateHands() Player 1 testing: 
 
Pair
[2, 0, 0, 1, 0, 0, 0, 0, 0, 0, 1, 0, 1]
[0, 1, 1, 3]
Hand value: 100
 
EvaluateHands() Player 2 testing: 
 
Two Pairs
[0, 0, 0, 1, 2, 0, 0, 0, 0, 2, 0, 0, 0]
[1, 1, 1, 2]
Hand value: 209
------------------------
------------------------
 
Player 1:  
{7 of Diamonds} 
{6 of Diamonds} 
{9 of Hearts} 
{8 of Clubs} 
{6 of Hearts} 
 
Player 2:  
{Queen of Diamonds} 
{5 of Spades} 
{6 of Clubs} 
{Jack of Hearts} 
{6 of Spades} 
 
EvaluateHands() Player 1 testing: 
 
Pair
[0, 0, 0, 0, 2, 1, 1, 1, 0, 0, 0, 0, 0]
[1, 0, 2, 2]
Hand value: 104
 
EvaluateHands() Player 2 testing: 
 
Pair
[0, 0, 0, 1, 2, 0, 0, 0, 0, 1, 1, 0, 0]
[1, 2, 1, 1]
Hand value: 104
------------------------
------------------------
 
Player 1:  
{9 of Diamonds} 
{5 of Spades} 
{7 of Hearts} 
{King of Clubs} 
{4 of Spades} 
 
Player 2:  
{Jack of Clubs} 
{4 of Hearts} 
{Jack of Diamonds} 
{5 of Hearts} 
{Ace of Clubs} 
 
EvaluateHands() Player 1 testing: 
 
[0, 0, 1, 1, 0, 1, 0, 1, 0, 0, 0, 1, 0]
[1, 2, 1, 1]
Hand value: 11
 
EvaluateHands() Player 2 testing: 
 
Pair
[0, 0, 1, 1, 0, 0, 0, 0, 0, 2, 0, 0, 1]
[2, 0, 2, 1]
Hand value: 109
------------------------
------------------------
 
Player 1:  
{10 of Clubs} 
{4 of Clubs} 
{2 of Hearts} 
{King of Clubs} 
{Jack of Hearts} 
 
Player 2:  
{9 of Hearts} 
{7 of Hearts} 
{4 of Hearts} 
{9 of Spades} 
{8 of Diamonds} 
 
EvaluateHands() Player 1 testing: 
 
[1, 0, 1, 0, 0, 0, 0, 0, 1, 1, 0, 1, 0]
[3, 0, 2, 0]
Hand value: 11
 
EvaluateHands() Player 2 testing: 
 
Pair
[0, 0, 1, 0, 0, 1, 1, 2, 0, 0, 0, 0, 0]
[0, 1, 3, 1]
Hand value: 107
------------------------
------------------------
 
Player 1:  
{4 of Clubs} 
{Queen of Hearts} 
{King of Hearts} 
{5 of Hearts} 
{10 of Diamonds} 
 
Player 2:  
{7 of Spades} 
{4 of Diamonds} 
{Ace of Diamonds} 
{2 of Hearts} 
{5 of Clubs} 
 
EvaluateHands() Player 1 testing: 
 
[0, 0, 1, 1, 0, 0, 0, 0, 1, 0, 1, 1, 0]
[1, 0, 3, 1]
Hand value: 11
 
EvaluateHands() Player 2 testing: 
 
[1, 0, 1, 1, 0, 1, 0, 0, 0, 0, 0, 0, 1]
[1, 1, 1, 2]
Hand value: 12
------------------------
------------------------
 
Player 1:  
{Queen of Spades} 
{Jack of Diamonds} 
{8 of Spades} 
{6 of Clubs} 
{8 of Hearts} 
 
Player 2:  
{7 of Clubs} 
{10 of Spades} 
{2 of Diamonds} 
{4 of Clubs} 
{10 of Diamonds} 
 
EvaluateHands() Player 1 testing: 
 
Pair
[0, 0, 0, 0, 1, 0, 2, 0, 0, 1, 1, 0, 0]
[1, 2, 1, 1]
Hand value: 106
 
EvaluateHands() Player 2 testing: 
 
Pair
[1, 0, 1, 0, 0, 1, 0, 0, 2, 0, 0, 0, 0]
[2, 1, 0, 2]
Hand value: 108
------------------------
------------------------
 
Player 1:  
{2 of Diamonds} 
{Ace of Diamonds} 
{King of Hearts} 
{4 of Diamonds} 
{7 of Clubs} 
 
Player 2:  
{3 of Diamonds} 
{Queen of Diamonds} 
{2 of Hearts} 
{5 of Spades} 
{2 of Clubs} 
 
EvaluateHands() Player 1 testing: 
 
[1, 0, 1, 0, 0, 1, 0, 0, 0, 0, 0, 1, 1]
[1, 0, 1, 3]
Hand value: 12
 
EvaluateHands() Player 2 testing: 
 
Pair
[2, 1, 0, 1, 0, 0, 0, 0, 0, 0, 1, 0, 0]
[1, 1, 1, 2]
Hand value: 100
------------------------
------------------------
 
Player 1:  
{King of Spades} 
{6 of Hearts} 
{4 of Diamonds} 
{King of Hearts} 
{9 of Clubs} 
 
Player 2:  
{5 of Spades} 
{3 of Diamonds} 
{Ace of Diamonds} 
{8 of Clubs} 
{Jack of Diamonds} 
 
EvaluateHands() Player 1 testing: 
 
Pair
[0, 0, 1, 0, 1, 0, 0, 1, 0, 0, 0, 2, 0]
[1, 1, 2, 1]
Hand value: 111
 
EvaluateHands() Player 2 testing: 
 
[0, 1, 0, 1, 0, 0, 1, 0, 0, 1, 0, 0, 1]
[1, 1, 0, 3]
Hand value: 12
------------------------
------------------------
 
Player 1:  
{4 of Diamonds} 
{2 of Spades} 
{6 of Hearts} 
{8 of Spades} 
{4 of Clubs} 
 
Player 2:  
{Ace of Diamonds} 
{Queen of Clubs} 
{Ace of Clubs} 
{5 of Diamonds} 
{King of Hearts} 
 
EvaluateHands() Player 1 testing: 
 
Pair
[1, 0, 2, 0, 1, 0, 1, 0, 0, 0, 0, 0, 0]
[1, 2, 1, 1]
Hand value: 102
 
EvaluateHands() Player 2 testing: 
 
Pair
[0, 0, 0, 1, 0, 0, 0, 0, 0, 0, 1, 1, 2]
[2, 0, 1, 2]
Hand value: 112
------------------------
------------------------
 
Player 1:  
{8 of Hearts} 
{Queen of Diamonds} 
{Ace of Clubs} 
{Ace of Hearts} 
{7 of Spades} 
 
Player 2:  
{King of Diamonds} 
{King of Hearts} 
{Jack of Clubs} 
{5 of Spades} 
{Queen of Spades} 
 
EvaluateHands() Player 1 testing: 
 
Pair
[0, 0, 0, 0, 0, 1, 1, 0, 0, 0, 1, 0, 2]
[1, 1, 2, 1]
Hand value: 112
 
EvaluateHands() Player 2 testing: 
 
Pair
[0, 0, 0, 1, 0, 0, 0, 0, 0, 1, 1, 2, 0]
[1, 2, 1, 1]
Hand value: 111
------------------------
------------------------
 
Player 1:  
{2 of Hearts} 
{10 of Spades} 
{6 of Diamonds} 
{2 of Spades} 
{Queen of Spades} 
 
Player 2:  
{9 of Hearts} 
{Jack of Hearts} 
{3 of Diamonds} 
{5 of Diamonds} 
{10 of Diamonds} 
 
EvaluateHands() Player 1 testing: 
 
Pair
[2, 0, 0, 0, 1, 0, 0, 0, 1, 0, 1, 0, 0]
[0, 3, 1, 1]
Hand value: 100
 
EvaluateHands() Player 2 testing: 
 
[0, 1, 0, 1, 0, 0, 0, 1, 1, 1, 0, 0, 0]
[0, 0, 2, 3]
Hand value: 9
------------------------
------------------------
 
Player 1:  
{Queen of Spades} 
{3 of Clubs} 
{3 of Hearts} 
{10 of Diamonds} 
{Ace of Hearts} 
 
Player 2:  
{6 of Clubs} 
{10 of Hearts} 
{Queen of Diamonds} 
{5 of Spades} 
{2 of Hearts} 
 
EvaluateHands() Player 1 testing: 
 
Pair
[0, 2, 0, 0, 0, 0, 0, 0, 1, 0, 1, 0, 1]
[1, 1, 2, 1]
Hand value: 101
 
EvaluateHands() Player 2 testing: 
 
[1, 0, 0, 1, 1, 0, 0, 0, 1, 0, 1, 0, 0]
[1, 1, 2, 1]
Hand value: 10
------------------------
------------------------
 
Player 1:  
{9 of Hearts} 
{4 of Spades} 
{3 of Clubs} 
{4 of Clubs} 
{Queen of Spades} 
 
Player 2:  
{8 of Diamonds} 
{Jack of Clubs} 
{10 of Clubs} 
{King of Spades} 
{4 of Hearts} 
 
EvaluateHands() Player 1 testing: 
 
Pair
[0, 1, 2, 0, 0, 0, 0, 1, 0, 0, 1, 0, 0]
[2, 2, 1, 0]
Hand value: 102
 
EvaluateHands() Player 2 testing: 
 
[0, 0, 1, 0, 0, 0, 1, 0, 1, 1, 0, 1, 0]
[2, 1, 1, 1]
Hand value: 11
------------------------
------------------------
 
Player 1:  
{4 of Hearts} 
{Ace of Clubs} 
{10 of Spades} 
{8 of Hearts} 
{2 of Clubs} 
 
Player 2:  
{3 of Diamonds} 
{King of Diamonds} 
{10 of Diamonds} 
{Queen of Spades} 
{2 of Spades} 
 
EvaluateHands() Player 1 testing: 
 
[1, 0, 1, 0, 0, 0, 1, 0, 1, 0, 0, 0, 1]
[2, 1, 2, 0]
Hand value: 12
 
EvaluateHands() Player 2 testing: 
 
[1, 1, 0, 0, 0, 0, 0, 0, 1, 0, 1, 1, 0]
[0, 2, 0, 3]
Hand value: 11
------------------------
------------------------
 
Player 1:  
{7 of Spades} 
{Jack of Spades} 
{5 of Diamonds} 
{2 of Spades} 
{4 of Diamonds} 
 
Player 2:  
{9 of Hearts} 
{8 of Hearts} 
{Jack of Hearts} 
{6 of Hearts} 
{3 of Diamonds} 
 
EvaluateHands() Player 1 testing: 
 
[1, 0, 1, 1, 0, 1, 0, 0, 0, 1, 0, 0, 0]
[0, 3, 0, 2]
Hand value: 9
 
EvaluateHands() Player 2 testing: 
 
[0, 1, 0, 0, 1, 0, 1, 1, 0, 1, 0, 0, 0]
[0, 0, 4, 1]
Hand value: 9
------------------------
------------------------
 
Player 1:  
{9 of Diamonds} 
{3 of Clubs} 
{5 of Diamonds} 
{4 of Diamonds} 
{8 of Clubs} 
 
Player 2:  
{4 of Clubs} 
{9 of Spades} 
{7 of Hearts} 
{7 of Spades} 
{10 of Spades} 
 
EvaluateHands() Player 1 testing: 
 
[0, 1, 1, 1, 0, 0, 1, 1, 0, 0, 0, 0, 0]
[2, 0, 0, 3]
Hand value: 7
 
EvaluateHands() Player 2 testing: 
 
Pair
[0, 0, 1, 0, 0, 2, 0, 1, 1, 0, 0, 0, 0]
[1, 3, 1, 0]
Hand value: 105
------------------------
------------------------
 
Player 1:  
{2 of Spades} 
{3 of Diamonds} 
{King of Hearts} 
{5 of Diamonds} 
{King of Clubs} 
 
Player 2:  
{Ace of Spades} 
{4 of Hearts} 
{10 of Hearts} 
{3 of Spades} 
{8 of Diamonds} 
 
EvaluateHands() Player 1 testing: 
 
Pair
[1, 1, 0, 1, 0, 0, 0, 0, 0, 0, 0, 2, 0]
[1, 1, 1, 2]
Hand value: 111
 
EvaluateHands() Player 2 testing: 
 
[0, 1, 1, 0, 0, 0, 1, 0, 1, 0, 0, 0, 1]
[0, 2, 2, 1]
Hand value: 12
------------------------
------------------------
 
Player 1:  
{Jack of Hearts} 
{2 of Diamonds} 
{5 of Clubs} 
{King of Spades} 
{Queen of Spades} 
 
Player 2:  
{7 of Clubs} 
{9 of Diamonds} 
{10 of Hearts} 
{4 of Spades} 
{9 of Hearts} 
 
EvaluateHands() Player 1 testing: 
 
[1, 0, 0, 1, 0, 0, 0, 0, 0, 1, 1, 1, 0]
[1, 2, 1, 1]
Hand value: 11
 
EvaluateHands() Player 2 testing: 
 
Pair
[0, 0, 1, 0, 0, 1, 0, 2, 1, 0, 0, 0, 0]
[1, 1, 2, 1]
Hand value: 107
------------------------
------------------------
 
Player 1:  
{9 of Hearts} 
{2 of Diamonds} 
{2 of Spades} 
{Queen of Clubs} 
{8 of Diamonds} 
 
Player 2:  
{Jack of Diamonds} 
{7 of Spades} 
{Ace of Hearts} 
{9 of Diamonds} 
{5 of Hearts} 
 
EvaluateHands() Player 1 testing: 
 
Pair
[2, 0, 0, 0, 0, 0, 1, 1, 0, 0, 1, 0, 0]
[1, 1, 1, 2]
Hand value: 100
 
EvaluateHands() Player 2 testing: 
 
[0, 0, 0, 1, 0, 1, 0, 1, 0, 1, 0, 0, 1]
[0, 1, 2, 2]
Hand value: 12
------------------------
------------------------
 
Player 1:  
{5 of Hearts} 
{Queen of Hearts} 
{5 of Diamonds} 
{8 of Diamonds} 
{9 of Diamonds} 
 
Player 2:  
{2 of Spades} 
{6 of Diamonds} 
{Jack of Hearts} 
{6 of Clubs} 
{3 of Clubs} 
 
EvaluateHands() Player 1 testing: 
 
Pair
[0, 0, 0, 2, 0, 0, 1, 1, 0, 0, 1, 0, 0]
[0, 0, 2, 3]
Hand value: 103
 
EvaluateHands() Player 2 testing: 
 
Pair
[1, 1, 0, 0, 2, 0, 0, 0, 0, 1, 0, 0, 0]
[2, 1, 1, 1]
Hand value: 104
------------------------
------------------------
 
Player 1:  
{Jack of Diamonds} 
{3 of Clubs} 
{10 of Diamonds} 
{6 of Hearts} 
{Jack of Hearts} 
 
Player 2:  
{3 of Spades} 
{7 of Hearts} 
{9 of Hearts} 
{5 of Hearts} 
{5 of Spades} 
 
EvaluateHands() Player 1 testing: 
 
Pair
[0, 1, 0, 0, 1, 0, 0, 0, 1, 2, 0, 0, 0]
[1, 0, 2, 2]
Hand value: 109
 
EvaluateHands() Player 2 testing: 
 
Pair
[0, 1, 0, 2, 0, 1, 0, 1, 0, 0, 0, 0, 0]
[0, 2, 3, 0]
Hand value: 103
------------------------
------------------------
 
Player 1:  
{9 of Clubs} 
{Jack of Hearts} 
{3 of Hearts} 
{Jack of Diamonds} 
{Jack of Clubs} 
 
Player 2:  
{4 of Diamonds} 
{8 of Clubs} 
{2 of Hearts} 
{5 of Clubs} 
{2 of Spades} 
 
EvaluateHands() Player 1 testing: 
 
Three of a Kind
[0, 1, 0, 0, 0, 0, 0, 1, 0, 3, 0, 0, 0]
[2, 0, 2, 1]
Hand value: 309
 
EvaluateHands() Player 2 testing: 
 
Pair
[2, 0, 1, 1, 0, 0, 1, 0, 0, 0, 0, 0, 0]
[2, 1, 1, 1]
Hand value: 100
------------------------
------------------------
 
Player 1:  
{4 of Hearts} 
{Queen of Clubs} 
{3 of Diamonds} 
{4 of Diamonds} 
{King of Hearts} 
 
Player 2:  
{Ace of Hearts} 
{2 of Diamonds} 
{Ace of Diamonds} 
{6 of Spades} 
{3 of Hearts} 
 
EvaluateHands() Player 1 testing: 
 
Pair
[0, 1, 2, 0, 0, 0, 0, 0, 0, 0, 1, 1, 0]
[1, 0, 2, 2]
Hand value: 102
 
EvaluateHands() Player 2 testing: 
 
Pair
[1, 1, 0, 0, 1, 0, 0, 0, 0, 0, 0, 0, 2]
[0, 1, 2, 2]
Hand value: 112
------------------------
------------------------
 
Player 1:  
{King of Spades} 
{Queen of Hearts} 
{2 of Diamonds} 
{Jack of Spades} 
{6 of Spades} 
 
Player 2:  
{8 of Clubs} 
{Jack of Clubs} 
{King of Diamonds} 
{4 of Clubs} 
{10 of Diamonds} 
 
EvaluateHands() Player 1 testing: 
 
[1, 0, 0, 0, 1, 0, 0, 0, 0, 1, 1, 1, 0]
[0, 3, 1, 1]
Hand value: 11
 
EvaluateHands() Player 2 testing: 
 
[0, 0, 1, 0, 0, 0, 1, 0, 1, 1, 0, 1, 0]
[3, 0, 0, 2]
Hand value: 11
------------------------
------------------------
 
Player 1:  
{4 of Spades} 
{10 of Hearts} 
{7 of Diamonds} 
{Ace of Clubs} 
{Jack of Diamonds} 
 
Player 2:  
{10 of Diamonds} 
{Queen of Spades} 
{Ace of Diamonds} 
{6 of Spades} 
{Queen of Diamonds} 
 
EvaluateHands() Player 1 testing: 
 
[0, 0, 1, 0, 0, 1, 0, 0, 1, 1, 0, 0, 1]
[1, 1, 1, 2]
Hand value: 12
 
EvaluateHands() Player 2 testing: 
 
Pair
[0, 0, 0, 0, 1, 0, 0, 0, 1, 0, 2, 0, 1]
[0, 2, 0, 3]
Hand value: 110
------------------------
------------------------
 
Player 1:  
{King of Clubs} 
{10 of Spades} 
{King of Spades} 
{8 of Spades} 
{2 of Clubs} 
 
Player 2:  
{7 of Spades} 
{Queen of Hearts} 
{6 of Spades} 
{5 of Diamonds} 
{8 of Clubs} 
 
EvaluateHands() Player 1 testing: 
 
Pair
[1, 0, 0, 0, 0, 0, 1, 0, 1, 0, 0, 2, 0]
[2, 3, 0, 0]
Hand value: 111
 
EvaluateHands() Player 2 testing: 
 
[0, 0, 0, 1, 1, 1, 1, 0, 0, 0, 1, 0, 0]
[1, 2, 1, 1]
Hand value: 10
------------------------
------------------------
 
Player 1:  
{6 of Hearts} 
{5 of Clubs} 
{7 of Clubs} 
{4 of Spades} 
{4 of Hearts} 
 
Player 2:  
{Queen of Hearts} 
{8 of Clubs} 
{Ace of Diamonds} 
{8 of Diamonds} 
{King of Hearts} 
 
EvaluateHands() Player 1 testing: 
 
Pair
[0, 0, 2, 1, 1, 1, 0, 0, 0, 0, 0, 0, 0]
[2, 1, 2, 0]
Hand value: 102
 
EvaluateHands() Player 2 testing: 
 
Pair
[0, 0, 0, 0, 0, 0, 2, 0, 0, 0, 1, 1, 1]
[1, 0, 2, 2]
Hand value: 106
------------------------
------------------------
 
Player 1:  
{7 of Spades} 
{7 of Diamonds} 
{7 of Clubs} 
{8 of Hearts} 
{Jack of Hearts} 
 
Player 2:  
{Queen of Diamonds} 
{7 of Hearts} 
{10 of Diamonds} 
{2 of Clubs} 
{2 of Hearts} 
 
EvaluateHands() Player 1 testing: 
 
Three of a Kind
[0, 0, 0, 0, 0, 3, 1, 0, 0, 1, 0, 0, 0]
[1, 1, 2, 1]
Hand value: 305
 
EvaluateHands() Player 2 testing: 
 
Pair
[2, 0, 0, 0, 0, 1, 0, 0, 1, 0, 1, 0, 0]
[1, 0, 2, 2]
Hand value: 100
------------------------
------------------------
 
Player 1:  
{Ace of Clubs} 
{King of Spades} 
{7 of Hearts} 
{3 of Diamonds} 
{Ace of Diamonds} 
 
Player 2:  
{3 of Spades} 
{Jack of Diamonds} 
{9 of Hearts} 
{5 of Hearts} 
{4 of Diamonds} 
 
EvaluateHands() Player 1 testing: 
 
Pair
[0, 1, 0, 0, 0, 1, 0, 0, 0, 0, 0, 1, 2]
[1, 1, 1, 2]
Hand value: 112
 
EvaluateHands() Player 2 testing: 
 
[0, 1, 1, 1, 0, 0, 0, 1, 0, 1, 0, 0, 0]
[0, 1, 2, 2]
Hand value: 9
------------------------
------------------------
 
Player 1:  
{7 of Hearts} 
{10 of Diamonds} 
{9 of Hearts} 
{Ace of Spades} 
{8 of Diamonds} 
 
Player 2:  
{King of Spades} 
{3 of Clubs} 
{3 of Diamonds} 
{3 of Spades} 
{6 of Diamonds} 
 
EvaluateHands() Player 1 testing: 
 
[0, 0, 0, 0, 0, 1, 1, 1, 1, 0, 0, 0, 1]
[0, 1, 2, 2]
Hand value: 12
 
EvaluateHands() Player 2 testing: 
 
Three of a Kind
[0, 3, 0, 0, 1, 0, 0, 0, 0, 0, 0, 1, 0]
[1, 2, 0, 2]
Hand value: 301
------------------------
------------------------
 
Player 1:  
{9 of Spades} 
{Ace of Clubs} 
{4 of Diamonds} 
{Queen of Spades} 
{10 of Diamonds} 
 
Player 2:  
{5 of Diamonds} 
{2 of Clubs} 
{3 of Clubs} 
{6 of Spades} 
{5 of Spades} 
 
EvaluateHands() Player 1 testing: 
 
[0, 0, 1, 0, 0, 0, 0, 1, 1, 0, 1, 0, 1]
[1, 2, 0, 2]
Hand value: 12
 
EvaluateHands() Player 2 testing: 
 
Pair
[1, 1, 0, 2, 1, 0, 0, 0, 0, 0, 0, 0, 0]
[2, 2, 0, 1]
Hand value: 103
------------------------
------------------------
 
Player 1:  
{9 of Diamonds} 
{Ace of Clubs} 
{5 of Hearts} 
{3 of Diamonds} 
{Ace of Spades} 
 
Player 2:  
{7 of Hearts} 
{5 of Clubs} 
{9 of Hearts} 
{6 of Hearts} 
{King of Clubs} 
 
EvaluateHands() Player 1 testing: 
 
Pair
[0, 1, 0, 1, 0, 0, 0, 1, 0, 0, 0, 0, 2]
[1, 1, 1, 2]
Hand value: 112
 
EvaluateHands() Player 2 testing: 
 
[0, 0, 0, 1, 1, 1, 0, 1, 0, 0, 0, 1, 0]
[2, 0, 3, 0]
Hand value: 11
------------------------
------------------------
 
Player 1:  
{Jack of Clubs} 
{2 of Hearts} 
{Queen of Clubs} 
{4 of Diamonds} 
{8 of Hearts} 
 
Player 2:  
{Ace of Diamonds} 
{2 of Diamonds} 
{6 of Spades} 
{5 of Diamonds} 
{2 of Clubs} 
 
EvaluateHands() Player 1 testing: 
 
[1, 0, 1, 0, 0, 0, 1, 0, 0, 1, 1, 0, 0]
[2, 0, 2, 1]
Hand value: 10
 
EvaluateHands() Player 2 testing: 
 
Pair
[2, 0, 0, 1, 1, 0, 0, 0, 0, 0, 0, 0, 1]
[1, 1, 0, 3]
Hand value: 100
------------------------
------------------------
 
Player 1:  
{Queen of Diamonds} 
{6 of Clubs} 
{Jack of Spades} 
{4 of Diamonds} 
{5 of Diamonds} 
 
Player 2:  
{King of Clubs} 
{Jack of Hearts} 
{8 of Hearts} 
{3 of Spades} 
{4 of Hearts} 
 
EvaluateHands() Player 1 testing: 
 
[0, 0, 1, 1, 1, 0, 0, 0, 0, 1, 1, 0, 0]
[1, 1, 0, 3]
Hand value: 10
 
EvaluateHands() Player 2 testing: 
 
[0, 1, 1, 0, 0, 0, 1, 0, 0, 1, 0, 1, 0]
[1, 1, 3, 0]
Hand value: 11
------------------------
------------------------
 
Player 1:  
{4 of Spades} 
{8 of Diamonds} 
{2 of Hearts} 
{8 of Hearts} 
{10 of Spades} 
 
Player 2:  
{3 of Spades} 
{7 of Diamonds} 
{3 of Clubs} 
{5 of Diamonds} 
{King of Diamonds} 
 
EvaluateHands() Player 1 testing: 
 
Pair
[1, 0, 1, 0, 0, 0, 2, 0, 1, 0, 0, 0, 0]
[0, 2, 2, 1]
Hand value: 106
 
EvaluateHands() Player 2 testing: 
 
Pair
[0, 2, 0, 1, 0, 1, 0, 0, 0, 0, 0, 1, 0]
[1, 1, 0, 3]
Hand value: 101
------------------------
------------------------
 
Player 1:  
{8 of Hearts} 
{8 of Spades} 
{6 of Clubs} 
{2 of Spades} 
{Ace of Hearts} 
 
Player 2:  
{5 of Clubs} 
{Queen of Clubs} 
{4 of Spades} 
{Ace of Diamonds} 
{Jack of Spades} 
 
EvaluateHands() Player 1 testing: 
 
Pair
[1, 0, 0, 0, 1, 0, 2, 0, 0, 0, 0, 0, 1]
[1, 2, 2, 0]
Hand value: 106
 
EvaluateHands() Player 2 testing: 
 
[0, 0, 1, 1, 0, 0, 0, 0, 0, 1, 1, 0, 1]
[2, 2, 0, 1]
Hand value: 12
------------------------
------------------------
 
Player 1:  
{Queen of Spades} 
{King of Hearts} 
{Ace of Clubs} 
{6 of Hearts} 
{Ace of Diamonds} 
 
Player 2:  
{9 of Diamonds} 
{2 of Spades} 
{5 of Clubs} 
{8 of Diamonds} 
{Jack of Hearts} 
 
EvaluateHands() Player 1 testing: 
 
Pair
[0, 0, 0, 0, 1, 0, 0, 0, 0, 0, 1, 1, 2]
[1, 1, 2, 1]
Hand value: 112
 
EvaluateHands() Player 2 testing: 
 
[1, 0, 0, 1, 0, 0, 1, 1, 0, 1, 0, 0, 0]
[1, 1, 1, 2]
Hand value: 9
------------------------
------------------------
 
Player 1:  
{3 of Spades} 
{Ace of Hearts} 
{2 of Clubs} 
{9 of Clubs} 
{4 of Hearts} 
 
Player 2:  
{2 of Diamonds} 
{King of Hearts} 
{Ace of Clubs} 
{9 of Hearts} 
{4 of Diamonds} 
 
EvaluateHands() Player 1 testing: 
 
[1, 1, 1, 0, 0, 0, 0, 1, 0, 0, 0, 0, 1]
[2, 1, 2, 0]
Hand value: 12
 
EvaluateHands() Player 2 testing: 
 
[1, 0, 1, 0, 0, 0, 0, 1, 0, 0, 0, 1, 1]
[1, 0, 2, 2]
Hand value: 12
------------------------
------------------------
 
Player 1:  
{9 of Diamonds} 
{2 of Diamonds} 
{3 of Spades} 
{7 of Diamonds} 
{Ace of Spades} 
 
Player 2:  
{9 of Clubs} 
{4 of Diamonds} 
{10 of Clubs} 
{Queen of Diamonds} 
{King of Hearts} 
 
EvaluateHands() Player 1 testing: 
 
[1, 1, 0, 0, 0, 1, 0, 1, 0, 0, 0, 0, 1]
[0, 2, 0, 3]
Hand value: 12
 
EvaluateHands() Player 2 testing: 
 
[0, 0, 1, 0, 0, 0, 0, 1, 1, 0, 1, 1, 0]
[2, 0, 1, 2]
Hand value: 11
------------------------
------------------------
 
Player 1:  
{Ace of Spades} 
{8 of Hearts} 
{King of Spades} 
{7 of Hearts} 
{King of Hearts} 
 
Player 2:  
{9 of Diamonds} 
{5 of Hearts} 
{9 of Spades} 
{8 of Clubs} 
{2 of Hearts} 
 
EvaluateHands() Player 1 testing: 
 
Pair
[0, 0, 0, 0, 0, 1, 1, 0, 0, 0, 0, 2, 1]
[0, 2, 3, 0]
Hand value: 111
 
EvaluateHands() Player 2 testing: 
 
Pair
[1, 0, 0, 1, 0, 0, 1, 2, 0, 0, 0, 0, 0]
[1, 1, 2, 1]
Hand value: 107
------------------------
------------------------
 
Player 1:  
{Jack of Hearts} 
{Ace of Hearts} 
{9 of Spades} 
{Jack of Spades} 
{Queen of Hearts} 
 
Player 2:  
{2 of Diamonds} 
{7 of Hearts} 
{King of Diamonds} 
{6 of Clubs} 
{8 of Diamonds} 
 
EvaluateHands() Player 1 testing: 
 
Pair
[0, 0, 0, 0, 0, 0, 0, 1, 0, 2, 1, 0, 1]
[0, 2, 3, 0]
Hand value: 109
 
EvaluateHands() Player 2 testing: 
 
[1, 0, 0, 0, 1, 1, 1, 0, 0, 0, 0, 1, 0]
[1, 0, 1, 3]
Hand value: 11
------------------------
------------------------
 
Player 1:  
{2 of Hearts} 
{8 of Spades} 
{10 of Clubs} 
{10 of Hearts} 
{6 of Spades} 
 
Player 2:  
{Queen of Diamonds} 
{Queen of Clubs} 
{Jack of Spades} 
{King of Hearts} 
{5 of Clubs} 
 
EvaluateHands() Player 1 testing: 
 
Pair
[1, 0, 0, 0, 1, 0, 1, 0, 2, 0, 0, 0, 0]
[1, 2, 2, 0]
Hand value: 108
 
EvaluateHands() Player 2 testing: 
 
Pair
[0, 0, 0, 1, 0, 0, 0, 0, 0, 1, 2, 1, 0]
[2, 1, 1, 1]
Hand value: 110
------------------------
------------------------
 
Player 1:  
{6 of Diamonds} 
{6 of Spades} 
{5 of Clubs} 
{7 of Diamonds} 
{5 of Hearts} 
 
Player 2:  
{7 of Hearts} 
{9 of Clubs} 
{3 of Clubs} 
{Ace of Clubs} 
{5 of Spades} 
 
EvaluateHands() Player 1 testing: 
 
Two Pairs
[0, 0, 0, 2, 2, 1, 0, 0, 0, 0, 0, 0, 0]
[1, 1, 1, 2]
Hand value: 205
 
EvaluateHands() Player 2 testing: 
 
[0, 1, 0, 1, 0, 1, 0, 1, 0, 0, 0, 0, 1]
[3, 1, 1, 0]
Hand value: 12
------------------------
------------------------
 
Player 1:  
{8 of Spades} 
{4 of Hearts} 
{8 of Hearts} 
{Queen of Diamonds} 
{Jack of Hearts} 
 
Player 2:  
{2 of Spades} 
{9 of Hearts} 
{2 of Clubs} 
{3 of Spades} 
{King of Spades} 
 
EvaluateHands() Player 1 testing: 
 
Pair
[0, 0, 1, 0, 0, 0, 2, 0, 0, 1, 1, 0, 0]
[0, 1, 3, 1]
Hand value: 106
 
EvaluateHands() Player 2 testing: 
 
Pair
[2, 1, 0, 0, 0, 0, 0, 1, 0, 0, 0, 1, 0]
[1, 3, 1, 0]
Hand value: 100
------------------------
------------------------
 
Player 1:  
{Jack of Diamonds} 
{King of Diamonds} 
{2 of Hearts} 
{10 of Hearts} 
{9 of Clubs} 
 
Player 2:  
{8 of Clubs} 
{King of Hearts} 
{7 of Diamonds} 
{5 of Diamonds} 
{10 of Diamonds} 
 
EvaluateHands() Player 1 testing: 
 
[1, 0, 0, 0, 0, 0, 0, 1, 1, 1, 0, 1, 0]
[1, 0, 2, 2]
Hand value: 11
 
EvaluateHands() Player 2 testing: 
 
[0, 0, 0, 1, 0, 1, 1, 0, 1, 0, 0, 1, 0]
[1, 0, 1, 3]
Hand value: 11
------------------------
------------------------
 
Player 1:  
{2 of Diamonds} 
{2 of Hearts} 
{8 of Clubs} 
{9 of Spades} 
{10 of Hearts} 
 
Player 2:  
{4 of Diamonds} 
{5 of Diamonds} 
{3 of Diamonds} 
{9 of Diamonds} 
{King of Diamonds} 
 
EvaluateHands() Player 1 testing: 
 
Pair
[2, 0, 0, 0, 0, 0, 1, 1, 1, 0, 0, 0, 0]
[1, 1, 2, 1]
Hand value: 100
 
EvaluateHands() Player 2 testing: 
 
Flush
[0, 1, 1, 1, 0, 0, 0, 1, 0, 0, 0, 1, 0]
[0, 0, 0, 5]
Hand value: 511
------------------------
------------------------
 
Player 1:  
{4 of Clubs} 
{7 of Diamonds} 
{7 of Spades} 
{King of Hearts} 
{8 of Clubs} 
 
Player 2:  
{Ace of Hearts} 
{2 of Hearts} 
{Queen of Clubs} 
{10 of Diamonds} 
{5 of Hearts} 
 
EvaluateHands() Player 1 testing: 
 
Pair
[0, 0, 1, 0, 0, 2, 1, 0, 0, 0, 0, 1, 0]
[2, 1, 1, 1]
Hand value: 105
 
EvaluateHands() Player 2 testing: 
 
[1, 0, 0, 1, 0, 0, 0, 0, 1, 0, 1, 0, 1]
[1, 0, 3, 1]
Hand value: 12
------------------------
------------------------
 
Player 1:  
{4 of Clubs} 
{9 of Diamonds} 
{5 of Clubs} 
{5 of Diamonds} 
{3 of Hearts} 
 
Player 2:  
{7 of Spades} 
{8 of Diamonds} 
{4 of Diamonds} 
{8 of Hearts} 
{Ace of Diamonds} 
 
EvaluateHands() Player 1 testing: 
 
Pair
[0, 1, 1, 2, 0, 0, 0, 1, 0, 0, 0, 0, 0]
[2, 0, 1, 2]
Hand value: 103
 
EvaluateHands() Player 2 testing: 
 
Pair
[0, 0, 1, 0, 0, 1, 2, 0, 0, 0, 0, 0, 1]
[0, 1, 1, 3]
Hand value: 106
------------------------
------------------------
 
Player 1:  
{4 of Diamonds} 
{King of Clubs} 
{Ace of Clubs} 
{9 of Hearts} 
{8 of Diamonds} 
 
Player 2:  
{Queen of Spades} 
{6 of Clubs} 
{2 of Hearts} 
{King of Diamonds} 
{9 of Clubs} 
 
EvaluateHands() Player 1 testing: 
 
[0, 0, 1, 0, 0, 0, 1, 1, 0, 0, 0, 1, 1]
[2, 0, 1, 2]
Hand value: 12
 
EvaluateHands() Player 2 testing: 
 
[1, 0, 0, 0, 1, 0, 0, 1, 0, 0, 1, 1, 0]
[2, 1, 1, 1]
Hand value: 11
------------------------
------------------------
 
Player 1:  
{3 of Hearts} 
{King of Clubs} 
{Jack of Hearts} 
{5 of Diamonds} 
{4 of Clubs} 
 
Player 2:  
{5 of Clubs} 
{8 of Diamonds} 
{6 of Clubs} 
{3 of Spades} 
{Jack of Spades} 
 
EvaluateHands() Player 1 testing: 
 
[0, 1, 1, 1, 0, 0, 0, 0, 0, 1, 0, 1, 0]
[2, 0, 2, 1]
Hand value: 11
 
EvaluateHands() Player 2 testing: 
 
[0, 1, 0, 1, 1, 0, 1, 0, 0, 1, 0, 0, 0]
[2, 2, 0, 1]
Hand value: 9
------------------------
------------------------
 
Player 1:  
{5 of Clubs} 
{2 of Hearts} 
{King of Spades} 
{6 of Spades} 
{Ace of Spades} 
 
Player 2:  
{9 of Diamonds} 
{2 of Diamonds} 
{King of Diamonds} 
{9 of Hearts} 
{9 of Clubs} 
 
EvaluateHands() Player 1 testing: 
 
[1, 0, 0, 1, 1, 0, 0, 0, 0, 0, 0, 1, 1]
[1, 3, 1, 0]
Hand value: 12
 
EvaluateHands() Player 2 testing: 
 
Three of a Kind
[1, 0, 0, 0, 0, 0, 0, 3, 0, 0, 0, 1, 0]
[1, 0, 1, 3]
Hand value: 307
------------------------
------------------------
 
Player 1:  
{7 of Hearts} 
{Jack of Hearts} 
{6 of Spades} 
{10 of Clubs} 
{Ace of Spades} 
 
Player 2:  
{8 of Hearts} 
{Ace of Hearts} 
{3 of Diamonds} 
{2 of Clubs} 
{Ace of Clubs} 
 
EvaluateHands() Player 1 testing: 
 
[0, 0, 0, 0, 1, 1, 0, 0, 1, 1, 0, 0, 1]
[1, 2, 2, 0]
Hand value: 12
 
EvaluateHands() Player 2 testing: 
 
Pair
[1, 1, 0, 0, 0, 0, 1, 0, 0, 0, 0, 0, 2]
[2, 0, 2, 1]
Hand value: 112
------------------------
------------------------
 
Player 1:  
{7 of Hearts} 
{2 of Spades} 
{5 of Diamonds} 
{4 of Diamonds} 
{Queen of Spades} 
 
Player 2:  
{5 of Clubs} 
{8 of Clubs} 
{3 of Hearts} 
{6 of Clubs} 
{4 of Hearts} 
 
EvaluateHands() Player 1 testing: 
 
[1, 0, 1, 1, 0, 1, 0, 0, 0, 0, 1, 0, 0]
[0, 2, 1, 2]
Hand value: 10
 
EvaluateHands() Player 2 testing: 
 
[0, 1, 1, 1, 1, 0, 1, 0, 0, 0, 0, 0, 0]
[3, 0, 2, 0]
Hand value: 6
------------------------
------------------------
 
Player 1:  
{7 of Diamonds} 
{4 of Clubs} 
{5 of Hearts} 
{3 of Hearts} 
{Queen of Diamonds} 
 
Player 2:  
{4 of Diamonds} 
{5 of Diamonds} 
{5 of Clubs} 
{Jack of Diamonds} 
{3 of Clubs} 
 
EvaluateHands() Player 1 testing: 
 
[0, 1, 1, 1, 0, 1, 0, 0, 0, 0, 1, 0, 0]
[1, 0, 2, 2]
Hand value: 10
 
EvaluateHands() Player 2 testing: 
 
Pair
[0, 1, 1, 2, 0, 0, 0, 0, 0, 1, 0, 0, 0]
[2, 0, 0, 3]
Hand value: 103
------------------------
------------------------
 
Player 1:  
{2 of Diamonds} 
{10 of Spades} 
{5 of Spades} 
{Ace of Clubs} 
{7 of Diamonds} 
 
Player 2:  
{10 of Hearts} 
{7 of Spades} 
{6 of Diamonds} 
{6 of Hearts} 
{Jack of Diamonds} 
 
EvaluateHands() Player 1 testing: 
 
[1, 0, 0, 1, 0, 1, 0, 0, 1, 0, 0, 0, 1]
[1, 2, 0, 2]
Hand value: 12
 
EvaluateHands() Player 2 testing: 
 
Pair
[0, 0, 0, 0, 2, 1, 0, 0, 1, 1, 0, 0, 0]
[0, 1, 2, 2]
Hand value: 104
------------------------
------------------------
 
Player 1:  
{Ace of Spades} 
{9 of Clubs} 
{6 of Hearts} 
{2 of Diamonds} 
{10 of Spades} 
 
Player 2:  
{5 of Spades} 
{6 of Clubs} 
{3 of Diamonds} 
{7 of Diamonds} 
{Jack of Spades} 
 
EvaluateHands() Player 1 testing: 
 
[1, 0, 0, 0, 1, 0, 0, 1, 1, 0, 0, 0, 1]
[1, 2, 1, 1]
Hand value: 12
 
EvaluateHands() Player 2 testing: 
 
[0, 1, 0, 1, 1, 1, 0, 0, 0, 1, 0, 0, 0]
[1, 2, 0, 2]
Hand value: 9
------------------------
------------------------
 
Player 1:  
{8 of Hearts} 
{Ace of Hearts} 
{7 of Hearts} 
{5 of Diamonds} 
{6 of Clubs} 
 
Player 2:  
{8 of Spades} 
{10 of Clubs} 
{Jack of Hearts} 
{5 of Hearts} 
{8 of Diamonds} 
 
EvaluateHands() Player 1 testing: 
 
[0, 0, 0, 1, 1, 1, 1, 0, 0, 0, 0, 0, 1]
[1, 0, 3, 1]
Hand value: 12
 
EvaluateHands() Player 2 testing: 
 
Pair
[0, 0, 0, 1, 0, 0, 2, 0, 1, 1, 0, 0, 0]
[1, 1, 2, 1]
Hand value: 106
------------------------
------------------------
 
Player 1:  
{7 of Hearts} 
{8 of Clubs} 
{3 of Hearts} 
{Ace of Spades} 
{9 of Hearts} 
 
Player 2:  
{5 of Clubs} 
{Jack of Hearts} 
{7 of Spades} 
{10 of Hearts} 
{8 of Hearts} 
 
EvaluateHands() Player 1 testing: 
 
[0, 1, 0, 0, 0, 1, 1, 1, 0, 0, 0, 0, 1]
[1, 1, 3, 0]
Hand value: 12
 
EvaluateHands() Player 2 testing: 
 
[0, 0, 0, 1, 0, 1, 1, 0, 1, 1, 0, 0, 0]
[1, 1, 3, 0]
Hand value: 9
------------------------
------------------------
 
Player 1:  
{Queen of Spades} 
{King of Hearts} 
{3 of Diamonds} 
{Queen of Diamonds} 
{Jack of Diamonds} 
 
Player 2:  
{6 of Clubs} 
{10 of Diamonds} 
{4 of Spades} 
{5 of Hearts} 
{6 of Hearts} 
 
EvaluateHands() Player 1 testing: 
 
Pair
[0, 1, 0, 0, 0, 0, 0, 0, 0, 1, 2, 1, 0]
[0, 1, 1, 3]
Hand value: 110
 
EvaluateHands() Player 2 testing: 
 
Pair
[0, 0, 1, 1, 2, 0, 0, 0, 1, 0, 0, 0, 0]
[1, 1, 2, 1]
Hand value: 104
------------------------
------------------------
 
Player 1:  
{King of Spades} 
{Queen of Hearts} 
{Queen of Spades} 
{10 of Diamonds} 
{6 of Spades} 
 
Player 2:  
{5 of Diamonds} 
{6 of Clubs} 
{2 of Hearts} 
{5 of Clubs} 
{4 of Clubs} 
 
EvaluateHands() Player 1 testing: 
 
Pair
[0, 0, 0, 0, 1, 0, 0, 0, 1, 0, 2, 1, 0]
[0, 3, 1, 1]
Hand value: 110
 
EvaluateHands() Player 2 testing: 
 
Pair
[1, 0, 1, 2, 1, 0, 0, 0, 0, 0, 0, 0, 0]
[3, 0, 1, 1]
Hand value: 103
------------------------
------------------------
 
Player 1:  
{5 of Hearts} 
{6 of Hearts} 
{Jack of Clubs} 
{10 of Hearts} 
{8 of Diamonds} 
 
Player 2:  
{4 of Diamonds} 
{8 of Hearts} 
{9 of Hearts} 
{3 of Hearts} 
{9 of Diamonds} 
 
EvaluateHands() Player 1 testing: 
 
[0, 0, 0, 1, 1, 0, 1, 0, 1, 1, 0, 0, 0]
[1, 0, 3, 1]
Hand value: 9
 
EvaluateHands() Player 2 testing: 
 
Pair
[0, 1, 1, 0, 0, 0, 1, 2, 0, 0, 0, 0, 0]
[0, 0, 3, 2]
Hand value: 107
------------------------
------------------------
 
Player 1:  
{4 of Diamonds} 
{2 of Spades} 
{Jack of Hearts} 
{Jack of Diamonds} 
{Ace of Spades} 
 
Player 2:  
{2 of Diamonds} 
{9 of Spades} 
{Queen of Diamonds} 
{King of Hearts} 
{6 of Diamonds} 
 
EvaluateHands() Player 1 testing: 
 
Pair
[1, 0, 1, 0, 0, 0, 0, 0, 0, 2, 0, 0, 1]
[0, 2, 1, 2]
Hand value: 109
 
EvaluateHands() Player 2 testing: 
 
[1, 0, 0, 0, 1, 0, 0, 1, 0, 0, 1, 1, 0]
[0, 1, 1, 3]
Hand value: 11
------------------------
------------------------
 
Player 1:  
{Ace of Clubs} 
{2 of Hearts} 
{Jack of Hearts} 
{8 of Spades} 
{Queen of Hearts} 
 
Player 2:  
{8 of Hearts} 
{2 of Clubs} 
{3 of Hearts} 
{Jack of Spades} 
{King of Hearts} 
 
EvaluateHands() Player 1 testing: 
 
[1, 0, 0, 0, 0, 0, 1, 0, 0, 1, 1, 0, 1]
[1, 1, 3, 0]
Hand value: 12
 
EvaluateHands() Player 2 testing: 
 
[1, 1, 0, 0, 0, 0, 1, 0, 0, 1, 0, 1, 0]
[1, 1, 3, 0]
Hand value: 11
------------------------
------------------------
 
Player 1:  
{4 of Spades} 
{5 of Spades} 
{5 of Diamonds} 
{10 of Clubs} 
{8 of Hearts} 
 
Player 2:  
{10 of Hearts} 
{Queen of Spades} 
{Ace of Spades} 
{Ace of Diamonds} 
{8 of Clubs} 
 
EvaluateHands() Player 1 testing: 
 
Pair
[0, 0, 1, 2, 0, 0, 1, 0, 1, 0, 0, 0, 0]
[1, 2, 1, 1]
Hand value: 103
 
EvaluateHands() Player 2 testing: 
 
Pair
[0, 0, 0, 0, 0, 0, 1, 0, 1, 0, 1, 0, 2]
[1, 2, 1, 1]
Hand value: 112
------------------------
------------------------
 
Player 1:  
{Jack of Spades} 
{Queen of Clubs} 
{Ace of Hearts} 
{7 of Spades} 
{7 of Clubs} 
 
Player 2:  
{Jack of Diamonds} 
{King of Clubs} 
{Queen of Spades} 
{3 of Clubs} 
{4 of Clubs} 
 
EvaluateHands() Player 1 testing: 
 
Pair
[0, 0, 0, 0, 0, 2, 0, 0, 0, 1, 1, 0, 1]
[2, 2, 1, 0]
Hand value: 105
 
EvaluateHands() Player 2 testing: 
 
[0, 1, 1, 0, 0, 0, 0, 0, 0, 1, 1, 1, 0]
[3, 1, 0, 1]
Hand value: 11
------------------------
------------------------
 
Player 1:  
{10 of Hearts} 
{8 of Clubs} 
{3 of Diamonds} 
{King of Spades} 
{10 of Spades} 
 
Player 2:  
{4 of Diamonds} 
{9 of Hearts} 
{7 of Hearts} 
{4 of Hearts} 
{3 of Clubs} 
 
EvaluateHands() Player 1 testing: 
 
Pair
[0, 1, 0, 0, 0, 0, 1, 0, 2, 0, 0, 1, 0]
[1, 2, 1, 1]
Hand value: 108
 
EvaluateHands() Player 2 testing: 
 
Pair
[0, 1, 2, 0, 0, 1, 0, 1, 0, 0, 0, 0, 0]
[1, 0, 3, 1]
Hand value: 102
------------------------
------------------------
 
Player 1:  
{10 of Hearts} 
{6 of Clubs} 
{4 of Diamonds} 
{Jack of Diamonds} 
{Queen of Clubs} 
 
Player 2:  
{4 of Hearts} 
{King of Hearts} 
{8 of Clubs} 
{8 of Diamonds} 
{4 of Clubs} 
 
EvaluateHands() Player 1 testing: 
 
[0, 0, 1, 0, 1, 0, 0, 0, 1, 1, 1, 0, 0]
[2, 0, 1, 2]
Hand value: 10
 
EvaluateHands() Player 2 testing: 
 
Two Pairs
[0, 0, 2, 0, 0, 0, 2, 0, 0, 0, 0, 1, 0]
[2, 0, 2, 1]
Hand value: 211
------------------------
------------------------
 
Player 1:  
{Jack of Spades} 
{2 of Clubs} 
{King of Hearts} 
{5 of Spades} 
{3 of Clubs} 
 
Player 2:  
{8 of Hearts} 
{Ace of Spades} 
{7 of Hearts} 
{6 of Clubs} 
{4 of Clubs} 
 
EvaluateHands() Player 1 testing: 
 
[1, 1, 0, 1, 0, 0, 0, 0, 0, 1, 0, 1, 0]
[2, 2, 1, 0]
Hand value: 11
 
EvaluateHands() Player 2 testing: 
 
[0, 0, 1, 0, 1, 1, 1, 0, 0, 0, 0, 0, 1]
[2, 1, 2, 0]
Hand value: 12
------------------------
------------------------
 
Player 1:  
{6 of Clubs} 
{8 of Clubs} 
{Queen of Clubs} 
{Ace of Hearts} 
{8 of Hearts} 
 
Player 2:  
{7 of Hearts} 
{King of Hearts} 
{Ace of Clubs} 
{3 of Hearts} 
{Queen of Hearts} 
 
EvaluateHands() Player 1 testing: 
 
Pair
[0, 0, 0, 0, 1, 0, 2, 0, 0, 0, 1, 0, 1]
[3, 0, 2, 0]
Hand value: 106
 
EvaluateHands() Player 2 testing: 
 
[0, 1, 0, 0, 0, 1, 0, 0, 0, 0, 1, 1, 1]
[1, 0, 4, 0]
Hand value: 12
------------------------
------------------------
 
Player 1:  
{Jack of Clubs} 
{Ace of Diamonds} 
{2 of Clubs} 
{6 of Hearts} 
{10 of Clubs} 
 
Player 2:  
{5 of Diamonds} 
{10 of Spades} 
{4 of Diamonds} 
{10 of Hearts} 
{9 of Hearts} 
 
EvaluateHands() Player 1 testing: 
 
[1, 0, 0, 0, 1, 0, 0, 0, 1, 1, 0, 0, 1]
[3, 0, 1, 1]
Hand value: 12
 
EvaluateHands() Player 2 testing: 
 
Pair
[0, 0, 1, 1, 0, 0, 0, 1, 2, 0, 0, 0, 0]
[0, 1, 2, 2]
Hand value: 108
------------------------
------------------------
 
Player 1:  
{4 of Hearts} 
{6 of Clubs} 
{6 of Spades} 
{Jack of Spades} 
{8 of Hearts} 
 
Player 2:  
{8 of Diamonds} 
{7 of Hearts} 
{5 of Diamonds} 
{10 of Diamonds} 
{Jack of Diamonds} 
 
EvaluateHands() Player 1 testing: 
 
Pair
[0, 0, 1, 0, 2, 0, 1, 0, 0, 1, 0, 0, 0]
[1, 2, 2, 0]
Hand value: 104
 
EvaluateHands() Player 2 testing: 
 
[0, 0, 0, 1, 0, 1, 1, 0, 1, 1, 0, 0, 0]
[0, 0, 1, 4]
Hand value: 9
------------------------
------------------------
 
Player 1:  
{Ace of Hearts} 
{5 of Clubs} 
{5 of Diamonds} 
{2 of Clubs} 
{6 of Hearts} 
 
Player 2:  
{10 of Clubs} 
{Jack of Spades} 
{10 of Spades} 
{5 of Spades} 
{6 of Clubs} 
 
EvaluateHands() Player 1 testing: 
 
Pair
[1, 0, 0, 2, 1, 0, 0, 0, 0, 0, 0, 0, 1]
[2, 0, 2, 1]
Hand value: 103
 
EvaluateHands() Player 2 testing: 
 
Pair
[0, 0, 0, 1, 1, 0, 0, 0, 2, 1, 0, 0, 0]
[2, 3, 0, 0]
Hand value: 108
------------------------
------------------------
 
Player 1:  
{6 of Hearts} 
{King of Clubs} 
{5 of Diamonds} 
{Jack of Spades} 
{8 of Hearts} 
 
Player 2:  
{King of Hearts} 
{9 of Diamonds} 
{Queen of Diamonds} 
{8 of Spades} 
{Jack of Clubs} 
 
EvaluateHands() Player 1 testing: 
 
[0, 0, 0, 1, 1, 0, 1, 0, 0, 1, 0, 1, 0]
[1, 1, 2, 1]
Hand value: 11
 
EvaluateHands() Player 2 testing: 
 
[0, 0, 0, 0, 0, 0, 1, 1, 0, 1, 1, 1, 0]
[1, 1, 1, 2]
Hand value: 11
------------------------
------------------------
 
Player 1:  
{3 of Diamonds} 
{Jack of Clubs} 
{5 of Clubs} 
{6 of Clubs} 
{2 of Spades} 
 
Player 2:  
{4 of Hearts} 
{7 of Diamonds} 
{2 of Clubs} 
{Jack of Hearts} 
{2 of Diamonds} 
 
EvaluateHands() Player 1 testing: 
 
[1, 1, 0, 1, 1, 0, 0, 0, 0, 1, 0, 0, 0]
[3, 1, 0, 1]
Hand value: 9
 
EvaluateHands() Player 2 testing: 
 
Pair
[2, 0, 1, 0, 0, 1, 0, 0, 0, 1, 0, 0, 0]
[1, 0, 2, 2]
Hand value: 100
------------------------
------------------------
 
Player 1:  
{5 of Hearts} 
{7 of Clubs} 
{8 of Diamonds} 
{3 of Clubs} 
{Queen of Clubs} 
 
Player 2:  
{Jack of Diamonds} 
{Ace of Clubs} 
{Queen of Spades} 
{6 of Spades} 
{Ace of Spades} 
 
EvaluateHands() Player 1 testing: 
 
[0, 1, 0, 1, 0, 1, 1, 0, 0, 0, 1, 0, 0]
[3, 0, 1, 1]
Hand value: 10
 
EvaluateHands() Player 2 testing: 
 
Pair
[0, 0, 0, 0, 1, 0, 0, 0, 0, 1, 1, 0, 2]
[1, 3, 0, 1]
Hand value: 112
------------------------
------------------------
 
Player 1:  
{7 of Diamonds} 
{Jack of Hearts} 
{4 of Hearts} 
{7 of Spades} 
{Ace of Spades} 
 
Player 2:  
{Queen of Hearts} 
{8 of Spades} 
{5 of Clubs} 
{King of Spades} 
{3 of Diamonds} 
 
EvaluateHands() Player 1 testing: 
 
Pair
[0, 0, 1, 0, 0, 2, 0, 0, 0, 1, 0, 0, 1]
[0, 2, 2, 1]
Hand value: 105
 
EvaluateHands() Player 2 testing: 
 
[0, 1, 0, 1, 0, 0, 1, 0, 0, 0, 1, 1, 0]
[1, 2, 1, 1]
Hand value: 11
------------------------
------------------------
 
Player 1:  
{7 of Hearts} 
{9 of Hearts} 
{6 of Hearts} 
{2 of Clubs} 
{5 of Hearts} 
 
Player 2:  
{Ace of Diamonds} 
{2 of Hearts} 
{5 of Diamonds} 
{2 of Spades} 
{6 of Spades} 
 
EvaluateHands() Player 1 testing: 
 
[1, 0, 0, 1, 1, 1, 0, 1, 0, 0, 0, 0, 0]
[1, 0, 4, 0]
Hand value: 7
 
EvaluateHands() Player 2 testing: 
 
Pair
[2, 0, 0, 1, 1, 0, 0, 0, 0, 0, 0, 0, 1]
[0, 2, 1, 2]
Hand value: 100
------------------------
------------------------
 
Player 1:  
{9 of Clubs} 
{10 of Hearts} 
{2 of Diamonds} 
{2 of Spades} 
{10 of Clubs} 
 
Player 2:  
{Ace of Diamonds} 
{7 of Diamonds} 
{7 of Spades} 
{4 of Diamonds} 
{10 of Spades} 
 
EvaluateHands() Player 1 testing: 
 
Two Pairs
[2, 0, 0, 0, 0, 0, 0, 1, 2, 0, 0, 0, 0]
[2, 1, 1, 1]
Hand value: 208
 
EvaluateHands() Player 2 testing: 
 
Pair
[0, 0, 1, 0, 0, 2, 0, 0, 1, 0, 0, 0, 1]
[0, 2, 0, 3]
Hand value: 105
------------------------
------------------------
 
Player 1:  
{Jack of Spades} 
{10 of Diamonds} 
{10 of Hearts} 
{Queen of Hearts} 
{6 of Hearts} 
 
Player 2:  
{Ace of Hearts} 
{9 of Hearts} 
{3 of Clubs} 
{7 of Clubs} 
{4 of Clubs} 
 
EvaluateHands() Player 1 testing: 
 
Pair
[0, 0, 0, 0, 1, 0, 0, 0, 2, 1, 1, 0, 0]
[0, 1, 3, 1]
Hand value: 108
 
EvaluateHands() Player 2 testing: 
 
[0, 1, 1, 0, 0, 1, 0, 1, 0, 0, 0, 0, 1]
[3, 0, 2, 0]
Hand value: 12
------------------------
------------------------
 
Player 1:  
{3 of Clubs} 
{Ace of Diamonds} 
{Queen of Diamonds} 
{2 of Diamonds} 
{9 of Spades} 
 
Player 2:  
{King of Spades} 
{Queen of Hearts} 
{Jack of Hearts} 
{7 of Hearts} 
{9 of Hearts} 
 
EvaluateHands() Player 1 testing: 
 
[1, 1, 0, 0, 0, 0, 0, 1, 0, 0, 1, 0, 1]
[1, 1, 0, 3]
Hand value: 12
 
EvaluateHands() Player 2 testing: 
 
[0, 0, 0, 0, 0, 1, 0, 1, 0, 1, 1, 1, 0]
[0, 1, 4, 0]
Hand value: 11
------------------------
------------------------
 
Player 1:  
{3 of Spades} 
{2 of Clubs} 
{King of Hearts} 
{Jack of Clubs} 
{9 of Hearts} 
 
Player 2:  
{Ace of Diamonds} 
{8 of Clubs} 
{10 of Diamonds} 
{Ace of Hearts} 
{Jack of Diamonds} 
 
EvaluateHands() Player 1 testing: 
 
[1, 1, 0, 0, 0, 0, 0, 1, 0, 1, 0, 1, 0]
[2, 1, 2, 0]
Hand value: 11
 
EvaluateHands() Player 2 testing: 
 
Pair
[0, 0, 0, 0, 0, 0, 1, 0, 1, 1, 0, 0, 2]
[1, 0, 1, 3]
Hand value: 112
------------------------
------------------------
 
Player 1:  
{2 of Hearts} 
{6 of Hearts} 
{6 of Spades} 
{2 of Diamonds} 
{3 of Clubs} 
 
Player 2:  
{7 of Hearts} 
{6 of Diamonds} 
{Jack of Hearts} 
{4 of Hearts} 
{Ace of Diamonds} 
 
EvaluateHands() Player 1 testing: 
 
Two Pairs
[2, 1, 0, 0, 2, 0, 0, 0, 0, 0, 0, 0, 0]
[1, 1, 2, 1]
Hand value: 204
 
EvaluateHands() Player 2 testing: 
 
[0, 0, 1, 0, 1, 1, 0, 0, 0, 1, 0, 0, 1]
[0, 0, 3, 2]
Hand value: 12
------------------------
------------------------
 
Player 1:  
{Ace of Hearts} 
{7 of Spades} 
{Queen of Hearts} 
{Ace of Diamonds} 
{Queen of Diamonds} 
 
Player 2:  
{6 of Spades} 
{8 of Hearts} 
{9 of Hearts} 
{King of Spades} 
{9 of Spades} 
 
EvaluateHands() Player 1 testing: 
 
Pair
[0, 0, 0, 0, 0, 1, 0, 0, 0, 0, 2, 0, 2]
[0, 1, 2, 2]
Hand value: 110
 
EvaluateHands() Player 2 testing: 
 
Pair
[0, 0, 0, 0, 1, 0, 1, 2, 0, 0, 0, 1, 0]
[0, 3, 2, 0]
Hand value: 107
------------------------
------------------------
 
Player 1:  
{2 of Spades} 
{Jack of Clubs} 
{6 of Diamonds} 
{4 of Hearts} 
{8 of Hearts} 
 
Player 2:  
{5 of Spades} 
{7 of Clubs} 
{7 of Hearts} 
{Ace of Diamonds} 
{10 of Diamonds} 
 
EvaluateHands() Player 1 testing: 
 
[1, 0, 1, 0, 1, 0, 1, 0, 0, 1, 0, 0, 0]
[1, 1, 2, 1]
Hand value: 9
 
EvaluateHands() Player 2 testing: 
 
Pair
[0, 0, 0, 1, 0, 2, 0, 0, 1, 0, 0, 0, 1]
[1, 1, 1, 2]
Hand value: 105
------------------------
------------------------
 
Player 1:  
{5 of Hearts} 
{8 of Diamonds} 
{King of Diamonds} 
{3 of Diamonds} 
{Jack of Hearts} 
 
Player 2:  
{3 of Clubs} 
{10 of Diamonds} 
{9 of Diamonds} 
{3 of Spades} 
{6 of Hearts} 
 
EvaluateHands() Player 1 testing: 
 
[0, 1, 0, 1, 0, 0, 1, 0, 0, 1, 0, 1, 0]
[0, 0, 2, 3]
Hand value: 11
 
EvaluateHands() Player 2 testing: 
 
Pair
[0, 2, 0, 0, 1, 0, 0, 1, 1, 0, 0, 0, 0]
[1, 1, 1, 2]
Hand value: 101
------------------------
------------------------
 
Player 1:  
{Jack of Hearts} 
{2 of Diamonds} 
{6 of Spades} 
{3 of Diamonds} 
{6 of Hearts} 
 
Player 2:  
{4 of Diamonds} 
{2 of Spades} 
{2 of Clubs} 
{3 of Clubs} 
{5 of Hearts} 
 
EvaluateHands() Player 1 testing: 
 
Pair
[1, 1, 0, 0, 2, 0, 0, 0, 0, 1, 0, 0, 0]
[0, 1, 2, 2]
Hand value: 104
 
EvaluateHands() Player 2 testing: 
 
Pair
[2, 1, 1, 1, 0, 0, 0, 0, 0, 0, 0, 0, 0]
[2, 1, 1, 1]
Hand value: 100
------------------------
------------------------
 
Player 1:  
{2 of Hearts} 
{Queen of Spades} 
{7 of Hearts} 
{8 of Clubs} 
{3 of Spades} 
 
Player 2:  
{3 of Diamonds} 
{Jack of Hearts} 
{9 of Clubs} 
{4 of Spades} 
{King of Diamonds} 
 
EvaluateHands() Player 1 testing: 
 
[1, 1, 0, 0, 0, 1, 1, 0, 0, 0, 1, 0, 0]
[1, 2, 2, 0]
Hand value: 10
 
EvaluateHands() Player 2 testing: 
 
[0, 1, 1, 0, 0, 0, 0, 1, 0, 1, 0, 1, 0]
[1, 1, 1, 2]
Hand value: 11
------------------------
------------------------
 
Player 1:  
{King of Clubs} 
{King of Hearts} 
{10 of Diamonds} 
{10 of Hearts} 
{7 of Clubs} 
 
Player 2:  
{Jack of Clubs} 
{8 of Hearts} 
{10 of Spades} 
{4 of Clubs} 
{Ace of Diamonds} 
 
EvaluateHands() Player 1 testing: 
 
Two Pairs
[0, 0, 0, 0, 0, 1, 0, 0, 2, 0, 0, 2, 0]
[2, 0, 2, 1]
Hand value: 211
 
EvaluateHands() Player 2 testing: 
 
[0, 0, 1, 0, 0, 0, 1, 0, 1, 1, 0, 0, 1]
[2, 1, 1, 1]
Hand value: 12
------------------------
------------------------
 
Player 1:  
{King of Clubs} 
{7 of Diamonds} 
{King of Hearts} 
{10 of Hearts} 
{Ace of Spades} 
 
Player 2:  
{Jack of Clubs} 
{4 of Diamonds} 
{9 of Diamonds} 
{8 of Clubs} 
{7 of Hearts} 
 
EvaluateHands() Player 1 testing: 
 
Pair
[0, 0, 0, 0, 0, 1, 0, 0, 1, 0, 0, 2, 1]
[1, 1, 2, 1]
Hand value: 111
 
EvaluateHands() Player 2 testing: 
 
[0, 0, 1, 0, 0, 1, 1, 1, 0, 1, 0, 0, 0]
[2, 0, 1, 2]
Hand value: 9
------------------------
------------------------
 
Player 1:  
{2 of Diamonds} 
{5 of Diamonds} 
{9 of Spades} 
{2 of Spades} 
{3 of Hearts} 
 
Player 2:  
{7 of Diamonds} 
{King of Spades} 
{5 of Spades} 
{8 of Clubs} 
{Queen of Spades} 
 
EvaluateHands() Player 1 testing: 
 
Pair
[2, 1, 0, 1, 0, 0, 0, 1, 0, 0, 0, 0, 0]
[0, 2, 1, 2]
Hand value: 100
 
EvaluateHands() Player 2 testing: 
 
[0, 0, 0, 1, 0, 1, 1, 0, 0, 0, 1, 1, 0]
[1, 3, 0, 1]
Hand value: 11
------------------------
------------------------
 
Player 1:  
{King of Diamonds} 
{7 of Diamonds} 
{5 of Hearts} 
{3 of Diamonds} 
{10 of Spades} 
 
Player 2:  
{Queen of Spades} 
{4 of Diamonds} 
{6 of Spades} 
{King of Clubs} 
{Jack of Spades} 
 
EvaluateHands() Player 1 testing: 
 
[0, 1, 0, 1, 0, 1, 0, 0, 1, 0, 0, 1, 0]
[0, 1, 1, 3]
Hand value: 11
 
EvaluateHands() Player 2 testing: 
 
[0, 0, 1, 0, 1, 0, 0, 0, 0, 1, 1, 1, 0]
[1, 3, 0, 1]
Hand value: 11
------------------------
------------------------
 
Player 1:  
{9 of Diamonds} 
{King of Hearts} 
{6 of Diamonds} 
{9 of Clubs} 
{5 of Diamonds} 
 
Player 2:  
{5 of Spades} 
{6 of Clubs} 
{3 of Hearts} 
{3 of Clubs} 
{Ace of Spades} 
 
EvaluateHands() Player 1 testing: 
 
Pair
[0, 0, 0, 1, 1, 0, 0, 2, 0, 0, 0, 1, 0]
[1, 0, 1, 3]
Hand value: 107
 
EvaluateHands() Player 2 testing: 
 
Pair
[0, 2, 0, 1, 1, 0, 0, 0, 0, 0, 0, 0, 1]
[2, 2, 1, 0]
Hand value: 101
------------------------
------------------------
 
Player 1:  
{7 of Hearts} 
{6 of Diamonds} 
{Jack of Spades} 
{6 of Hearts} 
{8 of Diamonds} 
 
Player 2:  
{7 of Clubs} 
{8 of Hearts} 
{3 of Hearts} 
{2 of Hearts} 
{Queen of Spades} 
 
EvaluateHands() Player 1 testing: 
 
Pair
[0, 0, 0, 0, 2, 1, 1, 0, 0, 1, 0, 0, 0]
[0, 1, 2, 2]
Hand value: 104
 
EvaluateHands() Player 2 testing: 
 
[1, 1, 0, 0, 0, 1, 1, 0, 0, 0, 1, 0, 0]
[1, 1, 3, 0]
Hand value: 10
------------------------
------------------------
 
Player 1:  
{Jack of Clubs} 
{8 of Hearts} 
{King of Spades} 
{4 of Hearts} 
{6 of Hearts} 
 
Player 2:  
{3 of Hearts} 
{9 of Hearts} 
{9 of Diamonds} 
{Ace of Clubs} 
{8 of Clubs} 
 
EvaluateHands() Player 1 testing: 
 
[0, 0, 1, 0, 1, 0, 1, 0, 0, 1, 0, 1, 0]
[1, 1, 3, 0]
Hand value: 11
 
EvaluateHands() Player 2 testing: 
 
Pair
[0, 1, 0, 0, 0, 0, 1, 2, 0, 0, 0, 0, 1]
[2, 0, 2, 1]
Hand value: 107
------------------------
------------------------
 
Player 1:  
{Ace of Diamonds} 
{2 of Spades} 
{4 of Hearts} 
{King of Hearts} 
{Queen of Clubs} 
 
Player 2:  
{10 of Diamonds} 
{3 of Spades} 
{Ace of Hearts} 
{9 of Diamonds} 
{5 of Hearts} 
 
EvaluateHands() Player 1 testing: 
 
[1, 0, 1, 0, 0, 0, 0, 0, 0, 0, 1, 1, 1]
[1, 1, 2, 1]
Hand value: 12
 
EvaluateHands() Player 2 testing: 
 
[0, 1, 0, 1, 0, 0, 0, 1, 1, 0, 0, 0, 1]
[0, 1, 2, 2]
Hand value: 12
------------------------
------------------------
 
Player 1:  
{2 of Hearts} 
{7 of Clubs} 
{King of Clubs} 
{4 of Diamonds} 
{4 of Clubs} 
 
Player 2:  
{8 of Hearts} 
{2 of Diamonds} 
{8 of Spades} 
{10 of Spades} 
{10 of Clubs} 
 
EvaluateHands() Player 1 testing: 
 
Pair
[1, 0, 2, 0, 0, 1, 0, 0, 0, 0, 0, 1, 0]
[3, 0, 1, 1]
Hand value: 102
 
EvaluateHands() Player 2 testing: 
 
Two Pairs
[1, 0, 0, 0, 0, 0, 2, 0, 2, 0, 0, 0, 0]
[1, 2, 1, 1]
Hand value: 208
------------------------
------------------------
 
Player 1:  
{7 of Spades} 
{5 of Clubs} 
{King of Spades} 
{Jack of Diamonds} 
{3 of Hearts} 
 
Player 2:  
{Ace of Diamonds} 
{Queen of Diamonds} 
{King of Clubs} 
{9 of Clubs} 
{8 of Diamonds} 
 
EvaluateHands() Player 1 testing: 
 
[0, 1, 0, 1, 0, 1, 0, 0, 0, 1, 0, 1, 0]
[1, 2, 1, 1]
Hand value: 11
 
EvaluateHands() Player 2 testing: 
 
[0, 0, 0, 0, 0, 0, 1, 1, 0, 0, 1, 1, 1]
[2, 0, 0, 3]
Hand value: 12
------------------------
------------------------
 
Player 1:  
{7 of Spades} 
{Ace of Hearts} 
{4 of Diamonds} 
{9 of Spades} 
{King of Spades} 
 
Player 2:  
{9 of Clubs} 
{10 of Clubs} 
{Jack of Clubs} 
{Ace of Diamonds} 
{3 of Diamonds} 
 
EvaluateHands() Player 1 testing: 
 
[0, 0, 1, 0, 0, 1, 0, 1, 0, 0, 0, 1, 1]
[0, 3, 1, 1]
Hand value: 12
 
EvaluateHands() Player 2 testing: 
 
[0, 1, 0, 0, 0, 0, 0, 1, 1, 1, 0, 0, 1]
[3, 0, 0, 2]
Hand value: 12
------------------------
------------------------
 
Player 1:  
{3 of Clubs} 
{9 of Hearts} 
{Ace of Hearts} 
{King of Diamonds} 
{4 of Diamonds} 
 
Player 2:  
{7 of Hearts} 
{6 of Hearts} 
{Jack of Hearts} 
{9 of Diamonds} 
{8 of Clubs} 
 
EvaluateHands() Player 1 testing: 
 
[0, 1, 1, 0, 0, 0, 0, 1, 0, 0, 0, 1, 1]
[1, 0, 2, 2]
Hand value: 12
 
EvaluateHands() Player 2 testing: 
 
[0, 0, 0, 0, 1, 1, 1, 1, 0, 1, 0, 0, 0]
[1, 0, 3, 1]
Hand value: 9
------------------------
------------------------
 
Player 1:  
{King of Spades} 
{Jack of Spades} 
{Ace of Diamonds} 
{5 of Hearts} 
{3 of Clubs} 
 
Player 2:  
{3 of Hearts} 
{King of Diamonds} 
{Queen of Hearts} 
{Queen of Spades} 
{5 of Spades} 
 
EvaluateHands() Player 1 testing: 
 
[0, 1, 0, 1, 0, 0, 0, 0, 0, 1, 0, 1, 1]
[1, 2, 1, 1]
Hand value: 12
 
EvaluateHands() Player 2 testing: 
 
Pair
[0, 1, 0, 1, 0, 0, 0, 0, 0, 0, 2, 1, 0]
[0, 2, 2, 1]
Hand value: 110
------------------------
------------------------
 
Player 1:  
{Queen of Clubs} 
{3 of Clubs} 
{King of Diamonds} 
{Jack of Spades} 
{8 of Hearts} 
 
Player 2:  
{8 of Diamonds} 
{5 of Diamonds} 
{Queen of Hearts} 
{10 of Clubs} 
{8 of Clubs} 
 
EvaluateHands() Player 1 testing: 
 
[0, 1, 0, 0, 0, 0, 1, 0, 0, 1, 1, 1, 0]
[2, 1, 1, 1]
Hand value: 11
 
EvaluateHands() Player 2 testing: 
 
Pair
[0, 0, 0, 1, 0, 0, 2, 0, 1, 0, 1, 0, 0]
[2, 0, 1, 2]
Hand value: 106
------------------------
------------------------
 
Player 1:  
{Ace of Spades} 
{3 of Clubs} 
{6 of Spades} 
{7 of Diamonds} 
{4 of Diamonds} 
 
Player 2:  
{10 of Spades} 
{10 of Hearts} 
{6 of Diamonds} 
{6 of Clubs} 
{2 of Diamonds} 
 
EvaluateHands() Player 1 testing: 
 
[0, 1, 1, 0, 1, 1, 0, 0, 0, 0, 0, 0, 1]
[1, 2, 0, 2]
Hand value: 12
 
EvaluateHands() Player 2 testing: 
 
Two Pairs
[1, 0, 0, 0, 2, 0, 0, 0, 2, 0, 0, 0, 0]
[1, 1, 1, 2]
Hand value: 208
------------------------
------------------------
 
Player 1:  
{Jack of Spades} 
{7 of Clubs} 
{2 of Hearts} 
{3 of Clubs} 
{10 of Clubs} 
 
Player 2:  
{7 of Hearts} 
{Ace of Hearts} 
{4 of Spades} 
{5 of Hearts} 
{4 of Clubs} 
 
EvaluateHands() Player 1 testing: 
 
[1, 1, 0, 0, 0, 1, 0, 0, 1, 1, 0, 0, 0]
[3, 1, 1, 0]
Hand value: 9
 
EvaluateHands() Player 2 testing: 
 
Pair
[0, 0, 2, 1, 0, 1, 0, 0, 0, 0, 0, 0, 1]
[1, 1, 3, 0]
Hand value: 102
------------------------
------------------------
 
Player 1:  
{King of Diamonds} 
{7 of Spades} 
{9 of Hearts} 
{Ace of Hearts} 
{10 of Clubs} 
 
Player 2:  
{2 of Hearts} 
{King of Hearts} 
{2 of Spades} 
{7 of Diamonds} 
{10 of Hearts} 
 
EvaluateHands() Player 1 testing: 
 
[0, 0, 0, 0, 0, 1, 0, 1, 1, 0, 0, 1, 1]
[1, 1, 2, 1]
Hand value: 12
 
EvaluateHands() Player 2 testing: 
 
Pair
[2, 0, 0, 0, 0, 1, 0, 0, 1, 0, 0, 1, 0]
[0, 1, 3, 1]
Hand value: 100
------------------------
------------------------
 
Player 1:  
{10 of Hearts} 
{King of Hearts} 
{8 of Hearts} 
{Jack of Clubs} 
{Queen of Diamonds} 
 
Player 2:  
{8 of Clubs} 
{2 of Diamonds} 
{10 of Clubs} 
{5 of Hearts} 
{8 of Spades} 
 
EvaluateHands() Player 1 testing: 
 
[0, 0, 0, 0, 0, 0, 1, 0, 1, 1, 1, 1, 0]
[1, 0, 3, 1]
Hand value: 11
 
EvaluateHands() Player 2 testing: 
 
Pair
[1, 0, 0, 1, 0, 0, 2, 0, 1, 0, 0, 0, 0]
[2, 1, 1, 1]
Hand value: 106
------------------------
------------------------
 
Player 1:  
{10 of Diamonds} 
{2 of Clubs} 
{4 of Clubs} 
{10 of Clubs} 
{5 of Spades} 
 
Player 2:  
{3 of Clubs} 
{7 of Spades} 
{5 of Diamonds} 
{7 of Hearts} 
{8 of Hearts} 
 
EvaluateHands() Player 1 testing: 
 
Pair
[1, 0, 1, 1, 0, 0, 0, 0, 2, 0, 0, 0, 0]
[3, 1, 0, 1]
Hand value: 108
 
EvaluateHands() Player 2 testing: 
 
Pair
[0, 1, 0, 1, 0, 2, 1, 0, 0, 0, 0, 0, 0]
[1, 1, 2, 1]
Hand value: 105
------------------------
------------------------
 
Player 1:  
{Jack of Clubs} 
{Jack of Diamonds} 
{8 of Hearts} 
{7 of Diamonds} 
{7 of Spades} 
 
Player 2:  
{8 of Spades} 
{2 of Diamonds} 
{9 of Spades} 
{4 of Diamonds} 
{5 of Diamonds} 
 
EvaluateHands() Player 1 testing: 
 
Two Pairs
[0, 0, 0, 0, 0, 2, 1, 0, 0, 2, 0, 0, 0]
[1, 1, 1, 2]
Hand value: 209
 
EvaluateHands() Player 2 testing: 
 
[1, 0, 1, 1, 0, 0, 1, 1, 0, 0, 0, 0, 0]
[0, 2, 0, 3]
Hand value: 7
------------------------
------------------------
 
Player 1:  
{8 of Clubs} 
{9 of Diamonds} 
{2 of Hearts} 
{2 of Diamonds} 
{Queen of Spades} 
 
Player 2:  
{King of Spades} 
{7 of Spades} 
{3 of Hearts} 
{7 of Diamonds} 
{7 of Clubs} 
 
EvaluateHands() Player 1 testing: 
 
Pair
[2, 0, 0, 0, 0, 0, 1, 1, 0, 0, 1, 0, 0]
[1, 1, 1, 2]
Hand value: 100
 
EvaluateHands() Player 2 testing: 
 
Three of a Kind
[0, 1, 0, 0, 0, 3, 0, 0, 0, 0, 0, 1, 0]
[1, 2, 1, 1]
Hand value: 305
------------------------
------------------------
 
Player 1:  
{4 of Spades} 
{5 of Diamonds} 
{King of Diamonds} 
{2 of Spades} 
{5 of Clubs} 
 
Player 2:  
{6 of Hearts} 
{6 of Diamonds} 
{3 of Diamonds} 
{2 of Clubs} 
{7 of Spades} 
 
EvaluateHands() Player 1 testing: 
 
Pair
[1, 0, 1, 2, 0, 0, 0, 0, 0, 0, 0, 1, 0]
[1, 2, 0, 2]
Hand value: 103
 
EvaluateHands() Player 2 testing: 
 
Pair
[1, 1, 0, 0, 2, 1, 0, 0, 0, 0, 0, 0, 0]
[1, 1, 1, 2]
Hand value: 104
------------------------
------------------------
 
Player 1:  
{7 of Hearts} 
{5 of Hearts} 
{6 of Diamonds} 
{9 of Hearts} 
{3 of Spades} 
 
Player 2:  
{Ace of Hearts} 
{4 of Spades} 
{Queen of Spades} 
{King of Clubs} 
{3 of Hearts} 
 
EvaluateHands() Player 1 testing: 
 
[0, 1, 0, 1, 1, 1, 0, 1, 0, 0, 0, 0, 0]
[0, 1, 3, 1]
Hand value: 7
 
EvaluateHands() Player 2 testing: 
 
[0, 1, 1, 0, 0, 0, 0, 0, 0, 0, 1, 1, 1]
[1, 2, 2, 0]
Hand value: 12
------------------------
------------------------
 
Player 1:  
{3 of Hearts} 
{4 of Spades} 
{2 of Diamonds} 
{2 of Hearts} 
{Jack of Spades} 
 
Player 2:  
{9 of Diamonds} 
{4 of Clubs} 
{5 of Spades} 
{7 of Diamonds} 
{Queen of Diamonds} 
 
EvaluateHands() Player 1 testing: 
 
Pair
[2, 1, 1, 0, 0, 0, 0, 0, 0, 1, 0, 0, 0]
[0, 2, 2, 1]
Hand value: 100
 
EvaluateHands() Player 2 testing: 
 
[0, 0, 1, 1, 0, 1, 0, 1, 0, 0, 1, 0, 0]
[1, 1, 0, 3]
Hand value: 10
------------------------
------------------------
 
Player 1:  
{5 of Clubs} 
{9 of Hearts} 
{King of Diamonds} 
{10 of Spades} 
{6 of Spades} 
 
Player 2:  
{3 of Spades} 
{Queen of Diamonds} 
{Ace of Hearts} 
{10 of Hearts} 
{2 of Diamonds} 
 
EvaluateHands() Player 1 testing: 
 
[0, 0, 0, 1, 1, 0, 0, 1, 1, 0, 0, 1, 0]
[1, 2, 1, 1]
Hand value: 11
 
EvaluateHands() Player 2 testing: 
 
[1, 1, 0, 0, 0, 0, 0, 0, 1, 0, 1, 0, 1]
[0, 1, 2, 2]
Hand value: 12
------------------------
------------------------
 
Player 1:  
{5 of Clubs} 
{King of Hearts} 
{Ace of Spades} 
{Queen of Spades} 
{Jack of Hearts} 
 
Player 2:  
{Ace of Hearts} 
{5 of Hearts} 
{7 of Clubs} 
{10 of Hearts} 
{10 of Diamonds} 
 
EvaluateHands() Player 1 testing: 
 
[0, 0, 0, 1, 0, 0, 0, 0, 0, 1, 1, 1, 1]
[1, 2, 2, 0]
Hand value: 12
 
EvaluateHands() Player 2 testing: 
 
Pair
[0, 0, 0, 1, 0, 1, 0, 0, 2, 0, 0, 0, 1]
[1, 0, 3, 1]
Hand value: 108
------------------------
------------------------
 
Player 1:  
{3 of Clubs} 
{Jack of Hearts} 
{Queen of Diamonds} 
{7 of Clubs} 
{9 of Spades} 
 
Player 2:  
{Queen of Clubs} 
{7 of Spades} 
{3 of Diamonds} 
{King of Clubs} 
{4 of Diamonds} 
 
EvaluateHands() Player 1 testing: 
 
[0, 1, 0, 0, 0, 1, 0, 1, 0, 1, 1, 0, 0]
[2, 1, 1, 1]
Hand value: 10
 
EvaluateHands() Player 2 testing: 
 
[0, 1, 1, 0, 0, 1, 0, 0, 0, 0, 1, 1, 0]
[2, 1, 0, 2]
Hand value: 11
------------------------
------------------------
 
Player 1:  
{Ace of Spades} 
{Ace of Diamonds} 
{5 of Diamonds} 
{7 of Clubs} 
{Ace of Hearts} 
 
Player 2:  
{9 of Spades} 
{3 of Hearts} 
{Queen of Spades} 
{7 of Diamonds} 
{Jack of Hearts} 
 
EvaluateHands() Player 1 testing: 
 
Three of a Kind
[0, 0, 0, 1, 0, 1, 0, 0, 0, 0, 0, 0, 3]
[1, 1, 1, 2]
Hand value: 312
 
EvaluateHands() Player 2 testing: 
 
[0, 1, 0, 0, 0, 1, 0, 1, 0, 1, 1, 0, 0]
[0, 2, 2, 1]
Hand value: 10
------------------------
------------------------
 
Player 1:  
{4 of Spades} 
{2 of Spades} 
{Jack of Spades} 
{7 of Clubs} 
{6 of Hearts} 
 
Player 2:  
{8 of Hearts} 
{King of Clubs} 
{10 of Clubs} 
{3 of Clubs} 
{7 of Spades} 
 
EvaluateHands() Player 1 testing: 
 
[1, 0, 1, 0, 1, 1, 0, 0, 0, 1, 0, 0, 0]
[1, 3, 1, 0]
Hand value: 9
 
EvaluateHands() Player 2 testing: 
 
[0, 1, 0, 0, 0, 1, 1, 0, 1, 0, 0, 1, 0]
[3, 1, 1, 0]
Hand value: 11
------------------------
------------------------
 
Player 1:  
{4 of Clubs} 
{Queen of Clubs} 
{5 of Clubs} 
{Jack of Clubs} 
{Ace of Spades} 
 
Player 2:  
{7 of Spades} 
{9 of Hearts} 
{5 of Hearts} 
{6 of Diamonds} 
{Jack of Diamonds} 
 
EvaluateHands() Player 1 testing: 
 
[0, 0, 1, 1, 0, 0, 0, 0, 0, 1, 1, 0, 1]
[4, 1, 0, 0]
Hand value: 12
 
EvaluateHands() Player 2 testing: 
 
[0, 0, 0, 1, 1, 1, 0, 1, 0, 1, 0, 0, 0]
[0, 1, 2, 2]
Hand value: 9
------------------------
------------------------
 
Player 1:  
{4 of Diamonds} 
{10 of Clubs} 
{2 of Clubs} 
{Queen of Diamonds} 
{8 of Diamonds} 
 
Player 2:  
{King of Diamonds} 
{7 of Hearts} 
{King of Hearts} 
{9 of Clubs} 
{Jack of Hearts} 
 
EvaluateHands() Player 1 testing: 
 
[1, 0, 1, 0, 0, 0, 1, 0, 1, 0, 1, 0, 0]
[2, 0, 0, 3]
Hand value: 10
 
EvaluateHands() Player 2 testing: 
 
Pair
[0, 0, 0, 0, 0, 1, 0, 1, 0, 1, 0, 2, 0]
[1, 0, 3, 1]
Hand value: 111
------------------------
------------------------
 
Player 1:  
{9 of Diamonds} 
{2 of Spades} 
{Jack of Hearts} 
{4 of Spades} 
{9 of Hearts} 
 
Player 2:  
{Ace of Diamonds} 
{7 of Hearts} 
{10 of Diamonds} 
{King of Spades} 
{2 of Diamonds} 
 
EvaluateHands() Player 1 testing: 
 
Pair
[1, 0, 1, 0, 0, 0, 0, 2, 0, 1, 0, 0, 0]
[0, 2, 2, 1]
Hand value: 107
 
EvaluateHands() Player 2 testing: 
 
[1, 0, 0, 0, 0, 1, 0, 0, 1, 0, 0, 1, 1]
[0, 1, 1, 3]
Hand value: 12
------------------------
------------------------
 
Player 1:  
{8 of Hearts} 
{7 of Spades} 
{7 of Hearts} 
{King of Spades} 
{Ace of Clubs} 
 
Player 2:  
{5 of Clubs} 
{3 of Diamonds} 
{9 of Hearts} 
{8 of Diamonds} 
{2 of Diamonds} 
 
EvaluateHands() Player 1 testing: 
 
Pair
[0, 0, 0, 0, 0, 2, 1, 0, 0, 0, 0, 1, 1]
[1, 2, 2, 0]
Hand value: 105
 
EvaluateHands() Player 2 testing: 
 
[1, 1, 0, 1, 0, 0, 1, 1, 0, 0, 0, 0, 0]
[1, 0, 1, 3]
Hand value: 7
------------------------
------------------------
 
Player 1:  
{King of Hearts} 
{9 of Hearts} 
{Ace of Hearts} 
{8 of Hearts} 
{7 of Hearts} 
 
Player 2:  
{King of Clubs} 
{Jack of Hearts} 
{6 of Clubs} 
{6 of Diamonds} 
{10 of Diamonds} 
 
EvaluateHands() Player 1 testing: 
 
Flush
[0, 0, 0, 0, 0, 1, 1, 1, 0, 0, 0, 1, 1]
[0, 0, 5, 0]
Hand value: 512
 
EvaluateHands() Player 2 testing: 
 
Pair
[0, 0, 0, 0, 2, 0, 0, 0, 1, 1, 0, 1, 0]
[2, 0, 1, 2]
Hand value: 104
------------------------
------------------------
 
Player 1:  
{10 of Hearts} 
{Queen of Clubs} 
{9 of Clubs} 
{Queen of Spades} 
{2 of Diamonds} 
 
Player 2:  
{5 of Spades} 
{5 of Diamonds} 
{8 of Hearts} 
{Jack of Spades} 
{4 of Clubs} 
 
EvaluateHands() Player 1 testing: 
 
Pair
[1, 0, 0, 0, 0, 0, 0, 1, 1, 0, 2, 0, 0]
[2, 1, 1, 1]
Hand value: 110
 
EvaluateHands() Player 2 testing: 
 
Pair
[0, 0, 1, 2, 0, 0, 1, 0, 0, 1, 0, 0, 0]
[1, 2, 1, 1]
Hand value: 103
------------------------
------------------------
 
Player 1:  
{4 of Hearts} 
{5 of Clubs} 
{5 of Spades} 
{Jack of Spades} 
{Queen of Spades} 
 
Player 2:  
{2 of Hearts} 
{Queen of Hearts} 
{King of Diamonds} 
{6 of Diamonds} 
{Queen of Clubs} 
 
EvaluateHands() Player 1 testing: 
 
Pair
[0, 0, 1, 2, 0, 0, 0, 0, 0, 1, 1, 0, 0]
[1, 3, 1, 0]
Hand value: 103
 
EvaluateHands() Player 2 testing: 
 
Pair
[1, 0, 0, 0, 1, 0, 0, 0, 0, 0, 2, 1, 0]
[1, 0, 2, 2]
Hand value: 110
------------------------
------------------------
 
Player 1:  
{King of Clubs} 
{2 of Diamonds} 
{5 of Spades} 
{4 of Spades} 
{7 of Diamonds} 
 
Player 2:  
{King of Diamonds} 
{10 of Hearts} 
{Queen of Diamonds} 
{2 of Spades} 
{10 of Diamonds} 
 
EvaluateHands() Player 1 testing: 
 
[1, 0, 1, 1, 0, 1, 0, 0, 0, 0, 0, 1, 0]
[1, 2, 0, 2]
Hand value: 11
 
EvaluateHands() Player 2 testing: 
 
Pair
[1, 0, 0, 0, 0, 0, 0, 0, 2, 0, 1, 1, 0]
[0, 1, 1, 3]
Hand value: 108
------------------------
------------------------
 
Player 1:  
{Ace of Spades} 
{3 of Diamonds} 
{Ace of Hearts} 
{Ace of Diamonds} 
{6 of Clubs} 
 
Player 2:  
{Jack of Diamonds} 
{7 of Spades} 
{2 of Hearts} 
{Queen of Hearts} 
{8 of Clubs} 
 
EvaluateHands() Player 1 testing: 
 
Three of a Kind
[0, 1, 0, 0, 1, 0, 0, 0, 0, 0, 0, 0, 3]
[1, 1, 1, 2]
Hand value: 312
 
EvaluateHands() Player 2 testing: 
 
[1, 0, 0, 0, 0, 1, 1, 0, 0, 1, 1, 0, 0]
[1, 1, 2, 1]
Hand value: 10
------------------------
------------------------
 
Player 1:  
{Ace of Hearts} 
{5 of Clubs} 
{4 of Hearts} 
{Jack of Diamonds} 
{8 of Clubs} 
 
Player 2:  
{Jack of Hearts} 
{Jack of Clubs} 
{10 of Hearts} 
{7 of Hearts} 
{2 of Hearts} 
 
EvaluateHands() Player 1 testing: 
 
[0, 0, 1, 1, 0, 0, 1, 0, 0, 1, 0, 0, 1]
[2, 0, 2, 1]
Hand value: 12
 
EvaluateHands() Player 2 testing: 
 
Pair
[1, 0, 0, 0, 0, 1, 0, 0, 1, 2, 0, 0, 0]
[1, 0, 4, 0]
Hand value: 109
------------------------
------------------------
 
Player 1:  
{10 of Diamonds} 
{King of Diamonds} 
{10 of Spades} 
{7 of Diamonds} 
{6 of Clubs} 
 
Player 2:  
{3 of Diamonds} 
{Jack of Hearts} 
{4 of Clubs} 
{2 of Diamonds} 
{6 of Hearts} 
 
EvaluateHands() Player 1 testing: 
 
Pair
[0, 0, 0, 0, 1, 1, 0, 0, 2, 0, 0, 1, 0]
[1, 1, 0, 3]
Hand value: 108
 
EvaluateHands() Player 2 testing: 
 
[1, 1, 1, 0, 1, 0, 0, 0, 0, 1, 0, 0, 0]
[1, 0, 2, 2]
Hand value: 9
------------------------
------------------------
 
Player 1:  
{10 of Clubs} 
{8 of Diamonds} 
{9 of Spades} 
{Ace of Diamonds} 
{10 of Hearts} 
 
Player 2:  
{Queen of Hearts} 
{4 of Diamonds} 
{King of Diamonds} 
{8 of Clubs} 
{6 of Hearts} 
 
EvaluateHands() Player 1 testing: 
 
Pair
[0, 0, 0, 0, 0, 0, 1, 1, 2, 0, 0, 0, 1]
[1, 1, 1, 2]
Hand value: 108
 
EvaluateHands() Player 2 testing: 
 
[0, 0, 1, 0, 1, 0, 1, 0, 0, 0, 1, 1, 0]
[1, 0, 2, 2]
Hand value: 11
------------------------
------------------------
 
Player 1:  
{Jack of Diamonds} 
{10 of Clubs} 
{7 of Diamonds} 
{10 of Diamonds} 
{Ace of Spades} 
 
Player 2:  
{6 of Diamonds} 
{3 of Clubs} 
{5 of Diamonds} 
{King of Spades} 
{2 of Diamonds} 
 
EvaluateHands() Player 1 testing: 
 
Pair
[0, 0, 0, 0, 0, 1, 0, 0, 2, 1, 0, 0, 1]
[1, 1, 0, 3]
Hand value: 108
 
EvaluateHands() Player 2 testing: 
 
[1, 1, 0, 1, 1, 0, 0, 0, 0, 0, 0, 1, 0]
[1, 1, 0, 3]
Hand value: 11
------------------------
------------------------
 
Player 1:  
{Queen of Clubs} 
{2 of Clubs} 
{Jack of Hearts} 
{5 of Clubs} 
{Jack of Clubs} 
 
Player 2:  
{5 of Diamonds} 
{6 of Diamonds} 
{Queen of Diamonds} 
{Jack of Spades} 
{9 of Spades} 
 
EvaluateHands() Player 1 testing: 
 
Pair
[1, 0, 0, 1, 0, 0, 0, 0, 0, 2, 1, 0, 0]
[4, 0, 1, 0]
Hand value: 109
 
EvaluateHands() Player 2 testing: 
 
[0, 0, 0, 1, 1, 0, 0, 1, 0, 1, 1, 0, 0]
[0, 2, 0, 3]
Hand value: 10
------------------------
------------------------
 
Player 1:  
{King of Spades} 
{10 of Hearts} 
{Jack of Clubs} 
{4 of Diamonds} 
{8 of Diamonds} 
 
Player 2:  
{7 of Clubs} 
{King of Diamonds} 
{8 of Hearts} 
{Ace of Spades} 
{3 of Clubs} 
 
EvaluateHands() Player 1 testing: 
 
[0, 0, 1, 0, 0, 0, 1, 0, 1, 1, 0, 1, 0]
[1, 1, 1, 2]
Hand value: 11
 
EvaluateHands() Player 2 testing: 
 
[0, 1, 0, 0, 0, 1, 1, 0, 0, 0, 0, 1, 1]
[2, 1, 1, 1]
Hand value: 12
------------------------
------------------------
 
Player 1:  
{King of Diamonds} 
{5 of Clubs} 
{2 of Spades} 
{Ace of Diamonds} 
{10 of Spades} 
 
Player 2:  
{3 of Diamonds} 
{9 of Diamonds} 
{Ace of Clubs} 
{5 of Spades} 
{10 of Diamonds} 
 
EvaluateHands() Player 1 testing: 
 
[1, 0, 0, 1, 0, 0, 0, 0, 1, 0, 0, 1, 1]
[1, 2, 0, 2]
Hand value: 12
 
EvaluateHands() Player 2 testing: 
 
[0, 1, 0, 1, 0, 0, 0, 1, 1, 0, 0, 0, 1]
[1, 1, 0, 3]
Hand value: 12
------------------------
------------------------
 
Player 1:  
{5 of Hearts} 
{2 of Diamonds} 
{9 of Spades} 
{10 of Diamonds} 
{Ace of Spades} 
 
Player 2:  
{7 of Spades} 
{2 of Hearts} 
{King of Spades} 
{5 of Clubs} 
{7 of Clubs} 
 
EvaluateHands() Player 1 testing: 
 
[1, 0, 0, 1, 0, 0, 0, 1, 1, 0, 0, 0, 1]
[0, 2, 1, 2]
Hand value: 12
 
EvaluateHands() Player 2 testing: 
 
Pair
[1, 0, 0, 1, 0, 2, 0, 0, 0, 0, 0, 1, 0]
[2, 2, 1, 0]
Hand value: 105
------------------------
------------------------
 
Player 1:  
{7 of Hearts} 
{Jack of Spades} 
{Jack of Clubs} 
{Queen of Hearts} 
{10 of Diamonds} 
 
Player 2:  
{9 of Hearts} 
{2 of Diamonds} 
{Queen of Diamonds} 
{8 of Diamonds} 
{8 of Clubs} 
 
EvaluateHands() Player 1 testing: 
 
Pair
[0, 0, 0, 0, 0, 1, 0, 0, 1, 2, 1, 0, 0]
[1, 1, 2, 1]
Hand value: 109
 
EvaluateHands() Player 2 testing: 
 
Pair
[1, 0, 0, 0, 0, 0, 2, 1, 0, 0, 1, 0, 0]
[1, 0, 1, 3]
Hand value: 106
------------------------
------------------------
 
Player 1:  
{3 of Clubs} 
{6 of Clubs} 
{2 of Clubs} 
{9 of Hearts} 
{9 of Diamonds} 
 
Player 2:  
{7 of Spades} 
{Queen of Spades} 
{Ace of Clubs} 
{10 of Diamonds} 
{8 of Clubs} 
 
EvaluateHands() Player 1 testing: 
 
Pair
[1, 1, 0, 0, 1, 0, 0, 2, 0, 0, 0, 0, 0]
[3, 0, 1, 1]
Hand value: 107
 
EvaluateHands() Player 2 testing: 
 
[0, 0, 0, 0, 0, 1, 1, 0, 1, 0, 1, 0, 1]
[2, 2, 0, 1]
Hand value: 12
------------------------
------------------------
 
Player 1:  
{Queen of Spades} 
{4 of Hearts} 
{King of Clubs} 
{Jack of Diamonds} 
{5 of Spades} 
 
Player 2:  
{3 of Hearts} 
{Jack of Clubs} 
{9 of Hearts} 
{King of Hearts} 
{Ace of Spades} 
 
EvaluateHands() Player 1 testing: 
 
[0, 0, 1, 1, 0, 0, 0, 0, 0, 1, 1, 1, 0]
[1, 2, 1, 1]
Hand value: 11
 
EvaluateHands() Player 2 testing: 
 
[0, 1, 0, 0, 0, 0, 0, 1, 0, 1, 0, 1, 1]
[1, 1, 3, 0]
Hand value: 12
------------------------
------------------------
 
Player 1:  
{King of Spades} 
{5 of Diamonds} 
{Ace of Clubs} 
{Ace of Spades} 
{2 of Spades} 
 
Player 2:  
{3 of Diamonds} 
{King of Hearts} 
{4 of Hearts} 
{4 of Diamonds} 
{8 of Clubs} 
 
EvaluateHands() Player 1 testing: 
 
Pair
[1, 0, 0, 1, 0, 0, 0, 0, 0, 0, 0, 1, 2]
[1, 3, 0, 1]
Hand value: 112
 
EvaluateHands() Player 2 testing: 
 
Pair
[0, 1, 2, 0, 0, 0, 1, 0, 0, 0, 0, 1, 0]
[1, 0, 2, 2]
Hand value: 102
------------------------
------------------------
 
Player 1:  
{2 of Diamonds} 
{King of Clubs} 
{7 of Spades} 
{5 of Diamonds} 
{Queen of Hearts} 
 
Player 2:  
{Jack of Hearts} 
{9 of Diamonds} 
{7 of Clubs} 
{3 of Clubs} 
{2 of Hearts} 
 
EvaluateHands() Player 1 testing: 
 
[1, 0, 0, 1, 0, 1, 0, 0, 0, 0, 1, 1, 0]
[1, 1, 1, 2]
Hand value: 11
 
EvaluateHands() Player 2 testing: 
 
[1, 1, 0, 0, 0, 1, 0, 1, 0, 1, 0, 0, 0]
[2, 0, 2, 1]
Hand value: 9
------------------------
------------------------
 
Player 1:  
{Ace of Diamonds} 
{9 of Spades} 
{2 of Hearts} 
{Jack of Spades} 
{7 of Clubs} 
 
Player 2:  
{7 of Diamonds} 
{Ace of Hearts} 
{King of Spades} 
{5 of Spades} 
{4 of Clubs} 
 
EvaluateHands() Player 1 testing: 
 
[1, 0, 0, 0, 0, 1, 0, 1, 0, 1, 0, 0, 1]
[1, 2, 1, 1]
Hand value: 12
 
EvaluateHands() Player 2 testing: 
 
[0, 0, 1, 1, 0, 1, 0, 0, 0, 0, 0, 1, 1]
[1, 2, 1, 1]
Hand value: 12
------------------------
------------------------
 
Player 1:  
{2 of Diamonds} 
{9 of Clubs} 
{Queen of Hearts} 
{Queen of Clubs} 
{8 of Clubs} 
 
Player 2:  
{King of Spades} 
{7 of Clubs} 
{6 of Diamonds} 
{6 of Hearts} 
{Ace of Hearts} 
 
EvaluateHands() Player 1 testing: 
 
Pair
[1, 0, 0, 0, 0, 0, 1, 1, 0, 0, 2, 0, 0]
[3, 0, 1, 1]
Hand value: 110
 
EvaluateHands() Player 2 testing: 
 
Pair
[0, 0, 0, 0, 2, 1, 0, 0, 0, 0, 0, 1, 1]
[1, 1, 2, 1]
Hand value: 104
------------------------
------------------------
 
Player 1:  
{4 of Hearts} 
{7 of Spades} 
{2 of Spades} 
{King of Spades} 
{3 of Diamonds} 
 
Player 2:  
{3 of Clubs} 
{Jack of Clubs} 
{5 of Hearts} 
{2 of Hearts} 
{8 of Spades} 
 
EvaluateHands() Player 1 testing: 
 
[1, 1, 1, 0, 0, 1, 0, 0, 0, 0, 0, 1, 0]
[0, 3, 1, 1]
Hand value: 11
 
EvaluateHands() Player 2 testing: 
 
[1, 1, 0, 1, 0, 0, 1, 0, 0, 1, 0, 0, 0]
[2, 1, 2, 0]
Hand value: 9
------------------------
------------------------
 
Player 1:  
{Jack of Clubs} 
{5 of Hearts} 
{Ace of Spades} 
{4 of Diamonds} 
{Queen of Diamonds} 
 
Player 2:  
{King of Spades} 
{6 of Hearts} 
{6 of Diamonds} 
{2 of Spades} 
{10 of Diamonds} 
 
EvaluateHands() Player 1 testing: 
 
[0, 0, 1, 1, 0, 0, 0, 0, 0, 1, 1, 0, 1]
[1, 1, 1, 2]
Hand value: 12
 
EvaluateHands() Player 2 testing: 
 
Pair
[1, 0, 0, 0, 2, 0, 0, 0, 1, 0, 0, 1, 0]
[0, 2, 1, 2]
Hand value: 104
------------------------
------------------------
 
Player 1:  
{Jack of Hearts} 
{2 of Hearts} 
{6 of Clubs} 
{8 of Diamonds} 
{10 of Clubs} 
 
Player 2:  
{7 of Spades} 
{10 of Spades} 
{Ace of Hearts} 
{8 of Clubs} 
{3 of Clubs} 
 
EvaluateHands() Player 1 testing: 
 
[1, 0, 0, 0, 1, 0, 1, 0, 1, 1, 0, 0, 0]
[2, 0, 2, 1]
Hand value: 9
 
EvaluateHands() Player 2 testing: 
 
[0, 1, 0, 0, 0, 1, 1, 0, 1, 0, 0, 0, 1]
[2, 2, 1, 0]
Hand value: 12
------------------------
------------------------
 
Player 1:  
{5 of Clubs} 
{3 of Diamonds} 
{8 of Clubs} 
{Queen of Spades} 
{Ace of Diamonds} 
 
Player 2:  
{King of Spades} 
{7 of Spades} 
{9 of Clubs} 
{10 of Clubs} 
{7 of Hearts} 
 
EvaluateHands() Player 1 testing: 
 
[0, 1, 0, 1, 0, 0, 1, 0, 0, 0, 1, 0, 1]
[2, 1, 0, 2]
Hand value: 12
 
EvaluateHands() Player 2 testing: 
 
Pair
[0, 0, 0, 0, 0, 2, 0, 1, 1, 0, 0, 1, 0]
[2, 2, 1, 0]
Hand value: 105
------------------------
------------------------
 
Player 1:  
{8 of Clubs} 
{8 of Hearts} 
{5 of Hearts} 
{4 of Hearts} 
{Queen of Diamonds} 
 
Player 2:  
{3 of Diamonds} 
{7 of Clubs} 
{5 of Spades} 
{Queen of Spades} 
{6 of Hearts} 
 
EvaluateHands() Player 1 testing: 
 
Pair
[0, 0, 1, 1, 0, 0, 2, 0, 0, 0, 1, 0, 0]
[1, 0, 3, 1]
Hand value: 106
 
EvaluateHands() Player 2 testing: 
 
[0, 1, 0, 1, 1, 1, 0, 0, 0, 0, 1, 0, 0]
[1, 2, 1, 1]
Hand value: 10
------------------------
------------------------
 
Player 1:  
{Ace of Hearts} 
{Queen of Spades} 
{5 of Hearts} 
{5 of Spades} 
{3 of Diamonds} 
 
Player 2:  
{8 of Spades} 
{Ace of Spades} 
{9 of Diamonds} 
{King of Hearts} 
{4 of Clubs} 
 
EvaluateHands() Player 1 testing: 
 
Pair
[0, 1, 0, 2, 0, 0, 0, 0, 0, 0, 1, 0, 1]
[0, 2, 2, 1]
Hand value: 103
 
EvaluateHands() Player 2 testing: 
 
[0, 0, 1, 0, 0, 0, 1, 1, 0, 0, 0, 1, 1]
[1, 2, 1, 1]
Hand value: 12
------------------------
------------------------
 
Player 1:  
{Jack of Spades} 
{9 of Spades} 
{7 of Spades} 
{Jack of Hearts} 
{9 of Hearts} 
 
Player 2:  
{9 of Diamonds} 
{8 of Diamonds} 
{6 of Hearts} 
{4 of Hearts} 
{Queen of Clubs} 
 
EvaluateHands() Player 1 testing: 
 
Two Pairs
[0, 0, 0, 0, 0, 1, 0, 2, 0, 2, 0, 0, 0]
[0, 3, 2, 0]
Hand value: 209
 
EvaluateHands() Player 2 testing: 
 
[0, 0, 1, 0, 1, 0, 1, 1, 0, 0, 1, 0, 0]
[1, 0, 2, 2]
Hand value: 10
------------------------
------------------------
 
Player 1:  
{Queen of Hearts} 
{3 of Hearts} 
{Jack of Diamonds} 
{2 of Clubs} 
{9 of Spades} 
 
Player 2:  
{Jack of Clubs} 
{5 of Spades} 
{Ace of Diamonds} 
{8 of Hearts} 
{Queen of Spades} 
 
EvaluateHands() Player 1 testing: 
 
[1, 1, 0, 0, 0, 0, 0, 1, 0, 1, 1, 0, 0]
[1, 1, 2, 1]
Hand value: 10
 
EvaluateHands() Player 2 testing: 
 
[0, 0, 0, 1, 0, 0, 1, 0, 0, 1, 1, 0, 1]
[1, 2, 1, 1]
Hand value: 12
------------------------
------------------------
 
Player 1:  
{7 of Clubs} 
{7 of Spades} 
{9 of Diamonds} 
{4 of Hearts} 
{5 of Clubs} 
 
Player 2:  
{9 of Clubs} 
{8 of Hearts} 
{4 of Spades} 
{King of Clubs} 
{8 of Diamonds} 
 
EvaluateHands() Player 1 testing: 
 
Pair
[0, 0, 1, 1, 0, 2, 0, 1, 0, 0, 0, 0, 0]
[2, 1, 1, 1]
Hand value: 105
 
EvaluateHands() Player 2 testing: 
 
Pair
[0, 0, 1, 0, 0, 0, 2, 1, 0, 0, 0, 1, 0]
[2, 1, 1, 1]
Hand value: 106
------------------------
------------------------
 
Player 1:  
{2 of Hearts} 
{3 of Clubs} 
{9 of Clubs} 
{Jack of Diamonds} 
{Queen of Hearts} 
 
Player 2:  
{3 of Diamonds} 
{7 of Diamonds} 
{10 of Diamonds} 
{Queen of Clubs} 
{King of Spades} 
 
EvaluateHands() Player 1 testing: 
 
[1, 1, 0, 0, 0, 0, 0, 1, 0, 1, 1, 0, 0]
[2, 0, 2, 1]
Hand value: 10
 
EvaluateHands() Player 2 testing: 
 
[0, 1, 0, 0, 0, 1, 0, 0, 1, 0, 1, 1, 0]
[1, 1, 0, 3]
Hand value: 11
------------------------
------------------------
 
Player 1:  
{2 of Spades} 
{3 of Hearts} 
{Ace of Hearts} 
{10 of Spades} 
{7 of Clubs} 
 
Player 2:  
{Jack of Clubs} 
{2 of Diamonds} 
{King of Diamonds} 
{Ace of Diamonds} 
{Queen of Spades} 
 
EvaluateHands() Player 1 testing: 
 
[1, 1, 0, 0, 0, 1, 0, 0, 1, 0, 0, 0, 1]
[1, 2, 2, 0]
Hand value: 12
 
EvaluateHands() Player 2 testing: 
 
[1, 0, 0, 0, 0, 0, 0, 0, 0, 1, 1, 1, 1]
[1, 1, 0, 3]
Hand value: 12
------------------------
------------------------
 
Player 1:  
{10 of Clubs} 
{2 of Spades} 
{5 of Diamonds} 
{6 of Spades} 
{8 of Clubs} 
 
Player 2:  
{6 of Clubs} 
{2 of Hearts} 
{10 of Spades} 
{6 of Diamonds} 
{8 of Diamonds} 
 
EvaluateHands() Player 1 testing: 
 
[1, 0, 0, 1, 1, 0, 1, 0, 1, 0, 0, 0, 0]
[2, 2, 0, 1]
Hand value: 8
 
EvaluateHands() Player 2 testing: 
 
Pair
[1, 0, 0, 0, 2, 0, 1, 0, 1, 0, 0, 0, 0]
[1, 1, 1, 2]
Hand value: 104
------------------------
------------------------
 
Player 1:  
{9 of Clubs} 
{King of Hearts} 
{6 of Diamonds} 
{King of Diamonds} 
{5 of Spades} 
 
Player 2:  
{Queen of Hearts} 
{Jack of Clubs} 
{5 of Hearts} 
{7 of Spades} 
{8 of Clubs} 
 
EvaluateHands() Player 1 testing: 
 
Pair
[0, 0, 0, 1, 1, 0, 0, 1, 0, 0, 0, 2, 0]
[1, 1, 1, 2]
Hand value: 111
 
EvaluateHands() Player 2 testing: 
 
[0, 0, 0, 1, 0, 1, 1, 0, 0, 1, 1, 0, 0]
[2, 1, 2, 0]
Hand value: 10
------------------------
------------------------
 
Player 1:  
{Ace of Diamonds} 
{4 of Spades} 
{6 of Diamonds} 
{5 of Clubs} 
{7 of Spades} 
 
Player 2:  
{4 of Hearts} 
{King of Diamonds} 
{9 of Clubs} 
{10 of Clubs} 
{Queen of Hearts} 
 
EvaluateHands() Player 1 testing: 
 
[0, 0, 1, 1, 1, 1, 0, 0, 0, 0, 0, 0, 1]
[1, 2, 0, 2]
Hand value: 12
 
EvaluateHands() Player 2 testing: 
 
[0, 0, 1, 0, 0, 0, 0, 1, 1, 0, 1, 1, 0]
[2, 0, 2, 1]
Hand value: 11
------------------------
------------------------
 
Player 1:  
{Ace of Hearts} 
{2 of Diamonds} 
{9 of Diamonds} 
{10 of Clubs} 
{4 of Clubs} 
 
Player 2:  
{8 of Clubs} 
{10 of Hearts} 
{7 of Clubs} 
{Jack of Spades} 
{9 of Clubs} 
 
EvaluateHands() Player 1 testing: 
 
[1, 0, 1, 0, 0, 0, 0, 1, 1, 0, 0, 0, 1]
[2, 0, 1, 2]
Hand value: 12
 
EvaluateHands() Player 2 testing: 
 
Straight
[0, 0, 0, 0, 0, 1, 1, 1, 1, 1, 0, 0, 0]
[3, 1, 1, 0]
Hand value: 409
------------------------
------------------------
 
Player 1:  
{5 of Hearts} 
{King of Spades} 
{10 of Spades} 
{3 of Clubs} 
{Ace of Spades} 
 
Player 2:  
{9 of Diamonds} 
{6 of Diamonds} 
{7 of Diamonds} 
{9 of Spades} 
{4 of Clubs} 
 
EvaluateHands() Player 1 testing: 
 
[0, 1, 0, 1, 0, 0, 0, 0, 1, 0, 0, 1, 1]
[1, 3, 1, 0]
Hand value: 12
 
EvaluateHands() Player 2 testing: 
 
Pair
[0, 0, 1, 0, 1, 1, 0, 2, 0, 0, 0, 0, 0]
[1, 1, 0, 3]
Hand value: 107
------------------------
------------------------
 
Player 1:  
{5 of Diamonds} 
{Ace of Clubs} 
{9 of Spades} 
{Ace of Spades} 
{Jack of Diamonds} 
 
Player 2:  
{7 of Spades} 
{7 of Diamonds} 
{10 of Hearts} 
{2 of Diamonds} 
{10 of Diamonds} 
 
EvaluateHands() Player 1 testing: 
 
Pair
[0, 0, 0, 1, 0, 0, 0, 1, 0, 1, 0, 0, 2]
[1, 2, 0, 2]
Hand value: 112
 
EvaluateHands() Player 2 testing: 
 
Two Pairs
[1, 0, 0, 0, 0, 2, 0, 0, 2, 0, 0, 0, 0]
[0, 1, 1, 3]
Hand value: 208
------------------------
------------------------
 
Player 1:  
{9 of Hearts} 
{7 of Spades} 
{Jack of Clubs} 
{Queen of Clubs} 
{7 of Diamonds} 
 
Player 2:  
{10 of Spades} 
{3 of Spades} 
{6 of Spades} 
{3 of Diamonds} 
{8 of Diamonds} 
 
EvaluateHands() Player 1 testing: 
 
Pair
[0, 0, 0, 0, 0, 2, 0, 1, 0, 1, 1, 0, 0]
[2, 1, 1, 1]
Hand value: 105
 
EvaluateHands() Player 2 testing: 
 
Pair
[0, 2, 0, 0, 1, 0, 1, 0, 1, 0, 0, 0, 0]
[0, 3, 0, 2]
Hand value: 101
------------------------
------------------------
 
Player 1:  
{8 of Spades} 
{2 of Spades} 
{Queen of Diamonds} 
{King of Diamonds} 
{4 of Hearts} 
 
Player 2:  
{Ace of Spades} 
{Jack of Hearts} 
{6 of Clubs} 
{8 of Hearts} 
{5 of Spades} 
 
EvaluateHands() Player 1 testing: 
 
[1, 0, 1, 0, 0, 0, 1, 0, 0, 0, 1, 1, 0]
[0, 2, 1, 2]
Hand value: 11
 
EvaluateHands() Player 2 testing: 
 
[0, 0, 0, 1, 1, 0, 1, 0, 0, 1, 0, 0, 1]
[1, 2, 2, 0]
Hand value: 12
------------------------
------------------------
 
Player 1:  
{Queen of Hearts} 
{King of Diamonds} 
{4 of Clubs} 
{5 of Spades} 
{8 of Clubs} 
 
Player 2:  
{10 of Clubs} 
{7 of Diamonds} 
{6 of Spades} 
{2 of Clubs} 
{5 of Clubs} 
 
EvaluateHands() Player 1 testing: 
 
[0, 0, 1, 1, 0, 0, 1, 0, 0, 0, 1, 1, 0]
[2, 1, 1, 1]
Hand value: 11
 
EvaluateHands() Player 2 testing: 
 
[1, 0, 0, 1, 1, 1, 0, 0, 1, 0, 0, 0, 0]
[3, 1, 0, 1]
Hand value: 8
------------------------
------------------------
 
Player 1:  
{8 of Spades} 
{5 of Hearts} 
{5 of Clubs} 
{King of Hearts} 
{Queen of Spades} 
 
Player 2:  
{King of Diamonds} 
{9 of Diamonds} 
{Jack of Clubs} 
{6 of Clubs} 
{2 of Hearts} 
 
EvaluateHands() Player 1 testing: 
 
Pair
[0, 0, 0, 2, 0, 0, 1, 0, 0, 0, 1, 1, 0]
[1, 2, 2, 0]
Hand value: 103
 
EvaluateHands() Player 2 testing: 
 
[1, 0, 0, 0, 1, 0, 0, 1, 0, 1, 0, 1, 0]
[2, 0, 1, 2]
Hand value: 11
------------------------
------------------------
 
Player 1:  
{8 of Diamonds} 
{5 of Diamonds} 
{Ace of Diamonds} 
{9 of Diamonds} 
{4 of Spades} 
 
Player 2:  
{7 of Spades} 
{Queen of Clubs} 
{Ace of Clubs} 
{2 of Hearts} 
{7 of Diamonds} 
 
EvaluateHands() Player 1 testing: 
 
[0, 0, 1, 1, 0, 0, 1, 1, 0, 0, 0, 0, 1]
[0, 1, 0, 4]
Hand value: 12
 
EvaluateHands() Player 2 testing: 
 
Pair
[1, 0, 0, 0, 0, 2, 0, 0, 0, 0, 1, 0, 1]
[2, 1, 1, 1]
Hand value: 105
------------------------
------------------------
 
Player 1:  
{8 of Clubs} 
{Queen of Clubs} 
{Jack of Diamonds} 
{7 of Clubs} 
{2 of Hearts} 
 
Player 2:  
{2 of Diamonds} 
{9 of Hearts} 
{7 of Spades} 
{Jack of Hearts} 
{5 of Diamonds} 
 
EvaluateHands() Player 1 testing: 
 
[1, 0, 0, 0, 0, 1, 1, 0, 0, 1, 1, 0, 0]
[3, 0, 1, 1]
Hand value: 10
 
EvaluateHands() Player 2 testing: 
 
[1, 0, 0, 1, 0, 1, 0, 1, 0, 1, 0, 0, 0]
[0, 1, 2, 2]
Hand value: 9
------------------------
------------------------
 
Player 1:  
{6 of Clubs} 
{Queen of Hearts} 
{9 of Spades} 
{Ace of Clubs} 
{Ace of Hearts} 
 
Player 2:  
{4 of Hearts} 
{9 of Hearts} 
{2 of Diamonds} 
{4 of Diamonds} 
{2 of Spades} 
 
EvaluateHands() Player 1 testing: 
 
Pair
[0, 0, 0, 0, 1, 0, 0, 1, 0, 0, 1, 0, 2]
[2, 1, 2, 0]
Hand value: 112
 
EvaluateHands() Player 2 testing: 
 
Two Pairs
[2, 0, 2, 0, 0, 0, 0, 1, 0, 0, 0, 0, 0]
[0, 1, 2, 2]
Hand value: 207
------------------------
------------------------
 
Player 1:  
{Ace of Clubs} 
{3 of Hearts} 
{8 of Clubs} 
{6 of Diamonds} 
{8 of Hearts} 
 
Player 2:  
{2 of Spades} 
{5 of Hearts} 
{King of Hearts} 
{5 of Diamonds} 
{10 of Hearts} 
 
EvaluateHands() Player 1 testing: 
 
Pair
[0, 1, 0, 0, 1, 0, 2, 0, 0, 0, 0, 0, 1]
[2, 0, 2, 1]
Hand value: 106
 
EvaluateHands() Player 2 testing: 
 
Pair
[1, 0, 0, 2, 0, 0, 0, 0, 1, 0, 0, 1, 0]
[0, 1, 3, 1]
Hand value: 103
------------------------
------------------------
 
Player 1:  
{9 of Spades} 
{9 of Clubs} 
{9 of Hearts} 
{Jack of Clubs} 
{Ace of Spades} 
 
Player 2:  
{8 of Spades} 
{7 of Diamonds} 
{5 of Hearts} 
{10 of Spades} 
{3 of Diamonds} 
 
EvaluateHands() Player 1 testing: 
 
Three of a Kind
[0, 0, 0, 0, 0, 0, 0, 3, 0, 1, 0, 0, 1]
[2, 2, 1, 0]
Hand value: 307
 
EvaluateHands() Player 2 testing: 
 
[0, 1, 0, 1, 0, 1, 1, 0, 1, 0, 0, 0, 0]
[0, 2, 1, 2]
Hand value: 8
------------------------
------------------------
 
Player 1:  
{4 of Clubs} 
{2 of Diamonds} 
{7 of Clubs} 
{6 of Diamonds} 
{9 of Diamonds} 
 
Player 2:  
{Ace of Spades} 
{Queen of Clubs} 
{3 of Hearts} 
{Ace of Diamonds} 
{Queen of Diamonds} 
 
EvaluateHands() Player 1 testing: 
 
[1, 0, 1, 0, 1, 1, 0, 1, 0, 0, 0, 0, 0]
[2, 0, 0, 3]
Hand value: 7
 
EvaluateHands() Player 2 testing: 
 
Pair
[0, 1, 0, 0, 0, 0, 0, 0, 0, 0, 2, 0, 2]
[1, 1, 1, 2]
Hand value: 110
------------------------
------------------------
 
Player 1:  
{10 of Clubs} 
{8 of Diamonds} 
{Jack of Hearts} 
{5 of Spades} 
{10 of Diamonds} 
 
Player 2:  
{Ace of Hearts} 
{Queen of Hearts} 
{8 of Hearts} 
{9 of Diamonds} 
{7 of Diamonds} 
 
EvaluateHands() Player 1 testing: 
 
Pair
[0, 0, 0, 1, 0, 0, 1, 0, 2, 1, 0, 0, 0]
[1, 1, 1, 2]
Hand value: 108
 
EvaluateHands() Player 2 testing: 
 
[0, 0, 0, 0, 0, 1, 1, 1, 0, 0, 1, 0, 1]
[0, 0, 3, 2]
Hand value: 12
------------------------
------------------------
 
Player 1:  
{Jack of Spades} 
{5 of Diamonds} 
{8 of Hearts} 
{2 of Hearts} 
{Queen of Hearts} 
 
Player 2:  
{4 of Diamonds} 
{6 of Diamonds} 
{3 of Hearts} 
{10 of Clubs} 
{10 of Hearts} 
 
EvaluateHands() Player 1 testing: 
 
[1, 0, 0, 1, 0, 0, 1, 0, 0, 1, 1, 0, 0]
[0, 1, 3, 1]
Hand value: 10
 
EvaluateHands() Player 2 testing: 
 
Pair
[0, 1, 1, 0, 1, 0, 0, 0, 2, 0, 0, 0, 0]
[1, 0, 2, 2]
Hand value: 108
------------------------
------------------------
 
Player 1:  
{2 of Hearts} 
{Queen of Spades} 
{4 of Clubs} 
{7 of Diamonds} 
{3 of Clubs} 
 
Player 2:  
{Ace of Hearts} 
{Queen of Clubs} 
{8 of Diamonds} 
{Jack of Clubs} 
{4 of Spades} 
 
EvaluateHands() Player 1 testing: 
 
[1, 1, 1, 0, 0, 1, 0, 0, 0, 0, 1, 0, 0]
[2, 1, 1, 1]
Hand value: 10
 
EvaluateHands() Player 2 testing: 
 
[0, 0, 1, 0, 0, 0, 1, 0, 0, 1, 1, 0, 1]
[2, 1, 1, 1]
Hand value: 12
------------------------
------------------------
 
Player 1:  
{3 of Hearts} 
{4 of Diamonds} 
{5 of Spades} 
{King of Spades} 
{Queen of Hearts} 
 
Player 2:  
{10 of Hearts} 
{King of Hearts} 
{3 of Spades} 
{King of Diamonds} 
{10 of Spades} 
 
EvaluateHands() Player 1 testing: 
 
[0, 1, 1, 1, 0, 0, 0, 0, 0, 0, 1, 1, 0]
[0, 2, 2, 1]
Hand value: 11
 
EvaluateHands() Player 2 testing: 
 
Two Pairs
[0, 1, 0, 0, 0, 0, 0, 0, 2, 0, 0, 2, 0]
[0, 2, 2, 1]
Hand value: 211
------------------------
------------------------
 
Player 1:  
{2 of Diamonds} 
{10 of Clubs} 
{Ace of Hearts} 
{4 of Clubs} 
{3 of Spades} 
 
Player 2:  
{6 of Diamonds} 
{8 of Diamonds} 
{5 of Diamonds} 
{7 of Diamonds} 
{Jack of Diamonds} 
 
EvaluateHands() Player 1 testing: 
 
[1, 1, 1, 0, 0, 0, 0, 0, 1, 0, 0, 0, 1]
[2, 1, 1, 1]
Hand value: 12
 
EvaluateHands() Player 2 testing: 
 
Flush
[0, 0, 0, 1, 1, 1, 1, 0, 0, 1, 0, 0, 0]
[0, 0, 0, 5]
Hand value: 509
------------------------
------------------------
 
Player 1:  
{2 of Hearts} 
{6 of Spades} 
{2 of Spades} 
{9 of Hearts} 
{Queen of Hearts} 
 
Player 2:  
{8 of Hearts} 
{Jack of Diamonds} 
{King of Hearts} 
{5 of Hearts} 
{Ace of Clubs} 
 
EvaluateHands() Player 1 testing: 
 
Pair
[2, 0, 0, 0, 1, 0, 0, 1, 0, 0, 1, 0, 0]
[0, 2, 3, 0]
Hand value: 100
 
EvaluateHands() Player 2 testing: 
 
[0, 0, 0, 1, 0, 0, 1, 0, 0, 1, 0, 1, 1]
[1, 0, 3, 1]
Hand value: 12
------------------------
------------------------
 
Player 1:  
{8 of Clubs} 
{9 of Spades} 
{10 of Hearts} 
{4 of Clubs} 
{Ace of Hearts} 
 
Player 2:  
{9 of Hearts} 
{8 of Diamonds} 
{9 of Diamonds} 
{4 of Diamonds} 
{Jack of Clubs} 
 
EvaluateHands() Player 1 testing: 
 
[0, 0, 1, 0, 0, 0, 1, 1, 1, 0, 0, 0, 1]
[2, 1, 2, 0]
Hand value: 12
 
EvaluateHands() Player 2 testing: 
 
Pair
[0, 0, 1, 0, 0, 0, 1, 2, 0, 1, 0, 0, 0]
[1, 0, 1, 3]
Hand value: 107
------------------------
------------------------
 
Player 1:  
{10 of Diamonds} 
{King of Clubs} 
{5 of Hearts} 
{2 of Clubs} 
{2 of Spades} 
 
Player 2:  
{Ace of Clubs} 
{2 of Diamonds} 
{7 of Hearts} 
{3 of Spades} 
{7 of Diamonds} 
 
EvaluateHands() Player 1 testing: 
 
Pair
[2, 0, 0, 1, 0, 0, 0, 0, 1, 0, 0, 1, 0]
[2, 1, 1, 1]
Hand value: 100
 
EvaluateHands() Player 2 testing: 
 
Pair
[1, 1, 0, 0, 0, 2, 0, 0, 0, 0, 0, 0, 1]
[1, 1, 1, 2]
Hand value: 105
------------------------
------------------------
 
Player 1:  
{3 of Diamonds} 
{Queen of Hearts} 
{King of Spades} 
{Jack of Hearts} 
{10 of Hearts} 
 
Player 2:  
{King of Clubs} 
{Queen of Clubs} 
{2 of Spades} 
{9 of Diamonds} 
{9 of Spades} 
 
EvaluateHands() Player 1 testing: 
 
[0, 1, 0, 0, 0, 0, 0, 0, 1, 1, 1, 1, 0]
[0, 1, 3, 1]
Hand value: 11
 
EvaluateHands() Player 2 testing: 
 
Pair
[1, 0, 0, 0, 0, 0, 0, 2, 0, 0, 1, 1, 0]
[2, 2, 0, 1]
Hand value: 107
------------------------
------------------------
 
Player 1:  
{King of Diamonds} 
{2 of Diamonds} 
{7 of Hearts} 
{Ace of Hearts} 
{2 of Hearts} 
 
Player 2:  
{9 of Hearts} 
{8 of Diamonds} 
{Queen of Hearts} 
{10 of Hearts} 
{7 of Clubs} 
 
EvaluateHands() Player 1 testing: 
 
Pair
[2, 0, 0, 0, 0, 1, 0, 0, 0, 0, 0, 1, 1]
[0, 0, 3, 2]
Hand value: 100
 
EvaluateHands() Player 2 testing: 
 
[0, 0, 0, 0, 0, 1, 1, 1, 1, 0, 1, 0, 0]
[1, 0, 3, 1]
Hand value: 10
------------------------
------------------------
 
Player 1:  
{10 of Spades} 
{9 of Clubs} 
{King of Spades} 
{10 of Clubs} 
{8 of Diamonds} 
 
Player 2:  
{7 of Diamonds} 
{2 of Diamonds} 
{4 of Clubs} 
{King of Diamonds} 
{Ace of Diamonds} 
 
EvaluateHands() Player 1 testing: 
 
Pair
[0, 0, 0, 0, 0, 0, 1, 1, 2, 0, 0, 1, 0]
[2, 2, 0, 1]
Hand value: 108
 
EvaluateHands() Player 2 testing: 
 
[1, 0, 1, 0, 0, 1, 0, 0, 0, 0, 0, 1, 1]
[1, 0, 0, 4]
Hand value: 12
------------------------
------------------------
 
Player 1:  
{7 of Diamonds} 
{8 of Hearts} 
{Queen of Spades} 
{3 of Clubs} 
{3 of Diamonds} 
 
Player 2:  
{9 of Clubs} 
{6 of Hearts} 
{2 of Clubs} 
{Ace of Diamonds} 
{5 of Hearts} 
 
EvaluateHands() Player 1 testing: 
 
Pair
[0, 2, 0, 0, 0, 1, 1, 0, 0, 0, 1, 0, 0]
[1, 1, 1, 2]
Hand value: 101
 
EvaluateHands() Player 2 testing: 
 
[1, 0, 0, 1, 1, 0, 0, 1, 0, 0, 0, 0, 1]
[2, 0, 2, 1]
Hand value: 12
------------------------
------------------------
 
Player 1:  
{9 of Hearts} 
{6 of Spades} 
{7 of Hearts} 
{10 of Spades} 
{Jack of Hearts} 
 
Player 2:  
{King of Clubs} 
{Ace of Spades} 
{5 of Clubs} 
{2 of Hearts} 
{Ace of Diamonds} 
 
EvaluateHands() Player 1 testing: 
 
[0, 0, 0, 0, 1, 1, 0, 1, 1, 1, 0, 0, 0]
[0, 2, 3, 0]
Hand value: 9
 
EvaluateHands() Player 2 testing: 
 
Pair
[1, 0, 0, 1, 0, 0, 0, 0, 0, 0, 0, 1, 2]
[2, 1, 1, 1]
Hand value: 112
------------------------
------------------------
 
Player 1:  
{3 of Spades} 
{3 of Diamonds} 
{King of Spades} 
{10 of Hearts} 
{Jack of Diamonds} 
 
Player 2:  
{7 of Spades} 
{Ace of Diamonds} 
{8 of Spades} 
{5 of Clubs} 
{King of Hearts} 
 
EvaluateHands() Player 1 testing: 
 
Pair
[0, 2, 0, 0, 0, 0, 0, 0, 1, 1, 0, 1, 0]
[0, 2, 1, 2]
Hand value: 101
 
EvaluateHands() Player 2 testing: 
 
[0, 0, 0, 1, 0, 1, 1, 0, 0, 0, 0, 1, 1]
[1, 2, 1, 1]
Hand value: 12
------------------------
------------------------
 
Player 1:  
{Ace of Spades} 
{Queen of Spades} 
{4 of Clubs} 
{King of Hearts} 
{10 of Clubs} 
 
Player 2:  
{8 of Clubs} 
{7 of Hearts} 
{3 of Spades} 
{10 of Diamonds} 
{4 of Hearts} 
 
EvaluateHands() Player 1 testing: 
 
[0, 0, 1, 0, 0, 0, 0, 0, 1, 0, 1, 1, 1]
[2, 2, 1, 0]
Hand value: 12
 
EvaluateHands() Player 2 testing: 
 
[0, 1, 1, 0, 0, 1, 1, 0, 1, 0, 0, 0, 0]
[1, 1, 2, 1]
Hand value: 8
------------------------
------------------------
 
Player 1:  
{8 of Clubs} 
{5 of Spades} 
{5 of Hearts} 
{8 of Spades} 
{10 of Spades} 
 
Player 2:  
{Ace of Spades} 
{10 of Clubs} 
{Ace of Diamonds} 
{King of Spades} 
{Jack of Hearts} 
 
EvaluateHands() Player 1 testing: 
 
Two Pairs
[0, 0, 0, 2, 0, 0, 2, 0, 1, 0, 0, 0, 0]
[1, 3, 1, 0]
Hand value: 208
 
EvaluateHands() Player 2 testing: 
 
Pair
[0, 0, 0, 0, 0, 0, 0, 0, 1, 1, 0, 1, 2]
[1, 2, 1, 1]
Hand value: 112
------------------------
------------------------
 
Player 1:  
{7 of Diamonds} 
{2 of Spades} 
{Jack of Clubs} 
{3 of Hearts} 
{7 of Clubs} 
 
Player 2:  
{3 of Diamonds} 
{4 of Spades} 
{6 of Clubs} 
{3 of Spades} 
{8 of Hearts} 
 
EvaluateHands() Player 1 testing: 
 
Pair
[1, 1, 0, 0, 0, 2, 0, 0, 0, 1, 0, 0, 0]
[2, 1, 1, 1]
Hand value: 105
 
EvaluateHands() Player 2 testing: 
 
Pair
[0, 2, 1, 0, 1, 0, 1, 0, 0, 0, 0, 0, 0]
[1, 2, 1, 1]
Hand value: 101
------------------------
------------------------
 
Player 1:  
{6 of Hearts} 
{5 of Diamonds} 
{5 of Clubs} 
{Ace of Hearts} 
{10 of Diamonds} 
 
Player 2:  
{2 of Hearts} 
{Jack of Clubs} 
{8 of Hearts} 
{Jack of Spades} 
{King of Spades} 
 
EvaluateHands() Player 1 testing: 
 
Pair
[0, 0, 0, 2, 1, 0, 0, 0, 1, 0, 0, 0, 1]
[1, 0, 2, 2]
Hand value: 103
 
EvaluateHands() Player 2 testing: 
 
Pair
[1, 0, 0, 0, 0, 0, 1, 0, 0, 2, 0, 1, 0]
[1, 2, 2, 0]
Hand value: 109
------------------------
------------------------
 
Player 1:  
{Jack of Spades} 
{8 of Hearts} 
{6 of Clubs} 
{6 of Hearts} 
{5 of Clubs} 
 
Player 2:  
{Ace of Hearts} 
{King of Diamonds} 
{9 of Clubs} 
{6 of Spades} 
{Queen of Hearts} 
 
EvaluateHands() Player 1 testing: 
 
Pair
[0, 0, 0, 1, 2, 0, 1, 0, 0, 1, 0, 0, 0]
[2, 1, 2, 0]
Hand value: 104
 
EvaluateHands() Player 2 testing: 
 
[0, 0, 0, 0, 1, 0, 0, 1, 0, 0, 1, 1, 1]
[1, 1, 2, 1]
Hand value: 12
------------------------
------------------------
 
Player 1:  
{3 of Spades} 
{6 of Diamonds} 
{10 of Clubs} 
{7 of Spades} 
{8 of Spades} 
 
Player 2:  
{4 of Hearts} 
{4 of Diamonds} 
{King of Hearts} 
{2 of Diamonds} 
{2 of Spades} 
 
EvaluateHands() Player 1 testing: 
 
[0, 1, 0, 0, 1, 1, 1, 0, 1, 0, 0, 0, 0]
[1, 3, 0, 1]
Hand value: 8
 
EvaluateHands() Player 2 testing: 
 
Two Pairs
[2, 0, 2, 0, 0, 0, 0, 0, 0, 0, 0, 1, 0]
[0, 1, 2, 2]
Hand value: 211
------------------------
------------------------
 
Player 1:  
{7 of Hearts} 
{5 of Spades} 
{3 of Diamonds} 
{Jack of Spades} 
{10 of Spades} 
 
Player 2:  
{2 of Spades} 
{Queen of Diamonds} 
{Jack of Diamonds} 
{King of Diamonds} 
{8 of Clubs} 
 
EvaluateHands() Player 1 testing: 
 
[0, 1, 0, 1, 0, 1, 0, 0, 1, 1, 0, 0, 0]
[0, 3, 1, 1]
Hand value: 9
 
EvaluateHands() Player 2 testing: 
 
[1, 0, 0, 0, 0, 0, 1, 0, 0, 1, 1, 1, 0]
[1, 1, 0, 3]
Hand value: 11
------------------------
------------------------
 
Player 1:  
{King of Hearts} 
{Jack of Hearts} 
{8 of Hearts} 
{6 of Hearts} 
{Ace of Hearts} 
 
Player 2:  
{2 of Clubs} 
{7 of Hearts} 
{King of Clubs} 
{9 of Hearts} 
{3 of Spades} 
 
EvaluateHands() Player 1 testing: 
 
Flush
[0, 0, 0, 0, 1, 0, 1, 0, 0, 1, 0, 1, 1]
[0, 0, 5, 0]
Hand value: 512
 
EvaluateHands() Player 2 testing: 
 
[1, 1, 0, 0, 0, 1, 0, 1, 0, 0, 0, 1, 0]
[2, 1, 2, 0]
Hand value: 11
------------------------
------------------------
 
Player 1:  
{10 of Diamonds} 
{3 of Clubs} 
{Jack of Clubs} 
{9 of Spades} 
{2 of Hearts} 
 
Player 2:  
{6 of Hearts} 
{3 of Diamonds} 
{2 of Spades} 
{2 of Diamonds} 
{9 of Clubs} 
 
EvaluateHands() Player 1 testing: 
 
[1, 1, 0, 0, 0, 0, 0, 1, 1, 1, 0, 0, 0]
[2, 1, 1, 1]
Hand value: 9
 
EvaluateHands() Player 2 testing: 
 
Pair
[2, 1, 0, 0, 1, 0, 0, 1, 0, 0, 0, 0, 0]
[1, 1, 1, 2]
Hand value: 100
------------------------
------------------------
 
Player 1:  
{3 of Clubs} 
{10 of Clubs} 
{2 of Clubs} 
{Jack of Diamonds} 
{10 of Hearts} 
 
Player 2:  
{Jack of Hearts} 
{8 of Hearts} 
{Jack of Spades} 
{4 of Hearts} 
{8 of Spades} 
 
EvaluateHands() Player 1 testing: 
 
Pair
[1, 1, 0, 0, 0, 0, 0, 0, 2, 1, 0, 0, 0]
[3, 0, 1, 1]
Hand value: 108
 
EvaluateHands() Player 2 testing: 
 
Two Pairs
[0, 0, 1, 0, 0, 0, 2, 0, 0, 2, 0, 0, 0]
[0, 2, 3, 0]
Hand value: 209
------------------------
------------------------
 
Player 1:  
{3 of Clubs} 
{2 of Spades} 
{8 of Spades} 
{6 of Diamonds} 
{5 of Diamonds} 
 
Player 2:  
{4 of Hearts} 
{8 of Diamonds} 
{Ace of Clubs} 
{10 of Spades} 
{7 of Clubs} 
 
EvaluateHands() Player 1 testing: 
 
[1, 1, 0, 1, 1, 0, 1, 0, 0, 0, 0, 0, 0]
[1, 2, 0, 2]
Hand value: 6
 
EvaluateHands() Player 2 testing: 
 
[0, 0, 1, 0, 0, 1, 1, 0, 1, 0, 0, 0, 1]
[2, 1, 1, 1]
Hand value: 12
------------------------
------------------------
 
Player 1:  
{Ace of Diamonds} 
{Queen of Hearts} 
{Jack of Hearts} 
{Ace of Spades} 
{Queen of Diamonds} 
 
Player 2:  
{8 of Diamonds} 
{2 of Diamonds} 
{5 of Diamonds} 
{3 of Diamonds} 
{5 of Spades} 
 
EvaluateHands() Player 1 testing: 
 
Pair
[0, 0, 0, 0, 0, 0, 0, 0, 0, 1, 2, 0, 2]
[0, 1, 2, 2]
Hand value: 110
 
EvaluateHands() Player 2 testing: 
 
Pair
[1, 1, 0, 2, 0, 0, 1, 0, 0, 0, 0, 0, 0]
[0, 1, 0, 4]
Hand value: 103
------------------------
------------------------
 
Player 1:  
{3 of Hearts} 
{8 of Diamonds} 
{8 of Hearts} 
{King of Spades} 
{5 of Clubs} 
 
Player 2:  
{9 of Clubs} 
{2 of Diamonds} 
{Jack of Hearts} 
{5 of Spades} 
{9 of Diamonds} 
 
EvaluateHands() Player 1 testing: 
 
Pair
[0, 1, 0, 1, 0, 0, 2, 0, 0, 0, 0, 1, 0]
[1, 1, 2, 1]
Hand value: 106
 
EvaluateHands() Player 2 testing: 
 
Pair
[1, 0, 0, 1, 0, 0, 0, 2, 0, 1, 0, 0, 0]
[1, 1, 1, 2]
Hand value: 107
------------------------
------------------------
 
Player 1:  
{6 of Clubs} 
{8 of Spades} 
{King of Spades} 
{10 of Clubs} 
{7 of Diamonds} 
 
Player 2:  
{Jack of Clubs} 
{Queen of Diamonds} 
{8 of Diamonds} 
{Jack of Hearts} 
{10 of Diamonds} 
 
EvaluateHands() Player 1 testing: 
 
[0, 0, 0, 0, 1, 1, 1, 0, 1, 0, 0, 1, 0]
[2, 2, 0, 1]
Hand value: 11
 
EvaluateHands() Player 2 testing: 
 
Pair
[0, 0, 0, 0, 0, 0, 1, 0, 1, 2, 1, 0, 0]
[1, 0, 1, 3]
Hand value: 109
------------------------
------------------------
 
Player 1:  
{5 of Hearts} 
{Ace of Hearts} 
{King of Diamonds} 
{2 of Spades} 
{King of Hearts} 
 
Player 2:  
{2 of Hearts} 
{6 of Hearts} 
{Jack of Diamonds} 
{2 of Clubs} 
{6 of Clubs} 
 
EvaluateHands() Player 1 testing: 
 
Pair
[1, 0, 0, 1, 0, 0, 0, 0, 0, 0, 0, 2, 1]
[0, 1, 3, 1]
Hand value: 111
 
EvaluateHands() Player 2 testing: 
 
Two Pairs
[2, 0, 0, 0, 2, 0, 0, 0, 0, 1, 0, 0, 0]
[2, 0, 2, 1]
Hand value: 209
------------------------
------------------------
 
Player 1:  
{6 of Diamonds} 
{5 of Spades} 
{4 of Diamonds} 
{Ace of Hearts} 
{5 of Clubs} 
 
Player 2:  
{3 of Diamonds} 
{9 of Diamonds} 
{6 of Spades} 
{7 of Hearts} 
{8 of Diamonds} 
 
EvaluateHands() Player 1 testing: 
 
Pair
[0, 0, 1, 2, 1, 0, 0, 0, 0, 0, 0, 0, 1]
[1, 1, 1, 2]
Hand value: 103
 
EvaluateHands() Player 2 testing: 
 
[0, 1, 0, 0, 1, 1, 1, 1, 0, 0, 0, 0, 0]
[0, 1, 1, 3]
Hand value: 7
------------------------
------------------------
 
Player 1:  
{4 of Diamonds} 
{8 of Clubs} 
{King of Diamonds} 
{2 of Spades} 
{5 of Spades} 
 
Player 2:  
{6 of Hearts} 
{2 of Hearts} 
{King of Clubs} 
{6 of Spades} 
{8 of Hearts} 
 
EvaluateHands() Player 1 testing: 
 
[1, 0, 1, 1, 0, 0, 1, 0, 0, 0, 0, 1, 0]
[1, 2, 0, 2]
Hand value: 11
 
EvaluateHands() Player 2 testing: 
 
Pair
[1, 0, 0, 0, 2, 0, 1, 0, 0, 0, 0, 1, 0]
[1, 1, 3, 0]
Hand value: 104
------------------------
------------------------
 
Player 1:  
{Ace of Diamonds} 
{6 of Spades} 
{Ace of Clubs} 
{2 of Spades} 
{7 of Hearts} 
 
Player 2:  
{9 of Spades} 
{4 of Hearts} 
{4 of Clubs} 
{7 of Clubs} 
{King of Hearts} 
 
EvaluateHands() Player 1 testing: 
 
Pair
[1, 0, 0, 0, 1, 1, 0, 0, 0, 0, 0, 0, 2]
[1, 2, 1, 1]
Hand value: 112
 
EvaluateHands() Player 2 testing: 
 
Pair
[0, 0, 2, 0, 0, 1, 0, 1, 0, 0, 0, 1, 0]
[2, 1, 2, 0]
Hand value: 102
------------------------
------------------------
 
Player 1:  
{Jack of Spades} 
{Ace of Hearts} 
{3 of Spades} 
{Queen of Hearts} 
{9 of Clubs} 
 
Player 2:  
{7 of Clubs} 
{Jack of Clubs} 
{2 of Spades} 
{8 of Clubs} 
{3 of Diamonds} 
 
EvaluateHands() Player 1 testing: 
 
[0, 1, 0, 0, 0, 0, 0, 1, 0, 1, 1, 0, 1]
[1, 2, 2, 0]
Hand value: 12
 
EvaluateHands() Player 2 testing: 
 
[1, 1, 0, 0, 0, 1, 1, 0, 0, 1, 0, 0, 0]
[3, 1, 0, 1]
Hand value: 9
------------------------
------------------------
 
Player 1:  
{Jack of Hearts} 
{2 of Diamonds} 
{7 of Clubs} 
{7 of Diamonds} 
{9 of Diamonds} 
 
Player 2:  
{Queen of Diamonds} 
{10 of Diamonds} 
{3 of Diamonds} 
{Ace of Clubs} 
{King of Hearts} 
 
EvaluateHands() Player 1 testing: 
 
Pair
[1, 0, 0, 0, 0, 2, 0, 1, 0, 1, 0, 0, 0]
[1, 0, 1, 3]
Hand value: 105
 
EvaluateHands() Player 2 testing: 
 
[0, 1, 0, 0, 0, 0, 0, 0, 1, 0, 1, 1, 1]
[1, 0, 1, 3]
Hand value: 12
------------------------
------------------------
 
Player 1:  
{Jack of Diamonds} 
{Queen of Clubs} 
{Jack of Hearts} 
{8 of Diamonds} 
{Ace of Spades} 
 
Player 2:  
{Queen of Hearts} 
{5 of Diamonds} 
{8 of Clubs} 
{Ace of Diamonds} 
{5 of Hearts} 
 
EvaluateHands() Player 1 testing: 
 
Pair
[0, 0, 0, 0, 0, 0, 1, 0, 0, 2, 1, 0, 1]
[1, 1, 1, 2]
Hand value: 109
 
EvaluateHands() Player 2 testing: 
 
Pair
[0, 0, 0, 2, 0, 0, 1, 0, 0, 0, 1, 0, 1]
[1, 0, 2, 2]
Hand value: 103
------------------------
------------------------
 
Player 1:  
{Jack of Spades} 
{4 of Hearts} 
{8 of Diamonds} 
{King of Diamonds} 
{5 of Spades} 
 
Player 2:  
{5 of Diamonds} 
{6 of Hearts} 
{Ace of Hearts} 
{6 of Clubs} 
{Ace of Diamonds} 
 
EvaluateHands() Player 1 testing: 
 
[0, 0, 1, 1, 0, 0, 1, 0, 0, 1, 0, 1, 0]
[0, 2, 1, 2]
Hand value: 11
 
EvaluateHands() Player 2 testing: 
 
Pair
[0, 0, 0, 1, 2, 0, 0, 0, 0, 0, 0, 0, 2]
[1, 0, 2, 2]
Hand value: 104
------------------------
------------------------
 
Player 1:  
{2 of Clubs} 
{10 of Clubs} 
{2 of Hearts} 
{King of Hearts} 
{6 of Hearts} 
 
Player 2:  
{6 of Diamonds} 
{7 of Spades} 
{4 of Hearts} 
{2 of Diamonds} 
{King of Diamonds} 
 
EvaluateHands() Player 1 testing: 
 
Pair
[2, 0, 0, 0, 1, 0, 0, 0, 1, 0, 0, 1, 0]
[2, 0, 3, 0]
Hand value: 100
 
EvaluateHands() Player 2 testing: 
 
[1, 0, 1, 0, 1, 1, 0, 0, 0, 0, 0, 1, 0]
[0, 1, 1, 3]
Hand value: 11
------------------------
------------------------
 
Player 1:  
{10 of Spades} 
{2 of Clubs} 
{2 of Hearts} 
{Queen of Diamonds} 
{8 of Hearts} 
 
Player 2:  
{Jack of Clubs} 
{King of Diamonds} 
{3 of Spades} 
{3 of Hearts} 
{Ace of Hearts} 
 
EvaluateHands() Player 1 testing: 
 
Pair
[2, 0, 0, 0, 0, 0, 1, 0, 1, 0, 1, 0, 0]
[1, 1, 2, 1]
Hand value: 100
 
EvaluateHands() Player 2 testing: 
 
Pair
[0, 2, 0, 0, 0, 0, 0, 0, 0, 1, 0, 1, 1]
[1, 1, 2, 1]
Hand value: 101
------------------------
------------------------
 
Player 1:  
{Ace of Clubs} 
{9 of Hearts} 
{7 of Hearts} 
{6 of Spades} 
{5 of Diamonds} 
 
Player 2:  
{8 of Hearts} 
{Jack of Spades} 
{8 of Clubs} 
{5 of Spades} 
{7 of Diamonds} 
 
EvaluateHands() Player 1 testing: 
 
[0, 0, 0, 1, 1, 1, 0, 1, 0, 0, 0, 0, 1]
[1, 1, 2, 1]
Hand value: 12
 
EvaluateHands() Player 2 testing: 
 
Pair
[0, 0, 0, 1, 0, 1, 2, 0, 0, 1, 0, 0, 0]
[1, 2, 1, 1]
Hand value: 106
------------------------
------------------------
 
Player 1:  
{6 of Hearts} 
{2 of Diamonds} 
{7 of Clubs} 
{6 of Clubs} 
{5 of Clubs} 
 
Player 2:  
{Ace of Clubs} 
{6 of Spades} 
{5 of Hearts} 
{King of Spades} 
{King of Hearts} 
 
EvaluateHands() Player 1 testing: 
 
Pair
[1, 0, 0, 1, 2, 1, 0, 0, 0, 0, 0, 0, 0]
[3, 0, 1, 1]
Hand value: 104
 
EvaluateHands() Player 2 testing: 
 
Pair
[0, 0, 0, 1, 1, 0, 0, 0, 0, 0, 0, 2, 1]
[1, 2, 2, 0]
Hand value: 111
------------------------
------------------------
 
Player 1:  
{8 of Spades} 
{5 of Diamonds} 
{8 of Clubs} 
{8 of Diamonds} 
{10 of Hearts} 
 
Player 2:  
{3 of Hearts} 
{King of Hearts} 
{Queen of Hearts} 
{Ace of Spades} 
{10 of Clubs} 
 
EvaluateHands() Player 1 testing: 
 
Three of a Kind
[0, 0, 0, 1, 0, 0, 3, 0, 1, 0, 0, 0, 0]
[1, 1, 1, 2]
Hand value: 306
 
EvaluateHands() Player 2 testing: 
 
[0, 1, 0, 0, 0, 0, 0, 0, 1, 0, 1, 1, 1]
[1, 1, 3, 0]
Hand value: 12
------------------------
------------------------
 
Player 1:  
{Ace of Clubs} 
{2 of Clubs} 
{2 of Hearts} 
{3 of Hearts} 
{7 of Diamonds} 
 
Player 2:  
{Queen of Clubs} 
{6 of Spades} 
{5 of Spades} 
{4 of Spades} 
{Jack of Spades} 
 
EvaluateHands() Player 1 testing: 
 
Pair
[2, 1, 0, 0, 0, 1, 0, 0, 0, 0, 0, 0, 1]
[2, 0, 2, 1]
Hand value: 100
 
EvaluateHands() Player 2 testing: 
 
[0, 0, 1, 1, 1, 0, 0, 0, 0, 1, 1, 0, 0]
[1, 4, 0, 0]
Hand value: 10
------------------------
------------------------
 
Player 1:  
{Jack of Hearts} 
{3 of Diamonds} 
{5 of Clubs} 
{Jack of Diamonds} 
{7 of Spades} 
 
Player 2:  
{10 of Clubs} 
{King of Hearts} 
{King of Spades} 
{5 of Spades} 
{King of Diamonds} 
 
EvaluateHands() Player 1 testing: 
 
Pair
[0, 1, 0, 1, 0, 1, 0, 0, 0, 2, 0, 0, 0]
[1, 1, 1, 2]
Hand value: 109
 
EvaluateHands() Player 2 testing: 
 
Three of a Kind
[0, 0, 0, 1, 0, 0, 0, 0, 1, 0, 0, 3, 0]
[1, 2, 1, 1]
Hand value: 311
------------------------
------------------------
 
Player 1:  
{9 of Hearts} 
{9 of Clubs} 
{2 of Clubs} 
{9 of Spades} 
{6 of Diamonds} 
 
Player 2:  
{King of Hearts} 
{5 of Diamonds} 
{9 of Diamonds} 
{4 of Spades} 
{10 of Spades} 
 
EvaluateHands() Player 1 testing: 
 
Three of a Kind
[1, 0, 0, 0, 1, 0, 0, 3, 0, 0, 0, 0, 0]
[2, 1, 1, 1]
Hand value: 307
 
EvaluateHands() Player 2 testing: 
 
[0, 0, 1, 1, 0, 0, 0, 1, 1, 0, 0, 1, 0]
[0, 2, 1, 2]
Hand value: 11
------------------------
------------------------
 
Player 1:  
{6 of Spades} 
{Jack of Spades} 
{7 of Diamonds} 
{2 of Spades} 
{King of Clubs} 
 
Player 2:  
{5 of Diamonds} 
{9 of Hearts} 
{10 of Hearts} 
{Ace of Spades} 
{Ace of Hearts} 
 
EvaluateHands() Player 1 testing: 
 
[1, 0, 0, 0, 1, 1, 0, 0, 0, 1, 0, 1, 0]
[1, 3, 0, 1]
Hand value: 11
 
EvaluateHands() Player 2 testing: 
 
Pair
[0, 0, 0, 1, 0, 0, 0, 1, 1, 0, 0, 0, 2]
[0, 1, 3, 1]
Hand value: 112
------------------------
------------------------
 
Player 1:  
{3 of Diamonds} 
{King of Clubs} 
{9 of Diamonds} 
{8 of Hearts} 
{5 of Diamonds} 
 
Player 2:  
{Jack of Diamonds} 
{7 of Diamonds} 
{8 of Diamonds} 
{Ace of Hearts} 
{Jack of Hearts} 
 
EvaluateHands() Player 1 testing: 
 
[0, 1, 0, 1, 0, 0, 1, 1, 0, 0, 0, 1, 0]
[1, 0, 1, 3]
Hand value: 11
 
EvaluateHands() Player 2 testing: 
 
Pair
[0, 0, 0, 0, 0, 1, 1, 0, 0, 2, 0, 0, 1]
[0, 0, 2, 3]
Hand value: 109
------------------------
------------------------
 
Player 1:  
{4 of Spades} 
{Jack of Clubs} 
{6 of Clubs} 
{Queen of Diamonds} 
{7 of Clubs} 
 
Player 2:  
{Ace of Diamonds} 
{Jack of Spades} 
{9 of Spades} 
{Ace of Spades} 
{3 of Clubs} 
 
EvaluateHands() Player 1 testing: 
 
[0, 0, 1, 0, 1, 1, 0, 0, 0, 1, 1, 0, 0]
[3, 1, 0, 1]
Hand value: 10
 
EvaluateHands() Player 2 testing: 
 
Pair
[0, 1, 0, 0, 0, 0, 0, 1, 0, 1, 0, 0, 2]
[1, 3, 0, 1]
Hand value: 112
------------------------
------------------------
 
Player 1:  
{10 of Diamonds} 
{8 of Spades} 
{9 of Hearts} 
{5 of Diamonds} 
{8 of Hearts} 
 
Player 2:  
{King of Clubs} 
{2 of Clubs} 
{4 of Spades} 
{2 of Diamonds} 
{4 of Clubs} 
 
EvaluateHands() Player 1 testing: 
 
Pair
[0, 0, 0, 1, 0, 0, 2, 1, 1, 0, 0, 0, 0]
[0, 1, 2, 2]
Hand value: 106
 
EvaluateHands() Player 2 testing: 
 
Two Pairs
[2, 0, 2, 0, 0, 0, 0, 0, 0, 0, 0, 1, 0]
[3, 1, 0, 1]
Hand value: 211
------------------------
------------------------
 
Player 1:  
{Queen of Diamonds} 
{5 of Diamonds} 
{10 of Spades} 
{3 of Hearts} 
{9 of Diamonds} 
 
Player 2:  
{4 of Clubs} 
{10 of Clubs} 
{Queen of Hearts} 
{Jack of Clubs} 
{Jack of Spades} 
 
EvaluateHands() Player 1 testing: 
 
[0, 1, 0, 1, 0, 0, 0, 1, 1, 0, 1, 0, 0]
[0, 1, 1, 3]
Hand value: 10
 
EvaluateHands() Player 2 testing: 
 
Pair
[0, 0, 1, 0, 0, 0, 0, 0, 1, 2, 1, 0, 0]
[3, 1, 1, 0]
Hand value: 109
------------------------
------------------------
 
Player 1:  
{9 of Clubs} 
{Queen of Hearts} 
{4 of Diamonds} 
{7 of Clubs} 
{4 of Clubs} 
 
Player 2:  
{King of Hearts} 
{8 of Spades} 
{9 of Hearts} 
{3 of Spades} 
{Ace of Hearts} 
 
EvaluateHands() Player 1 testing: 
 
Pair
[0, 0, 2, 0, 0, 1, 0, 1, 0, 0, 1, 0, 0]
[3, 0, 1, 1]
Hand value: 102
 
EvaluateHands() Player 2 testing: 
 
[0, 1, 0, 0, 0, 0, 1, 1, 0, 0, 0, 1, 1]
[0, 2, 3, 0]
Hand value: 12
------------------------
------------------------
 
Player 1:  
{2 of Clubs} 
{6 of Diamonds} 
{4 of Clubs} 
{7 of Hearts} 
{3 of Diamonds} 
 
Player 2:  
{8 of Spades} 
{Queen of Clubs} 
{5 of Hearts} 
{Jack of Spades} 
{9 of Diamonds} 
 
EvaluateHands() Player 1 testing: 
 
[1, 1, 1, 0, 1, 1, 0, 0, 0, 0, 0, 0, 0]
[2, 0, 1, 2]
Hand value: 5
 
EvaluateHands() Player 2 testing: 
 
[0, 0, 0, 1, 0, 0, 1, 1, 0, 1, 1, 0, 0]
[1, 2, 1, 1]
Hand value: 10
------------------------
------------------------
 
Player 1:  
{Jack of Spades} 
{Queen of Clubs} 
{5 of Diamonds} 
{Jack of Diamonds} 
{8 of Diamonds} 
 
Player 2:  
{Queen of Hearts} 
{8 of Clubs} 
{2 of Spades} 
{Ace of Diamonds} 
{9 of Diamonds} 
 
EvaluateHands() Player 1 testing: 
 
Pair
[0, 0, 0, 1, 0, 0, 1, 0, 0, 2, 1, 0, 0]
[1, 1, 0, 3]
Hand value: 109
 
EvaluateHands() Player 2 testing: 
 
[1, 0, 0, 0, 0, 0, 1, 1, 0, 0, 1, 0, 1]
[1, 1, 1, 2]
Hand value: 12
------------------------
------------------------
 
Player 1:  
{8 of Clubs} 
{King of Clubs} 
{9 of Hearts} 
{4 of Clubs} 
{Queen of Hearts} 
 
Player 2:  
{Queen of Spades} 
{10 of Spades} 
{3 of Diamonds} 
{Ace of Diamonds} 
{King of Diamonds} 
 
EvaluateHands() Player 1 testing: 
 
[0, 0, 1, 0, 0, 0, 1, 1, 0, 0, 1, 1, 0]
[3, 0, 2, 0]
Hand value: 11
 
EvaluateHands() Player 2 testing: 
 
[0, 1, 0, 0, 0, 0, 0, 0, 1, 0, 1, 1, 1]
[0, 2, 0, 3]
Hand value: 12
------------------------
------------------------
 
Player 1:  
{4 of Clubs} 
{Jack of Hearts} 
{3 of Clubs} 
{7 of Clubs} 
{4 of Hearts} 
 
Player 2:  
{10 of Clubs} 
{5 of Clubs} 
{10 of Hearts} 
{9 of Clubs} 
{Jack of Diamonds} 
 
EvaluateHands() Player 1 testing: 
 
Pair
[0, 1, 2, 0, 0, 1, 0, 0, 0, 1, 0, 0, 0]
[3, 0, 2, 0]
Hand value: 102
 
EvaluateHands() Player 2 testing: 
 
Pair
[0, 0, 0, 1, 0, 0, 0, 1, 2, 1, 0, 0, 0]
[3, 0, 1, 1]
Hand value: 108
------------------------
------------------------
 
Player 1:  
{7 of Diamonds} 
{Queen of Diamonds} 
{Jack of Hearts} 
{10 of Clubs} 
{7 of Clubs} 
 
Player 2:  
{2 of Spades} 
{King of Hearts} 
{8 of Clubs} 
{8 of Diamonds} 
{6 of Hearts} 
 
EvaluateHands() Player 1 testing: 
 
Pair
[0, 0, 0, 0, 0, 2, 0, 0, 1, 1, 1, 0, 0]
[2, 0, 1, 2]
Hand value: 105
 
EvaluateHands() Player 2 testing: 
 
Pair
[1, 0, 0, 0, 1, 0, 2, 0, 0, 0, 0, 1, 0]
[1, 1, 2, 1]
Hand value: 106
------------------------
------------------------
 
Player 1:  
{10 of Clubs} 
{8 of Spades} 
{Jack of Clubs} 
{10 of Hearts} 
{Queen of Clubs} 
 
Player 2:  
{5 of Hearts} 
{9 of Hearts} 
{King of Clubs} 
{7 of Clubs} 
{3 of Spades} 
 
EvaluateHands() Player 1 testing: 
 
Pair
[0, 0, 0, 0, 0, 0, 1, 0, 2, 1, 1, 0, 0]
[3, 1, 1, 0]
Hand value: 108
 
EvaluateHands() Player 2 testing: 
 
[0, 1, 0, 1, 0, 1, 0, 1, 0, 0, 0, 1, 0]
[2, 1, 2, 0]
Hand value: 11
------------------------
------------------------
 
Player 1:  
{4 of Hearts} 
{9 of Spades} 
{Queen of Clubs} 
{4 of Diamonds} 
{7 of Diamonds} 
 
Player 2:  
{4 of Spades} 
{6 of Spades} 
{8 of Hearts} 
{8 of Spades} 
{7 of Clubs} 
 
EvaluateHands() Player 1 testing: 
 
Pair
[0, 0, 2, 0, 0, 1, 0, 1, 0, 0, 1, 0, 0]
[1, 1, 1, 2]
Hand value: 102
 
EvaluateHands() Player 2 testing: 
 
Pair
[0, 0, 1, 0, 1, 1, 2, 0, 0, 0, 0, 0, 0]
[1, 3, 1, 0]
Hand value: 106
------------------------
------------------------
 
Player 1:  
{10 of Diamonds} 
{Queen of Spades} 
{8 of Hearts} 
{Queen of Hearts} 
{7 of Spades} 
 
Player 2:  
{8 of Spades} 
{5 of Diamonds} 
{4 of Diamonds} 
{8 of Diamonds} 
{5 of Spades} 
 
EvaluateHands() Player 1 testing: 
 
Pair
[0, 0, 0, 0, 0, 1, 1, 0, 1, 0, 2, 0, 0]
[0, 2, 2, 1]
Hand value: 110
 
EvaluateHands() Player 2 testing: 
 
Two Pairs
[0, 0, 1, 2, 0, 0, 2, 0, 0, 0, 0, 0, 0]
[0, 2, 0, 3]
Hand value: 206
------------------------
------------------------
 
Player 1:  
{6 of Clubs} 
{8 of Hearts} 
{King of Clubs} 
{5 of Clubs} 
{Jack of Hearts} 
 
Player 2:  
{Jack of Diamonds} 
{3 of Spades} 
{6 of Spades} 
{Ace of Spades} 
{King of Hearts} 
 
EvaluateHands() Player 1 testing: 
 
[0, 0, 0, 1, 1, 0, 1, 0, 0, 1, 0, 1, 0]
[3, 0, 2, 0]
Hand value: 11
 
EvaluateHands() Player 2 testing: 
 
[0, 1, 0, 0, 1, 0, 0, 0, 0, 1, 0, 1, 1]
[0, 3, 1, 1]
Hand value: 12
------------------------
------------------------
 
Player 1:  
{5 of Hearts} 
{6 of Diamonds} 
{2 of Hearts} 
{4 of Clubs} 
{King of Hearts} 
 
Player 2:  
{Jack of Hearts} 
{Queen of Spades} 
{Ace of Clubs} 
{10 of Hearts} 
{2 of Diamonds} 
 
EvaluateHands() Player 1 testing: 
 
[1, 0, 1, 1, 1, 0, 0, 0, 0, 0, 0, 1, 0]
[1, 0, 3, 1]
Hand value: 11
 
EvaluateHands() Player 2 testing: 
 
[1, 0, 0, 0, 0, 0, 0, 0, 1, 1, 1, 0, 1]
[1, 1, 2, 1]
Hand value: 12
------------------------
------------------------
 
Player 1:  
{King of Spades} 
{Ace of Spades} 
{King of Diamonds} 
{9 of Clubs} 
{Jack of Spades} 
 
Player 2:  
{3 of Spades} 
{7 of Spades} 
{8 of Hearts} 
{2 of Diamonds} 
{7 of Diamonds} 
 
EvaluateHands() Player 1 testing: 
 
Pair
[0, 0, 0, 0, 0, 0, 0, 1, 0, 1, 0, 2, 1]
[1, 3, 0, 1]
Hand value: 111
 
EvaluateHands() Player 2 testing: 
 
Pair
[1, 1, 0, 0, 0, 2, 1, 0, 0, 0, 0, 0, 0]
[0, 2, 1, 2]
Hand value: 105
------------------------
------------------------
 
Player 1:  
{4 of Diamonds} 
{8 of Hearts} 
{8 of Diamonds} 
{2 of Diamonds} 
{6 of Spades} 
 
Player 2:  
{9 of Spades} 
{9 of Diamonds} 
{2 of Clubs} 
{Ace of Hearts} 
{8 of Spades} 
 
EvaluateHands() Player 1 testing: 
 
Pair
[1, 0, 1, 0, 1, 0, 2, 0, 0, 0, 0, 0, 0]
[0, 1, 1, 3]
Hand value: 106
 
EvaluateHands() Player 2 testing: 
 
Pair
[1, 0, 0, 0, 0, 0, 1, 2, 0, 0, 0, 0, 1]
[1, 2, 1, 1]
Hand value: 107
------------------------
------------------------
 
Player 1:  
{5 of Hearts} 
{10 of Diamonds} 
{6 of Diamonds} 
{King of Clubs} 
{2 of Hearts} 
 
Player 2:  
{Ace of Hearts} 
{6 of Hearts} 
{2 of Spades} 
{7 of Clubs} 
{9 of Spades} 
 
EvaluateHands() Player 1 testing: 
 
[1, 0, 0, 1, 1, 0, 0, 0, 1, 0, 0, 1, 0]
[1, 0, 2, 2]
Hand value: 11
 
EvaluateHands() Player 2 testing: 
 
[1, 0, 0, 0, 1, 1, 0, 1, 0, 0, 0, 0, 1]
[1, 2, 2, 0]
Hand value: 12
------------------------
------------------------
 
Player 1:  
{3 of Hearts} 
{9 of Spades} 
{7 of Diamonds} 
{9 of Clubs} 
{Jack of Clubs} 
 
Player 2:  
{Queen of Spades} 
{10 of Hearts} 
{Jack of Hearts} 
{Ace of Diamonds} 
{8 of Diamonds} 
 
EvaluateHands() Player 1 testing: 
 
Pair
[0, 1, 0, 0, 0, 1, 0, 2, 0, 1, 0, 0, 0]
[2, 1, 1, 1]
Hand value: 107
 
EvaluateHands() Player 2 testing: 
 
[0, 0, 0, 0, 0, 0, 1, 0, 1, 1, 1, 0, 1]
[0, 1, 2, 2]
Hand value: 12
------------------------
------------------------
 
Player 1:  
{8 of Clubs} 
{10 of Hearts} 
{6 of Diamonds} 
{6 of Spades} 
{Jack of Diamonds} 
 
Player 2:  
{7 of Hearts} 
{5 of Clubs} 
{2 of Clubs} 
{King of Diamonds} 
{7 of Spades} 
 
EvaluateHands() Player 1 testing: 
 
Pair
[0, 0, 0, 0, 2, 0, 1, 0, 1, 1, 0, 0, 0]
[1, 1, 1, 2]
Hand value: 104
 
EvaluateHands() Player 2 testing: 
 
Pair
[1, 0, 0, 1, 0, 2, 0, 0, 0, 0, 0, 1, 0]
[2, 1, 1, 1]
Hand value: 105
------------------------
------------------------
 
Player 1:  
{Ace of Spades} 
{Jack of Diamonds} 
{6 of Hearts} 
{7 of Hearts} 
{7 of Clubs} 
 
Player 2:  
{9 of Hearts} 
{9 of Spades} 
{2 of Diamonds} 
{3 of Diamonds} 
{8 of Clubs} 
 
EvaluateHands() Player 1 testing: 
 
Pair
[0, 0, 0, 0, 1, 2, 0, 0, 0, 1, 0, 0, 1]
[1, 1, 2, 1]
Hand value: 105
 
EvaluateHands() Player 2 testing: 
 
Pair
[1, 1, 0, 0, 0, 0, 1, 2, 0, 0, 0, 0, 0]
[1, 1, 1, 2]
Hand value: 107
------------------------
------------------------
 
Player 1:  
{Jack of Hearts} 
{4 of Diamonds} 
{7 of Diamonds} 
{4 of Clubs} 
{5 of Diamonds} 
 
Player 2:  
{Jack of Spades} 
{Queen of Clubs} 
{2 of Hearts} 
{6 of Clubs} 
{8 of Hearts} 
 
EvaluateHands() Player 1 testing: 
 
Pair
[0, 0, 2, 1, 0, 1, 0, 0, 0, 1, 0, 0, 0]
[1, 0, 1, 3]
Hand value: 102
 
EvaluateHands() Player 2 testing: 
 
[1, 0, 0, 0, 1, 0, 1, 0, 0, 1, 1, 0, 0]
[2, 1, 2, 0]
Hand value: 10
------------------------
------------------------
 
Player 1:  
{8 of Hearts} 
{7 of Diamonds} 
{9 of Clubs} 
{2 of Spades} 
{5 of Spades} 
 
Player 2:  
{6 of Diamonds} 
{Jack of Spades} 
{5 of Clubs} 
{7 of Spades} 
{Jack of Hearts} 
 
EvaluateHands() Player 1 testing: 
 
[1, 0, 0, 1, 0, 1, 1, 1, 0, 0, 0, 0, 0]
[1, 2, 1, 1]
Hand value: 7
 
EvaluateHands() Player 2 testing: 
 
Pair
[0, 0, 0, 1, 1, 1, 0, 0, 0, 2, 0, 0, 0]
[1, 2, 1, 1]
Hand value: 109
------------------------
------------------------
 
Player 1:  
{4 of Hearts} 
{5 of Clubs} 
{7 of Clubs} 
{3 of Hearts} 
{Queen of Diamonds} 
 
Player 2:  
{3 of Spades} 
{Jack of Diamonds} 
{5 of Hearts} 
{Jack of Hearts} 
{9 of Hearts} 
 
EvaluateHands() Player 1 testing: 
 
[0, 1, 1, 1, 0, 1, 0, 0, 0, 0, 1, 0, 0]
[2, 0, 2, 1]
Hand value: 10
 
EvaluateHands() Player 2 testing: 
 
Pair
[0, 1, 0, 1, 0, 0, 0, 1, 0, 2, 0, 0, 0]
[0, 1, 3, 1]
Hand value: 109
------------------------
------------------------
 
Player 1:  
{3 of Hearts} 
{King of Diamonds} 
{4 of Hearts} 
{8 of Spades} 
{7 of Hearts} 
 
Player 2:  
{10 of Diamonds} 
{Queen of Clubs} 
{5 of Diamonds} 
{Queen of Hearts} 
{5 of Hearts} 
 
EvaluateHands() Player 1 testing: 
 
[0, 1, 1, 0, 0, 1, 1, 0, 0, 0, 0, 1, 0]
[0, 1, 3, 1]
Hand value: 11
 
EvaluateHands() Player 2 testing: 
 
Two Pairs
[0, 0, 0, 2, 0, 0, 0, 0, 1, 0, 2, 0, 0]
[1, 0, 2, 2]
Hand value: 210
------------------------
------------------------
 
Player 1:  
{8 of Hearts} 
{4 of Clubs} 
{8 of Spades} 
{Queen of Diamonds} 
{Ace of Clubs} 
 
Player 2:  
{5 of Clubs} 
{3 of Spades} 
{Ace of Diamonds} 
{3 of Hearts} 
{6 of Clubs} 
 
EvaluateHands() Player 1 testing: 
 
Pair
[0, 0, 1, 0, 0, 0, 2, 0, 0, 0, 1, 0, 1]
[2, 1, 1, 1]
Hand value: 106
 
EvaluateHands() Player 2 testing: 
 
Pair
[0, 2, 0, 1, 1, 0, 0, 0, 0, 0, 0, 0, 1]
[2, 1, 1, 1]
Hand value: 101
------------------------
------------------------
 
Player 1:  
{Queen of Spades} 
{5 of Diamonds} 
{10 of Spades} 
{5 of Spades} 
{2 of Diamonds} 
 
Player 2:  
{King of Spades} 
{6 of Clubs} 
{Jack of Diamonds} 
{King of Hearts} 
{9 of Hearts} 
 
EvaluateHands() Player 1 testing: 
 
Pair
[1, 0, 0, 2, 0, 0, 0, 0, 1, 0, 1, 0, 0]
[0, 3, 0, 2]
Hand value: 103
 
EvaluateHands() Player 2 testing: 
 
Pair
[0, 0, 0, 0, 1, 0, 0, 1, 0, 1, 0, 2, 0]
[1, 1, 2, 1]
Hand value: 111
------------------------
------------------------
 
Player 1:  
{5 of Spades} 
{Queen of Diamonds} 
{5 of Diamonds} 
{Queen of Hearts} 
{7 of Diamonds} 
 
Player 2:  
{10 of Hearts} 
{4 of Spades} 
{4 of Diamonds} 
{2 of Diamonds} 
{3 of Spades} 
 
EvaluateHands() Player 1 testing: 
 
Two Pairs
[0, 0, 0, 2, 0, 1, 0, 0, 0, 0, 2, 0, 0]
[0, 1, 1, 3]
Hand value: 210
 
EvaluateHands() Player 2 testing: 
 
Pair
[1, 1, 2, 0, 0, 0, 0, 0, 1, 0, 0, 0, 0]
[0, 2, 1, 2]
Hand value: 102
------------------------
------------------------
 
Player 1:  
{3 of Hearts} 
{Ace of Diamonds} 
{Jack of Diamonds} 
{King of Diamonds} 
{4 of Hearts} 
 
Player 2:  
{King of Clubs} 
{7 of Clubs} 
{10 of Clubs} 
{6 of Hearts} 
{7 of Spades} 
 
EvaluateHands() Player 1 testing: 
 
[0, 1, 1, 0, 0, 0, 0, 0, 0, 1, 0, 1, 1]
[0, 0, 2, 3]
Hand value: 12
 
EvaluateHands() Player 2 testing: 
 
Pair
[0, 0, 0, 0, 1, 2, 0, 0, 1, 0, 0, 1, 0]
[3, 1, 1, 0]
Hand value: 105
------------------------
------------------------
 
Player 1:  
{6 of Clubs} 
{9 of Spades} 
{5 of Hearts} 
{4 of Spades} 
{Jack of Diamonds} 
 
Player 2:  
{Ace of Clubs} 
{2 of Clubs} 
{9 of Clubs} 
{6 of Hearts} 
{5 of Diamonds} 
 
EvaluateHands() Player 1 testing: 
 
[0, 0, 1, 1, 1, 0, 0, 1, 0, 1, 0, 0, 0]
[1, 2, 1, 1]
Hand value: 9
 
EvaluateHands() Player 2 testing: 
 
[1, 0, 0, 1, 1, 0, 0, 1, 0, 0, 0, 0, 1]
[3, 0, 1, 1]
Hand value: 12
------------------------
------------------------
 
Player 1:  
{King of Spades} 
{10 of Hearts} 
{2 of Diamonds} 
{Jack of Clubs} 
{10 of Diamonds} 
 
Player 2:  
{8 of Hearts} 
{6 of Diamonds} 
{3 of Clubs} 
{5 of Spades} 
{6 of Hearts} 
 
EvaluateHands() Player 1 testing: 
 
Pair
[1, 0, 0, 0, 0, 0, 0, 0, 2, 1, 0, 1, 0]
[1, 1, 1, 2]
Hand value: 108
 
EvaluateHands() Player 2 testing: 
 
Pair
[0, 1, 0, 1, 2, 0, 1, 0, 0, 0, 0, 0, 0]
[1, 1, 2, 1]
Hand value: 104
------------------------
------------------------
 
Player 1:  
{6 of Diamonds} 
{Queen of Diamonds} 
{Jack of Clubs} 
{Queen of Spades} 
{Jack of Diamonds} 
 
Player 2:  
{4 of Hearts} 
{2 of Clubs} 
{9 of Clubs} 
{Queen of Hearts} 
{3 of Hearts} 
 
EvaluateHands() Player 1 testing: 
 
Two Pairs
[0, 0, 0, 0, 1, 0, 0, 0, 0, 2, 2, 0, 0]
[1, 1, 0, 3]
Hand value: 210
 
EvaluateHands() Player 2 testing: 
 
[1, 1, 1, 0, 0, 0, 0, 1, 0, 0, 1, 0, 0]
[2, 0, 3, 0]
Hand value: 10
------------------------
------------------------
 
Player 1:  
{10 of Hearts} 
{King of Spades} 
{3 of Diamonds} 
{4 of Hearts} 
{Ace of Diamonds} 
 
Player 2:  
{3 of Hearts} 
{6 of Hearts} 
{5 of Hearts} 
{King of Hearts} 
{Jack of Diamonds} 
 
EvaluateHands() Player 1 testing: 
 
[0, 1, 1, 0, 0, 0, 0, 0, 1, 0, 0, 1, 1]
[0, 1, 2, 2]
Hand value: 12
 
EvaluateHands() Player 2 testing: 
 
[0, 1, 0, 1, 1, 0, 0, 0, 0, 1, 0, 1, 0]
[0, 0, 4, 1]
Hand value: 11
------------------------
------------------------
 
Player 1:  
{10 of Hearts} 
{Jack of Spades} 
{2 of Hearts} 
{Queen of Diamonds} 
{7 of Clubs} 
 
Player 2:  
{King of Hearts} 
{King of Spades} 
{6 of Diamonds} 
{6 of Spades} 
{4 of Hearts} 
 
EvaluateHands() Player 1 testing: 
 
[1, 0, 0, 0, 0, 1, 0, 0, 1, 1, 1, 0, 0]
[1, 1, 2, 1]
Hand value: 10
 
EvaluateHands() Player 2 testing: 
 
Two Pairs
[0, 0, 1, 0, 2, 0, 0, 0, 0, 0, 0, 2, 0]
[0, 2, 2, 1]
Hand value: 211
------------------------
------------------------
 
Player 1:  
{2 of Hearts} 
{4 of Diamonds} 
{Jack of Clubs} 
{5 of Diamonds} 
{2 of Clubs} 
 
Player 2:  
{5 of Spades} 
{7 of Hearts} 
{10 of Hearts} 
{10 of Clubs} 
{Jack of Diamonds} 
 
EvaluateHands() Player 1 testing: 
 
Pair
[2, 0, 1, 1, 0, 0, 0, 0, 0, 1, 0, 0, 0]
[2, 0, 1, 2]
Hand value: 100
 
EvaluateHands() Player 2 testing: 
 
Pair
[0, 0, 0, 1, 0, 1, 0, 0, 2, 1, 0, 0, 0]
[1, 1, 2, 1]
Hand value: 108
------------------------
------------------------
 
Player 1:  
{8 of Hearts} 
{Jack of Diamonds} 
{3 of Hearts} 
{4 of Clubs} 
{Ace of Spades} 
 
Player 2:  
{6 of Hearts} 
{4 of Diamonds} 
{3 of Spades} 
{3 of Diamonds} 
{2 of Hearts} 
 
EvaluateHands() Player 1 testing: 
 
[0, 1, 1, 0, 0, 0, 1, 0, 0, 1, 0, 0, 1]
[1, 1, 2, 1]
Hand value: 12
 
EvaluateHands() Player 2 testing: 
 
Pair
[1, 2, 1, 0, 1, 0, 0, 0, 0, 0, 0, 0, 0]
[0, 1, 2, 2]
Hand value: 101
------------------------
------------------------
 
Player 1:  
{2 of Hearts} 
{9 of Clubs} 
{8 of Clubs} 
{10 of Diamonds} 
{Jack of Diamonds} 
 
Player 2:  
{10 of Spades} 
{Queen of Clubs} 
{King of Clubs} 
{6 of Hearts} 
{6 of Diamonds} 
 
EvaluateHands() Player 1 testing: 
 
[1, 0, 0, 0, 0, 0, 1, 1, 1, 1, 0, 0, 0]
[2, 0, 1, 2]
Hand value: 9
 
EvaluateHands() Player 2 testing: 
 
Pair
[0, 0, 0, 0, 2, 0, 0, 0, 1, 0, 1, 1, 0]
[2, 1, 1, 1]
Hand value: 104
------------------------
------------------------
 
Player 1:  
{8 of Diamonds} 
{9 of Hearts} 
{4 of Diamonds} 
{3 of Spades} 
{Ace of Spades} 
 
Player 2:  
{2 of Spades} 
{4 of Clubs} 
{Queen of Spades} 
{5 of Spades} 
{6 of Clubs} 
 
EvaluateHands() Player 1 testing: 
 
[0, 1, 1, 0, 0, 0, 1, 1, 0, 0, 0, 0, 1]
[0, 2, 1, 2]
Hand value: 12
 
EvaluateHands() Player 2 testing: 
 
[1, 0, 1, 1, 1, 0, 0, 0, 0, 0, 1, 0, 0]
[2, 3, 0, 0]
Hand value: 10
------------------------
------------------------
 
Player 1:  
{King of Spades} 
{4 of Hearts} 
{8 of Spades} 
{Ace of Clubs} 
{4 of Clubs} 
 
Player 2:  
{4 of Diamonds} 
{Ace of Hearts} 
{5 of Diamonds} 
{King of Hearts} 
{Jack of Hearts} 
 
EvaluateHands() Player 1 testing: 
 
Pair
[0, 0, 2, 0, 0, 0, 1, 0, 0, 0, 0, 1, 1]
[2, 2, 1, 0]
Hand value: 102
 
EvaluateHands() Player 2 testing: 
 
[0, 0, 1, 1, 0, 0, 0, 0, 0, 1, 0, 1, 1]
[0, 0, 3, 2]
Hand value: 12
------------------------
------------------------
 
Player 1:  
{9 of Hearts} 
{7 of Spades} 
{3 of Clubs} 
{7 of Diamonds} 
{2 of Clubs} 
 
Player 2:  
{5 of Diamonds} 
{10 of Spades} 
{8 of Spades} 
{8 of Hearts} 
{Jack of Diamonds} 
 
EvaluateHands() Player 1 testing: 
 
Pair
[1, 1, 0, 0, 0, 2, 0, 1, 0, 0, 0, 0, 0]
[2, 1, 1, 1]
Hand value: 105
 
EvaluateHands() Player 2 testing: 
 
Pair
[0, 0, 0, 1, 0, 0, 2, 0, 1, 1, 0, 0, 0]
[0, 2, 1, 2]
Hand value: 106
------------------------
------------------------
 
Player 1:  
{9 of Diamonds} 
{6 of Diamonds} 
{Jack of Clubs} 
{8 of Diamonds} 
{Ace of Spades} 
 
Player 2:  
{10 of Diamonds} 
{Ace of Diamonds} 
{8 of Clubs} 
{King of Clubs} 
{9 of Spades} 
 
EvaluateHands() Player 1 testing: 
 
[0, 0, 0, 0, 1, 0, 1, 1, 0, 1, 0, 0, 1]
[1, 1, 0, 3]
Hand value: 12
 
EvaluateHands() Player 2 testing: 
 
[0, 0, 0, 0, 0, 0, 1, 1, 1, 0, 0, 1, 1]
[2, 1, 0, 2]
Hand value: 12
------------------------
------------------------
 
Player 1:  
{4 of Clubs} 
{10 of Hearts} 
{4 of Spades} 
{10 of Diamonds} 
{7 of Clubs} 
 
Player 2:  
{8 of Diamonds} 
{Queen of Hearts} 
{7 of Diamonds} 
{9 of Diamonds} 
{6 of Diamonds} 
 
EvaluateHands() Player 1 testing: 
 
Two Pairs
[0, 0, 2, 0, 0, 1, 0, 0, 2, 0, 0, 0, 0]
[2, 1, 1, 1]
Hand value: 208
 
EvaluateHands() Player 2 testing: 
 
[0, 0, 0, 0, 1, 1, 1, 1, 0, 0, 1, 0, 0]
[0, 0, 1, 4]
Hand value: 10
------------------------
------------------------
 
Player 1:  
{5 of Diamonds} 
{2 of Clubs} 
{3 of Clubs} 
{4 of Clubs} 
{8 of Clubs} 
 
Player 2:  
{4 of Diamonds} 
{Ace of Spades} 
{10 of Clubs} 
{7 of Clubs} 
{7 of Spades} 
 
EvaluateHands() Player 1 testing: 
 
[1, 1, 1, 1, 0, 0, 1, 0, 0, 0, 0, 0, 0]
[4, 0, 0, 1]
Hand value: 6
 
EvaluateHands() Player 2 testing: 
 
Pair
[0, 0, 1, 0, 0, 2, 0, 0, 1, 0, 0, 0, 1]
[2, 2, 0, 1]
Hand value: 105
------------------------
------------------------
 
Player 1:  
{Ace of Hearts} 
{4 of Clubs} 
{2 of Diamonds} 
{Jack of Clubs} 
{King of Hearts} 
 
Player 2:  
{9 of Spades} 
{9 of Diamonds} 
{4 of Hearts} 
{6 of Hearts} 
{3 of Spades} 
 
EvaluateHands() Player 1 testing: 
 
[1, 0, 1, 0, 0, 0, 0, 0, 0, 1, 0, 1, 1]
[2, 0, 2, 1]
Hand value: 12
 
EvaluateHands() Player 2 testing: 
 
Pair
[0, 1, 1, 0, 1, 0, 0, 2, 0, 0, 0, 0, 0]
[0, 2, 2, 1]
Hand value: 107
------------------------
------------------------
 
Player 1:  
{Ace of Spades} 
{Ace of Diamonds} 
{8 of Spades} 
{5 of Spades} 
{8 of Clubs} 
 
Player 2:  
{2 of Clubs} 
{Jack of Diamonds} 
{Queen of Clubs} 
{8 of Diamonds} 
{4 of Diamonds} 
 
EvaluateHands() Player 1 testing: 
 
Pair
[0, 0, 0, 1, 0, 0, 2, 0, 0, 0, 0, 0, 2]
[1, 3, 0, 1]
Hand value: 106
 
EvaluateHands() Player 2 testing: 
 
[1, 0, 1, 0, 0, 0, 1, 0, 0, 1, 1, 0, 0]
[2, 0, 0, 3]
Hand value: 10
------------------------
------------------------
 
Player 1:  
{4 of Clubs} 
{King of Diamonds} 
{2 of Clubs} 
{2 of Hearts} 
{5 of Diamonds} 
 
Player 2:  
{Jack of Hearts} 
{Ace of Hearts} 
{Ace of Clubs} 
{Ace of Diamonds} 
{4 of Diamonds} 
 
EvaluateHands() Player 1 testing: 
 
Pair
[2, 0, 1, 1, 0, 0, 0, 0, 0, 0, 0, 1, 0]
[2, 0, 1, 2]
Hand value: 100
 
EvaluateHands() Player 2 testing: 
 
Three of a Kind
[0, 0, 1, 0, 0, 0, 0, 0, 0, 1, 0, 0, 3]
[1, 0, 2, 2]
Hand value: 312
------------------------
------------------------
 
Player 1:  
{5 of Clubs} 
{8 of Hearts} 
{Jack of Diamonds} 
{9 of Clubs} 
{10 of Spades} 
 
Player 2:  
{7 of Hearts} 
{King of Hearts} 
{Jack of Spades} 
{3 of Diamonds} 
{4 of Diamonds} 
 
EvaluateHands() Player 1 testing: 
 
[0, 0, 0, 1, 0, 0, 1, 1, 1, 1, 0, 0, 0]
[2, 1, 1, 1]
Hand value: 9
 
EvaluateHands() Player 2 testing: 
 
[0, 1, 1, 0, 0, 1, 0, 0, 0, 1, 0, 1, 0]
[0, 1, 2, 2]
Hand value: 11
------------------------
------------------------
 
Player 1:  
{9 of Hearts} 
{Jack of Spades} 
{8 of Diamonds} 
{Jack of Clubs} 
{2 of Hearts} 
 
Player 2:  
{9 of Diamonds} 
{5 of Spades} 
{King of Hearts} 
{Ace of Spades} 
{10 of Clubs} 
 
EvaluateHands() Player 1 testing: 
 
Pair
[1, 0, 0, 0, 0, 0, 1, 1, 0, 2, 0, 0, 0]
[1, 1, 2, 1]
Hand value: 109
 
EvaluateHands() Player 2 testing: 
 
[0, 0, 0, 1, 0, 0, 0, 1, 1, 0, 0, 1, 1]
[1, 2, 1, 1]
Hand value: 12
------------------------
------------------------
 
Player 1:  
{Queen of Clubs} 
{9 of Hearts} 
{Ace of Clubs} 
{7 of Diamonds} 
{8 of Clubs} 
 
Player 2:  
{5 of Hearts} 
{King of Diamonds} 
{5 of Spades} 
{7 of Clubs} 
{Jack of Clubs} 
 
EvaluateHands() Player 1 testing: 
 
[0, 0, 0, 0, 0, 1, 1, 1, 0, 0, 1, 0, 1]
[3, 0, 1, 1]
Hand value: 12
 
EvaluateHands() Player 2 testing: 
 
Pair
[0, 0, 0, 2, 0, 1, 0, 0, 0, 1, 0, 1, 0]
[2, 1, 1, 1]
Hand value: 103
------------------------
------------------------
 
Player 1:  
{Jack of Clubs} 
{3 of Clubs} 
{Jack of Hearts} 
{8 of Diamonds} 
{2 of Clubs} 
 
Player 2:  
{King of Hearts} 
{9 of Spades} 
{8 of Hearts} 
{Queen of Diamonds} 
{10 of Spades} 
 
EvaluateHands() Player 1 testing: 
 
Pair
[1, 1, 0, 0, 0, 0, 1, 0, 0, 2, 0, 0, 0]
[3, 0, 1, 1]
Hand value: 109
 
EvaluateHands() Player 2 testing: 
 
[0, 0, 0, 0, 0, 0, 1, 1, 1, 0, 1, 1, 0]
[0, 2, 2, 1]
Hand value: 11
------------------------
------------------------
 
Player 1:  
{Ace of Hearts} 
{4 of Clubs} 
{9 of Clubs} 
{5 of Hearts} 
{Ace of Diamonds} 
 
Player 2:  
{3 of Hearts} 
{Queen of Diamonds} 
{7 of Spades} 
{6 of Clubs} 
{7 of Diamonds} 
 
EvaluateHands() Player 1 testing: 
 
Pair
[0, 0, 1, 1, 0, 0, 0, 1, 0, 0, 0, 0, 2]
[2, 0, 2, 1]
Hand value: 112
 
EvaluateHands() Player 2 testing: 
 
Pair
[0, 1, 0, 0, 1, 2, 0, 0, 0, 0, 1, 0, 0]
[1, 1, 1, 2]
Hand value: 105
------------------------
------------------------
 
Player 1:  
{Queen of Diamonds} 
{9 of Spades} 
{7 of Hearts} 
{Ace of Spades} 
{5 of Clubs} 
 
Player 2:  
{8 of Diamonds} 
{2 of Clubs} 
{Jack of Clubs} 
{6 of Diamonds} 
{6 of Hearts} 
 
EvaluateHands() Player 1 testing: 
 
[0, 0, 0, 1, 0, 1, 0, 1, 0, 0, 1, 0, 1]
[1, 2, 1, 1]
Hand value: 12
 
EvaluateHands() Player 2 testing: 
 
Pair
[1, 0, 0, 0, 2, 0, 1, 0, 0, 1, 0, 0, 0]
[2, 0, 1, 2]
Hand value: 104
------------------------
------------------------
 
Player 1:  
{Jack of Spades} 
{2 of Clubs} 
{7 of Diamonds} 
{4 of Clubs} 
{5 of Hearts} 
 
Player 2:  
{2 of Diamonds} 
{10 of Hearts} 
{5 of Spades} 
{10 of Clubs} 
{King of Spades} 
 
EvaluateHands() Player 1 testing: 
 
[1, 0, 1, 1, 0, 1, 0, 0, 0, 1, 0, 0, 0]
[2, 1, 1, 1]
Hand value: 9
 
EvaluateHands() Player 2 testing: 
 
Pair
[1, 0, 0, 1, 0, 0, 0, 0, 2, 0, 0, 1, 0]
[1, 2, 1, 1]
Hand value: 108
------------------------
------------------------
 
Player 1:  
{5 of Hearts} 
{7 of Diamonds} 
{2 of Hearts} 
{King of Spades} 
{3 of Diamonds} 
 
Player 2:  
{2 of Diamonds} 
{Ace of Diamonds} 
{King of Hearts} 
{9 of Spades} 
{4 of Clubs} 
 
EvaluateHands() Player 1 testing: 
 
[1, 1, 0, 1, 0, 1, 0, 0, 0, 0, 0, 1, 0]
[0, 1, 2, 2]
Hand value: 11
 
EvaluateHands() Player 2 testing: 
 
[1, 0, 1, 0, 0, 0, 0, 1, 0, 0, 0, 1, 1]
[1, 1, 1, 2]
Hand value: 12
------------------------
------------------------
 
Player 1:  
{6 of Clubs} 
{8 of Hearts} 
{Queen of Hearts} 
{Ace of Diamonds} 
{6 of Spades} 
 
Player 2:  
{10 of Clubs} 
{Jack of Spades} 
{King of Diamonds} 
{King of Hearts} 
{9 of Diamonds} 
 
EvaluateHands() Player 1 testing: 
 
Pair
[0, 0, 0, 0, 2, 0, 1, 0, 0, 0, 1, 0, 1]
[1, 1, 2, 1]
Hand value: 104
 
EvaluateHands() Player 2 testing: 
 
Pair
[0, 0, 0, 0, 0, 0, 0, 1, 1, 1, 0, 2, 0]
[1, 1, 1, 2]
Hand value: 111
------------------------
------------------------
 
Player 1:  
{10 of Clubs} 
{Queen of Hearts} 
{3 of Spades} 
{3 of Hearts} 
{2 of Spades} 
 
Player 2:  
{6 of Hearts} 
{10 of Diamonds} 
{7 of Hearts} 
{Jack of Diamonds} 
{5 of Hearts} 
 
EvaluateHands() Player 1 testing: 
 
Pair
[1, 2, 0, 0, 0, 0, 0, 0, 1, 0, 1, 0, 0]
[1, 2, 2, 0]
Hand value: 101
 
EvaluateHands() Player 2 testing: 
 
[0, 0, 0, 1, 1, 1, 0, 0, 1, 1, 0, 0, 0]
[0, 0, 3, 2]
Hand value: 9
------------------------
------------------------
 
Player 1:  
{Ace of Hearts} 
{7 of Diamonds} 
{3 of Hearts} 
{2 of Clubs} 
{4 of Clubs} 
 
Player 2:  
{Ace of Spades} 
{7 of Spades} 
{5 of Clubs} 
{Queen of Clubs} 
{Queen of Hearts} 
 
EvaluateHands() Player 1 testing: 
 
[1, 1, 1, 0, 0, 1, 0, 0, 0, 0, 0, 0, 1]
[2, 0, 2, 1]
Hand value: 12
 
EvaluateHands() Player 2 testing: 
 
Pair
[0, 0, 0, 1, 0, 1, 0, 0, 0, 0, 2, 0, 1]
[2, 2, 1, 0]
Hand value: 110
------------------------
------------------------
 
Player 1:  
{5 of Diamonds} 
{Queen of Hearts} 
{6 of Clubs} 
{4 of Clubs} 
{5 of Hearts} 
 
Player 2:  
{Ace of Hearts} 
{Ace of Spades} 
{10 of Spades} 
{Queen of Clubs} 
{9 of Hearts} 
 
EvaluateHands() Player 1 testing: 
 
Pair
[0, 0, 1, 2, 1, 0, 0, 0, 0, 0, 1, 0, 0]
[2, 0, 2, 1]
Hand value: 103
 
EvaluateHands() Player 2 testing: 
 
Pair
[0, 0, 0, 0, 0, 0, 0, 1, 1, 0, 1, 0, 2]
[1, 2, 2, 0]
Hand value: 112
------------------------
------------------------
 
Player 1:  
{8 of Clubs} 
{Jack of Spades} 
{10 of Clubs} 
{7 of Clubs} 
{2 of Spades} 
 
Player 2:  
{2 of Hearts} 
{9 of Hearts} 
{Jack of Hearts} 
{Ace of Spades} 
{4 of Clubs} 
 
EvaluateHands() Player 1 testing: 
 
[1, 0, 0, 0, 0, 1, 1, 0, 1, 1, 0, 0, 0]
[3, 2, 0, 0]
Hand value: 9
 
EvaluateHands() Player 2 testing: 
 
[1, 0, 1, 0, 0, 0, 0, 1, 0, 1, 0, 0, 1]
[1, 1, 3, 0]
Hand value: 12
------------------------
------------------------
 
Player 1:  
{3 of Clubs} 
{Queen of Hearts} 
{Jack of Hearts} 
{10 of Hearts} 
{6 of Spades} 
 
Player 2:  
{Ace of Clubs} 
{7 of Hearts} 
{2 of Hearts} 
{Queen of Spades} 
{King of Clubs} 
 
EvaluateHands() Player 1 testing: 
 
[0, 1, 0, 0, 1, 0, 0, 0, 1, 1, 1, 0, 0]
[1, 1, 3, 0]
Hand value: 10
 
EvaluateHands() Player 2 testing: 
 
[1, 0, 0, 0, 0, 1, 0, 0, 0, 0, 1, 1, 1]
[2, 1, 2, 0]
Hand value: 12
------------------------
------------------------
 
Player 1:  
{3 of Clubs} 
{Ace of Clubs} 
{Jack of Diamonds} 
{Jack of Spades} 
{8 of Spades} 
 
Player 2:  
{King of Spades} 
{2 of Diamonds} 
{King of Hearts} 
{Ace of Diamonds} 
{2 of Spades} 
 
EvaluateHands() Player 1 testing: 
 
Pair
[0, 1, 0, 0, 0, 0, 1, 0, 0, 2, 0, 0, 1]
[2, 2, 0, 1]
Hand value: 109
 
EvaluateHands() Player 2 testing: 
 
Two Pairs
[2, 0, 0, 0, 0, 0, 0, 0, 0, 0, 0, 2, 1]
[0, 2, 1, 2]
Hand value: 212
------------------------
------------------------
 
Player 1:  
{9 of Clubs} 
{8 of Clubs} 
{8 of Hearts} 
{6 of Hearts} 
{2 of Hearts} 
 
Player 2:  
{2 of Diamonds} 
{5 of Hearts} 
{Queen of Spades} 
{2 of Spades} 
{Jack of Spades} 
 
EvaluateHands() Player 1 testing: 
 
Pair
[1, 0, 0, 0, 1, 0, 2, 1, 0, 0, 0, 0, 0]
[2, 0, 3, 0]
Hand value: 106
 
EvaluateHands() Player 2 testing: 
 
Pair
[2, 0, 0, 1, 0, 0, 0, 0, 0, 1, 1, 0, 0]
[0, 3, 1, 1]
Hand value: 100
------------------------
------------------------
 
Player 1:  
{Jack of Clubs} 
{4 of Hearts} 
{10 of Hearts} 
{7 of Diamonds} 
{5 of Diamonds} 
 
Player 2:  
{2 of Spades} 
{King of Diamonds} 
{6 of Diamonds} 
{3 of Hearts} 
{8 of Clubs} 
 
EvaluateHands() Player 1 testing: 
 
[0, 0, 1, 1, 0, 1, 0, 0, 1, 1, 0, 0, 0]
[1, 0, 2, 2]
Hand value: 9
 
EvaluateHands() Player 2 testing: 
 
[1, 1, 0, 0, 1, 0, 1, 0, 0, 0, 0, 1, 0]
[1, 1, 1, 2]
Hand value: 11
------------------------
------------------------
 
Player 1:  
{Queen of Clubs} 
{King of Spades} 
{King of Hearts} 
{Queen of Hearts} 
{8 of Diamonds} 
 
Player 2:  
{9 of Hearts} 
{Queen of Diamonds} 
{10 of Diamonds} 
{3 of Spades} 
{6 of Clubs} 
 
EvaluateHands() Player 1 testing: 
 
Two Pairs
[0, 0, 0, 0, 0, 0, 1, 0, 0, 0, 2, 2, 0]
[1, 1, 2, 1]
Hand value: 211
 
EvaluateHands() Player 2 testing: 
 
[0, 1, 0, 0, 1, 0, 0, 1, 1, 0, 1, 0, 0]
[1, 1, 1, 2]
Hand value: 10
------------------------
------------------------
 
Player 1:  
{5 of Clubs} 
{Ace of Clubs} 
{7 of Hearts} 
{2 of Diamonds} 
{Jack of Diamonds} 
 
Player 2:  
{6 of Diamonds} 
{Queen of Hearts} 
{3 of Clubs} 
{10 of Diamonds} 
{3 of Spades} 
 
EvaluateHands() Player 1 testing: 
 
[1, 0, 0, 1, 0, 1, 0, 0, 0, 1, 0, 0, 1]
[2, 0, 1, 2]
Hand value: 12
 
EvaluateHands() Player 2 testing: 
 
Pair
[0, 2, 0, 0, 1, 0, 0, 0, 1, 0, 1, 0, 0]
[1, 1, 1, 2]
Hand value: 101
------------------------
------------------------
 
Player 1:  
{5 of Hearts} 
{4 of Spades} 
{Ace of Clubs} 
{5 of Diamonds} 
{10 of Diamonds} 
 
Player 2:  
{7 of Hearts} 
{2 of Diamonds} 
{Queen of Clubs} 
{6 of Diamonds} 
{4 of Diamonds} 
 
EvaluateHands() Player 1 testing: 
 
Pair
[0, 0, 1, 2, 0, 0, 0, 0, 1, 0, 0, 0, 1]
[1, 1, 1, 2]
Hand value: 103
 
EvaluateHands() Player 2 testing: 
 
[1, 0, 1, 0, 1, 1, 0, 0, 0, 0, 1, 0, 0]
[1, 0, 1, 3]
Hand value: 10
------------------------
------------------------
 
Player 1:  
{10 of Diamonds} 
{King of Spades} 
{8 of Hearts} 
{9 of Diamonds} 
{10 of Hearts} 
 
Player 2:  
{Jack of Spades} 
{Queen of Clubs} 
{7 of Hearts} 
{4 of Spades} 
{Queen of Diamonds} 
 
EvaluateHands() Player 1 testing: 
 
Pair
[0, 0, 0, 0, 0, 0, 1, 1, 2, 0, 0, 1, 0]
[0, 1, 2, 2]
Hand value: 108
 
EvaluateHands() Player 2 testing: 
 
Pair
[0, 0, 1, 0, 0, 1, 0, 0, 0, 1, 2, 0, 0]
[1, 2, 1, 1]
Hand value: 110
------------------------
------------------------
 
Player 1:  
{Queen of Clubs} 
{7 of Hearts} 
{7 of Diamonds} 
{3 of Clubs} 
{2 of Diamonds} 
 
Player 2:  
{4 of Spades} 
{9 of Clubs} 
{6 of Diamonds} 
{Jack of Clubs} 
{3 of Diamonds} 
 
EvaluateHands() Player 1 testing: 
 
Pair
[1, 1, 0, 0, 0, 2, 0, 0, 0, 0, 1, 0, 0]
[2, 0, 1, 2]
Hand value: 105
 
EvaluateHands() Player 2 testing: 
 
[0, 1, 1, 0, 1, 0, 0, 1, 0, 1, 0, 0, 0]
[2, 1, 0, 2]
Hand value: 9
------------------------
------------------------
 
Player 1:  
{8 of Spades} 
{King of Diamonds} 
{7 of Clubs} 
{10 of Diamonds} 
{6 of Hearts} 
 
Player 2:  
{9 of Spades} 
{King of Spades} 
{Jack of Hearts} 
{Ace of Hearts} 
{Queen of Diamonds} 
 
EvaluateHands() Player 1 testing: 
 
[0, 0, 0, 0, 1, 1, 1, 0, 1, 0, 0, 1, 0]
[1, 1, 1, 2]
Hand value: 11
 
EvaluateHands() Player 2 testing: 
 
[0, 0, 0, 0, 0, 0, 0, 1, 0, 1, 1, 1, 1]
[0, 2, 2, 1]
Hand value: 12
------------------------
------------------------
 
Player 1:  
{5 of Hearts} 
{7 of Spades} 
{7 of Hearts} 
{3 of Hearts} 
{5 of Spades} 
 
Player 2:  
{Jack of Diamonds} 
{10 of Diamonds} 
{Ace of Diamonds} 
{8 of Spades} 
{Queen of Clubs} 
 
EvaluateHands() Player 1 testing: 
 
Two Pairs
[0, 1, 0, 2, 0, 2, 0, 0, 0, 0, 0, 0, 0]
[0, 2, 3, 0]
Hand value: 205
 
EvaluateHands() Player 2 testing: 
 
[0, 0, 0, 0, 0, 0, 1, 0, 1, 1, 1, 0, 1]
[1, 1, 0, 3]
Hand value: 12
------------------------
------------------------
 
Player 1:  
{4 of Hearts} 
{Queen of Spades} 
{5 of Diamonds} 
{10 of Hearts} 
{3 of Diamonds} 
 
Player 2:  
{9 of Hearts} 
{6 of Clubs} 
{2 of Clubs} 
{7 of Diamonds} 
{8 of Clubs} 
 
EvaluateHands() Player 1 testing: 
 
[0, 1, 1, 1, 0, 0, 0, 0, 1, 0, 1, 0, 0]
[0, 1, 2, 2]
Hand value: 10
 
EvaluateHands() Player 2 testing: 
 
[1, 0, 0, 0, 1, 1, 1, 1, 0, 0, 0, 0, 0]
[3, 0, 1, 1]
Hand value: 7
------------------------
------------------------
 
Player 1:  
{2 of Hearts} 
{9 of Hearts} 
{2 of Diamonds} 
{5 of Hearts} 
{Ace of Spades} 
 
Player 2:  
{9 of Spades} 
{Queen of Hearts} 
{7 of Clubs} 
{6 of Diamonds} 
{5 of Diamonds} 
 
EvaluateHands() Player 1 testing: 
 
Pair
[2, 0, 0, 1, 0, 0, 0, 1, 0, 0, 0, 0, 1]
[0, 1, 3, 1]
Hand value: 100
 
EvaluateHands() Player 2 testing: 
 
[0, 0, 0, 1, 1, 1, 0, 1, 0, 0, 1, 0, 0]
[1, 1, 1, 2]
Hand value: 10
------------------------
------------------------
 
Player 1:  
{King of Clubs} 
{4 of Spades} 
{Jack of Hearts} 
{8 of Clubs} 
{Queen of Diamonds} 
 
Player 2:  
{5 of Hearts} 
{Ace of Hearts} 
{10 of Spades} 
{6 of Clubs} 
{8 of Spades} 
 
EvaluateHands() Player 1 testing: 
 
[0, 0, 1, 0, 0, 0, 1, 0, 0, 1, 1, 1, 0]
[2, 1, 1, 1]
Hand value: 11
 
EvaluateHands() Player 2 testing: 
 
[0, 0, 0, 1, 1, 0, 1, 0, 1, 0, 0, 0, 1]
[1, 2, 2, 0]
Hand value: 12
------------------------
------------------------
 
Player 1:  
{5 of Diamonds} 
{10 of Diamonds} 
{5 of Clubs} 
{7 of Hearts} 
{8 of Hearts} 
 
Player 2:  
{King of Diamonds} 
{9 of Diamonds} 
{Ace of Hearts} 
{6 of Diamonds} 
{10 of Spades} 
 
EvaluateHands() Player 1 testing: 
 
Pair
[0, 0, 0, 2, 0, 1, 1, 0, 1, 0, 0, 0, 0]
[1, 0, 2, 2]
Hand value: 103
 
EvaluateHands() Player 2 testing: 
 
[0, 0, 0, 0, 1, 0, 0, 1, 1, 0, 0, 1, 1]
[0, 1, 1, 3]
Hand value: 12
------------------------
------------------------
 
Player 1:  
{5 of Hearts} 
{7 of Clubs} 
{3 of Hearts} 
{9 of Diamonds} 
{King of Clubs} 
 
Player 2:  
{2 of Clubs} 
{Jack of Spades} 
{Jack of Clubs} 
{Ace of Diamonds} 
{Jack of Hearts} 
 
EvaluateHands() Player 1 testing: 
 
[0, 1, 0, 1, 0, 1, 0, 1, 0, 0, 0, 1, 0]
[2, 0, 2, 1]
Hand value: 11
 
EvaluateHands() Player 2 testing: 
 
Three of a Kind
[1, 0, 0, 0, 0, 0, 0, 0, 0, 3, 0, 0, 1]
[2, 1, 1, 1]
Hand value: 309
------------------------
------------------------
 
Player 1:  
{9 of Hearts} 
{5 of Spades} 
{Ace of Diamonds} 
{Jack of Hearts} 
{Jack of Clubs} 
 
Player 2:  
{5 of Diamonds} 
{Queen of Clubs} 
{10 of Clubs} 
{Jack of Diamonds} 
{King of Hearts} 
 
EvaluateHands() Player 1 testing: 
 
Pair
[0, 0, 0, 1, 0, 0, 0, 1, 0, 2, 0, 0, 1]
[1, 1, 2, 1]
Hand value: 109
 
EvaluateHands() Player 2 testing: 
 
[0, 0, 0, 1, 0, 0, 0, 0, 1, 1, 1, 1, 0]
[2, 0, 1, 2]
Hand value: 11
------------------------
------------------------
 
Player 1:  
{6 of Hearts} 
{8 of Clubs} 
{2 of Diamonds} 
{9 of Diamonds} 
{2 of Hearts} 
 
Player 2:  
{King of Diamonds} 
{4 of Hearts} 
{9 of Clubs} 
{5 of Spades} 
{7 of Diamonds} 
 
EvaluateHands() Player 1 testing: 
 
Pair
[2, 0, 0, 0, 1, 0, 1, 1, 0, 0, 0, 0, 0]
[1, 0, 2, 2]
Hand value: 100
 
EvaluateHands() Player 2 testing: 
 
[0, 0, 1, 1, 0, 1, 0, 1, 0, 0, 0, 1, 0]
[1, 1, 1, 2]
Hand value: 11
------------------------
------------------------
 
Player 1:  
{Queen of Clubs} 
{Jack of Spades} 
{7 of Clubs} 
{2 of Spades} 
{4 of Clubs} 
 
Player 2:  
{10 of Diamonds} 
{4 of Spades} 
{Jack of Hearts} 
{Ace of Diamonds} 
{7 of Hearts} 
 
EvaluateHands() Player 1 testing: 
 
[1, 0, 1, 0, 0, 1, 0, 0, 0, 1, 1, 0, 0]
[3, 2, 0, 0]
Hand value: 10
 
EvaluateHands() Player 2 testing: 
 
[0, 0, 1, 0, 0, 1, 0, 0, 1, 1, 0, 0, 1]
[0, 1, 2, 2]
Hand value: 12
------------------------
------------------------
 
Player 1:  
{King of Spades} 
{9 of Diamonds} 
{7 of Hearts} 
{10 of Spades} 
{6 of Diamonds} 
 
Player 2:  
{3 of Diamonds} 
{10 of Diamonds} 
{8 of Hearts} 
{Queen of Hearts} 
{6 of Clubs} 
 
EvaluateHands() Player 1 testing: 
 
[0, 0, 0, 0, 1, 1, 0, 1, 1, 0, 0, 1, 0]
[0, 2, 1, 2]
Hand value: 11
 
EvaluateHands() Player 2 testing: 
 
[0, 1, 0, 0, 1, 0, 1, 0, 1, 0, 1, 0, 0]
[1, 0, 2, 2]
Hand value: 10
------------------------
------------------------
 
Player 1:  
{8 of Spades} 
{7 of Spades} 
{2 of Clubs} 
{Jack of Clubs} 
{5 of Hearts} 
 
Player 2:  
{7 of Hearts} 
{9 of Diamonds} 
{9 of Hearts} 
{9 of Clubs} 
{Jack of Diamonds} 
 
EvaluateHands() Player 1 testing: 
 
[1, 0, 0, 1, 0, 1, 1, 0, 0, 1, 0, 0, 0]
[2, 2, 1, 0]
Hand value: 9
 
EvaluateHands() Player 2 testing: 
 
Three of a Kind
[0, 0, 0, 0, 0, 1, 0, 3, 0, 1, 0, 0, 0]
[1, 0, 2, 2]
Hand value: 307
------------------------
------------------------
 
Player 1:  
{3 of Diamonds} 
{7 of Diamonds} 
{5 of Spades} 
{3 of Clubs} 
{5 of Clubs} 
 
Player 2:  
{2 of Clubs} 
{6 of Spades} 
{7 of Spades} 
{2 of Diamonds} 
{King of Diamonds} 
 
EvaluateHands() Player 1 testing: 
 
Two Pairs
[0, 2, 0, 2, 0, 1, 0, 0, 0, 0, 0, 0, 0]
[2, 1, 0, 2]
Hand value: 205
 
EvaluateHands() Player 2 testing: 
 
Pair
[2, 0, 0, 0, 1, 1, 0, 0, 0, 0, 0, 1, 0]
[1, 2, 0, 2]
Hand value: 100
------------------------
------------------------
 
Player 1:  
{9 of Diamonds} 
{7 of Diamonds} 
{7 of Clubs} 
{Queen of Spades} 
{10 of Diamonds} 
 
Player 2:  
{Ace of Spades} 
{Ace of Hearts} 
{9 of Clubs} 
{8 of Clubs} 
{4 of Spades} 
 
EvaluateHands() Player 1 testing: 
 
Pair
[0, 0, 0, 0, 0, 2, 0, 1, 1, 0, 1, 0, 0]
[1, 1, 0, 3]
Hand value: 105
 
EvaluateHands() Player 2 testing: 
 
Pair
[0, 0, 1, 0, 0, 0, 1, 1, 0, 0, 0, 0, 2]
[2, 2, 1, 0]
Hand value: 112
------------------------
------------------------
 
Player 1:  
{4 of Diamonds} 
{King of Spades} 
{3 of Spades} 
{Jack of Spades} 
{Queen of Spades} 
 
Player 2:  
{5 of Clubs} 
{Queen of Diamonds} 
{Jack of Clubs} 
{Queen of Hearts} 
{6 of Spades} 
 
EvaluateHands() Player 1 testing: 
 
[0, 1, 1, 0, 0, 0, 0, 0, 0, 1, 1, 1, 0]
[0, 4, 0, 1]
Hand value: 11
 
EvaluateHands() Player 2 testing: 
 
Pair
[0, 0, 0, 1, 1, 0, 0, 0, 0, 1, 2, 0, 0]
[2, 1, 1, 1]
Hand value: 110
------------------------
------------------------
 
Player 1:  
{Jack of Spades} 
{Jack of Hearts} 
{King of Spades} 
{2 of Hearts} 
{2 of Diamonds} 
 
Player 2:  
{5 of Hearts} 
{10 of Diamonds} 
{9 of Hearts} 
{8 of Hearts} 
{2 of Clubs} 
 
EvaluateHands() Player 1 testing: 
 
Two Pairs
[2, 0, 0, 0, 0, 0, 0, 0, 0, 2, 0, 1, 0]
[0, 2, 2, 1]
Hand value: 211
 
EvaluateHands() Player 2 testing: 
 
[1, 0, 0, 1, 0, 0, 1, 1, 1, 0, 0, 0, 0]
[1, 0, 3, 1]
Hand value: 8
------------------------
------------------------
 
Player 1:  
{3 of Clubs} 
{4 of Hearts} 
{3 of Spades} 
{7 of Hearts} 
{4 of Clubs} 
 
Player 2:  
{10 of Diamonds} 
{3 of Diamonds} 
{9 of Spades} 
{2 of Clubs} 
{10 of Clubs} 
 
EvaluateHands() Player 1 testing: 
 
Two Pairs
[0, 2, 2, 0, 0, 1, 0, 0, 0, 0, 0, 0, 0]
[2, 1, 2, 0]
Hand value: 205
 
EvaluateHands() Player 2 testing: 
 
Pair
[1, 1, 0, 0, 0, 0, 0, 1, 2, 0, 0, 0, 0]
[2, 1, 0, 2]
Hand value: 108
------------------------
------------------------
 
Player 1:  
{6 of Diamonds} 
{King of Spades} 
{10 of Diamonds} 
{5 of Hearts} 
{9 of Diamonds} 
 
Player 2:  
{7 of Diamonds} 
{4 of Clubs} 
{2 of Diamonds} 
{3 of Diamonds} 
{Jack of Clubs} 
 
EvaluateHands() Player 1 testing: 
 
[0, 0, 0, 1, 1, 0, 0, 1, 1, 0, 0, 1, 0]
[0, 1, 1, 3]
Hand value: 11
 
EvaluateHands() Player 2 testing: 
 
[1, 1, 1, 0, 0, 1, 0, 0, 0, 1, 0, 0, 0]
[2, 0, 0, 3]
Hand value: 9
------------------------
------------------------
 
Player 1:  
{9 of Clubs} 
{8 of Clubs} 
{Ace of Clubs} 
{Jack of Spades} 
{5 of Diamonds} 
 
Player 2:  
{3 of Spades} 
{6 of Clubs} 
{King of Clubs} 
{10 of Spades} 
{9 of Spades} 
 
EvaluateHands() Player 1 testing: 
 
[0, 0, 0, 1, 0, 0, 1, 1, 0, 1, 0, 0, 1]
[3, 1, 0, 1]
Hand value: 12
 
EvaluateHands() Player 2 testing: 
 
[0, 1, 0, 0, 1, 0, 0, 1, 1, 0, 0, 1, 0]
[2, 3, 0, 0]
Hand value: 11
------------------------
------------------------
 
Player 1:  
{9 of Spades} 
{2 of Hearts} 
{7 of Diamonds} 
{6 of Diamonds} 
{8 of Clubs} 
 
Player 2:  
{King of Hearts} 
{Ace of Diamonds} 
{4 of Hearts} 
{Queen of Clubs} 
{Ace of Spades} 
 
EvaluateHands() Player 1 testing: 
 
[1, 0, 0, 0, 1, 1, 1, 1, 0, 0, 0, 0, 0]
[1, 1, 1, 2]
Hand value: 7
 
EvaluateHands() Player 2 testing: 
 
Pair
[0, 0, 1, 0, 0, 0, 0, 0, 0, 0, 1, 1, 2]
[1, 1, 2, 1]
Hand value: 112
------------------------
------------------------
 
Player 1:  
{6 of Diamonds} 
{9 of Hearts} 
{Ace of Diamonds} 
{2 of Hearts} 
{King of Hearts} 
 
Player 2:  
{Jack of Hearts} 
{8 of Hearts} 
{King of Spades} 
{10 of Clubs} 
{10 of Diamonds} 
 
EvaluateHands() Player 1 testing: 
 
[1, 0, 0, 0, 1, 0, 0, 1, 0, 0, 0, 1, 1]
[0, 0, 3, 2]
Hand value: 12
 
EvaluateHands() Player 2 testing: 
 
Pair
[0, 0, 0, 0, 0, 0, 1, 0, 2, 1, 0, 1, 0]
[1, 1, 2, 1]
Hand value: 108
------------------------
------------------------
 
Player 1:  
{8 of Diamonds} 
{4 of Clubs} 
{King of Clubs} 
{3 of Hearts} 
{King of Diamonds} 
 
Player 2:  
{7 of Hearts} 
{4 of Diamonds} 
{8 of Hearts} 
{2 of Diamonds} 
{Ace of Hearts} 
 
EvaluateHands() Player 1 testing: 
 
Pair
[0, 1, 1, 0, 0, 0, 1, 0, 0, 0, 0, 2, 0]
[2, 0, 1, 2]
Hand value: 111
 
EvaluateHands() Player 2 testing: 
 
[1, 0, 1, 0, 0, 1, 1, 0, 0, 0, 0, 0, 1]
[0, 0, 3, 2]
Hand value: 12
------------------------
------------------------
 
Player 1:  
{5 of Clubs} 
{10 of Hearts} 
{King of Diamonds} 
{Queen of Hearts} 
{10 of Diamonds} 
 
Player 2:  
{Queen of Diamonds} 
{2 of Clubs} 
{3 of Spades} 
{8 of Hearts} 
{10 of Spades} 
 
EvaluateHands() Player 1 testing: 
 
Pair
[0, 0, 0, 1, 0, 0, 0, 0, 2, 0, 1, 1, 0]
[1, 0, 2, 2]
Hand value: 108
 
EvaluateHands() Player 2 testing: 
 
[1, 1, 0, 0, 0, 0, 1, 0, 1, 0, 1, 0, 0]
[1, 2, 1, 1]
Hand value: 10
------------------------
------------------------
 
Player 1:  
{5 of Spades} 
{5 of Diamonds} 
{10 of Spades} 
{10 of Diamonds} 
{8 of Clubs} 
 
Player 2:  
{2 of Clubs} 
{King of Hearts} 
{7 of Hearts} 
{4 of Diamonds} 
{4 of Clubs} 
 
EvaluateHands() Player 1 testing: 
 
Two Pairs
[0, 0, 0, 2, 0, 0, 1, 0, 2, 0, 0, 0, 0]
[1, 2, 0, 2]
Hand value: 208
 
EvaluateHands() Player 2 testing: 
 
Pair
[1, 0, 2, 0, 0, 1, 0, 0, 0, 0, 0, 1, 0]
[2, 0, 2, 1]
Hand value: 102
------------------------
------------------------
 
Player 1:  
{6 of Spades} 
{Queen of Spades} 
{Queen of Diamonds} 
{King of Hearts} 
{Jack of Diamonds} 
 
Player 2:  
{Ace of Diamonds} 
{4 of Clubs} 
{King of Spades} 
{6 of Clubs} 
{4 of Spades} 
 
EvaluateHands() Player 1 testing: 
 
Pair
[0, 0, 0, 0, 1, 0, 0, 0, 0, 1, 2, 1, 0]
[0, 2, 1, 2]
Hand value: 110
 
EvaluateHands() Player 2 testing: 
 
Pair
[0, 0, 2, 0, 1, 0, 0, 0, 0, 0, 0, 1, 1]
[2, 2, 0, 1]
Hand value: 102
------------------------
------------------------
 
Player 1:  
{Ace of Spades} 
{3 of Spades} 
{Queen of Spades} 
{4 of Clubs} 
{Queen of Diamonds} 
 
Player 2:  
{3 of Clubs} 
{4 of Diamonds} 
{King of Clubs} 
{2 of Diamonds} 
{7 of Diamonds} 
 
EvaluateHands() Player 1 testing: 
 
Pair
[0, 1, 1, 0, 0, 0, 0, 0, 0, 0, 2, 0, 1]
[1, 3, 0, 1]
Hand value: 110
 
EvaluateHands() Player 2 testing: 
 
[1, 1, 1, 0, 0, 1, 0, 0, 0, 0, 0, 1, 0]
[2, 0, 0, 3]
Hand value: 11
------------------------
------------------------
 
Player 1:  
{9 of Diamonds} 
{4 of Hearts} 
{9 of Hearts} 
{King of Hearts} 
{8 of Diamonds} 
 
Player 2:  
{7 of Diamonds} 
{5 of Hearts} 
{7 of Spades} 
{3 of Clubs} 
{3 of Diamonds} 
 
EvaluateHands() Player 1 testing: 
 
Pair
[0, 0, 1, 0, 0, 0, 1, 2, 0, 0, 0, 1, 0]
[0, 0, 3, 2]
Hand value: 107
 
EvaluateHands() Player 2 testing: 
 
Two Pairs
[0, 2, 0, 1, 0, 2, 0, 0, 0, 0, 0, 0, 0]
[1, 1, 1, 2]
Hand value: 205
------------------------
------------------------
 
Player 1:  
{Queen of Diamonds} 
{Ace of Clubs} 
{King of Hearts} 
{9 of Hearts} 
{7 of Clubs} 
 
Player 2:  
{7 of Hearts} 
{5 of Hearts} 
{10 of Hearts} 
{2 of Hearts} 
{6 of Hearts} 
 
EvaluateHands() Player 1 testing: 
 
[0, 0, 0, 0, 0, 1, 0, 1, 0, 0, 1, 1, 1]
[2, 0, 2, 1]
Hand value: 12
 
EvaluateHands() Player 2 testing: 
 
Flush
[1, 0, 0, 1, 1, 1, 0, 0, 1, 0, 0, 0, 0]
[0, 0, 5, 0]
Hand value: 508
------------------------
------------------------
 
Player 1:  
{Jack of Hearts} 
{10 of Spades} 
{7 of Spades} 
{3 of Diamonds} 
{5 of Diamonds} 
 
Player 2:  
{9 of Diamonds} 
{Queen of Clubs} 
{2 of Diamonds} 
{5 of Hearts} 
{King of Spades} 
 
EvaluateHands() Player 1 testing: 
 
[0, 1, 0, 1, 0, 1, 0, 0, 1, 1, 0, 0, 0]
[0, 2, 1, 2]
Hand value: 9
 
EvaluateHands() Player 2 testing: 
 
[1, 0, 0, 1, 0, 0, 0, 1, 0, 0, 1, 1, 0]
[1, 1, 1, 2]
Hand value: 11
------------------------
------------------------
 
Player 1:  
{4 of Hearts} 
{3 of Hearts} 
{Ace of Clubs} 
{5 of Clubs} 
{2 of Hearts} 
 
Player 2:  
{10 of Diamonds} 
{10 of Hearts} 
{7 of Spades} 
{3 of Spades} 
{9 of Spades} 
 
EvaluateHands() Player 1 testing: 
 
[1, 1, 1, 1, 0, 0, 0, 0, 0, 0, 0, 0, 1]
[2, 0, 3, 0]
Hand value: 12
 
EvaluateHands() Player 2 testing: 
 
Pair
[0, 1, 0, 0, 0, 1, 0, 1, 2, 0, 0, 0, 0]
[0, 3, 1, 1]
Hand value: 108
------------------------
------------------------
 
Player 1:  
{Jack of Spades} 
{Queen of Hearts} 
{5 of Hearts} 
{9 of Hearts} 
{4 of Hearts} 
 
Player 2:  
{Ace of Hearts} 
{King of Clubs} 
{7 of Spades} 
{8 of Spades} 
{3 of Clubs} 
 
EvaluateHands() Player 1 testing: 
 
[0, 0, 1, 1, 0, 0, 0, 1, 0, 1, 1, 0, 0]
[0, 1, 4, 0]
Hand value: 10
 
EvaluateHands() Player 2 testing: 
 
[0, 1, 0, 0, 0, 1, 1, 0, 0, 0, 0, 1, 1]
[2, 2, 1, 0]
Hand value: 12
------------------------
------------------------
 
Player 1:  
{Ace of Hearts} 
{7 of Spades} 
{Ace of Spades} 
{8 of Diamonds} 
{2 of Clubs} 
 
Player 2:  
{Jack of Hearts} 
{2 of Hearts} 
{4 of Hearts} 
{7 of Hearts} 
{King of Hearts} 
 
EvaluateHands() Player 1 testing: 
 
Pair
[1, 0, 0, 0, 0, 1, 1, 0, 0, 0, 0, 0, 2]
[1, 2, 1, 1]
Hand value: 112
 
EvaluateHands() Player 2 testing: 
 
Flush
[1, 0, 1, 0, 0, 1, 0, 0, 0, 1, 0, 1, 0]
[0, 0, 5, 0]
Hand value: 511
------------------------
------------------------
 
Player 1:  
{5 of Diamonds} 
{4 of Diamonds} 
{3 of Spades} 
{King of Hearts} 
{3 of Diamonds} 
 
Player 2:  
{4 of Hearts} 
{2 of Diamonds} 
{7 of Hearts} 
{5 of Clubs} 
{3 of Hearts} 
 
EvaluateHands() Player 1 testing: 
 
Pair
[0, 2, 1, 1, 0, 0, 0, 0, 0, 0, 0, 1, 0]
[0, 1, 1, 3]
Hand value: 101
 
EvaluateHands() Player 2 testing: 
 
[1, 1, 1, 1, 0, 1, 0, 0, 0, 0, 0, 0, 0]
[1, 0, 3, 1]
Hand value: 5
------------------------
------------------------
 
Player 1:  
{2 of Spades} 
{3 of Diamonds} 
{7 of Clubs} 
{3 of Spades} 
{Ace of Hearts} 
 
Player 2:  
{2 of Diamonds} 
{King of Clubs} 
{5 of Diamonds} 
{King of Spades} 
{8 of Clubs} 
 
EvaluateHands() Player 1 testing: 
 
Pair
[1, 2, 0, 0, 0, 1, 0, 0, 0, 0, 0, 0, 1]
[1, 2, 1, 1]
Hand value: 101
 
EvaluateHands() Player 2 testing: 
 
Pair
[1, 0, 0, 1, 0, 0, 1, 0, 0, 0, 0, 2, 0]
[2, 1, 0, 2]
Hand value: 111
------------------------
------------------------
 
Player 1:  
{3 of Hearts} 
{2 of Diamonds} 
{9 of Clubs} 
{10 of Hearts} 
{King of Hearts} 
 
Player 2:  
{5 of Clubs} 
{3 of Clubs} 
{6 of Spades} 
{9 of Diamonds} 
{Queen of Spades} 
 
EvaluateHands() Player 1 testing: 
 
[1, 1, 0, 0, 0, 0, 0, 1, 1, 0, 0, 1, 0]
[1, 0, 3, 1]
Hand value: 11
 
EvaluateHands() Player 2 testing: 
 
[0, 1, 0, 1, 1, 0, 0, 1, 0, 0, 1, 0, 0]
[2, 2, 0, 1]
Hand value: 10
------------------------
------------------------
 
Player 1:  
{King of Hearts} 
{5 of Hearts} 
{2 of Spades} 
{4 of Hearts} 
{6 of Hearts} 
 
Player 2:  
{7 of Hearts} 
{9 of Diamonds} 
{Jack of Diamonds} 
{3 of Diamonds} 
{King of Clubs} 
 
EvaluateHands() Player 1 testing: 
 
[1, 0, 1, 1, 1, 0, 0, 0, 0, 0, 0, 1, 0]
[0, 1, 4, 0]
Hand value: 11
 
EvaluateHands() Player 2 testing: 
 
[0, 1, 0, 0, 0, 1, 0, 1, 0, 1, 0, 1, 0]
[1, 0, 1, 3]
Hand value: 11
------------------------
------------------------
 
Player 1:  
{9 of Diamonds} 
{Jack of Hearts} 
{King of Clubs} 
{8 of Diamonds} 
{King of Diamonds} 
 
Player 2:  
{5 of Spades} 
{4 of Hearts} 
{6 of Diamonds} 
{Jack of Spades} 
{5 of Clubs} 
 
EvaluateHands() Player 1 testing: 
 
Pair
[0, 0, 0, 0, 0, 0, 1, 1, 0, 1, 0, 2, 0]
[1, 0, 1, 3]
Hand value: 111
 
EvaluateHands() Player 2 testing: 
 
Pair
[0, 0, 1, 2, 1, 0, 0, 0, 0, 1, 0, 0, 0]
[1, 2, 1, 1]
Hand value: 103
------------------------
------------------------
 
Player 1:  
{3 of Hearts} 
{King of Diamonds} 
{5 of Spades} 
{2 of Hearts} 
{8 of Hearts} 
 
Player 2:  
{Jack of Clubs} 
{9 of Hearts} 
{7 of Diamonds} 
{2 of Clubs} 
{6 of Hearts} 
 
EvaluateHands() Player 1 testing: 
 
[1, 1, 0, 1, 0, 0, 1, 0, 0, 0, 0, 1, 0]
[0, 1, 3, 1]
Hand value: 11
 
EvaluateHands() Player 2 testing: 
 
[1, 0, 0, 0, 1, 1, 0, 1, 0, 1, 0, 0, 0]
[2, 0, 2, 1]
Hand value: 9
------------------------
------------------------
 
Player 1:  
{5 of Clubs} 
{5 of Hearts} 
{4 of Hearts} 
{7 of Clubs} 
{4 of Diamonds} 
 
Player 2:  
{10 of Spades} 
{Jack of Clubs} 
{5 of Diamonds} 
{6 of Spades} 
{5 of Spades} 
 
EvaluateHands() Player 1 testing: 
 
Two Pairs
[0, 0, 2, 2, 0, 1, 0, 0, 0, 0, 0, 0, 0]
[2, 0, 2, 1]
Hand value: 205
 
EvaluateHands() Player 2 testing: 
 
Pair
[0, 0, 0, 2, 1, 0, 0, 0, 1, 1, 0, 0, 0]
[1, 3, 0, 1]
Hand value: 103
------------------------
------------------------
 
Player 1:  
{Queen of Hearts} 
{3 of Clubs} 
{8 of Hearts} 
{Ace of Clubs} 
{8 of Diamonds} 
 
Player 2:  
{8 of Clubs} 
{6 of Hearts} 
{2 of Diamonds} 
{6 of Diamonds} 
{4 of Hearts} 
 
EvaluateHands() Player 1 testing: 
 
Pair
[0, 1, 0, 0, 0, 0, 2, 0, 0, 0, 1, 0, 1]
[2, 0, 2, 1]
Hand value: 106
 
EvaluateHands() Player 2 testing: 
 
Pair
[1, 0, 1, 0, 2, 0, 1, 0, 0, 0, 0, 0, 0]
[1, 0, 2, 2]
Hand value: 104
------------------------
------------------------
 
Player 1:  
{7 of Hearts} 
{9 of Hearts} 
{4 of Clubs} 
{3 of Diamonds} 
{Ace of Clubs} 
 
Player 2:  
{5 of Hearts} 
{Jack of Diamonds} 
{3 of Hearts} 
{Jack of Hearts} 
{2 of Diamonds} 
 
EvaluateHands() Player 1 testing: 
 
[0, 1, 1, 0, 0, 1, 0, 1, 0, 0, 0, 0, 1]
[2, 0, 2, 1]
Hand value: 12
 
EvaluateHands() Player 2 testing: 
 
Pair
[1, 1, 0, 1, 0, 0, 0, 0, 0, 2, 0, 0, 0]
[0, 0, 3, 2]
Hand value: 109
------------------------
------------------------
 
Player 1:  
{3 of Diamonds} 
{Ace of Diamonds} 
{7 of Hearts} 
{5 of Spades} 
{10 of Diamonds} 
 
Player 2:  
{King of Hearts} 
{2 of Diamonds} 
{3 of Spades} 
{4 of Diamonds} 
{Jack of Diamonds} 
 
EvaluateHands() Player 1 testing: 
 
[0, 1, 0, 1, 0, 1, 0, 0, 1, 0, 0, 0, 1]
[0, 1, 1, 3]
Hand value: 12
 
EvaluateHands() Player 2 testing: 
 
[1, 1, 1, 0, 0, 0, 0, 0, 0, 1, 0, 1, 0]
[0, 1, 1, 3]
Hand value: 11
------------------------
------------------------
 
Player 1:  
{Queen of Hearts} 
{9 of Diamonds} 
{4 of Clubs} 
{Queen of Spades} 
{7 of Clubs} 
 
Player 2:  
{5 of Hearts} 
{5 of Diamonds} 
{7 of Hearts} 
{3 of Diamonds} 
{10 of Spades} 
 
EvaluateHands() Player 1 testing: 
 
Pair
[0, 0, 1, 0, 0, 1, 0, 1, 0, 0, 2, 0, 0]
[2, 1, 1, 1]
Hand value: 110
 
EvaluateHands() Player 2 testing: 
 
Pair
[0, 1, 0, 2, 0, 1, 0, 0, 1, 0, 0, 0, 0]
[0, 1, 2, 2]
Hand value: 103
------------------------
------------------------
 
Player 1:  
{King of Hearts} 
{10 of Diamonds} 
{Queen of Diamonds} 
{4 of Clubs} 
{3 of Clubs} 
 
Player 2:  
{King of Spades} 
{Queen of Spades} 
{10 of Clubs} 
{5 of Spades} 
{3 of Spades} 
 
EvaluateHands() Player 1 testing: 
 
[0, 1, 1, 0, 0, 0, 0, 0, 1, 0, 1, 1, 0]
[2, 0, 1, 2]
Hand value: 11
 
EvaluateHands() Player 2 testing: 
 
[0, 1, 0, 1, 0, 0, 0, 0, 1, 0, 1, 1, 0]
[1, 4, 0, 0]
Hand value: 11
------------------------
------------------------
 
Player 1:  
{Queen of Clubs} 
{5 of Hearts} 
{7 of Diamonds} 
{Jack of Diamonds} 
{Jack of Spades} 
 
Player 2:  
{9 of Hearts} 
{5 of Clubs} 
{6 of Diamonds} 
{6 of Hearts} 
{King of Hearts} 
 
EvaluateHands() Player 1 testing: 
 
Pair
[0, 0, 0, 1, 0, 1, 0, 0, 0, 2, 1, 0, 0]
[1, 1, 1, 2]
Hand value: 109
 
EvaluateHands() Player 2 testing: 
 
Pair
[0, 0, 0, 1, 2, 0, 0, 1, 0, 0, 0, 1, 0]
[1, 0, 3, 1]
Hand value: 104
------------------------
------------------------
 
Player 1:  
{4 of Hearts} 
{7 of Spades} 
{2 of Clubs} 
{2 of Hearts} 
{Jack of Diamonds} 
 
Player 2:  
{6 of Diamonds} 
{2 of Spades} 
{8 of Spades} 
{7 of Diamonds} 
{3 of Clubs} 
 
EvaluateHands() Player 1 testing: 
 
Pair
[2, 0, 1, 0, 0, 1, 0, 0, 0, 1, 0, 0, 0]
[1, 1, 2, 1]
Hand value: 100
 
EvaluateHands() Player 2 testing: 
 
[1, 1, 0, 0, 1, 1, 1, 0, 0, 0, 0, 0, 0]
[1, 2, 0, 2]
Hand value: 6
------------------------
------------------------
 
Player 1:  
{10 of Clubs} 
{9 of Clubs} 
{Queen of Hearts} 
{7 of Hearts} 
{Ace of Spades} 
 
Player 2:  
{7 of Diamonds} 
{7 of Spades} 
{Jack of Diamonds} 
{3 of Spades} 
{King of Spades} 
 
EvaluateHands() Player 1 testing: 
 
[0, 0, 0, 0, 0, 1, 0, 1, 1, 0, 1, 0, 1]
[2, 1, 2, 0]
Hand value: 12
 
EvaluateHands() Player 2 testing: 
 
Pair
[0, 1, 0, 0, 0, 2, 0, 0, 0, 1, 0, 1, 0]
[0, 3, 0, 2]
Hand value: 105
------------------------
------------------------
 
Player 1:  
{Queen of Diamonds} 
{10 of Hearts} 
{Ace of Diamonds} 
{King of Hearts} 
{Queen of Hearts} 
 
Player 2:  
{Jack of Hearts} 
{7 of Diamonds} 
{5 of Diamonds} 
{4 of Hearts} 
{8 of Hearts} 
 
EvaluateHands() Player 1 testing: 
 
Pair
[0, 0, 0, 0, 0, 0, 0, 0, 1, 0, 2, 1, 1]
[0, 0, 3, 2]
Hand value: 110
 
EvaluateHands() Player 2 testing: 
 
[0, 0, 1, 1, 0, 1, 1, 0, 0, 1, 0, 0, 0]
[0, 0, 3, 2]
Hand value: 9
------------------------
------------------------
 
Player 1:  
{2 of Diamonds} 
{Ace of Clubs} 
{3 of Spades} 
{Jack of Spades} 
{King of Clubs} 
 
Player 2:  
{5 of Diamonds} 
{Queen of Diamonds} 
{10 of Hearts} 
{Ace of Hearts} 
{7 of Clubs} 
 
EvaluateHands() Player 1 testing: 
 
[1, 1, 0, 0, 0, 0, 0, 0, 0, 1, 0, 1, 1]
[2, 2, 0, 1]
Hand value: 12
 
EvaluateHands() Player 2 testing: 
 
[0, 0, 0, 1, 0, 1, 0, 0, 1, 0, 1, 0, 1]
[1, 0, 2, 2]
Hand value: 12
------------------------
------------------------
 
Player 1:  
{Ace of Clubs} 
{8 of Hearts} 
{Queen of Diamonds} 
{10 of Hearts} 
{9 of Clubs} 
 
Player 2:  
{6 of Diamonds} 
{Jack of Hearts} 
{7 of Spades} 
{Jack of Clubs} 
{Ace of Diamonds} 
 
EvaluateHands() Player 1 testing: 
 
[0, 0, 0, 0, 0, 0, 1, 1, 1, 0, 1, 0, 1]
[2, 0, 2, 1]
Hand value: 12
 
EvaluateHands() Player 2 testing: 
 
Pair
[0, 0, 0, 0, 1, 1, 0, 0, 0, 2, 0, 0, 1]
[1, 1, 1, 2]
Hand value: 109
------------------------
------------------------
 
Player 1:  
{Jack of Spades} 
{Jack of Clubs} 
{8 of Hearts} 
{Ace of Clubs} 
{10 of Diamonds} 
 
Player 2:  
{Ace of Spades} 
{6 of Diamonds} 
{2 of Diamonds} 
{2 of Clubs} 
{2 of Spades} 
 
EvaluateHands() Player 1 testing: 
 
Pair
[0, 0, 0, 0, 0, 0, 1, 0, 1, 2, 0, 0, 1]
[2, 1, 1, 1]
Hand value: 109
 
EvaluateHands() Player 2 testing: 
 
Three of a Kind
[3, 0, 0, 0, 1, 0, 0, 0, 0, 0, 0, 0, 1]
[1, 2, 0, 2]
Hand value: 300
------------------------
------------------------
 
Player 1:  
{10 of Spades} 
{6 of Clubs} 
{Ace of Spades} 
{10 of Diamonds} 
{Jack of Clubs} 
 
Player 2:  
{Jack of Hearts} 
{2 of Diamonds} 
{Ace of Diamonds} 
{9 of Hearts} 
{4 of Clubs} 
 
EvaluateHands() Player 1 testing: 
 
Pair
[0, 0, 0, 0, 1, 0, 0, 0, 2, 1, 0, 0, 1]
[2, 2, 0, 1]
Hand value: 108
 
EvaluateHands() Player 2 testing: 
 
[1, 0, 1, 0, 0, 0, 0, 1, 0, 1, 0, 0, 1]
[1, 0, 2, 2]
Hand value: 12
------------------------
------------------------
 
Player 1:  
{7 of Diamonds} 
{10 of Spades} 
{6 of Spades} 
{9 of Diamonds} 
{10 of Hearts} 
 
Player 2:  
{8 of Diamonds} 
{10 of Clubs} 
{2 of Diamonds} 
{Ace of Diamonds} 
{4 of Spades} 
 
EvaluateHands() Player 1 testing: 
 
Pair
[0, 0, 0, 0, 1, 1, 0, 1, 2, 0, 0, 0, 0]
[0, 2, 1, 2]
Hand value: 108
 
EvaluateHands() Player 2 testing: 
 
[1, 0, 1, 0, 0, 0, 1, 0, 1, 0, 0, 0, 1]
[1, 1, 0, 3]
Hand value: 12
------------------------
------------------------
 
Player 1:  
{Queen of Clubs} 
{9 of Spades} 
{3 of Diamonds} 
{10 of Clubs} 
{9 of Hearts} 
 
Player 2:  
{6 of Clubs} 
{8 of Spades} 
{Jack of Clubs} 
{Jack of Hearts} 
{Ace of Spades} 
 
EvaluateHands() Player 1 testing: 
 
Pair
[0, 1, 0, 0, 0, 0, 0, 2, 1, 0, 1, 0, 0]
[2, 1, 1, 1]
Hand value: 107
 
EvaluateHands() Player 2 testing: 
 
Pair
[0, 0, 0, 0, 1, 0, 1, 0, 0, 2, 0, 0, 1]
[2, 2, 1, 0]
Hand value: 109
------------------------
------------------------
 
Player 1:  
{King of Diamonds} 
{10 of Hearts} 
{King of Hearts} 
{6 of Hearts} 
{5 of Spades} 
 
Player 2:  
{4 of Diamonds} 
{Queen of Hearts} 
{3 of Clubs} 
{2 of Clubs} 
{8 of Hearts} 
 
EvaluateHands() Player 1 testing: 
 
Pair
[0, 0, 0, 1, 1, 0, 0, 0, 1, 0, 0, 2, 0]
[0, 1, 3, 1]
Hand value: 111
 
EvaluateHands() Player 2 testing: 
 
[1, 1, 1, 0, 0, 0, 1, 0, 0, 0, 1, 0, 0]
[2, 0, 2, 1]
Hand value: 10
------------------------
------------------------
 
Player 1:  
{5 of Diamonds} 
{King of Hearts} 
{King of Spades} 
{8 of Clubs} 
{Ace of Spades} 
 
Player 2:  
{King of Clubs} 
{9 of Clubs} 
{6 of Hearts} 
{Ace of Hearts} 
{4 of Clubs} 
 
EvaluateHands() Player 1 testing: 
 
Pair
[0, 0, 0, 1, 0, 0, 1, 0, 0, 0, 0, 2, 1]
[1, 2, 1, 1]
Hand value: 111
 
EvaluateHands() Player 2 testing: 
 
[0, 0, 1, 0, 1, 0, 0, 1, 0, 0, 0, 1, 1]
[3, 0, 2, 0]
Hand value: 12
------------------------
------------------------
 
Player 1:  
{King of Diamonds} 
{2 of Diamonds} 
{5 of Hearts} 
{King of Clubs} 
{8 of Diamonds} 
 
Player 2:  
{Queen of Spades} 
{5 of Diamonds} 
{Queen of Hearts} 
{9 of Spades} 
{3 of Clubs} 
 
EvaluateHands() Player 1 testing: 
 
Pair
[1, 0, 0, 1, 0, 0, 1, 0, 0, 0, 0, 2, 0]
[1, 0, 1, 3]
Hand value: 111
 
EvaluateHands() Player 2 testing: 
 
Pair
[0, 1, 0, 1, 0, 0, 0, 1, 0, 0, 2, 0, 0]
[1, 2, 1, 1]
Hand value: 110
------------------------
------------------------
 
Player 1:  
{7 of Hearts} 
{3 of Diamonds} 
{2 of Clubs} 
{5 of Spades} 
{9 of Spades} 
 
Player 2:  
{2 of Spades} 
{3 of Clubs} 
{10 of Hearts} 
{4 of Hearts} 
{2 of Hearts} 
 
EvaluateHands() Player 1 testing: 
 
[1, 1, 0, 1, 0, 1, 0, 1, 0, 0, 0, 0, 0]
[1, 2, 1, 1]
Hand value: 7
 
EvaluateHands() Player 2 testing: 
 
Pair
[2, 1, 1, 0, 0, 0, 0, 0, 1, 0, 0, 0, 0]
[1, 1, 3, 0]
Hand value: 100
------------------------
------------------------
 
Player 1:  
{6 of Hearts} 
{6 of Clubs} 
{King of Hearts} 
{3 of Diamonds} 
{5 of Hearts} 
 
Player 2:  
{6 of Diamonds} 
{7 of Clubs} 
{2 of Spades} 
{9 of Diamonds} 
{8 of Clubs} 
 
EvaluateHands() Player 1 testing: 
 
Pair
[0, 1, 0, 1, 2, 0, 0, 0, 0, 0, 0, 1, 0]
[1, 0, 3, 1]
Hand value: 104
 
EvaluateHands() Player 2 testing: 
 
[1, 0, 0, 0, 1, 1, 1, 1, 0, 0, 0, 0, 0]
[2, 1, 0, 2]
Hand value: 7
------------------------
------------------------
 
Player 1:  
{4 of Spades} 
{7 of Hearts} 
{9 of Spades} 
{5 of Hearts} 
{9 of Hearts} 
 
Player 2:  
{Ace of Clubs} 
{7 of Diamonds} 
{Queen of Hearts} 
{5 of Spades} 
{Jack of Clubs} 
 
EvaluateHands() Player 1 testing: 
 
Pair
[0, 0, 1, 1, 0, 1, 0, 2, 0, 0, 0, 0, 0]
[0, 2, 3, 0]
Hand value: 107
 
EvaluateHands() Player 2 testing: 
 
[0, 0, 0, 1, 0, 1, 0, 0, 0, 1, 1, 0, 1]
[2, 1, 1, 1]
Hand value: 12
------------------------
------------------------
 
Player 1:  
{3 of Diamonds} 
{6 of Diamonds} 
{Ace of Spades} 
{6 of Hearts} 
{2 of Diamonds} 
 
Player 2:  
{8 of Diamonds} 
{King of Clubs} 
{King of Spades} 
{2 of Spades} 
{4 of Clubs} 
 
EvaluateHands() Player 1 testing: 
 
Pair
[1, 1, 0, 0, 2, 0, 0, 0, 0, 0, 0, 0, 1]
[0, 1, 1, 3]
Hand value: 104
 
EvaluateHands() Player 2 testing: 
 
Pair
[1, 0, 1, 0, 0, 0, 1, 0, 0, 0, 0, 2, 0]
[2, 2, 0, 1]
Hand value: 111
------------------------
